01-13 15:51:36.808   386   386 W (6)[386:logd]: Ignored bug_map definition in /system/etc/selinux/bug_map: 'mediaextractor radio_data_file file b/77923736', (scontext, tcontext, tclass) denial combination is already tagged with bug metadata 'b/77923736'
01-13 15:51:36.808   386   386 W (6)[386:logd]: Ignored bug_map definition in /system/etc/selinux/bug_map: 'mediaprovider cache_file blk_file b/77925342', (scontext, tcontext, tclass) denial combination is already tagged with bug metadata 'b/77925342'
01-13 15:51:36.808   386   386 W (6)[386:logd]: Ignored bug_map definition in /system/etc/selinux/bug_map: 'mediaprovider mnt_media_rw_file dir b/77925342', (scontext, tcontext, tclass) denial combination is already tagged with bug metadata 'b/77925342'
01-13 15:51:36.809   386   386 W (6)[386:logd]: Ignored bug_map definition in /system/etc/selinux/bug_map: 'mediaprovider shell_data_file dir b/77925342', (scontext, tcontext, tclass) denial combination is already tagged with bug metadata 'b/77925342'
01-13 15:51:36.809   386   386 W (6)[386:logd]: Ignored bug_map definition in /system/etc/selinux/bug_map: 'mediaswcodec ashmem_device chr_file b/142679232', (scontext, tcontext, tclass) denial combination is already tagged with bug metadata 'b/142679232'
01-13 15:51:36.809   386   386 W (6)[386:logd]: Ignored bug_map definition in /system/etc/selinux/bug_map: 'platform_app nfc_data_file dir b/74331887', (scontext, tcontext, tclass) denial combination is already tagged with bug metadata 'b/74331887'
01-13 15:51:36.809   386   386 W (6)[386:logd]: Ignored bug_map definition in /system/etc/selinux/bug_map: 'system_server overlayfs_file file b/142390309', (scontext, tcontext, tclass) denial combination is already tagged with bug metadata 'b/142390309'
01-13 15:51:36.809   386   386 W (6)[386:logd]: Ignored bug_map definition in /system/etc/selinux/bug_map: 'system_server sdcardfs file b/77856826', (scontext, tcontext, tclass) denial combination is already tagged with bug metadata 'b/77856826'
01-13 15:51:36.809   386   386 W (6)[386:logd]: Ignored bug_map definition in /system/etc/selinux/bug_map: 'system_server zygote process b/77856826', (scontext, tcontext, tclass) denial combination is already tagged with bug metadata 'b/77856826'
01-13 15:51:36.809   386   386 W (6)[386:logd]: Ignored bug_map definition in /system/etc/selinux/bug_map: 'untrusted_app untrusted_app netlink_route_socket b/155595000', (scontext, tcontext, tclass) denial combination is already tagged with bug metadata 'b/155595000'
01-13 15:51:36.809   386   386 W (6)[386:logd]: Ignored bug_map definition in /system/etc/selinux/bug_map: 'vold system_data_file file b/124108085', (scontext, tcontext, tclass) denial combination is already tagged with bug metadata 'b/124108085'
01-13 15:51:36.809   386   386 W (6)[386:logd]: Ignored bug_map definition in /system/etc/selinux/bug_map: 'zygote untrusted_app_25 process b/77925912', (scontext, tcontext, tclass) denial combination is already tagged with bug metadata 'b/77925912'
01-13 15:51:36.809   386   386 W (6)[386:logd]: Ignored bug_map definition in /system/etc/selinux/bug_map: 'zygote labeledfs filesystem b/170748799', (scontext, tcontext, tclass) denial combination is already tagged with bug metadata 'b/170748799'
01-13 15:51:36.809   386   386 I (6)[386:logd]: Loaded bug_map file: /system/etc/selinux/bug_map
01-13 15:51:36.814     1     1 I (3)[1:init]: processing action (ro.product.cpu.abilist32=* && init) from (/system/etc/init/hw/init.rc:484)
01-13 15:51:36.818   388   388 I (2)[388:servicemanager]SELinux: /system/etc/selinux/plat_service_contexts
01-13 15:51:36.825     1     1 I (3)[1:init]: starting service 'boringssl_self_test32'...
01-13 15:51:36.830   388   388 I (2)[388:servicemanager]SELinux: /system_ext/etc/selinux/system_ext_service_contexts
01-13 15:51:36.849     1     1 I (3)[1:init]: ... started service 'boringssl_self_test32' has pid 396
01-13 15:51:36.853   388   388 I (2)[388:servicemanager]SELinux: /vendor/etc/selinux/vendor_service_contexts
01-13 15:51:36.865     1     1 I (3)[1:init]: SVC_EXEC service 'boringssl_self_test32' pid 396 (uid 9999 gid 0+0 context default) started; waiting...
01-13 15:51:36.868   395   395 I (6)[395:vndservicemanag]binder: 395:395 ioctl 40046210 7fd52b2134 returned -22
01-13 15:51:36.924   396   396 I -(1)[396:boringssl_self_]mtk_charger_alarm_timer_func: not suspend, wake up charger
01-13 15:51:36.934     1     1 I (3)[1:init]: Command 'exec_start boringssl_self_test32' action=ro.product.cpu.abilist32=* && init (/system/etc/init/hw/init.rc:485) took 110ms and succeeded
01-13 15:51:36.946   280   280 I         : (4)[280:charger_thread]get pe4 fail
01-13 15:51:36.951   391   391 I hwservicemanager: getDeviceHalManifest: Successfully processed VINTF information
01-13 15:51:36.951   391   391 I hwservicemanager: getFrameworkHalManifest: Successfully processed VINTF information
01-13 15:51:36.954   391   391 I hwservicemanager: hwservicemanager is ready now.
01-13 15:51:36.969     1     1 I (2)[1:init]: Service 'boringssl_self_test32' (pid 396) exited with status 0 waiting took 0.127000 seconds
01-13 15:51:36.989   280   280 I         : (4)[280:charger_thread]get pd success
01-13 15:51:36.989   280   280 I         : (4)[280:charger_thread]_pd_init_algo
01-13 15:51:36.989   280   280 I         : (4)[280:charger_thread]pd_hal_init_hardware
01-13 15:51:37.002     1     1 I (2)[1:init]: Sending signal 9 to service 'boringssl_self_test32' (pid 396) process group...
01-13 15:51:37.003     1     1 I (2)[1:init]libprocessgroup: Successfully killed process cgroup uid 9999 pid 396 in 0ms
01-13 15:51:37.034   280   280 I (1)[280:charger_thread]pd_hal_init_hardware: Error : can't find primary charger
01-13 15:51:37.050     1     1 I (2)[1:init]: processing action (ro.product.cpu.abilist64=* && init) from (/system/etc/init/hw/init.rc:486)
01-13 15:51:37.062   280   280 I (1)[280:charger_thread]_pd_init_algo: init hw fail
01-13 15:51:37.077     1     1 I (2)[1:init]: starting service 'boringssl_self_test64'...
01-13 15:51:37.091   280   280 I         : (1)[280:charger_thread]get pe2 success
01-13 15:51:37.091   280   280 I         : (1)[280:charger_thread]pe2_hal_init_hardware
01-13 15:51:37.091   280   280 I (1)[280:charger_thread]pe2_hal_init_hardware: Error : can't find primary charger
01-13 15:51:37.091   280   280 I (1)[280:charger_thread]_pe2_init_algo: init hw fail
01-13 15:51:37.117     1     1 I (3)[1:init]: ... started service 'boringssl_self_test64' has pid 399
01-13 15:51:37.123   280   280 I (1)[280:charger_thread]_pe2_init_algo config: 0
01-13 15:51:37.139     1     1 I (3)[1:init]: SVC_EXEC service 'boringssl_self_test64' pid 399 (uid 9999 gid 0+0 context default) started; waiting...
01-13 15:51:37.154   280   280 I         : (1)[280:charger_thread]get pe success
01-13 15:51:37.154   280   280 I         : (1)[280:charger_thread]_pe_init_algo
01-13 15:51:37.170     1     1 I (3)[1:init]: Command 'exec_start boringssl_self_test64' action=ro.product.cpu.abilist64=* && init (/system/etc/init/hw/init.rc:487) took 93ms and succeeded
01-13 15:51:37.185   280   280 I         : (1)[280:charger_thread]pe_hal_init_hardware
01-13 15:51:37.200     1     1 I (3)[1:init]: Service 'boringssl_self_test64' (pid 399) exited with status 0 waiting took 0.088000 seconds
01-13 15:51:37.216   280   280 I (2)[280:charger_thread]pe_hal_init_hardware: Error : can't find primary charger
01-13 15:51:37.231     1     1 I (3)[1:init]: Sending signal 9 to service 'boringssl_self_test64' (pid 399) process group...
01-13 15:51:37.246   280   280 I (2)[280:charger_thread]*** Error: can't find primary charger ***
01-13 15:51:37.262     1     1 I (3)[1:init]libprocessgroup: Successfully killed process cgroup uid 9999 pid 399 in 0ms
01-13 15:51:37.277   280   280 I         : (2)[280:charger_thread]charger_init fail
01-13 15:51:37.288     1     1 I (1)[1:init]: processing action (init) from (/system/etc/init/hw/init.usb.rc:27)
01-13 15:51:37.560     1     1 I (4)[1:init]: processing action (init) from (/vendor/etc/init/hw/init.mt6765.rc:41)
01-13 15:51:37.577   301   301 I (2)[301:init]BOOTPROF: 15724.013652:INIT:init
01-13 15:51:37.585     1     1 I (2)[1:init]: Command 'symlink /sdcard /mnt/sdcard' action=init (/vendor/etc/init/hw/init.mt6765.rc:53) took 0ms and failed: symlink() failed: File exists
01-13 15:51:37.600     1     1 I (2)[1:init]: Command 'mkdir /custom' action=init (/vendor/etc/init/hw/init.mt6765.rc:69) took 0ms and failed: mkdir() failed on /custom: Read-only file system
01-13 15:51:37.625     1     1 I (2)[1:init]: processing action (init) from (/vendor/etc/init/hw/init.mt6765.rc:1224)
01-13 15:51:37.633     1     1 I (2)[1:init]: processing action (init) from (/vendor/etc/init/hw/init.mt6765.rc:1240)
01-13 15:51:37.638     1     1 I (2)[1:init]: processing action (init) from (/vendor/etc/init/hw/init.project.rc:9)
01-13 15:51:37.652     1     1 I (2)[1:init]: Command 'mkdir /storage/usbotg 0700 root root' action=init (/vendor/etc/init/hw/init.project.rc:11) took 6ms and failed: mkdir() failed on /storage/usbotg: Read-only file system
01-13 15:51:37.662     1     1 I (2)[1:init]: processing action (init) from (/vendor/etc/init/hw/init.sec.rc:3)
01-13 15:51:37.669     1     1 I (2)[1:init]: processing action (init) from (/vendor/etc/init/hw/init.aee.rc:15)
01-13 15:51:37.675     1     1 I (1)[1:init]: processing action (init) from (/system/etc/init/audioserver.rc:58)
01-13 15:51:37.682     1     1 I (1)[1:init]: processing action (init) from (/vendor/etc/init/init.vendor.sysfw.rc:2)
01-13 15:51:37.688     1     1 I (1)[1:init]: processing action (init) from (/vendor/etc/init/tee.rc:1)
01-13 15:51:37.693     1     1 I (1)[1:init]: processing action (late-init) from (/system/etc/init/hw/init.rc:532)
01-13 15:51:37.699     1     1 I (1)[1:init]: processing action (late-init) from (/vendor/etc/init/hw/init.mt6765.rc:94)
01-13 15:51:37.705   301   301 I (1)[301:init]BOOTPROF: 15851.442498:INIT:late-init
01-13 15:51:37.711     1     1 I (1)[1:init]: processing action (late-init) from (/system/etc/init/atrace.rc:3)
01-13 15:51:37.723     1     1 I (1)[1:init]: Command 'write /sys/kernel/tracing/tracing_on 0' action=late-init (/system/etc/init/atrace.rc:233) took 1ms and failed: Unable to write to file '/sys/kernel/tracing/tracing_on': open() failed: Permission denied
01-13 15:51:37.737     1     1 I (1)[1:init]: Command 'copy /system/etc/ftrace_synthetic_events.conf /sys/kernel/tracing/synthetic_events' action=late-init (/system/etc/init/atrace.rc:294) took 2ms and failed: Could not write to output file '/sys/kernel/tracing/synthetic_events': open() failed: Permission denied
01-13 15:51:37.754     1     1 I (1)[1:init]: Command 'copy /system/etc/ftrace_synthetic_events.conf /sys/kernel/debug/tracing/synthetic_events' action=late-init (/system/etc/init/atrace.rc:295) took 1ms and failed: Could not write to output file '/sys/kernel/debug/tracing/synthetic_events': open() failed: No such file or directory
01-13 15:51:37.771     1     1 I (1)[1:init]: processing action (late-init) from (/vendor/etc/init/init.vendor.sysfw.rc:5)
01-13 15:51:37.779     1     1 I (2)[1:init]: processing action (queue_property_triggers) from (<Builtin Action>:0)
01-13 15:51:37.785     1     1 I (2)[1:init]: processing action (early-fs) from (/system/etc/init/hw/init.rc:565)
01-13 15:51:37.791     1     1 I (2)[1:init]: starting service 'vold'...
01-13 15:51:37.802     1     1 I (2)[1:init]: ... started service 'vold' has pid 400
01-13 15:51:37.808     1     1 I (2)[1:init]: processing action (early-fs) from (/vendor/etc/init/hw/init.mt6765.rc:151)
01-13 15:51:37.815   301   301 I (2)[301:init]BOOTPROF: 15961.638191:INIT:early-fs
01-13 15:51:37.821     1     1 I (2)[1:init]: processing action (fs) from (/vendor/etc/init/hw/init.mt6765.rc:154)
01-13 15:51:37.827   301   301 I (2)[301:init]BOOTPROF: 15974.007498:INIT:fs
01-13 15:51:37.833     1     1 I (2)[1:init]: Command 'start vendor.boot-hal-1-2' action=fs (/vendor/etc/init/hw/init.mt6765.rc:156) took 0ms and failed: service vendor.boot-hal-1-2 not found
01-13 15:51:37.845   301   301 I (2)[301:init]BOOTPROF: 15992.325652:INIT:Mount_START
01-13 15:51:37.853     1     1 I (1)[1:init]: Command 'write /sys/kernel/tracing/trace_marker B|1|Mount' action=fs (/vendor/etc/init/hw/init.mt6765.rc:160) took 1ms and failed: Unable to write to file '/sys/kernel/tracing/trace_marker': open() failed: Permission denied
01-13 15:51:37.844   301   301 I auditd  : type=1400 audit(0.0:7): avc:  denied  { write } for  comm="init" name="/" dev="tracefs" ino=1 scontext=u:r:vendor_init:s0 tcontext=u:object_r:debugfs_tracing_debug:s0 tclass=dir permissive=1
01-13 15:51:37.844   301   301 I init    : type=1400 audit(0.0:7): avc:  denied  { write } for  name="/" dev="tracefs" ino=1 scontext=u:r:vendor_init:s0 tcontext=u:object_r:debugfs_tracing_debug:s0 tclass=dir permissive=1
01-13 15:51:37.844   301   301 I auditd  : type=1400 audit(0.0:8): avc:  denied  { add_name } for  comm="init" name="trace_marker" scontext=u:r:vendor_init:s0 tcontext=u:object_r:debugfs_tracing_debug:s0 tclass=dir permissive=1
01-13 15:51:37.844   301   301 I init    : type=1400 audit(0.0:8): avc:  denied  { add_name } for  name="trace_marker" scontext=u:r:vendor_init:s0 tcontext=u:object_r:debugfs_tracing_debug:s0 tclass=dir permissive=1
01-13 15:51:37.876     1     1 W (1)[1:init]: [libfs_mgr] Warning: unknown flag: resize
01-13 15:51:37.844   301   301 I auditd  : type=1400 audit(0.0:9): avc:  denied  { create } for  comm="init" name="trace_marker" scontext=u:r:vendor_init:s0 tcontext=u:object_r:debugfs_tracing_debug:s0 tclass=file permissive=1
01-13 15:51:37.844   301   301 I init    : type=1400 audit(0.0:9): avc:  denied  { create } for  name="trace_marker" scontext=u:r:vendor_init:s0 tcontext=u:object_r:debugfs_tracing_debug:s0 tclass=file permissive=1
--------- beginning of system
01-13 15:51:37.910   400   400 I vold    : Vold 3.0 (the awakening) firing up
01-13 15:51:37.910   400   400 D vold    : Detected support for: ext4 f2fs vfat
01-13 15:51:37.921   400   400 W vold    : [libfs_mgr] Warning: unknown flag: resize
01-13 15:51:37.926   400   400 W (2)[400:vold]: [libfs_mgr] Warning: unknown flag: resize
01-13 15:51:37.934   400   400 I (2)[400:vold]binder: 400:400 ioctl 40046210 7fe7106894 returned -22
01-13 15:51:37.941   400   400 I (2)[400:vold]binder: 400:400 ioctl 40046210 7fe71065e0 returned -22
01-13 15:51:37.948   388   388 E (3)[388:servicemanager]cutils-trace: Error opening trace file: No such file or directory (2)
01-13 15:51:37.952   400   400 D vold    : VoldNativeService::start() completed OK
01-13 15:51:37.951    14    14 I (0)[14:kworker/0:1]mt635x-auxadc mt635x-auxadc: name:BAT_TEMP, channel=3, adc_out=0x53d, adc_result=589
01-13 15:51:37.962    14    14 I (0)[14:kworker/0:1]mt635x-auxadc mt635x-auxadc: name:VBIF, channel=11, adc_out=0xff2, adc_result=1793
01-13 15:51:38.946     0     0 W (1)[0:swapper/1][name:spm&]Power/swap DP: No enter --- SODI3: No enter --- SODI: No enter ---
01-13 15:51:38.947     0     0 W (2)[0:swapper/2]mcdi cpu: 524, 415, 247, 285, 287, 155, 56, 33, cluster : 0, 356, pause = 0, multi core = 1, latency = 0, residency = 0, last core = 0, avail cpu = 00ff, cluster = 0003, enabled = 1, max_s_state = 5, system_idle_hint = 00000000
01-13 15:51:39.787     0     0 W         : -(0)[0:swapper/0][name:spm&]Power/swap op_cond = 0x1
01-13 15:51:39.787     0     0 W         : -(0)[0:swapper/0][name:spm&][SPM] sodi wake up by  R12_SYS_TIMER_EVENT_B, timer_out = 103, r13 = 0x6040000, debug_flag = 0x11300 0x0, r12 = 0x10001, r12_ext = 0x0, raw_sta = 0x0, idle_sta = 0x177,  req_sta =  0x42000000, event_reg = 0x90100000, isr = 0x0, raw_ext_sta = 0x4002a09a, wake_misc = 0x0, pcm_flag = 0x200182 0x40, req = 0x0
01-13 15:51:41.532   253   253 I (4)[253:rpmb_open]Trustonic TEE: request_send: daemon not connected after 10s, waiting
01-13 15:51:41.879     0     0 W         : -(2)[0:swapper/2][name:spm&]Power/swap op_cond = 0x1
01-13 15:51:41.879     0     0 W         : -(2)[0:swapper/2][name:spm&][SPM] sodi wake up by  R12_SYS_TIMER_EVENT_B, timer_out = 3, r13 = 0x24040000, debug_flag = 0x11000 0x0, r12 = 0x10000, r12_ext = 0x0, raw_sta = 0x0, idle_sta = 0x177,  req_sta =  0x42000000, event_reg = 0x30000000, isr = 0x0, raw_ext_sta = 0x4002a09a, wake_misc = 0x0, pcm_flag = 0x200182 0x40, req = 0x0
01-13 15:51:42.274     0     0 I         : -(0)[0:swapper/0][thread:0] 2026-01-13 15:51:42.269790 UTC;android time 2026-01-13 15:51:42.269790
01-13 15:51:42.303   280   280 I         : (0)[280:charger_thread]get pe4 fail
01-13 15:51:42.309   280   280 I         : (0)[280:charger_thread]get pd success
01-13 15:51:42.314   280   280 I         : (0)[280:charger_thread]_pd_init_algo
01-13 15:51:42.320   280   280 I         : (0)[280:charger_thread]pd_hal_init_hardware
01-13 15:51:42.326   280   280 I (0)[280:charger_thread]pd_hal_init_hardware: Error : can't find primary charger
01-13 15:51:42.331   280   280 I (0)[280:charger_thread]_pd_init_algo: init hw fail
01-13 15:51:42.337   280   280 I         : (0)[280:charger_thread]get pe2 success
01-13 15:51:42.342   280   280 I         : (0)[280:charger_thread]pe2_hal_init_hardware
01-13 15:51:42.348   280   280 I (0)[280:charger_thread]pe2_hal_init_hardware: Error : can't find primary charger
01-13 15:51:42.353   280   280 I (0)[280:charger_thread]_pe2_init_algo: init hw fail
01-13 15:51:42.358   280   280 I (0)[280:charger_thread]_pe2_init_algo config: 0
01-13 15:51:43.071    14    14 I (0)[14:kworker/0:1]mt635x-auxadc mt635x-auxadc: name:BAT_TEMP, channel=3, adc_out=0x541, adc_result=591
01-13 15:51:43.077    14    14 I (0)[14:kworker/0:1]mt635x-auxadc mt635x-auxadc: name:VBIF, channel=11, adc_out=0xff2, adc_result=1793
01-13 15:51:43.295   234   234 I (4)[234:kworker/u16:2]mt635x-auxadc mt635x-auxadc: name:VPROC_TEMP, channel=4, adc_out=0x5f5, adc_result=670
01-13 15:51:43.307   234   234 I         : (4)[234:kworker/u16:2][Thermal/TZ/PMIC] [tsbuck2_raw_to_temp] 670, 392149, 1000000, -1863
01-13 15:51:43.319   234   234 I         : (4)[234:kworker/u16:2][Thermal/TZ/PMIC] [tsbuck2_raw_to_temp] t_current=32515
01-13 15:51:43.330   234   234 I         : (4)[234:kworker/u16:2][Thermal/TZ/PMIC] mt6357tsbuck2_get_hw_temp raw=670 T=32515
01-13 15:51:43.341   234   234 I         : (4)[234:kworker/u16:2][Thermal/TZ/PMIC] mt6357tsbuck2_get_hw_temp pre_tsbuck2_temp1=32515
01-13 15:51:43.353     7     7 I (6)[7:kworker/u16:0]mt635x-auxadc mt635x-auxadc: name:VCORE_TEMP, channel=4, adc_out=0x5fa, adc_result=672
01-13 15:51:43.365     7     7 I         : (6)[7:kworker/u16:0][Thermal/TZ/PMIC] [tsbuck1_raw_to_temp] 672, 392686, 1000000, -1863
01-13 15:51:43.376     7     7 I         : (6)[7:kworker/u16:0][Thermal/TZ/PMIC] [tsbuck1_raw_to_temp] t_current=31978
01-13 15:51:43.387     7     7 I         : (6)[7:kworker/u16:0][Thermal/TZ/PMIC] mt6357tsbuck1_get_hw_temp raw=672 T=31978
01-13 15:51:43.398     7     7 I         : (6)[7:kworker/u16:0][Thermal/TZ/PMIC] mt6357tsbuck1_get_hw_temp pre_tsbuck1_temp1=31978
01-13 15:51:43.950     0     0 W (0)[0:swapper/0][name:spm&]Power/swap DP: No enter --- SODI3: No enter --- SODI: [0] = 12, [1] = 20, [2] = 7, [3] = 29, [4] = 44, [5] = 10, [6] = 3, [7] = 2, Total = 127,  ---
01-13 15:51:43.951     0     0 W (2)[0:swapper/2]mcdi cpu: 358, 478, 109, 120, 250, 63, 13, 26, cluster : 155, 284, pause = 127, multi core = 298, latency = 0, residency = 0, last core = 127, avail cpu = 00ff, cluster = 0003, enabled = 1, max_s_state = 5, system_idle_hint = 00000000
01-13 15:51:45.886     7     7 I (0)[7:kworker/u16:0][SCP] scp_ipi_send: SCP A not ready
01-13 15:51:45.891     7     7 E         : (0)[7:kworker/u16:0][sensorHub] scp_ipi_send fail
01-13 15:51:45.895   114   114 E         : (3)[114:kworker/3:1][sensorHub] scp_sensorHub_req_send fail!
01-13 15:51:48.191    14    14 I (0)[14:kworker/0:1]mt635x-auxadc mt635x-auxadc: name:BAT_TEMP, channel=3, adc_out=0x541, adc_result=591
01-13 15:51:48.195    14    14 I (0)[14:kworker/0:1]mt635x-auxadc mt635x-auxadc: name:VBIF, channel=11, adc_out=0xff2, adc_result=1793
01-13 15:51:48.447   205   205 I (4)[205:kworker/4:1]mt635x-auxadc mt635x-auxadc: name:VPROC_TEMP, channel=4, adc_out=0x5f5, adc_result=670
01-13 15:51:48.457   205   205 I         : (4)[205:kworker/4:1][Thermal/TZ/PMIC] [tsbuck2_raw_to_temp] 670, 392149, 1000000, -1863
01-13 15:51:48.467   205   205 I         : (4)[205:kworker/4:1][Thermal/TZ/PMIC] [tsbuck2_raw_to_temp] t_current=32515
01-13 15:51:48.477   205   205 I         : (4)[205:kworker/4:1][Thermal/TZ/PMIC] mt6357tsbuck2_get_hw_temp raw=670 T=32515
01-13 15:51:48.487   205   205 I         : (4)[205:kworker/4:1][Thermal/TZ/PMIC] mt6357tsbuck2_get_hw_temp pre_tsbuck2_temp1=32515
01-13 15:51:48.497   207   207 I (6)[207:kworker/6:1]mt635x-auxadc mt635x-auxadc: name:VCORE_TEMP, channel=4, adc_out=0x5fa, adc_result=672
01-13 15:51:48.507   207   207 I         : (6)[207:kworker/6:1][Thermal/TZ/PMIC] [tsbuck1_raw_to_temp] 672, 392686, 1000000, -1863
01-13 15:51:48.518   207   207 I         : (6)[207:kworker/6:1][Thermal/TZ/PMIC] [tsbuck1_raw_to_temp] t_current=31978
01-13 15:51:48.528   207   207 I         : (6)[207:kworker/6:1][Thermal/TZ/PMIC] mt6357tsbuck1_get_hw_temp raw=672 T=31978
01-13 15:51:48.538   207   207 I         : (6)[207:kworker/6:1][Thermal/TZ/PMIC] mt6357tsbuck1_get_hw_temp pre_tsbuck1_temp1=31978
01-13 15:51:48.954     0     0 W (0)[0:swapper/0][name:spm&]Power/swap DP: No enter --- SODI3: No enter --- SODI: No enter ---
01-13 15:51:48.954     0     0 W (2)[0:swapper/2]mcdi cpu: 1228, 0, 59, 119, 191, 28, 3, 1, cluster : 0, 207, pause = 0, multi core = 0, latency = 0, residency = 0, last core = 0, avail cpu = 00ff, cluster = 0003, enabled = 1, max_s_state = 5, system_idle_hint = 00000000
01-13 15:51:53.311    14    14 I (0)[14:kworker/0:1]mt635x-auxadc mt635x-auxadc: name:BAT_TEMP, channel=3, adc_out=0x541, adc_result=591
01-13 15:51:53.316    14    14 I (0)[14:kworker/0:1]mt635x-auxadc mt635x-auxadc: name:VBIF, channel=11, adc_out=0xff2, adc_result=1793
01-13 15:51:53.567   207   207 I (6)[207:kworker/6:1]mt635x-auxadc mt635x-auxadc: name:VCORE_TEMP, channel=4, adc_out=0x5fb, adc_result=672
01-13 15:51:53.578   207   207 I         : (6)[207:kworker/6:1][Thermal/TZ/PMIC] [tsbuck1_raw_to_temp] 672, 392686, 1000000, -1863
01-13 15:51:53.590   207   207 I         : (6)[207:kworker/6:1][Thermal/TZ/PMIC] [tsbuck1_raw_to_temp] t_current=31978
01-13 15:51:53.601   207   207 I         : (6)[207:kworker/6:1][Thermal/TZ/PMIC] mt6357tsbuck1_get_hw_temp raw=672 T=31978
01-13 15:51:53.612   207   207 I         : (6)[207:kworker/6:1][Thermal/TZ/PMIC] mt6357tsbuck1_get_hw_temp pre_tsbuck1_temp1=31978
01-13 15:51:53.623   205   205 I (4)[205:kworker/4:1]mt635x-auxadc mt635x-auxadc: name:VPROC_TEMP, channel=4, adc_out=0x5f5, adc_result=670
01-13 15:51:53.635   205   205 I         : (4)[205:kworker/4:1][Thermal/TZ/PMIC] [tsbuck2_raw_to_temp] 670, 392149, 1000000, -1863
01-13 15:51:53.646   205   205 I         : (4)[205:kworker/4:1][Thermal/TZ/PMIC] [tsbuck2_raw_to_temp] t_current=32515
01-13 15:51:53.657   205   205 I         : (4)[205:kworker/4:1][Thermal/TZ/PMIC] mt6357tsbuck2_get_hw_temp raw=670 T=32515
01-13 15:51:53.668   205   205 I         : (4)[205:kworker/4:1][Thermal/TZ/PMIC] mt6357tsbuck2_get_hw_temp pre_tsbuck2_temp1=32515
01-13 15:51:53.958     0     0 W (0)[0:swapper/0][name:spm&]Power/swap DP: No enter --- SODI3: No enter --- SODI: No enter ---
01-13 15:51:53.958     0     0 W (2)[0:swapper/2]mcdi cpu: 1348, 0, 48, 116, 195, 23, 3, 2, cluster : 0, 203, pause = 0, multi core = 0, latency = 0, residency = 0, last core = 0, avail cpu = 00ff, cluster = 0003, enabled = 1, max_s_state = 5, system_idle_hint = 00000000
01-13 15:51:55.653   263   263 I (4)[263:dlpt_notify_thr]mt635x-auxadc mt635x-auxadc: name:BATADC, channel=0, adc_out=0x6432, adc_result=4226
01-13 15:51:55.666   263   263 I (5)[263:dlpt_notify_thr]mt635x-auxadc mt635x-auxadc: name:BATADC, channel=0, adc_out=0x6430, adc_result=4226
01-13 15:51:55.666   253   253 I (6)[253:rpmb_open]Trustonic TEE: request_send: daemon not connected after 20s, waiting
01-13 15:51:55.677   263   263 I         : (5)[263:dlpt_notify_thr][PBM] [ma_to_mw] 4226(mV) * 5500(mA) = 23243(mW)
01-13 15:51:55.698   263   263 I         : (5)[263:dlpt_notify_thr][DLPT_final] 5500,-19,-22,5500
01-13 15:51:56.127   234   234 I (0)[234:kworker/u16:2][SCP] scp_ipi_send: SCP A not ready
01-13 15:51:56.131   234   234 E         : (0)[234:kworker/u16:2][sensorHub] scp_ipi_send fail
01-13 15:51:56.135   114   114 E         : (3)[114:kworker/3:1][sensorHub] scp_sensorHub_req_send fail!
01-13 15:51:57.662   189   189 I (1)[189:kworker/1:1]vibr: disabling
01-13 15:51:57.666   189   189 I (1)[189:kworker/1:1]regulator regulator.31: mt6357_regulator_disable:VIBR should not be disable.(use_count=0)
01-13 15:51:57.671   189   189 E (1)[189:kworker/1:1]vibr: couldn't disable: -5
01-13 15:51:57.919     1     1 E (1)[1:init]: [libfs_mgr] Skipping '/dev/block/platform/bootdevice/by-name/cache' during mount_all
01-13 15:51:57.930     1     1 I (1)[1:init]: [libfs_mgr] superblock s_max_mnt_count:65535,/dev/block/platform/bootdevice/by-name/protect1
01-13 15:51:57.935     1     1 I (1)[1:init]: [libfs_mgr] Filesystem on /dev/block/platform/bootdevice/by-name/protect1 was not cleanly shutdown; state flags: 0x1, incompat feature flags: 0x46
01-13 15:51:57.945     1     1 W (4)[1:init]EXT4-fs (mmcblk0p9): Ignoring removed nomblk_io_submit option
01-13 15:51:57.966     1     1 I (4)[1:init]EXT4-fs (mmcblk0p9): recovery complete
01-13 15:51:57.978     1     1 I (0)[1:init]EXT4-fs (mmcblk0p9): mounted filesystem with ordered data mode. Opts: errors=remount-ro,nomblk_io_submit
01-13 15:51:57.988     1     1 I (0)[1:init]: [libfs_mgr] check_fs(): mount(/dev/block/platform/bootdevice/by-name/protect1,/mnt/vendor/protect_f,ext4)=0: Success
01-13 15:51:58.000     1     1 I (1)[1:init]: [libfs_mgr] umount_retry(): unmount(/mnt/vendor/protect_f) succeeded
01-13 15:51:58.005     1     1 I (1)[1:init]: [libfs_mgr] Running /system/bin/e2fsck on /dev/block/mmcblk0p9
01-13 15:51:58.046     1     1 I (3)[1:init]e2fsck: e2fsck 1.46.6 (1-Feb-2023)
01-13 15:51:58.051     1     1 I (3)[1:init]e2fsck: Pass 1: Checking inodes, blocks, and sizes
01-13 15:51:58.056     1     1 I (3)[1:init]e2fsck: Pass 2: Checking directory structure
01-13 15:51:58.061     1     1 I (3)[1:init]e2fsck: Pass 3: Checking directory connectivity
01-13 15:51:58.065     1     1 I (3)[1:init]e2fsck: Pass 4: Checking reference counts
01-13 15:51:58.070     1     1 I (3)[1:init]e2fsck: Pass 5: Checking group summary information
01-13 15:51:58.075     1     1 I (3)[1:init]e2fsck: /dev/block/platform/bootdevice/by-name/protect1: 11/2048 files (0.0% non-contiguous), 1289/2048 blocks
01-13 15:51:58.090     1     1 I (3)[1:init]EXT4-fs (mmcblk0p9): mounted filesystem with ordered data mode. Opts: noauto_da_alloc,discard,journal_checksum,data=ordered,errors=panic
01-13 15:51:58.099     1     1 I (3)[1:init]: [libfs_mgr] __mount(source=/dev/block/platform/bootdevice/by-name/protect1,target=/mnt/vendor/protect_f,type=ext4)=0: Success
01-13 15:51:58.111     1     1 I (0)[1:init]: [libfs_mgr] superblock s_max_mnt_count:65535,/dev/block/platform/bootdevice/by-name/protect2
01-13 15:51:58.116     1     1 I (0)[1:init]: [libfs_mgr] Filesystem on /dev/block/platform/bootdevice/by-name/protect2 was not cleanly shutdown; state flags: 0x1, incompat feature flags: 0x46
01-13 15:51:58.127     1     1 W (0)[1:init]EXT4-fs (mmcblk0p10): Ignoring removed nomblk_io_submit option
01-13 15:51:58.139     1     1 I (1)[1:init]EXT4-fs (mmcblk0p10): recovery complete
01-13 15:51:58.145     1     1 I (1)[1:init]EXT4-fs (mmcblk0p10): mounted filesystem with ordered data mode. Opts: errors=remount-ro,nomblk_io_submit
01-13 15:51:58.155     1     1 I (1)[1:init]: [libfs_mgr] check_fs(): mount(/dev/block/platform/bootdevice/by-name/protect2,/mnt/vendor/protect_s,ext4)=0: Success
01-13 15:51:58.169     1     1 I (0)[1:init]: [libfs_mgr] umount_retry(): unmount(/mnt/vendor/protect_s) succeeded
01-13 15:51:58.175     1     1 I (0)[1:init]: [libfs_mgr] Running /system/bin/e2fsck on /dev/block/mmcblk0p10
01-13 15:51:58.196     1     1 I (3)[1:init]e2fsck: e2fsck 1.46.6 (1-Feb-2023)
01-13 15:51:58.204     1     1 I (1)[1:init]e2fsck: Pass 1: Checking inodes, blocks, and sizes
01-13 15:51:58.209     1     1 I (1)[1:init]e2fsck: Pass 2: Checking directory structure
01-13 15:51:58.215     1     1 I (1)[1:init]e2fsck: Pass 3: Checking directory connectivity
01-13 15:51:58.220     1     1 I (1)[1:init]e2fsck: Pass 4: Checking reference counts
01-13 15:51:58.225     1     1 I (1)[1:init]e2fsck: Pass 5: Checking group summary information
01-13 15:51:58.230     1     1 I (1)[1:init]e2fsck: /dev/block/platform/bootdevice/by-name/protect2: 11/2784 files (0.0% non-contiguous), 1381/2782 blocks
01-13 15:51:58.245     1     1 I (0)[1:init]EXT4-fs (mmcblk0p10): mounted filesystem with ordered data mode. Opts: noauto_da_alloc,discard,journal_checksum,data=ordered,errors=panic
01-13 15:51:58.256     1     1 I (0)[1:init]: [libfs_mgr] __mount(source=/dev/block/platform/bootdevice/by-name/protect2,target=/mnt/vendor/protect_s,type=ext4)=0: Success
01-13 15:51:58.268     1     1 I (0)[1:init]: [libfs_mgr] superblock s_max_mnt_count:65535,/dev/block/platform/bootdevice/by-name/nvdata
01-13 15:51:58.273     1     1 I (0)[1:init]: [libfs_mgr] Filesystem on /dev/block/platform/bootdevice/by-name/nvdata was not cleanly shutdown; state flags: 0x1, incompat feature flags: 0x46
01-13 15:51:58.284     1     1 W (0)[1:init]EXT4-fs (mmcblk0p6): Ignoring removed nomblk_io_submit option
01-13 15:51:58.292     1     1 I (1)[1:init]EXT4-fs (mmcblk0p6): recovery complete
01-13 15:51:58.298     1     1 I (1)[1:init]EXT4-fs (mmcblk0p6): mounted filesystem with ordered data mode. Opts: errors=remount-ro,nomblk_io_submit
01-13 15:51:58.309     1     1 I (1)[1:init]: [libfs_mgr] check_fs(): mount(/dev/block/platform/bootdevice/by-name/nvdata,/mnt/vendor/nvdata,ext4)=0: Success
01-13 15:51:58.324     1     1 I (0)[1:init]: [libfs_mgr] umount_retry(): unmount(/mnt/vendor/nvdata) succeeded
01-13 15:51:58.330     1     1 I (0)[1:init]: [libfs_mgr] Running /system/bin/e2fsck on /dev/block/mmcblk0p6
01-13 15:51:58.351     1     1 I (3)[1:init]e2fsck: e2fsck 1.46.6 (1-Feb-2023)
01-13 15:51:58.357     1     1 I (3)[1:init]e2fsck: Pass 1: Checking inodes, blocks, and sizes
01-13 15:51:58.362     1     1 I (3)[1:init]e2fsck: Pass 2: Checking directory structure
01-13 15:51:58.368     1     1 I (3)[1:init]e2fsck: Pass 3: Checking directory connectivity
01-13 15:51:58.373     1     1 I (3)[1:init]e2fsck: Pass 4: Checking reference counts
01-13 15:51:58.378     1     1 I (3)[1:init]e2fsck: Pass 5: Checking group summary information
01-13 15:51:58.383     1     1 I (3)[1:init]e2fsck: /dev/block/platform/bootdevice/by-name/nvdata: 25/16384 files (0.0% non-contiguous), 3098/16384 blocks
01-13 15:51:58.399     1     1 I (1)[1:init]EXT4-fs (mmcblk0p6): mounted filesystem with ordered data mode. Opts: noauto_da_alloc,discard,journal_checksum,data=ordered,errors=panic
01-13 15:51:58.410     1     1 I (1)[1:init]: [libfs_mgr] __mount(source=/dev/block/platform/bootdevice/by-name/nvdata,target=/mnt/vendor/nvdata,type=ext4)=0: Success
01-13 15:51:58.422     1     1 I (1)[1:init]: [libfs_mgr] superblock s_max_mnt_count:65535,/dev/block/platform/bootdevice/by-name/nvcfg
01-13 15:51:58.427     1     1 I (1)[1:init]: [libfs_mgr] Filesystem on /dev/block/platform/bootdevice/by-name/nvcfg was not cleanly shutdown; state flags: 0x1, incompat feature flags: 0x46
01-13 15:51:58.431    14    14 I (0)[14:kworker/0:1]mt635x-auxadc mt635x-auxadc: name:BAT_TEMP, channel=3, adc_out=0x53c, adc_result=588
01-13 15:51:58.439     1     1 W (3)[1:init]EXT4-fs (mmcblk0p5): Ignoring removed nomblk_io_submit option
01-13 15:51:58.444    14    14 I (0)[14:kworker/0:1]mt635x-auxadc mt635x-auxadc: name:VBIF, channel=11, adc_out=0xff2, adc_result=1793
01-13 15:51:58.457     1     1 I (0)[1:init]EXT4-fs (mmcblk0p5): recovery complete
01-13 15:51:58.463     1     1 I (0)[1:init]EXT4-fs (mmcblk0p5): mounted filesystem with ordered data mode. Opts: errors=remount-ro,nomblk_io_submit
01-13 15:51:58.474     1     1 I (0)[1:init]: [libfs_mgr] check_fs(): mount(/dev/block/platform/bootdevice/by-name/nvcfg,/mnt/vendor/nvcfg,ext4)=0: Success
01-13 15:51:58.489     1     1 I (0)[1:init]: [libfs_mgr] umount_retry(): unmount(/mnt/vendor/nvcfg) succeeded
01-13 15:51:58.495     1     1 I (0)[1:init]: [libfs_mgr] Running /system/bin/e2fsck on /dev/block/mmcblk0p5
01-13 15:51:58.516     1     1 I (1)[1:init]e2fsck: e2fsck 1.46.6 (1-Feb-2023)
01-13 15:51:58.522     1     1 I (1)[1:init]e2fsck: Pass 1: Checking inodes, blocks, and sizes
01-13 15:51:58.528     1     1 I (1)[1:init]e2fsck: Pass 2: Checking directory structure
01-13 15:51:58.534     1     1 I (1)[1:init]e2fsck: Pass 3: Checking directory connectivity
01-13 15:51:58.539     1     1 I (1)[1:init]e2fsck: Pass 4: Checking reference counts
01-13 15:51:58.544     1     1 I (1)[1:init]e2fsck: Pass 5: Checking group summary information
01-13 15:51:58.550     1     1 I (1)[1:init]e2fsck: /dev/block/platform/bootdevice/by-name/nvcfg: 14/8192 files (0.0% non-contiguous), 2060/8192 blocks
01-13 15:51:58.565     1     1 I (0)[1:init]EXT4-fs (mmcblk0p5): mounted filesystem with ordered data mode. Opts: noauto_da_alloc,discard,journal_checksum,data=ordered,errors=panic
01-13 15:51:58.576     1     1 I (0)[1:init]: [libfs_mgr] __mount(source=/dev/block/platform/bootdevice/by-name/nvcfg,target=/mnt/vendor/nvcfg,type=ext4)=0: Success
01-13 15:51:58.687   205   205 I (4)[205:kworker/4:1]mt635x-auxadc mt635x-auxadc: name:VPROC_TEMP, channel=4, adc_out=0x5f2, adc_result=668
01-13 15:51:58.700   205   205 I         : (4)[205:kworker/4:1][Thermal/TZ/PMIC] [tsbuck2_raw_to_temp] 668, 392149, 1000000, -1863
01-13 15:51:58.714   205   205 I         : (4)[205:kworker/4:1][Thermal/TZ/PMIC] [tsbuck2_raw_to_temp] t_current=33588
01-13 15:51:58.728   205   205 I         : (4)[205:kworker/4:1][Thermal/TZ/PMIC] mt6357tsbuck2_get_hw_temp raw=668 T=33588
01-13 15:51:58.741   205   205 I         : (4)[205:kworker/4:1][Thermal/TZ/PMIC] mt6357tsbuck2_get_hw_temp pre_tsbuck2_temp1=33588
01-13 15:51:58.756   207   207 I (6)[207:kworker/6:1]mt635x-auxadc mt635x-auxadc: name:VCORE_TEMP, channel=4, adc_out=0x5f9, adc_result=671
01-13 15:51:58.770   207   207 I         : (6)[207:kworker/6:1][Thermal/TZ/PMIC] [tsbuck1_raw_to_temp] 671, 392686, 1000000, -1863
01-13 15:51:58.783   207   207 I         : (6)[207:kworker/6:1][Thermal/TZ/PMIC] [tsbuck1_raw_to_temp] t_current=32515
01-13 15:51:58.797   207   207 I         : (6)[207:kworker/6:1][Thermal/TZ/PMIC] mt6357tsbuck1_get_hw_temp raw=671 T=32515
01-13 15:51:58.810   207   207 I         : (6)[207:kworker/6:1][Thermal/TZ/PMIC] mt6357tsbuck1_get_hw_temp pre_tsbuck1_temp1=32515
01-13 15:51:58.962     0     0 W (0)[0:swapper/0][name:spm&]Power/swap DP: No enter --- SODI3: No enter --- SODI: No enter ---
01-13 15:51:58.962     0     0 W (3)[0:swapper/3]mcdi cpu: 1051, 74, 42, 218, 216, 43, 38, 17, cluster : 0, 195, pause = 0, multi core = 0, latency = 0, residency = 0, last core = 0, avail cpu = 00ff, cluster = 0003, enabled = 1, max_s_state = 5, system_idle_hint = 00000000
01-13 15:52:02.273     0     0 I         : -(0)[0:swapper/0][thread:0] 2026-01-13 15:52:02.268395 UTC;android time 2026-01-13 15:52:02.268395
01-13 15:52:03.552    14    14 I (0)[14:kworker/0:1]mt635x-auxadc mt635x-auxadc: name:BAT_TEMP, channel=3, adc_out=0x541, adc_result=591
01-13 15:52:03.557    14    14 I (0)[14:kworker/0:1]mt635x-auxadc mt635x-auxadc: name:VBIF, channel=11, adc_out=0xff2, adc_result=1793
01-13 15:52:03.807   205   205 I (4)[205:kworker/4:1]mt635x-auxadc mt635x-auxadc: name:VPROC_TEMP, channel=4, adc_out=0x5f5, adc_result=670
01-13 15:52:03.819   205   205 I         : (4)[205:kworker/4:1][Thermal/TZ/PMIC] [tsbuck2_raw_to_temp] 670, 392149, 1000000, -1863
01-13 15:52:03.832   205   205 I         : (4)[205:kworker/4:1][Thermal/TZ/PMIC] [tsbuck2_raw_to_temp] t_current=32515
01-13 15:52:03.844   205   205 I         : (4)[205:kworker/4:1][Thermal/TZ/PMIC] mt6357tsbuck2_get_hw_temp raw=670 T=32515
01-13 15:52:03.856   205   205 I         : (4)[205:kworker/4:1][Thermal/TZ/PMIC] mt6357tsbuck2_get_hw_temp pre_tsbuck2_temp1=32515
01-13 15:52:03.966     0     0 W (0)[0:swapper/0][name:spm&]Power/swap DP: No enter --- SODI3: No enter --- SODI: No enter ---
01-13 15:52:03.967     0     0 W (3)[0:swapper/3]mcdi cpu: 1327, 108, 0, 142, 201, 16, 1, 1, cluster : 0, 209, pause = 0, multi core = 0, latency = 0, residency = 0, last core = 0, avail cpu = 00ff, cluster = 0003, enabled = 1, max_s_state = 5, system_idle_hint = 00000000
01-13 15:52:04.063   207   207 I (6)[207:kworker/6:1]mt635x-auxadc mt635x-auxadc: name:VCORE_TEMP, channel=4, adc_out=0x5fb, adc_result=672
01-13 15:52:04.075   207   207 I         : (6)[207:kworker/6:1][Thermal/TZ/PMIC] [tsbuck1_raw_to_temp] 672, 392686, 1000000, -1863
01-13 15:52:04.087   207   207 I         : (6)[207:kworker/6:1][Thermal/TZ/PMIC] [tsbuck1_raw_to_temp] t_current=31978
01-13 15:52:04.100   207   207 I         : (6)[207:kworker/6:1][Thermal/TZ/PMIC] mt6357tsbuck1_get_hw_temp raw=672 T=31978
01-13 15:52:04.112   207   207 I         : (6)[207:kworker/6:1][Thermal/TZ/PMIC] mt6357tsbuck1_get_hw_temp pre_tsbuck1_temp1=31978
01-13 15:52:06.367   234   234 I (4)[234:kworker/u16:2][SCP] scp_ipi_send: SCP A not ready
01-13 15:52:06.379   234   234 E         : (4)[234:kworker/u16:2][sensorHub] scp_ipi_send fail
01-13 15:52:06.391   114   114 E         : (3)[114:kworker/3:1][sensorHub] scp_sensorHub_req_send fail!
01-13 15:52:06.416   263   263 I (0)[263:dlpt_notify_thr]mt635x-auxadc mt635x-auxadc: name:BATADC, channel=0, adc_out=0x6431, adc_result=4226
01-13 15:52:06.423   263   263 I (0)[263:dlpt_notify_thr]mt635x-auxadc mt635x-auxadc: name:BATADC, channel=0, adc_out=0x6416, adc_result=4222
01-13 15:52:06.428   263   263 I         : (0)[263:dlpt_notify_thr][PBM] [ma_to_mw] 4222(mV) * 5500(mA) = 23221(mW)
01-13 15:52:06.432   263   263 I         : (0)[263:dlpt_notify_thr][DLPT_final] 5500,-22,-22,5500
01-13 15:52:08.675    14    14 I (0)[14:kworker/0:1]mt635x-auxadc mt635x-auxadc: name:BAT_TEMP, channel=3, adc_out=0x540, adc_result=590
01-13 15:52:08.680    14    14 I (0)[14:kworker/0:1]mt635x-auxadc mt635x-auxadc: name:VBIF, channel=11, adc_out=0xff2, adc_result=1793
01-13 15:52:08.927   205   205 I (4)[205:kworker/4:1]mt635x-auxadc mt635x-auxadc: name:VPROC_TEMP, channel=4, adc_out=0x5f5, adc_result=670
01-13 15:52:08.938   205   205 I         : (4)[205:kworker/4:1][Thermal/TZ/PMIC] [tsbuck2_raw_to_temp] 670, 392149, 1000000, -1863
01-13 15:52:08.950   205   205 I         : (4)[205:kworker/4:1][Thermal/TZ/PMIC] [tsbuck2_raw_to_temp] t_current=32515
01-13 15:52:08.961   205   205 I         : (4)[205:kworker/4:1][Thermal/TZ/PMIC] mt6357tsbuck2_get_hw_temp raw=670 T=32515
01-13 15:52:08.970     0     0 W (0)[0:swapper/0][name:spm&]Power/swap DP: No enter --- SODI3: No enter --- SODI: No enter ---
01-13 15:52:08.970     0     0 W (3)[0:swapper/3]mcdi cpu: 1304, 108, 0, 161, 191, 23, 2, 1, cluster : 0, 202, pause = 0, multi core = 0, latency = 0, residency = 0, last core = 0, avail cpu = 00ff, cluster = 0003, enabled = 1, max_s_state = 5, system_idle_hint = 00000000
01-13 15:52:09.007   205   205 I         : (4)[205:kworker/4:1][Thermal/TZ/PMIC] mt6357tsbuck2_get_hw_temp pre_tsbuck2_temp1=32515
01-13 15:52:09.183   207   207 I (6)[207:kworker/6:1]mt635x-auxadc mt635x-auxadc: name:VCORE_TEMP, channel=4, adc_out=0x5fb, adc_result=672
01-13 15:52:09.195   207   207 I         : (6)[207:kworker/6:1][Thermal/TZ/PMIC] [tsbuck1_raw_to_temp] 672, 392686, 1000000, -1863
01-13 15:52:09.207   207   207 I         : (6)[207:kworker/6:1][Thermal/TZ/PMIC] [tsbuck1_raw_to_temp] t_current=31978
01-13 15:52:09.218   207   207 I         : (6)[207:kworker/6:1][Thermal/TZ/PMIC] mt6357tsbuck1_get_hw_temp raw=672 T=31978
01-13 15:52:09.230   207   207 I         : (6)[207:kworker/6:1][Thermal/TZ/PMIC] mt6357tsbuck1_get_hw_temp pre_tsbuck1_temp1=31978
01-13 15:52:09.823   253   253 I (0)[253:rpmb_open]Trustonic TEE: request_send: daemon not connected after 30s, waiting
01-13 15:52:13.791    14    14 I (0)[14:kworker/0:1]mt635x-auxadc mt635x-auxadc: name:BAT_TEMP, channel=3, adc_out=0x53f, adc_result=590
01-13 15:52:13.796    14    14 I (0)[14:kworker/0:1]mt635x-auxadc mt635x-auxadc: name:VBIF, channel=11, adc_out=0xff2, adc_result=1793
01-13 15:52:13.974     0     0 W (0)[0:swapper/0][name:spm&]Power/swap DP: No enter --- SODI3: No enter --- SODI: No enter ---
01-13 15:52:13.975     0     0 W (3)[0:swapper/3]mcdi cpu: 1350, 106, 0, 177, 199, 29, 3, 2, cluster : 0, 212, pause = 0, multi core = 0, latency = 0, residency = 0, last core = 0, avail cpu = 00ff, cluster = 0003, enabled = 1, max_s_state = 5, system_idle_hint = 00000000
01-13 15:52:14.047   205   205 I (4)[205:kworker/4:1]mt635x-auxadc mt635x-auxadc: name:VPROC_TEMP, channel=4, adc_out=0x5f6, adc_result=670
01-13 15:52:14.059   205   205 I         : (4)[205:kworker/4:1][Thermal/TZ/PMIC] [tsbuck2_raw_to_temp] 670, 392149, 1000000, -1863
01-13 15:52:14.070   205   205 I         : (4)[205:kworker/4:1][Thermal/TZ/PMIC] [tsbuck2_raw_to_temp] t_current=32515
01-13 15:52:14.082   205   205 I         : (4)[205:kworker/4:1][Thermal/TZ/PMIC] mt6357tsbuck2_get_hw_temp raw=670 T=32515
01-13 15:52:14.093   205   205 I         : (4)[205:kworker/4:1][Thermal/TZ/PMIC] mt6357tsbuck2_get_hw_temp pre_tsbuck2_temp1=32515
01-13 15:52:14.303   207   207 I (6)[207:kworker/6:1]mt635x-auxadc mt635x-auxadc: name:VCORE_TEMP, channel=4, adc_out=0x5fb, adc_result=672
01-13 15:52:14.314   207   207 I         : (6)[207:kworker/6:1][Thermal/TZ/PMIC] [tsbuck1_raw_to_temp] 672, 392686, 1000000, -1863
01-13 15:52:14.326   207   207 I         : (6)[207:kworker/6:1][Thermal/TZ/PMIC] [tsbuck1_raw_to_temp] t_current=31978
01-13 15:52:14.337   207   207 I         : (6)[207:kworker/6:1][Thermal/TZ/PMIC] mt6357tsbuck1_get_hw_temp raw=672 T=31978
01-13 15:52:14.348   207   207 I         : (6)[207:kworker/6:1][Thermal/TZ/PMIC] mt6357tsbuck1_get_hw_temp pre_tsbuck1_temp1=31978
01-13 15:52:16.606     7     7 I (0)[7:kworker/u16:0][SCP] scp_ipi_send: SCP A not ready
01-13 15:52:16.611     7     7 E         : (0)[7:kworker/u16:0][sensorHub] scp_ipi_send fail
01-13 15:52:16.614   263   263 I (4)[263:dlpt_notify_thr]mt635x-auxadc mt635x-auxadc: name:BATADC, channel=0, adc_out=0x63c5, adc_result=4209
01-13 15:52:16.615   114   114 E         : (3)[114:kworker/3:1][sensorHub] scp_sensorHub_req_send fail!
01-13 15:52:16.629   263   263 I (5)[263:dlpt_notify_thr]mt635x-auxadc mt635x-auxadc: name:BATADC, channel=0, adc_out=0x63bc, adc_result=4207
01-13 15:52:16.644   263   263 I         : (5)[263:dlpt_notify_thr][PBM] [ma_to_mw] 4207(mV) * 5500(mA) = 23138(mW)
01-13 15:52:16.655   263   263 I         : (5)[263:dlpt_notify_thr][DLPT_final] 5500,-22,-22,5500
01-13 15:52:18.595     1     1 E (0)[1:init]: [libfs_mgr] Skipping '/dev/block/platform/bootdevice/by-name/efs' during mount_all
01-13 15:52:18.607     1     1 I (1)[1:init]: [libfs_mgr] superblock s_max_mnt_count:65535,/dev/block/platform/bootdevice/by-name/persist
01-13 15:52:18.612     1     1 I (1)[1:init]: [libfs_mgr] Filesystem on /dev/block/platform/bootdevice/by-name/persist was not cleanly shutdown; state flags: 0x1, incompat feature flags: 0x46
01-13 15:52:18.622     1     1 W (4)[1:init]EXT4-fs (mmcblk0p12): Ignoring removed nomblk_io_submit option
01-13 15:52:18.644     1     1 I (0)[1:init]EXT4-fs (mmcblk0p12): recovery complete
01-13 15:52:18.649     1     1 I (4)[1:init]EXT4-fs (mmcblk0p12): mounted filesystem with ordered data mode. Opts: errors=remount-ro,nomblk_io_submit
01-13 15:52:18.673     1     1 I (0)[1:init]: [libfs_mgr] check_fs(): mount(/dev/block/platform/bootdevice/by-name/persist,/mnt/vendor/persist,ext4)=0: Success
01-13 15:52:18.685     1     1 I (1)[1:init]: [libfs_mgr] umount_retry(): unmount(/mnt/vendor/persist) succeeded
01-13 15:52:18.690     1     1 I (1)[1:init]: [libfs_mgr] Running /system/bin/e2fsck on /dev/block/mmcblk0p12
01-13 15:52:18.710     1     1 I (0)[1:init]e2fsck: e2fsck 1.46.6 (1-Feb-2023)
01-13 15:52:18.719     1     1 I (0)[1:init]e2fsck: Pass 1: Checking inodes, blocks, and sizes
01-13 15:52:18.725     1     1 I (1)[1:init]e2fsck: Pass 2: Checking directory structure
01-13 15:52:18.731     1     1 I (1)[1:init]e2fsck: Pass 3: Checking directory connectivity
01-13 15:52:18.736     1     1 I (1)[1:init]e2fsck: Pass 4: Checking reference counts
01-13 15:52:18.741     1     1 I (1)[1:init]e2fsck: Pass 5: Checking group summary information
01-13 15:52:18.749     1     1 I (3)[1:init]e2fsck: /dev/block/platform/bootdevice/by-name/persist: 15/12288 files (0.0% non-contiguous), 2580/12288 blocks
01-13 15:52:18.764     1     1 I (3)[1:init]EXT4-fs (mmcblk0p12): mounted filesystem with ordered data mode. Opts: noauto_da_alloc,discard,journal_checksum,data=ordered,errors=panic
01-13 15:52:18.773     1     1 I (3)[1:init]: [libfs_mgr] __mount(source=/dev/block/platform/bootdevice/by-name/persist,target=/mnt/vendor/persist,type=ext4)=0: Success
01-13 15:52:18.794     1     1 I (4)[1:init]: Command 'mount_all /vendor/etc/fstab.mt6765 --early' action=fs (/vendor/etc/init/hw/init.mt6765.rc:161) took 40918ms and succeeded
01-13 15:52:18.911    14    14 I (0)[14:kworker/0:1]mt635x-auxadc mt635x-auxadc: name:BAT_TEMP, channel=3, adc_out=0x53e, adc_result=589
01-13 15:52:18.917    14    14 I (0)[14:kworker/0:1]mt635x-auxadc mt635x-auxadc: name:VBIF, channel=11, adc_out=0xff2, adc_result=1793
01-13 15:52:18.977     0     0 W (0)[0:swapper/0][name:spm&]Power/swap DP: No enter --- SODI3: No enter --- SODI: No enter ---
01-13 15:52:18.977     0     0 W (0)[0:swapper/0]mcdi cpu: 997, 135, 0, 214, 196, 38, 21, 9, cluster : 0, 193, pause = 0, multi core = 0, latency = 0, residency = 0, last core = 0, avail cpu = 00ff, cluster = 0003, enabled = 1, max_s_state = 5, system_idle_hint = 00000000
01-13 15:52:19.167   205   205 I (4)[205:kworker/4:1]mt635x-auxadc mt635x-auxadc: name:VPROC_TEMP, channel=4, adc_out=0x5f5, adc_result=670
01-13 15:52:19.180   205   205 I         : (4)[205:kworker/4:1][Thermal/TZ/PMIC] [tsbuck2_raw_to_temp] 670, 392149, 1000000, -1863
01-13 15:52:19.194   205   205 I         : (4)[205:kworker/4:1][Thermal/TZ/PMIC] [tsbuck2_raw_to_temp] t_current=32515
01-13 15:52:19.208   205   205 I         : (4)[205:kworker/4:1][Thermal/TZ/PMIC] mt6357tsbuck2_get_hw_temp raw=670 T=32515
01-13 15:52:19.221   205   205 I         : (4)[205:kworker/4:1][Thermal/TZ/PMIC] mt6357tsbuck2_get_hw_temp pre_tsbuck2_temp1=32515
01-13 15:52:19.423   207   207 I (6)[207:kworker/6:1]mt635x-auxadc mt635x-auxadc: name:VCORE_TEMP, channel=4, adc_out=0x5fb, adc_result=672
01-13 15:52:19.436   207   207 I         : (6)[207:kworker/6:1][Thermal/TZ/PMIC] [tsbuck1_raw_to_temp] 672, 392686, 1000000, -1863
01-13 15:52:19.449   207   207 I         : (6)[207:kworker/6:1][Thermal/TZ/PMIC] [tsbuck1_raw_to_temp] t_current=31978
01-13 15:52:19.462   207   207 I         : (6)[207:kworker/6:1][Thermal/TZ/PMIC] mt6357tsbuck1_get_hw_temp raw=672 T=31978
01-13 15:52:19.475   207   207 I         : (6)[207:kworker/6:1][Thermal/TZ/PMIC] mt6357tsbuck1_get_hw_temp pre_tsbuck1_temp1=31978
01-13 15:52:22.273     0     0 I         : -(0)[0:swapper/0][thread:0] 2026-01-13 15:52:22.268392 UTC;android time 2026-01-13 15:52:22.268392
01-13 15:52:23.836   301   301 W (0)[301:init]: wait for '/dev/block/platform/bootdevice/by-name/sec_efs' timed out and took 5003ms
01-13 15:52:23.841     1     1 I (0)[1:init]: Command 'wait /dev/block/platform/bootdevice/by-name/sec_efs' action=fs (/vendor/etc/init/hw/init.mt6765.rc:163) took 5009ms and failed: wait_for_file() failed
01-13 15:52:23.853     1     1 I (0)[1:init]: starting service 'exec 3 (/system/bin/tune2fs -O has_journal -u 10010 -r 4096 /dev/block/platform/bootdevice/by-name/userdata)'...
01-13 15:52:23.867     1     1 I (0)[1:init]: ... started service 'exec 3 (/system/bin/tune2fs -O has_journal -u 10010 -r 4096 /dev/block/platform/bootdevice/by-name/userdata)' has pid 432
01-13 15:52:23.878     1     1 I (0)[1:init]: SVC_EXEC service 'exec 3 (/system/bin/tune2fs -O has_journal -u 10010 -r 4096 /dev/block/platform/bootdevice/by-name/userdata)' pid 432 (uid 0 gid 0+0 context default) started; waiting...
01-13 15:52:23.886   253   253 I (4)[253:rpmb_open]Trustonic TEE: request_send: daemon not connected after 40s, waiting
01-13 15:52:23.912     1     1 I (0)[1:init]: Service 'exec 3 (/system/bin/tune2fs -O has_journal -u 10010 -r 4096 /dev/block/platform/bootdevice/by-name/userdata)' (pid 432) exited with status 1 waiting took 0.046000 seconds
01-13 15:52:23.924     1     1 I (0)[1:init]: Sending signal 9 to service 'exec 3 (/system/bin/tune2fs -O has_journal -u 10010 -r 4096 /dev/block/platform/bootdevice/by-name/userdata)' (pid 432) process group...
01-13 15:52:23.936     1     1 I (0)[1:init]libprocessgroup: Successfully killed process cgroup uid 0 pid 432 in 0ms
01-13 15:52:23.944     1     1 I (0)[1:init]: Command 'write /sys/kernel/tracing/trace_marker E' action=fs (/vendor/etc/init/hw/init.mt6765.rc:166) took 1ms and failed: Unable to write to file '/sys/kernel/tracing/trace_marker': open() failed: Permission denied
01-13 15:52:23.957   301   301 I (0)[301:init]BOOTPROF: 62103.759531:INIT:Mount_END
01-13 15:52:23.963     1     1 I (0)[1:init]: Command 'mount iso9660 loop@/vendor/etc/iAmCdRom.iso /mnt/cd-rom ro' action=fs (/vendor/etc/init/hw/init.mt6765.rc:169) took 0ms and failed: open(/vendor/etc/iAmCdRom.iso, 0) failed: No such file or directory
