01-13 15:53:09.794   817   817 I fsverity_init: LoadKeyFromFile path=/system/etc/security/fsverity/fsverity-release.x509.der keyname=fsv_system_0
01-13 15:53:09.796   816   816 I HidlServiceManagement: Registered vendor.samsung.hardware.security.engmode@1.0::ISehEngmode/default
01-13 15:53:09.797   816   816 I HidlServiceManagement: Removing namespace from process name vendor.samsung.hardware.security.engmode@1.0-service to engmode@1.0-service.
01-13 15:53:09.810     1     1 I (3)[1:init]: Service 'exec 10 (/system/bin/fsverity_init --load-verified-keys)' (pid 817) exited with status 0 waiting took 0.080000 seconds
01-13 15:53:09.816   815   815 I (5)[815:android.hardwar]binder: 815:815 ioctl 40046210 ffa03d10 returned -22
01-13 15:53:09.822     1     1 I (3)[1:init]: Sending signal 9 to service 'exec 10 (/system/bin/fsverity_init --load-verified-keys)' (pid 817) process group...
01-13 15:53:09.832   815   815 D hw-ProcessState: Binder ioctl to enable oneway spam detection failed: Invalid argument
01-13 15:53:09.835   815   815 I android.hardware.keymaster@4.1-service.trustonic: Trustonic Keymaster 4.1 Service starts
01-13 15:53:09.835   815   815 I TrustonicKeymaster4DeviceImpl: Read os_version = 140000, os_patchlevel = 202402, vendor_patchlevel = 20260205, boot_patchlevel = 0
01-13 15:53:09.840   815   815 I TeeSysClient: driver version: v8.3 [vendor/mediatek/proprietary/trustzone/trustonic/source/external/mobicore/common/500/ClientLib/src/driver.cpp:104]
01-13 15:53:09.840   815   815 I TeeSysClient: driver open [vendor/mediatek/proprietary/trustzone/trustonic/source/external/mobicore/common/500/ClientLib/src/driver.cpp:109]
01-13 15:53:09.845   811   811 I wmt_loader: Can't open device node(/dev/wmtdetect) count(2)
01-13 15:53:09.850     1     1 I (3)[1:init]libprocessgroup: Successfully killed process cgroup uid 0 pid 817 in 0ms
01-13 15:53:09.852   388   388 I (4)[388:servicemanager]: getDeviceHalManifest: Successfully processed VINTF information
01-13 15:53:09.854   815   815 D TlcTeeKeyMaster: HAL_CONFIGURE
01-13 15:53:09.854   815   815 E TlcTeeKeyMaster: Error: Cannot open file: /data/misc/keybox_sample.so.
01-13 15:53:09.854   815   815 D TlcTeeKeyMaster: HAL_Configure(): could not load /data/misc/keybox_sample.so now
01-13 15:53:09.854   815   815 D TlcTeeKeyMaster: TEE_Configure
01-13 15:53:09.856     1     1 I (3)[1:init]: processing action (ro.kernel.version=4.19 && late-fs) from (/system/etc/init/hw/init.rc:660)
01-13 15:53:09.860   243   243 I (5)[243:tee_log]Trustonic TEE: 401(7)|teeKeyMaster4-package-4.1.0-20210303_231146_19876_56ccc
01-13 15:53:09.860   243   243 I (5)[243:tee_log]Trustonic TEE: 401(7)|tlTeeKeymaster: Keymaster TA version  401.   0
01-13 15:53:09.860   243   243 I (5)[243:tee_log]Trustonic TEE: 401(7)|tlTeeKeymaster: ARMv8 crypto instructions will be used
01-13 15:53:09.860   243   243 I (5)[243:tee_log]Trustonic TEE: 401(7)|tlTeeKeymaster: Neon instructions will be used
01-13 15:53:09.868   815   815 E TeeSysClient: syscall failed with "Try again"(errno 11) [vendor/mediatek/proprietary/trustzone/trustonic/source/external/mobicore/common/500/ClientLib/src/driver.cpp:615]
01-13 15:53:09.868   815   815 E TeeSysClient: mcCloseSession returned UNKNOWN (rc 0x6) [vendor/mediatek/proprietary/trustzone/trustonic/source/external/mobicore/common/500/ClientLib/src/native_interface.cpp:651]
01-13 15:53:09.868   815   815 E TlcTeeKeyMaster: TEE_Configure: mcCloseSession() returned 6
01-13 15:53:09.869   815   815 D TlcTeeKeyMaster: TEE_Configure exiting with 0
01-13 15:53:09.871   388   388 I (4)[388:servicemanager]: getFrameworkHalManifest: Reading VINTF information.
01-13 15:53:09.872   243   243 I (5)[243:tee_log]Trustonic TEE: 501(7)|teeKeyMaster4-package-4.1.0-20210303_231146_19876_56ccc
01-13 15:53:09.872   243   243 I (5)[243:tee_log]Trustonic TEE: 501(7)|[DrAndroid] 0.0, Build Apr  7 2021, 15:36:49
01-13 15:53:09.872   243   243 I (5)[243:tee_log]Trustonic TEE: 401(7)|[verifiedBoot_GetBootPatchlevel] verifiedBoot_GetBootPatchlevel boot_patchlevel = 135c145
01-13 15:53:09.871   815   815 E cutils-trace: Error opening trace file: No such file or directory (2)
01-13 15:53:09.878     1     1 I (0)[1:init]: processing action (late-fs) from (/system/etc/init/hw/init.rc:664)
01-13 15:53:09.874   815   815 I HidlServiceManagement: Registered android.hardware.keymaster@4.1::IKeymasterDevice/default
01-13 15:53:09.875   815   815 I HidlServiceManagement: Removing namespace from process name android.hardware.keymaster@4.1-service.trustonic to keymaster@4.1-service.trustonic.
01-13 15:53:09.875   815   815 I android.hardware.keymaster@4.1-service.trustonic: Trustonic Keymaster 4.1 Service registered
01-13 15:53:09.896   388   388 I (3)[388:servicemanager]: getFrameworkHalManifest: Successfully processed VINTF information
01-13 15:53:09.900     1     1 I (4)[1:init]: processing action (late-fs) from (/vendor/etc/init/hw/init.mt6765.rc:223)
01-13 15:53:09.904   388   388 I (3)[388:servicemanager]: Found android.system.suspend.ISystemSuspend/default in framework VINTF manifest.
01-13 15:53:09.920   813   813 I HidlServiceManagement: Registered android.system.suspend@1.0::ISystemSuspend/default
01-13 15:53:09.920   813   813 I HidlServiceManagement: Removing namespace from process name android.system.suspend-service to suspend-service.
01-13 15:53:09.921   301   301 I (6)[301:init]BOOTPROF: 108068.112872:INIT:late-fs
01-13 15:53:09.925   814   814 I keystore2: system/security/keystore2/src/keystore2_main.rs:61 - Keystore2 is starting.
01-13 15:53:09.925   814   814 I keystore2: system/security/keystore2/src/keystore2_main.rs:67 - Setting up sqlite logging for keystore2
01-13 15:53:09.929   812   812 I wmt_launcher: get property(vendor.connsys.driver.ready) is no
01-13 15:53:09.929   814   814 W keystore2: system/security/keystore2/src/metrics_store.rs:577 - In update_keystore_crash_sysprop: Failed to read the existing system property due to: system/security/keystore2/src/metrics_store.rs:608: Property not set..Therefore, keystore crashes will not be logged.
01-13 15:53:09.931   814   814 I keystore2: system/security/keystore2/src/keystore2_main.rs:97 - Starting thread pool now.
01-13 15:53:09.937   814   814 I (4)[814:keystore2]binder: 814:814 ioctl 40046210 7ff5af02a0 returned -22
01-13 15:53:09.938     1     1 I (0)[1:init]: start_waiting_for_property("hwservicemanager.ready", "true"): already set
01-13 15:53:09.948   814   820 E cutils-trace: Error opening trace file: No such file or directory (2)
01-13 15:53:09.950   814   820 I keystore2: getDeviceHalManifest: Reading VINTF information.
01-13 15:53:09.957   814   814 I (5)[814:binder:814_2]binder: 814:814 ioctl 40046210 7ff5aef594 returned -22
01-13 15:53:09.963   301   301 I (3)[301:init]BOOTPROF: 108109.924872:INIT:Mount_START --late
01-13 15:53:09.979   814   814 I keystore2: found android.hardware.keymaster@4.0::IKeymasterDevice with interface name default and seclevel TRUSTED_ENVIRONMENT
01-13 15:53:09.982   814   814 I keystore2: system/security/keystore2/src/globals.rs:286 - Add emulation wrapper around Keymaster device for security level: r#TRUSTED_ENVIRONMENT
01-13 15:53:09.992   301   301 I auditd  : type=1400 audit(0.0:18): avc:  denied  { write } for  comm="init" name="/" dev="tracefs" ino=1 scontext=u:r:vendor_init:s0 tcontext=u:object_r:debugfs_tracing_debug:s0 tclass=dir permissive=1
01-13 15:53:09.992   301   301 I init    : type=1400 audit(0.0:18): avc:  denied  { write } for  name="/" dev="tracefs" ino=1 scontext=u:r:vendor_init:s0 tcontext=u:object_r:debugfs_tracing_debug:s0 tclass=dir permissive=1
01-13 15:53:09.992   301   301 I auditd  : type=1400 audit(0.0:19): avc:  denied  { add_name } for  comm="init" name="trace_marker" scontext=u:r:vendor_init:s0 tcontext=u:object_r:debugfs_tracing_debug:s0 tclass=dir permissive=1
01-13 15:53:09.992   301   301 I init    : type=1400 audit(0.0:19): avc:  denied  { add_name } for  name="trace_marker" scontext=u:r:vendor_init:s0 tcontext=u:object_r:debugfs_tracing_debug:s0 tclass=dir permissive=1
01-13 15:53:09.992   301   301 I auditd  : type=1400 audit(0.0:20): avc:  denied  { create } for  comm="init" name="trace_marker" scontext=u:r:vendor_init:s0 tcontext=u:object_r:debugfs_tracing_debug:s0 tclass=file permissive=1
01-13 15:53:09.992   301   301 I init    : type=1400 audit(0.0:20): avc:  denied  { create } for  name="trace_marker" scontext=u:r:vendor_init:s0 tcontext=u:object_r:debugfs_tracing_debug:s0 tclass=file permissive=1
01-13 15:53:09.996   814   820 I keystore2: getDeviceHalManifest: Successfully processed VINTF information
01-13 15:53:09.994   388   388 I (6)[388:servicemanager]: Found android.system.keystore2.IKeystoreService/default in framework VINTF manifest.
01-13 15:53:10.000     1     1 I (3)[1:init]: Command 'write /sys/kernel/tracing/trace_marker B|1|Mount late' action=late-fs (/vendor/etc/init/hw/init.mt6765.rc:228) took 1ms and failed: Unable to write to file '/sys/kernel/tracing/trace_marker': open() failed: Permission denied
01-13 15:53:10.009   815   815 D TlcTeeKeyMaster: TEE_GetHmacSharingParameters
01-13 15:53:10.011   815   815 D TlcTeeKeyMaster: TEE_GetHmacSharingParameters exiting with 0
01-13 15:53:10.012   815   815 D TlcTeeKeyMaster: TEE_ComputeSharedMac
01-13 15:53:10.014   815   815 D TlcTeeKeyMaster: TEE_ComputeSharedMac exiting with 0
01-13 15:53:10.015   814   820 I keystore2: system/security/keystore2/src/shared_secret_negotiation.rs:47 - Shared secret negotiation concluded successfully.
01-13 15:53:10.017   814   820 I keystore2: system/security/keystore2/src/shared_secret_negotiation.rs:294 - No StrongBox Keymint available, so no RoT transfer
01-13 15:53:10.019   814   814 I keystore2: system/security/keystore2/src/keystore2_main.rs:152 - Successfully registered Keystore 2.0 service.
01-13 15:53:10.020   814   814 I keystore2: system/security/keystore2/src/keystore2_main.rs:154 - Joining thread pool now.
01-13 15:53:10.101     1     1 W (0)[1:init]: [libfs_mgr] Warning: unknown flag: resize
01-13 15:53:10.109     1     1 I (0)[1:init]: Calling: /system/bin/vdc checkpoint needsCheckpoint
01-13 15:53:10.115    14    14 I (0)[14:kworker/0:1]mt635x-auxadc mt635x-auxadc: name:BAT_TEMP, channel=3, adc_out=0x535, adc_result=585
01-13 15:53:10.122    14    14 I (0)[14:kworker/0:1]mt635x-auxadc mt635x-auxadc: name:VBIF, channel=11, adc_out=0xff2, adc_result=1793
01-13 15:53:10.145   811   811 I wmt_loader: Can't open device node(/dev/wmtdetect) count(3)
01-13 15:53:10.141   825   825 I (3)[825:vdc]binder: 825:825 ioctl 40046210 7fe8118bf0 returned -22
01-13 15:53:10.148   825   825 E (4)[825:vdc]cutils-trace: Error opening trace file: No such file or directory (2)
01-13 15:53:10.164   825   825 D (3)[825:vdc]: Waited 0ms for vold
01-13 15:53:10.164   388   388 I (4)[388:servicemanager]: Could not find android.hardware.boot.IBootControl/default in the VINTF manifest.
01-13 15:53:10.195   400   400 E (3)[400:binder:400_2]vold: Error getting bootctrl v1.0 module.
01-13 15:53:10.188   400   400 I vold    : AIDL IBootControl not available, falling back to HIDL.
01-13 15:53:10.190   391   391 I hwservicemanager: getTransport: Cannot find entry android.hardware.boot@1.0::IBootControl/default in either framework or device VINTF manifest.
01-13 15:53:10.190   400   400 E vold    : Error getting bootctrl v1.0 module.
01-13 15:53:10.205     1     1 I (0)[1:init]: [libfs_mgr] Running /system/bin/fsck.f2fs -a -c 10000 --debug-cache /dev/block/mmcblk0p44
01-13 15:53:10.229   812   812 I wmt_launcher: get property(vendor.connsys.driver.ready) is no
01-13 15:53:10.220   826   826 I auditd  : type=1400 audit(0.0:21): avc:  denied  { search } for  comm="fsck.f2fs" name="mmc0" dev="sysfs" ino=30944 scontext=u:r:fsck:s0 tcontext=u:object_r:sysfs_mmcblk:s0 tclass=dir permissive=1
01-13 15:53:10.220   826   826 I fsck.f2fs: type=1400 audit(0.0:21): avc:  denied  { search } for  name="mmc0" dev="sysfs" ino=30944 scontext=u:r:fsck:s0 tcontext=u:object_r:sysfs_mmcblk:s0 tclass=dir permissive=1
01-13 15:53:10.228     1     1 I (3)[1:init]fsck.f2fs: Info: Fix the reported corruption.
01-13 15:53:10.234     1     1 I (3)[1:init]fsck.f2fs: Info: not exist /proc/version!
01-13 15:53:10.271     1     1 I (3)[1:init]fsck.f2fs: Info: MKFS version
01-13 15:53:10.271     1     1 I (3)[1:init]fsck.f2fs: "4.19.191-gb913714a3628"
01-13 15:53:10.271     1     1 I (3)[1:init]fsck.f2fs: Info: FSCK version
01-13 15:53:10.271     1     1 I (3)[1:init]fsck.f2fs: from "4.19.191-gb913714a3628"
01-13 15:53:10.271     1     1 I (3)[1:init]fsck.f2fs: to "4.19.191-gb913714a3628"
01-13 15:53:10.271     1     1 I (3)[1:init]fsck.f2fs: Info: superblock features = 2499 :  encrypt verity extra_attr project_quota quota_ino compression
01-13 15:53:10.271     1     1 I (3)[1:init]fsck.f2fs: Info: superblock encrypt level = 0, salt = 00000000000000000000000000000000
01-13 15:53:10.271     1     1 I (3)[1:init]fsck.f2fs: Info: Segments per section = 1
01-13 15:53:10.271     1     1 I (3)[1:init]fsck.f2fs: Info: Sections per zone = 1
01-13 15:53:10.271     1     1 I (3)[1:init]fsck.f2fs: Info: total FS sectors = 53176256 (25964 MB)
01-13 15:53:10.271     1     1 I (3)[1:init]fsck.f2fs: Info: CKPT version = 2d35aa0b
01-13 15:53:10.271     1     1 I (3)[1:init]fsck.f2fs: Info: version timestamp cur: 0, prev: 0
01-13 15:53:10.271     1     1 I (3)[1:init]fsck.f2fs: [update_superblock: 775] Info: Done to update superblock
01-13 15:53:10.272     1     1 I (5)[1:init]fsck.f2fs: Info: checkpoint state = 1c5 :  trimmed nat_bits crc compacted_summary unmount
01-13 15:53:10.220   826   826 I auditd  : type=1400 audit(0.0:22): avc:  denied  { search } for  comm="fsck.f2fs" name="mmcblk0" dev="sysfs" ino=31353 scontext=u:r:fsck:s0 tcontext=u:object_r:sysfs_devices_block:s0 tclass=dir permissive=1
01-13 15:53:10.220   826   826 I fsck.f2fs: type=1400 audit(0.0:22): avc:  denied  { search } for  name="mmcblk0" dev="sysfs" ino=31353 scontext=u:r:fsck:s0 tcontext=u:object_r:sysfs_devices_block:s0 tclass=dir permissive=1
01-13 15:53:10.318     1     1 I (0)[1:init]fsck.f2fs: Info: No error was reported
01-13 15:53:10.220   826   826 I auditd  : type=1400 audit(0.0:23): avc:  denied  { getattr } for  comm="fsck.f2fs" path="/sys/devices/platform/bootdevice/mmc_host/mmc0/mmc0:0001/block/mmcblk0/mmcblk0p44/partition" dev="sysfs" ino=32287 scontext=u:r:fsck:s0 tcontext=u:object_r:sysfs_devices_block:s0 tclass=file permissive=1
01-13 15:53:10.220   826   826 I fsck.f2fs: type=1400 audit(0.0:23): avc:  denied  { getattr } for  path="/sys/devices/platform/bootdevice/mmc_host/mmc0/mmc0:0001/block/mmcblk0/mmcblk0p44/partition" dev="sysfs" ino=32287 scontext=u:r:fsck:s0 tcontext=u:object_r:sysfs_devices_block:s0 tclass=file permissive=1
01-13 15:53:10.220   826   826 I auditd  : type=1400 audit(0.0:24): avc:  denied  { read } for  comm="fsck.f2fs" name="zoned" dev="sysfs" ino=32370 scontext=u:r:fsck:s0 tcontext=u:object_r:sysfs_devices_block:s0 tclass=file permissive=1
01-13 15:53:10.220   826   826 I fsck.f2fs: type=1400 audit(0.0:24): avc:  denied  { read } for  name="zoned" dev="sysfs" ino=32370 scontext=u:r:fsck:s0 tcontext=u:object_r:sysfs_devices_block:s0 tclass=file permissive=1
01-13 15:53:10.339     1     1 I (0)[1:init]fsck.f2fs:  
01-13 15:53:10.220   826   826 I auditd  : type=1400 audit(0.0:25): avc:  denied  { open } for  comm="fsck.f2fs" path="/sys/devices/platform/bootdevice/mmc_host/mmc0/mmc0:0001/block/mmcblk0/queue/zoned" dev="sysfs" ino=32370 scontext=u:r:fsck:s0 tcontext=u:object_r:sysfs_devices_block:s0 tclass=file permissive=1
01-13 15:53:10.220   826   826 I fsck.f2fs: type=1400 audit(0.0:25): avc:  denied  { open } for  path="/sys/devices/platform/bootdevice/mmc_host/mmc0/mmc0:0001/block/mmcblk0/queue/zoned" dev="sysfs" ino=32370 scontext=u:r:fsck:s0 tcontext=u:object_r:sysfs_devices_block:s0 tclass=file permissive=1
01-13 15:53:10.350     1     1 I (0)[1:init]fsck.f2fs: c, u, RA, CH, CM, Repl=
01-13 15:53:10.350     1     1 I (0)[1:init]fsck.f2fs: 10000 9 9 0 9 0
01-13 15:53:10.453   811   811 I wmt_loader: Can't open device node(/dev/wmtdetect) count(4)
01-13 15:53:10.475     1     1 I (3)[1:init]F2FS-fs (mmcblk0p44): Reduce reserved blocks for root = 13081
01-13 15:53:10.492     1     1 I (3)[1:init]F2FS-fs (mmcblk0p44): Found nat_bits in checkpoint
01-13 15:53:10.530   812   812 I wmt_launcher: get property(vendor.connsys.driver.ready) is no
01-13 15:53:10.623   205   205 I (4)[205:kworker/4:1]mt635x-auxadc mt635x-auxadc: name:VPROC_TEMP, channel=4, adc_out=0x5ec, adc_result=666
01-13 15:53:10.635   205   205 I         : (4)[205:kworker/4:1][Thermal/TZ/PMIC] [tsbuck2_raw_to_temp] 666, 392149, 1000000, -1863
01-13 15:53:10.648   205   205 I         : (4)[205:kworker/4:1][Thermal/T