01-13 15:51:22.776     1     1 I         : (0)[1:swapper/0]FDVT [FDVT_probe] DT, i=0, map_irq=109
01-13 15:51:22.779     1     1 I         : (0)[1:swapper/0]MAINAF [MAINAF_i2C_init] nfx_test_sucusee to register AF driver
01-13 15:51:22.788     1     1 I         : (0)[1:swapper/0][register_low_battery_notify] prio_val=5
01-13 15:51:22.791     1     1 I         : (0)[1:swapper/0][register_battery_percent_notify] prio_val=5
01-13 15:51:22.793     1     1 I         : (0)[1:swapper/0][register_battery_oc_notify] prio_val=5
01-13 15:51:22.796     1     1 I         : (0)[1:swapper/0]flashlight_aw36514_init lllydriver version V1.0.2.
01-13 15:51:22.800     1     1 I         : (0)[1:swapper/0]flashlight_aw36514 Init done.
01-13 15:51:22.803     1     1 I         : (0)[1:swapper/0]USB_BOOST, <create_sys_fs(), 535>
01-13 15:51:22.806     1     1 I         : (0)[1:swapper/0]USB_BOOST, <usb_boost_set_para_and_arg(), 139> para_range:<4>
01-13 15:51:22.809     1     1 I         : (0)[1:swapper/0]USB_BOOST, <usb_boost_set_para_and_arg(), 139> para_range:<4>
01-13 15:51:22.812     1     1 I         : (0)[1:swapper/0]USB_BOOST, <usb_boost_set_para_and_arg(), 139> para_range:<4>
01-13 15:51:22.815     1     1 I         : (0)[1:swapper/0]USB_BOOST, <usb_boost_set_para_and_arg(), 139> para_range:<4>
01-13 15:51:22.818     1     1 I         : (0)[1:swapper/0]USB_BOOST, <usb_boost_set_para_and_arg(), 139> para_range:<4>
01-13 15:51:22.821     1     1 I         : (0)[1:swapper/0]USB_BOOST, <usb_boost_set_para_and_arg(), 139> para_range:<4>
01-13 15:51:22.823     1     1 I (0)[1:swapper/0]BOOTPROF: 970.331770:initcall: usbboost    20.840692ms
01-13 15:51:22.827     1     1 I (0)[1:swapper/0]musb-hdrc: version 6.0, ?dma?, otg (peripheral+host)
01-13 15:51:22.830     1     1 E (0)[1:swapper/0]Error: Driver 'musb-hdrc' is already registered, aborting...
01-13 15:51:22.834     1     1 W (0)[1:swapper/0]usb_phy_generic usb_phy_generic.0.auto: usb_phy_generic.0.auto supply vcc not found, using dummy regulator
01-13 15:51:22.840     1     1 I (0)[1:swapper/0]usb_phy_generic usb_phy_generic.0.auto: Linked as a consumer to regulator.0
01-13 15:51:22.843     1     1 I (0)[1:swapper/0][MUSB]mt_usb_probe 2132: keep musb->power & mtk_usb_power in the same value
01-13 15:51:22.846     1     1 I (0)[1:swapper/0][MUSB]mt_usb_probe 2181: get dr_mode: 3
01-13 15:51:22.849     1     1 I (0)[1:swapper/0]musb-hdrc: version 6.0, ?dma?, otg (peripheral+host)
01-13 15:51:22.852     1     1 I         : (0)[1:swapper/0]musb_probe mac=0xffffff800b960000, phy=0xffffff800b980000, irq=81
01-13 15:51:22.855     1     1 I -(0)[1:swapper/0][MUSB]usb_6765_dpidle_request 143: USB_DPIDLE_FORBIDDEN, skip_cnt<0>
01-13 15:51:22.859     1     1 I -(0)[1:swapper/0][MUSB]usb_6765_dpidle_request 136: USB_DPIDLE_ALLOWED, skip_cnt<0>
01-13 15:51:22.862     1     1 I (0)[1:swapper/0]phy phy-usb-phy.0: phy_efuse_set, intr_cal=0x13
01-13 15:51:22.865     1     1 I (0)[1:swapper/0]phy phy-usb-phy.0: u2_phy_props_set, bc12:0, src:5, vrt:4, term:4, rev6:1, dis:15
01-13 15:51:22.868     1     1 I         : -(0)[1:swapper/0][Thermal/TZ/CPU]Driver is ready to report valid temperatures
01-13 15:51:22.872     1     1 I         : (0)[1:swapper/0]software.sku=(null) is_p412=0
01-13 15:51:22.876     1     1 I (0)[1:swapper/0]mtk-tphy usb-phy: u2_phy_instance_power_on(0)
01-13 15:51:22.879     1     1 W (0)[1:swapper/0]musb-hdrc musb-hdrc: musb-hdrc supply vusb not found, using dummy regulator
01-13 15:51:22.883     1     1 I (0)[1:swapper/0]musb-hdrc musb-hdrc: Linked as a consumer to regulator.0
01-13 15:51:22.886     1     1 W (0)[1:swapper/0]musb-hdrc musb-hdrc: musb-hdrc supply va12 not found, using dummy regulator
01-13 15:51:22.890     1     1 I (0)[1:swapper/0][MUSB]mt_usb_enable 734: begin <0,0>,<1,0,0,0>
01-13 15:51:22.903     1     1 I (0)[1:swapper/0][MUSB]mt_usb_enable 766: end, <1,0,1,0>
01-13 15:51:22.907     1     1 I (0)[1:swapper/0]sizeof(struct TGPD): 16
01-13 15:51:22.911     1     1 I (0)[1:swapper/0]musb-hdrc musb-hdrc: MUSB HDRC host driver
01-13 15:51:22.915     1     1 I (0)[1:swapper/0]musb-hdrc musb-hdrc: new USB bus registered, assigned bus number 1
01-13 15:51:22.918     1     1 I (0)[1:swapper/0]hub 1-0: 1.0: USB hub found
01-13 15:51:22.922     1     1 I (0)[1:swapper/0]hub 1-0: 1.0: 1 port detected
01-13 15:51:22.925     1     1 I -(0)[1:swapper/0][MUSB]musb_hub_control 392: try to call musb_start in virthub
01-13 15:51:22.929     1     1 I (0)[1:swapper/0][MUSB]mt_usb_try_idle 675: b_idle inactive, for idle timer for 4 ms
01-13 15:51:22.932     1     1 I (0)[1:swapper/0]mt_usb mt_usb: role_sx_set role 0, latest_role: 0
01-13 15:51:22.936     1     1 I (0)[1:swapper/0]musb-hdrc musb-hdrc: mailbox VBUS_OFF
01-13 15:51:22.936     7     7 I -(2)[7:kworker/u16:0][MUSB]do_idle_work 629: otg_state b_idle to b_idle, is_active<0>
01-13 15:51:22.943     1     1 I (0)[1:swapper/0][MUSB]mt_usb_disconnect 1042: [MUSB] USB disconnect
01-13 15:51:22.947     1     1 I (0)[1:swapper/0][MUSB]issue_connection_work 1029: issue work, ops<0>
01-13 15:51:22.951     1     1 I (0)[1:swapper/0]mt_usb mt_usb: mt_usb_role_sx_set: if vbus_event false
01-13 15:51:22.951     7     7 I (2)[7:kworker/u16:0][MUSB]do_connection_work 932: is_host<0>, power<1>, ops<0>
01-13 15:51:22.951     7     7 I (2)[7:kworker/u16:0][MUSB]cmode_effect_on 892: cable_mode=1, effect=0
01-13 15:51:22.957     1     1 I (0)[1:swapper/0]mtk-tphy usb-phy: u2_phy_instance_power_off(0)
01-13 15:51:22.959     7     7 I         : -(2)[7:kworker/u16:0]CH0(0x204)=0x4600
01-13 15:51:22.963     1     1 W         : (0)[1:swapper/0]------------[ cut here ]------------
01-13 15:51:22.967     7     7 I -(2)[7:kworker/u16:0][MUSB]mt_usb_disable 777: begin, <1,1>,<1,1,1,0>
01-13 15:51:22.971     1     1 W         : (0)[1:swapper/0]proc_dir_entry '/proc/mtk_usb' already registered
01-13 15:51:22.975     7     7 I -(2)[7:kworker/u16:0][MUSB]mt_usb_disable 787: end, <1,1,1,1>
01-13 15:51:22.975     7     7 I -(2)[7:kworker/u16:0][MUSB]musb_stop 1464: HDRC disabled
01-13 15:51:22.978     1     1 W -(0)[1:swapper/0]WARNING: CPU: 0 PID: 1 at proc_register+0x12c/0x174
01-13 15:51:22.982     7     7 I -(2)[7:kworker/u16:0][MUSB]mt_usb_try_idle 675: b_idle inactive, for idle timer for 4 ms
01-13 15:51:22.986     1     1 W         : -(0)[1:swapper/0]Modules linked in:
01-13 15:51:22.990     7     7 I -(2)[7:kworker/u16:0][MUSB]do_connection_work 990: lock not active
01-13 15:51:22.993     1     1 W -(0)[1:swapper/0]CPU: 0 PID: 1 Comm: swapper/0 Tainted: G        W         4.19.191-gb913714a3628 #19
01-13 15:51:22.997     7     7 I -(2)[7:kworker/u16:0][MUSB]do_idle_work 629: otg_state b_idle to b_idle, is_active<0>
01-13 15:51:23.001     1     1 W -(0)[1:swapper/0]Hardware name: MT6765 (DT)
01-13 15:51:23.016     1     1 W -(0)[1:swapper/0]pstate: 60400005 (nZCv daif +PAN -UAO)
01-13 15:51:23.020     1     1 W -(0)[1:swapper/0]pc: proc_register+0x12c/0x174
01-13 15:51:23.024     1     1 W -(0)[1:swapper/0]lr: proc_register+0x124/0x174
01-13 15:51:23.028     1     1 W -(0)[1:swapper/0]sp: ffffff8008043630
01-13 15:51:23.031     1     1 W -(0)[1:swapper/0]x29: ffffff8008043630 x28: 0000000000000101
01-13 15:51:23.035     1     1 W -(0)[1:swapper/0]x27: ffffff800b960010 x26: ffffffc0b8efe00c
01-13 15:51:23.039     1     1 W -(0)[1:swapper/0]x25: ffffffc0b9ef1508 x24: ffffffc0b8dcb398
01-13 15:51:23.042     1     1 W -(0)[1:swapper/0]x23: 0000000000000007 x22: ffffffc0b8dfb3ab
01-13 15:51:23.046     1     1 W -(0)[1:swapper/0]x21: ffffff8009823538 x20: ffffff80098234b8
01-13 15:51:23.049     1     1 W -(0)[1:swapper/0]x19: ffffffc0b8dfb300 x18: 0000000000000008
01-13 15:51:23.053     1     1 W -(0)[1:swapper/0]x17: 0000000000000000 x16: 0000000000000000
01-13 15:51:23.056     1     1 W -(0)[1:swapper/0]x15: 0000000000000001 x14: 0000000000000000
01-13 15:51:23.059     1     1 W -(0)[1:swapper/0]x13: 000000000000022e x12: 0000000000000000
01-13 15:51:23.063     1     1 W -(0)[1:swapper/0]x11: 0000000000000000 x10: ffffffffffffffff
01-13 15:51:23.066     1     1 W -(0)[1:swapper/0]x9: 95c3a6a94dbf1900 x8 : 95c3a6a94dbf1900
01-13 15:51:23.069     1     1 W -(0)[1:swapper/0]x7: 0000000000000000 x6 : 0000000000000000
01-13 15:51:23.072     1     1 W -(0)[1:swapper/0]x5: 0000000000000040 x4 : 0000000000000000
01-13 15:51:23.075     1     1 W -(0)[1:swapper/0]x3: 0000000000000000 x2 : 0000000000000001
01-13 15:51:23.078     1     1 W -(0)[1:swapper/0]x1: 0000000000000000 x0 : ffffff8009c17934
01-13 15:51:23.081     1     1 W -(0)[1:swapper/0]Call trace:  
01-13 15:51:23.084     1     1 W         : -(0)[1:swapper/0] proc_register+0x12c/0x174
01-13 15:51:23.087     1     1 W         : -(0)[1:swapper/0] _proc_mkdir+0x98/0xc8
01-13 15:51:23.089     1     1 W         : -(0)[1:swapper/0] proc_mkdir+0x30/0x3c
01-13 15:51:23.092     1     1 W         : -(0)[1:swapper/0] musb_init_debugfs+0x24/0x160
01-13 15:51:23.095     1     1 W         : -(0)[1:swapper/0] musb_probe+0xf7c/0x18e4
01-13 15:51:23.097     1     1 W         : -(0)[1:swapper/0] platform_drv_probe+0x80/0xb0
01-13 15:51:23.100     1     1 W         : -(0)[1:swapper/0] really_probe+0x26c/0x3ec
01-13 15:51:23.102     1     1 W         : -(0)[1:swapper/0] driver_probe_device+0x70/0x140
01-13 15:51:23.105     1     1 W         : -(0)[1:swapper/0] __device_attach_driver+0xb8/0x12c
01-13 15:51:23.107     1     1 W         : -(0)[1:swapper/0] bus_for_each_drv+0x88/0xd0
01-13 15:51:23.110     1     1 W         : -(0)[1:swapper/0] __device_attach+0xbc/0x168
01-13 15:51:23.112     1     1 W         : -(0)[1:swapper/0] device_initial_probe+0x20/0x2c
01-13 15:51:23.114     1     1 W         : -(0)[1:swapper/0] bus_probe_device+0x34/0x90
01-13 15:51:23.116     1     1 W         : -(0)[1:swapper/0] device_add+0x5e8/0x684
01-13 15:51:23.119     1     1 W         : -(0)[1:swapper/0] platform_device_add+0x184/0x248
01-13 15:51:23.121     1     1 W         : -(0)[1:swapper/0] mt_usb_probe+0x630/0x744
01-13 15:51:23.122     1     1 W         : -(0)[1:swapper/0] platform_drv_probe+0x80/0xb0
01-13 15:51:23.124     1     1 W         : -(0)[1:swapper/0] really_probe+0x26c/0x3ec
01-13 15:51:23.126     1     1 W         : -(0)[1:swapper/0] driver_probe_device+0x70/0x140
01-13 15:51:23.128     1     1 W         : -(0)[1:swapper/0] __driver_attach+0xa8/0x134
01-13 15:51:23.130     1     1 W         : -(0)[1:swapper/0] bus_for_each_dev+0x84/0xcc
01-13 15:51:23.132     1     1 W         : -(0)[1:swapper/0] driver_attach+0x2c/0x38
01-13 15:51:23.134     1     1 W         : -(0)[1:swapper/0] bus_add_driver+0x138/0x24c
01-13 15:51:23.136     1     1 W         : -(0)[1:swapper/0] driver_register+0x64/0xf8
01-13 15:51:23.138     1     1 W         : -(0)[1:swapper/0] __platform_driver_register+0x4c/0x58
01-13 15:51:23.140     1     1 W         : -(0)[1:swapper/0] mt_usb_driver_init+0x1c/0x24
01-13 15:51:23.142     1     1 W         : -(0)[1:swapper/0] do_one_initcall+0x120/0x29c
01-13 15:51:23.144     1     1 W         : -(0)[1:swapper/0] do_initcall_level+0x148/0x170
01-13 15:51:23.146     1     1 W         : -(0)[1:swapper/0] do_basic_setup+0x34/0x4c
01-13 15:51:23.148     1     1 W         : -(0)[1:swapper/0] kernel_init_freeable+0xb4/0x134
01-13 15:51:23.150     1     1 W         : -(0)[1:swapper/0] kernel_init+0x14/0x10c
01-13 15:51:23.152     1     1 W         : -(0)[1:swapper/0] ret_from_fork+0x10/0x18
01-13 15:51:23.154     1     1 W         : -(0)[1:swapper/0]---[ end trace b6e7d67cad17826c ]---
01-13 15:51:23.157     1     1 I (0)[1:swapper/0]BOOTPROF: 1303.363771:probe: probe=platform_drv_probe drv=musb-hdrc(0xffffff80098bf620)   307.432616ms
01-13 15:51:23.157     7     7 I -(2)[7:kworker/u16:0][MUSB]musb_hub_control 374: port status 00000100,devctl=0x81
01-13 15:51:23.161     1     1 I (0)[1:swapper/0][MUSB]mt_usb_probe 2213: USB probe done!
01-13 15:51:23.166     1     1 I (0)[1:swapper/0]BOOTPROF: 1313.271156:probe: probe=platform_drv_probe drv=mt_usb(0xffffff80098bf9d0)   332.927154ms
01-13 15:51:23.172     1     1 I (0)[1:swapper/0]BOOTPROF: 1319.301540:initcall: mt_usb_driver_init   339.328923ms
01-13 15:51:23.177     1     1 I         : (0)[1:swapper/0][ccu][ccu_probe] ccu probe cuccess...
01-13 15:51:23.180     1     1 D (0)[1:swapper/0][BLOCK_TAG] DRAM: 0x0000000040000000 - 0x00000000fffff000, size: 0xbffff000
01-13 15:51:23.181     1     1 I (0)[1:swapper/0][BLOCK TAG] blockio: new page logger is allocated
01-13 15:51:23.184     1     1 I (0)[1:swapper/0][BLOCK TAG] aeebuffer: new aee buffer is allocated
01-13 15:51:23.187     1     1 I         : (0)[1:swapper/0]JPEG Codec initialize
01-13 15:51:23.190     1     1 I         : (0)[1:swapper/0]Register the JPEG Codec driver
01-13 15:51:23.194     1     1 I         : (0)[1:swapper/0]request JPEG Encoder IRQ
01-13 15:51:23.197     1     1 I         : (0)[1:swapper/0]JPEG Probe Done
01-13 15:51:23.201     1     1 I         : (0)[1:swapper/0]create ion client
01-13 15:51:23.204     1     1 I (0)[1:swapper/0]BOOTPROF: 1350.469848:initcall: jpeg_init    16.386692ms
01-13 15:51:23.209     1     1 W         : -(0)[1:swapper/0]Perf order domain is not ready!
01-13 15:51:23.217     1     1 I (0)[1:swapper/0]pmic_lbat_service mt6357-lbat_service: r_ratio = 3/1
01-13 15:51:23.221     1     1 I (0)[1:swapper/0]platform regulator_vibrator: Linked as a consumer to mt6357-regulator
01-13 15:51:23.224     1     1 I (0)[1:swapper/0]platform touch: Linked as a consumer to mt6357-regulator
01-13 15:51:23.227     1     1 I (0)[1:swapper/0]platform 10014000.mddriver: Linked as a consumer to mt6357-regulator
01-13 15:51:23.231     1     1 I (0)[1:swapper/0]platform 11230000.msdc: Linked as a consumer to mt6357-regulator
01-13 15:51:23.235     1     1 I (0)[1:swapper/0]platform 11240000.msdc: Linked as a consumer to mt6357-regulator
01-13 15:51:23.238     1     1 I (0)[1:swapper/0]platform gpufreq: Linked as a consumer to mt6357-regulator
01-13 15:51:23.242     1     1 I (0)[1:swapper/0]platform 1a040000.kd_camera_hw1: Linked as a consumer to mt6357-regulator
01-13 15:51:23.245     1     1 I (0)[1:swapper/0]platform camera_af_hw_node: Linked as a consumer to mt6357-regulator
01-13 15:51:23.249     1     1 I (0)[1:swapper/0]platform odm: panel0@0: Linked as a consumer to mt6357-regulator
01-13 15:51:23.253     1     1 I (0)[1:swapper/0]platform odm: panel1@1: Linked as a consumer to mt6357-regulator
01-13 15:51:23.256     1     1 I (0)[1:swapper/0]platform odm: panel2@2: Linked as a consumer to mt6357-regulator
01-13 15:51:23.260     1     1 I (0)[1:swapper/0]platform odm: panel3@3: Linked as a consumer to mt6357-regulator
01-13 15:51:23.276     1     1 I (0)[1:swapper/0]mtk_battery_oc_throttling mtk-battery-oc-throttling: r_fg=50 car_tune=1000 DEFAULT_RFG=100 UNIT_FGCURRENT=314331
01-13 15:51:23.283     1     1 I (0)[1:swapper/0]mtk_battery_oc_throttling mtk-battery-oc-throttling: 4670mA(0xe46f), 5500mA(0xdf89) Done
01-13 15:51:23.288     1     1 I         : (0)[1:swapper/0][dlpt] UVLO_VOLT_LEVEL = 2600, RG_UVLO_VTHL = 0x2
01-13 15:51:23.292     1     1 I (0)[1:swapper/0]mtk_dynamic_loading_throttling mtk-dynamic-loading-throttling: power_path_support:0 isense_support:1
01-13 15:51:23.300     1     1 I (0)[1:swapper/0]platform mtk_ts_pmic: Linked as a consumer to mt635x-auxadc
01-13 15:51:23.305     1     1 I (0)[1:swapper/0]platform mt6357_ts_buck1: Linked as a consumer to mtk_ts_pmic
01-13 15:51:23.309     1     1 I (0)[1:swapper/0]platform mt6357_ts_buck2: Linked as a consumer to mtk_ts_pmic
01-13 15:51:23.315     1     1 I (0)[1:swapper/0][Power/clkbuf] [_clk_buf_read_dts_misc_node]: No impedance property read, continue without
01-13 15:51:23.319     1     1 I (0)[1:swapper/0][Power/clkbuf] [_clk_buf_read_dts_misc_node]: No control desense property read, continue without
01-13 15:51:23.323     1     1 I (0)[1:swapper/0][Power/clkbuf] [_pmic_clk_buf_dts_init]: pmic dts init done
01-13 15:51:23.327     1     1 I (0)[1:swapper/0][Power/clkbuf] [_clk_buf_dts_init]: pmic dts init done
01-13 15:51:23.331     1     1 I (0)[1:swapper/0][Power/clkbuf] _get_nfc_dev_state: NFC support: 1
01-13 15:51:23.335     1     1 I (0)[1:swapper/0][Power/clkbuf] [_clk_buf_set_bblpm_hw_msk]: XO_EXT isn't enabled
01-13 15:51:23.339     1     1 I (0)[1:swapper/0]BOOTPROF: 1485.482771:probe: probe=platform_drv_probe drv=mtk-clock-buffer(0xffffff80098a8188)    24.296308ms
01-13 15:51:23.347     1     1 I (0)[1:swapper/0]BOOTPROF: 1493.569541:probe: probe=platform_drv_probe drv=mt6397(0xffffff80098c0f20)   137.712001ms
01-13 15:51:23.355     1     1 I (0)[1:swapper/0]BOOTPROF: 1501.914233:initcall: mt6397_driver_init   146.821847ms
01-13 15:51:23.359     1     1 D         : (0)[1:swapper/0]initcall mt63xx_oc_debug_driver_init blacklisted
01-13 15:51:23.360     1     1 I (0)[1:swapper/0]libphy: Fixed MDIO Bus: probed
01-13 15:51:23.364     1     1 I (0)[1:swapper/0]tun: Universal TUN/TAP device driver, 1.6
01-13 15:51:23.369     1     1 I         : (0)[1:swapper/0]PPP generic driver version 2.4.2
01-13 15:51:23.373     1     1 I         : (0)[1:swapper/0]PPP BSD Compression module registered
01-13 15:51:23.378     1     1 I         : (0)[1:swapper/0]PPP Deflate Compression module registered
01-13 15:51:23.382     1     1 I         : (0)[1:swapper/0]PPP MPPE Compression module registered
01-13 15:51:23.386     1     1 I (0)[1:swapper/0]NET: Registered protocol family 24
01-13 15:51:23.390     1     1 I         : (0)[1:swapper/0]PPTP driver version 0.8.5
01-13 15:51:23.395     1     1 I (0)[1:swapper/0]usbcore: registered new interface driver r8152
01-13 15:51:23.399     1     1 I (0)[1:swapper/0]usbcore: registered new interface driver asix
01-13 15:51:23.403     1     1 I (0)[1:swapper/0]usbcore: registered new interface driver ax88179_178a
01-13 15:51:23.407     1     1 I (0)[1:swapper/0]usbcore: registered new interface driver usb-storage
01-13 15:51:23.411     1     1 I (0)[1:swapper/0]usbcore: registered new interface driver ums-alauda
01-13 15:51:23.415     1     1 I (0)[1:swapper/0]usbcore: registered new interface driver ums-cypress
01-13 15:51:23.419     1     1 I (0)[1:swapper/0]usbcore: registered new interface driver ums-datafab
01-13 15:51:23.423     1     1 I (0)[1:swapper/0]usbcore: registered new interface driver ums-freecom
01-13 15:51:23.427     1     1 I (0)[1:swapper/0]usbcore: registered new interface driver ums-isd200
01-13 15:51:23.431     1     1 I (0)[1:swapper/0]usbcore: registered new interface driver ums-jumpshot
01-13 15:51:23.435     1     1 I (0)[1:swapper/0]usbcore: registered new interface driver ums-karma
01-13 15:51:23.438     1     1 I (0)[1:swapper/0]usbcore: registered new interface driver ums-onetouch
01-13 15:51:23.441     1     1 I (0)[1:swapper/0]usbcore: registered new interface driver ums-sddr09
01-13 15:51:23.444     1     1 I (0)[1:swapper/0]usbcore: registered new interface driver ums-sddr55
01-13 15:51:23.447     1     1 I (0)[1:swapper/0]usbcore: registered new interface driver ums-usbat
01-13 15:51:23.450     1     1 I (0)[1:swapper/0]bootmode: 0x0 boottype: 0x1
01-13 15:51:23.453     1     1 I         : (0)[1:swapper/0]cannot find "androidboot.usbconfig="
01-13 15:51:23.456     1     1 I         : (0)[1:swapper/0]usb_function_register name=acm
01-13 15:51:23.459     1     1 I         : (0)[1:swapper/0]usb_function_register name=gser
01-13 15:51:23.462     1     1 I         : (0)[1:swapper/0]usb_function_register name=rndis
01-13 15:51:23.465     1     1 I         : (0)[1:swapper/0]usb_function_register name=mass_storage
01-13 15:51:23.467     1     1 I         : (0)[1:swapper/0]usb_function_register name=ffs
01-13 15:51:23.470     1     1 I         : (0)[1:swapper/0]usb_function_register name=uvc
01-13 15:51:23.472     1     1 I         : (0)[1:swapper/0]usb_function_register name=midi
01-13 15:51:23.474     1     1 I         : (0)[1:swapper/0]usb_function_register name=hid
01-13 15:51:23.477     1     1 I         : (0)[1:swapper/0]usb_function_register name=accessory
01-13 15:51:23.479     1     1 I         : (0)[1:swapper/0]usb_function_register name=audio_source
01-13 15:51:23.480     1     1 I         : (0)[1:swapper/0]usb_function_register name=mtp
01-13 15:51:23.482     1     1 I         : (0)[1:swapper/0]usb_function_register name=ptp
01-13 15:51:23.484     1     1 I (0)[1:swapper/0]kp base: 0x00000000d33c41d9, addr:0x00000000584874c0,  kp irq: 24
01-13 15:51:23.486     1     1 I (0)[1:swapper/0]input: mtk-kpd as /devices/platform/10010000.kp/input/input0
01-13 15:51:23.488     1     1 I         : (0)[1:swapper/0]kpd_probe OK.
01-13 15:51:23.491     1     1 I (0)[1:swapper/0]input: mtk-pmic-keys as /devices/platform/1000d000.pwrap/1000d000.pwrap:main_pmic/mtk-pmic-keys/input/input1
01-13 15:51:23.495     1     1 I (0)[1:swapper/0]usbcore: registered new interface driver xpad
01-13 15:51:23.498     1     1 I (0)[1:swapper/0]mt6397-rtc mt6397-rtc: mtk_rtc_probe, bootmode:0
01-13 15:51:23.500     1     1 I (0)[1:swapper/0]mt6397-rtc mt6397-rtc: read al time = 2026/01/13 13:51:37 (0)
01-13 15:51:23.502     1     1 I (0)[1:swapper/0]mt6397-rtc mt6397-rtc: registered as rtc0
01-13 15:51:23.504     1     1 I (0)[1:swapper/0]mt6397-rtc mt6397-rtc: setting system clock to 2026-01-13 15:51:23 UTC (1768319483)
01-13 15:51:23.507     1     1 I         : (0)[1:swapper/0]rtc_lpsd_restore_al_mask
01-13 15:51:23.510     1     1 I         : (0)[1:swapper/0]1st RTC_AL_MASK = 0x7f
01-13 15:51:23.512     1     1 I         : (0)[1:swapper/0]2nd RTC_AL_MASK = 0x10
01-13 15:51:23.514     1     1 I (0)[1:swapper/0]BOOTPROF: 1661.174157:probe: probe=platform_drv_probe drv=mt6397-rtc(0xffffff80098d9280)    16.306846ms
01-13 15:51:23.519     1     1 I (0)[1:swapper/0]BOOTPROF: 1666.161618:initcall: mtk_rtc_driver_init    22.245769ms
01-13 15:51:23.522     1     1 I         : (0)[1:swapper/0]Mapp dma regs successfully.
01-13 15:51:23.525     1     1 I         : (0)[1:swapper/0][I2C]No clk_compatible(-22)
01-13 15:51:23.528     1     1 I         : (0)[1:swapper/0]Get compatible data from dts successfully.
01-13 15:51:23.531     1     1 I (0)[1:swapper/0]mt_i2c_init: driver as platform device
01-13 15:51:23.534     1     1 I (0)[1:swapper/0][I2C]id: 0,freq:400000,div:5,ch_offset:0x0,offset_dma:0x0,offset_ccu:0x0,apdma_size:0x1000
01-13 15:51:23.538     1     1 I (0)[1:swapper/0]mt-i2c 11007000.i2c0: cannot get mux clock
01-13 15:51:23.541     1     1 I (0)[1:swapper/0]mt-i2c 11007000.i2c0: cannot get p_main clock
01-13 15:51:23.544     1     1 I (0)[1:swapper/0]mt-i2c 11007000.i2c0: cannot get p_univ clock
01-13 15:51:23.547     1     1 I (0)[1:swapper/0]mt-i2c 11007000.i2c0: i2c0 clock source 00000000deb8d153,clock src frequency 24960000
01-13 15:51:23.551     1     1 I (0)[1:swapper/0]i2c 0-005a: Linked as a consumer to pinctrl@1000b000
01-13 15:51:23.554     1     1 I (0)[1:swapper/0]i2c 0-0040: Linked as a consumer to pinctrl@1000b000
01-13 15:51:23.558     1     1 I (0)[1:swapper/0]i2c 0-0048: Linked as a consumer to pinctrl@1000b000
01-13 15:51:23.561     1     1 I (0)[1:swapper/0]i2c 0-0048: Linked as a consumer to mt6357-regulator
01-13 15:51:23.564     1     1 I (0)[1:swapper/0]BOOTPROF: 1711.141234:probe: probe=platform_drv_probe drv=mt-i2c(0xffffff80098da5c0)    29.813539ms
01-13 15:51:23.571     1     1 I (0)[1:swapper/0]mt-i2c 11007000.i2c0: Dropping the link to pinctrl@1000b000
01-13 15:51:23.575     1     1 I (0)[1:swapper/0]mt-i2c 11007000.i2c0: Dropping the link to mt6357-regulator
01-13 15:51:23.579     1     1 I (0)[1:swapper/0][I2C]id: 1,freq:400000,div:5,ch_offset:0x0,offset_dma:0x0,offset_ccu:0x0,apdma_size:0x1000
01-13 15:51:23.583     1     1 I (0)[1:swapper/0]mt-i2c 11008000.i2c1: cannot get mux clock
01-13 15:51:23.587     1     1 I (0)[1:swapper/0]mt-i2c 11008000.i2c1: cannot get p_main clock
01-13 15:51:23.591     1     1 I (0)[1:swapper/0]mt-i2c 11008000.i2c1: cannot get p_univ clock
01-13 15:51:23.595     1     1 I (0)[1:swapper/0]mt-i2c 11008000.i2c1: i2c1 clock source 000000006f14d298,clock src frequency 24960000
01-13 15:51:23.599     1     1 I (0)[1:swapper/0]BOOTPROF: 1745.685003:probe: probe=platform_drv_probe drv=mt-i2c(0xffffff80098da5c0)    20.126384ms
01-13 15:51:23.607     1     1 I (0)[1:swapper/0][I2C]id: 2,freq:400000,div:5,ch_offset:0x100,offset_dma:0x0,offset_ccu:0x200,apdma_size:0x1000
01-13 15:51:23.611     1     1 I (0)[1:swapper/0]mt-i2c 11009000.i2c2: cannot get mux clock
01-13 15:51:23.615     1     1 I (0)[1:swapper/0]mt-i2c 11009000.i2c2: cannot get p_main clock
01-13 15:51:23.619     1     1 I (0)[1:swapper/0]mt-i2c 11009000.i2c2: cannot get p_univ clock
01-13 15:51:23.623     1     1 I (0)[1:swapper/0]mt-i2c 11009000.i2c2: i2c2 clock source 00000000da99ba5d,clock src frequency 24960000
01-13 15:51:23.627     1     1 I         : (0)[1:swapper/0]MAINAF [AF_i2c_probe] AF_i2c_probe_Start0
01-13 15:51:23.631     1     1 I         : (0)[1:swapper/0]MAINAF [Register_AF_CharDrv] Start
01-13 15:51:23.635     1     1 I         : (0)[1:swapper/0]MAINAF [Register_AF_CharDrv] End
01-13 15:51:23.639     1     1 W         : (0)[1:swapper/0] nfx_test_  my_timer_init
01-13 15:51:23.642     1     1 W         : (0)[1:swapper/0] nfx_test_ my_timer_init exit
01-13 15:51:23.646     1     1 I         : (0)[1:swapper/0]MAINAF [AF_i2c_probe] Attached!!
01-13 15:51:23.650     1     1 I (0)[1:swapper/0]BOOTPROF: 1796.628926:probe: probe=i2c_device_probe drv=MAINAF(0xffffff80098b6998)    22.711385ms
01-13 15:51:23.657     1     1 I (0)[1:swapper/0]BOOTPROF: 1803.988311:probe: probe=platform_drv_probe drv=mt-i2c(0xffffff80098da5c0)    50.398462ms
01-13 15:51:23.665     1     1 I (0)[1:swapper/0][I2C]id: 3,freq:400000,div:5,ch_offset:0x100,offset_dma:0x0,offset_ccu:0x0,apdma_size:0x1000
01-13 15:51:23.669     1     1 I (0)[1:swapper/0]mt-i2c 1100f000.i2c3: cannot get mux clock
01-13 15:51:23.673     1     1 I (0)[1:swapper/0]mt-i2c 1100f000.i2c3: cannot get p_main clock
01-13 15:51:23.677     1     1 I (0)[1:swapper/0]mt-i2c 1100f000.i2c3: cannot get p_univ clock
01-13 15:51:23.681     1     1 I (0)[1:swapper/0]mt-i2c 1100f000.i2c3: i2c3 clock source 00000000fa10bdec,clock src frequency 24960000
01-13 15:51:23.686     1     1 I (0)[1:swapper/0]BOOTPROF: 1832.683388:probe: probe=platform_drv_probe drv=mt-i2c(0xffffff80098da5c0)    20.912923ms
01-13 15:51:23.694     1     1 I (0)[1:swapper/0][I2C]id: 4,freq:400000,div:5,ch_offset:0x100,offset_dma:0x0,offset_ccu:0x200,apdma_size:0x1000
01-13 15:51:23.699     1     1 I (0)[1:swapper/0]mt-i2c 11011000.i2c4: cannot get mux clock
01-13 15:51:23.703     1     1 I (0)[1:swapper/0]mt-i2c 11011000.i2c4: cannot get p_main clock
01-13 15:51:23.707     1     1 I (0)[1:swapper/0]mt-i2c 11011000.i2c4: cannot get p_univ clock
01-13 15:51:23.712     1     1 I (0)[1:swapper/0]mt-i2c 11011000.i2c4: i2c4 clock source 00000000996d0f8e,clock src frequency 24960000
01-13 15:51:23.717     1     1 I (0)[1:swapper/0]BOOTPROF: 1863.628695:probe: probe=platform_drv_probe drv=mt-i2c(0xffffff80098da5c0)    22.718539ms
01-13 15:51:23.725     1     1 I (0)[1:swapper/0][I2C]id: 5,freq:400000,div:5,ch_offset:0x0,offset_dma:0x0,offset_ccu:0x0,apdma_size:0x1000
01-13 15:51:23.730     1     1 I (0)[1:swapper/0]mt-i2c 11016000.i2c5: cannot get mux clock
01-13 15:51:23.735     1     1 I (0)[1:swapper/0]mt-i2c 11016000.i2c5: cannot get p_main clock
01-13 15:51:23.739     1     1 I (0)[1:swapper/0]mt-i2c 11016000.i2c5: cannot get p_univ clock
01-13 15:51:23.743     1     1 I (0)[1:swapper/0]mt-i2c 11016000.i2c5: i2c5 clock source 000000008b803e5d,clock src frequency 24960000
01-13 15:51:23.748     1     1 I (0)[1:swapper/0]BOOTPROF: 1895.257542:probe: probe=platform_drv_probe drv=mt-i2c(0xffffff80098da5c0)    22.938154ms
01-13 15:51:23.757     1     1 I (0)[1:swapper/0][I2C]id: 6,freq:400000,div:5,ch_offset:0x100,offset_dma:0x0,offset_ccu:0x200,apdma_size:0x1000
01-13 15:51:23.762     1     1 I (0)[1:swapper/0]mt-i2c 1100d000.i2c6: cannot get mux clock
01-13 15:51:23.766     1     1 I (0)[1:swapper/0]mt-i2c 1100d000.i2c6: cannot get p_main clock
01-13 15:51:23.771     1     1 I (0)[1:swapper/0]mt-i2c 1100d000.i2c6: cannot get p_univ clock
01-13 15:51:23.775     1     1 I (0)[1:swapper/0]mt-i2c 1100d000.i2c6: i2c6 clock source 00000000cd715223,clock src frequency 24960000
01-13 15:51:23.780     1     1 I (0)[1:swapper/0]i2c 6-0058: Linked as a consumer to pinctrl@1000b000
01-13 15:51:23.785     1     1 I (0)[1:swapper/0]i2c 6-0060: Linked as a consumer to pinctrl@1000b000
01-13 15:51:23.790     1     1 I (0)[1:swapper/0]BOOTPROF: 1936.392003:probe: probe=platform_drv_probe drv=mt-i2c(0xffffff80098da5c0)    32.180692ms
01-13 15:51:23.799     1     1 I (0)[1:swapper/0]mt-i2c 1100d000.i2c6: Dropping the link to pinctrl@1000b000
01-13 15:51:23.804     1     1 I (0)[1:swapper/0]BOOTPROF: 1950.941003:initcall: mt_i2c_init   281.976309ms
01-13 15:51:23.811     1     1 I (0)[1:swapper/0]mt6357_gauge_probe: starts
01-13 15:51:23.815     1     1 I         : (0)[1:swapper/0]mt6357_gauge_probe requests probe deferral
01-13 15:51:23.821     1     1 I (0)[1:swapper/0]mt6357_charger_type_probe: starts
01-13 15:51:23.825     1     1 I (0)[1:swapper/0]check_boot_mode: failed to get boot mode phandle
01-13 15:51:23.830     1     1 I         : (0)[1:swapper/0]mt6357_charger_type_probe register psy success
01-13 15:51:23.834     1     1 I (0)[1:swapper/0]mt6357_charger_type_probe: bc12_active:1
01-13 15:51:23.838     1     1 I (0)[1:swapper/0]mt6357_charger_type_probe: done 202206231030
01-13 15:51:23.843     1     1 I (0)[1:swapper/0]BOOTPROF: 1989.379773:probe: probe=platform_drv_probe drv=mt6357-charger-type-detection(0xffffff80098e9860)    21.796538ms
01-13 15:51:23.851     1     1 I (0)[1:swapper/0]BOOTPROF: 1998.227080:initcall: mt6357_charger_type_init    31.265846ms
01-13 15:51:23.856     1     1 I         : (0)[1:swapper/0]mtk_pd_adapter_probe
01-13 15:51:23.861     1     1 I         : (0)[1:swapper/0]adapter_parse_dt
01-13 15:51:23.862    58    58 I (2)[58:kworker/2:1]psy_chr_type_get_property: prop:4
01-13 15:51:23.865     1     1 I (0)[1:swapper/0]adapter_device_register: name=pd_adapter
01-13 15:51:23.869    58    58 I (2)[58:kworker/2:1]psy_chr_type_get_property: prop:4
01-13 15:51:23.873     1     1 I (0)[1:swapper/0]mtk_pd_adapter_probe: tcpc device not ready, defer
01-13 15:51:23.877    58    58 I (2)[58:kworker/2:1]psy_chr_type_get_property: prop:59
01-13 15:51:23.882     1     1 I (0)[1:swapper/0]BOOTPROF: 2028.742157:probe: probe=platform_drv_probe drv=pd_adapter(0xffffff80098ea140)    25.477538ms
01-13 15:51:23.886    58    58 I (2)[58:kworker/2:1]psy_chr_type_get_property: prop:12
01-13 15:51:23.899     1     1 I (0)[1:swapper/0]BOOTPROF: 2045.605850:initcall: mtk_pd_adapter_init    42.883692ms
01-13 15:51:23.904     1     1 F         : (0)[1:swapper/0][wdtk-canary] mid7021 reboot-capture+SELdev+deadline ACTIVE (mtk_wdt probe)
01-13 15:51:23.909     1     1 I (0)[1:swapper/0]mtk-wdt 10007000.toprgu: Watchdog enabled (timeout=31 sec, nowayout=0)
01-13 15:51:23.914     1     1 I (0)[1:swapper/0]device-mapper: uevent: version 1.0.3
01-13 15:51:23.919     1     1 I (0)[1:swapper/0]device-mapper: ioctl: 4.39.0-ioctl (2018-04-03) initialised: dm-devel@redhat.com
01-13 15:51:23.923     1     1 I (0)[1:swapper/0]device-mapper: verity-avb: AVB error handler initialized with vbmeta device:
01-13 15:51:23.929     1     1 I (0)[1:swapper/0]mtk-msdc 11230000.msdc: Linked as a consumer to regulator.28
01-13 15:51:23.934     1     1 I         : (0)[1:swapper/0][msdc]DT probe msdc0!
01-13 15:51:23.938     1     1 I         : (0)[1:swapper/0][msdc][msdc0] get irq # 82
01-13 15:51:23.942     1     1 I         : (0)[1:swapper/0][msdc][msdc0] cd_level isn't found in device tree
01-13 15:51:23.947     1     1 I         : (0)[1:swapper/0][msdc][msdc0] device renamed to bootdevice.
01-13 15:51:23.952     1     1 I (0)[1:swapper/0][msdc][msdc_debug_proc_init_bootdevice]: CONFIG_MTK_MMC_DEBUG is not set
01-13 15:51:23.952   234   234 I (2)[234:kworker/u16:2]mtk-msdc bootdevice: mmc0: clock 0Hz busmode 2 powermode 1 cs 0 Vdd 20 width 1 timing 0
01-13 15:51:23.956     1     1 W         : (0)[1:swapper/0]------------[ cut here ]------------
01-13 15:51:23.956     1     1 W         : (0)[1:swapper/0]invalid GPIO -2
01-13 15:51:23.969     1     1 W -(0)[1:swapper/0]WARNING: CPU: 0 PID: 1 at gpio_to_desc+0x90/0xc0
01-13 15:51:23.973     1     1 W         : -(0)[1:swapper/0]Modules linked in:
01-13 15:51:23.974   234   234 I (2)[234:kworker/u16:2]mtk-msdc bootdevice: mmc0: clock 400000Hz busmode 2 powermode 2 cs 0 Vdd 20 width 1 timing 0
01-13 15:51:23.977     1     1 W -(0)[1:swapper/0]CPU: 0 PID: 1 Comm: swapper/0 Tainted: G        W         4.19.191-gb913714a3628 #19
01-13 15:51:23.977     1     1 W -(0)[1:swapper/0]Hardware name: MT6765 (DT)
01-13 15:51:23.977     1     1 W -(0)[1:swapper/0]pstate: 60400005 (nZCv daif +PAN -UAO)
01-13 15:51:23.985   234   234 I         : (2)[234:kworker/u16:2][msdc]msdc0 -> !!! Set<400KHz> Source<400000KHz> -> sclk<400KHz> timing<0> mode<0> div<250> hs400_div_dis<0>
01-13 15:51:23.990     1     1 W -(0)[1:swapper/0]pc: gpio_to_desc+0x90/0xc0
01-13 15:51:23.990     1     1 W -(0)[1:swapper/0]lr: gpio_to_desc+0x8c/0xc0
01-13 15:51:23.990     1     1 W -(0)[1:swapper/0]sp: ffffff8008043a70
01-13 15:51:24.006    58    58 I (2)[58:kworker/2:1]mtk-msdc bootdevice: mmc0: clock 400000Hz busmode 2 powermode 2 cs 1 Vdd 20 width 1 timing 0
01-13 15:51:24.008     1     1 W -(0)[1:swapper/0]x29: ffffff8008043a70 x28: 0000000000000000
01-13 15:51:24.015    58    58 I (2)[58:kworker/2:1]mtk-msdc bootdevice: mmc0: clock 400000Hz busmode 2 powermode 2 cs 0 Vdd 20 width 1 timing 0
01-13 15:51:24.017     1     1 W -(0)[1:swapper/0]x27: 0000000000000000 x26: 0000000000000000
01-13 15:51:24.022    58    58 I (2)[58:kworker/2:1]mtk-msdc bootdevice: mmc0: clock 400000Hz busmode 1 powermode 2 cs 0 Vdd 20 width 1 timing 0
01-13 15:51:24.025     1     1 W -(0)[1:swapper/0]x25: ffffffc0b89e6180 x24: ffffff8009d5c000
01-13 15:51:24.030    58    58 I (2)[58:kworker/2:1]mtk-msdc bootdevice: mmc0: clock 400000Hz busmode 1 powermode 2 cs 0 Vdd 20 width 1 timing 0
01-13 15:51:24.034     1     1 W -(0)[1:swapper/0]x23: ffffffc0b99053e8 x22: ffffffc0ba2af400
01-13 15:51:24.034     1     1 W -(0)[1:swapper/0]x21: ffffffc0b9904c80 x20: ffffff80098523f8
01-13 15:51:24.039    58    58 I (2)[58:kworker/2:1]mtk-msdc bootdevice: mmc0: clock 400000Hz busmode 1 powermode 2 cs 1 Vdd 20 width 1 timing 0
01-13 15:51:24.044     1     1 W -(0)[1:swapper/0]x19: 00000000fffffffe x18: 0000000000000008
01-13 15:51:24.044     1     1 W -(0)[1:swapper/0]x17: 0000000000000000 x16: 0000000000000000
01-13 15:51:24.052    58    58 I (2)[58:kworker/2:1]mtk-msdc bootdevice: mmc0: clock 400000Hz busmode 1 powermode 2 cs 0 Vdd 20 width 1 timing 0
01-13 15:51:24.053     1     1 W -(0)[1:swapper/0]x15: 0000000000000001 x14: 0000000000000000
01-13 15:51:24.083    58    58 I (2)[58:kworker/2:1]mtk-msdc bootdevice: mmc0: clock 400000Hz busmode 2 powermode 2 cs 0 Vdd 20 width 1 timing 0
01-13 15:51:24.086     1     1 W -(0)[1:swapper/0]x13: 00000000000003b0 x12: 0000000000000000
01-13 15:51:24.086     1     1 W -(0)[1:swapper/0]x11: 0000000000000000 x10: ffffffffffffffff
01-13 15:51:24.086     1     1 W -(0)[1:swapper/0]x9: 95c3a6a94dbf1900 x8 : 95c3a6a94dbf1900
01-13 15:51:24.105     1     1 W -(0)[1:swapper/0]x7: 0000000000000000 x6 : 0000000000000000
01-13 15:51:24.106    58    58 I (2)[58:kworker/2:1]mtk-msdc bootdevice: mmc0: clock 400000Hz busmode 2 powermode 2 cs 0 Vdd 20 width 8 timing 0
01-13 15:51:24.110     1     1 W -(0)[1:swapper/0]x5: 0000000000000040 x4 : 0000000000000000
01-13 15:51:24.110     1     1 W -(0)[1:swapper/0]x3: 0000000000000000 x2 : 0000000000000001
01-13 15:51:24.110     1     1 W -(0)[1:swapper/0]x1: 0000000000000000 x0 : 0000000000000000
01-13 15:51:24.110     1     1 W -(0)[1:swapper/0]Call trace:  
01-13 15:51:24.118    58    58 I (2)[58:kworker/2:1]mtk-msdc bootdevice: mmc0: clock 400000Hz busmode 2 powermode 2 cs 0 Vdd 20 width 8 timing 9
01-13 15:51:24.120     1     1 W         : -(0)[1:swapper/0] gpio_to_desc+0x90/0xc0
01-13 15:51:24.120     1     1 W         : -(0)[1:swapper/0] msdc_drv_probe+0x6b0/0x7a4
01-13 15:51:24.120     1     1 W         : -(0)[1:swapper/0] platform_drv_probe+0x80/0xb0
01-13 15:51:24.125    58    58 I (2)[58:kworker/2:1]mtk-msdc bootdevice: mmc0: clock 200000000Hz busmode 2 powermode 2 cs 0 Vdd 20 width 8 timing 9
01-13 15:51:24.129     1     1 W         : -(0)[1:swapper/0] really_probe+0x26c/0x3ec
01-13 15:51:24.129     1     1 W         : -(0)[1:swapper/0] driver_probe_device+0x70/0x140
01-13 15:51:24.129     1     1 W         : -(0)[1:swapper/0] __driver_attach+0xa8/0x134
01-13 15:51:24.134    58    58 I         : (2)[58:kworker/2:1][msdc]msdc0 -> !!! Set<200000KHz> Source<400000KHz> -> sclk<200000KHz> timing<9> mode<0> div<0> hs400_div_dis<0>
01-13 15:51:24.138     1     1 W         : -(0)[1:swapper/0] bus_for_each_dev+0x84/0xcc
01-13 15:51:24.138     1     1 W         : -(0)[1:swapper/0] driver_attach+0x2c/0x38
01-13 15:51:24.138     1     1 W         : -(0)[1:swapper/0] bus_add_driver+0x138/0x24c
01-13 15:51:24.144    58    58 I         : (2)[58:kworker/2:1][AUTOK]eMMC HS200 Tune
01-13 15:51:24.147     1     1 W         : -(0)[1:swapper/0] driver_register+0x64/0xf8
01-13 15:51:24.147     1     1 W         : -(0)[1:swapper/0] __platform_driver_register+0x4c/0x58
01-13 15:51:24.147     1     1 W         : -(0)[1:swapper/0] mt_msdc_init+0x4c/0xc0
01-13 15:51:24.156    58    58 I         : (2)[58:kworker/2:1][AUTOK]CMD 0 	 47 	 OOOOOOOOOOOOOOOOOOOOOOOOOOOOOOOOOOOOOOOOOOOOOOOXOOOOOOOOOOOOOOOO
01-13 15:51:24.161     1     1 W         : -(0)[1:swapper/0] do_one_initcall+0x120/0x29c
01-13 15:51:24.161     1     1 W         : -(0)[1:swapper/0] do_initcall_level+0x148/0x170
01-13 15:51:24.168    58    58 I         : (2)[58:kworker/2:1][AUTOK]CMD 1 	 64 	 OOOOOOOOOOOOOOOOOOOOOOOOOOOOOOOOOOOOOOOOOOOOOOOOOOOOOOOOOOOOOOOO
01-13 15:51:24.169     1     1 W         : -(0)[1:swapper/0] do_basic_setup+0x34/0x4c
01-13 15:51:24.174    58    58 I (2)[58:kworker/2:1][AUTOK]Warn: 1T > 96
01-13 15:51:24.182     1     1 W         : -(0)[1:swapper/0] kernel_init_freeable+0xb4/0x134
01-13 15:51:24.182     1     1 W         : -(0)[1:swapper/0] kernel_init+0x14/0x10c
01-13 15:51:24.182     1     1 W         : -(0)[1:swapper/0] ret_from_fork+0x10/0x18
01-13 15:51:24.187    58    58 I (2)[58:kworker/2:1][AUTOK]Analysis Result: 1T = 96
01-13 15:51:24.191     1     1 W         : -(0)[1:swapper/0]---[ end trace b6e7d67cad17826d ]---
01-13 15:51:24.191     1     1 E (0)[1:swapper/0][PRODUCT_DEV_INFO]: full_product_device_info: - [24, in,           (null)]
01-13 15:51:24.196    58    58 I         : (2)[58:kworker/2:1][AUTOK]dev status 0x00000900
01-13 15:51:24.200     1     1 I (0)[1:swapper/0]BOOTPROF: 2346.727774:probe: probe=platform_drv_probe drv=mtk-msdc(0xffffff80098f2fe8)   270.653308ms
01-13 15:51:24.210    58    58 I         : (2)[58:kworker/2:1][AUTOK]DAT 0 	 44 	 OOOOOOOOOOOOOOOOOOOOOOOOOOOOOOOOOOOOOOOOOOOOXXXXXOOOOOOOOOOOOOOO
01-13 15:51:24.212     1     1 I (0)[1:swapper/0]mtk-msdc 11240000.msdc: Linked as a consumer to regulator.27
01-13 15:51:24.222    58    58 I         : (2)[58:kworker/2:1][AUTOK]DAT 1 	 42 	 OOOOOOOOOOOOOOOOOOOXXXOOOOOOOOOOOOOOOOOOOOOOOOOOOOOOOOOOOOOOOOOO
01-13 15:51:24.224     1     1 I (0)[1:swapper/0]mtk-msdc 11240000.msdc: Linked as a consumer to regulator.26
01-13 15:51:24.228    58    58 I (2)[58:kworker/2:1][AUTOK]Analysis Result: 1T = 52
01-13 15:51:24.232     1     1 I         : (0)[1:swapper/0][msdc]DT probe msdc1!
01-13 15:51:24.236    58    58 I (2)[58:kworker/2:1][AUTOK]CMD [EDGE: 1 CMD_FIFO_EDGE:0 DLY1:31 DLY2:15]
01-13 15:51:24.240     1     1 I (0)[1:swapper/0]mtk-msdc 11240000.msdc: Got CD GPIO
01-13 15:51:24.244    58    58 I (2)[58:kworker/2:1][AUTOK]DAT [RDAT_EDGE: 0 RD_FIFO_EDGE:0 WD_FIFO_EDGE:0]
01-13 15:51:24.244    58    58 I (2)[58:kworker/2:1][AUTOK]DAT [LATCH_CK: 0 DLY1:20 DLY2:0]
01-13 15:51:24.247     1     1 I         : (0)[1:swapper/0][msdc][msdc1] get irq # 83
01-13 15:51:24.251    58    58 I (2)[58:kworker/2:1][AUTOK]DS  [DLY1: 0 DLY2:0 DLY3:0]
01-13 15:51:24.251    58    58 I         : (2)[58:kworker/2:1][AUTOK]CLK TX  [0]
01-13 15:51:24.256     1     1 I         : (0)[1:swapper/0][msdc][msdc1] device renamed to externdevice.
01-13 15:51:24.258    58    58 I         : (2)[58:kworker/2:1][AUTOK]CMD TX  [0]
01-13 15:51:24.258    58    58 I         : (2)[58:kworker/2:1][AUTOK]DAT TX  [D0:0 D1:0 D2:0 D3:0]
01-13 15:51:24.338    58    58 I         : (2)[58:kworker/2:1][AUTOK]DAT TX  [D4:0 D5:0 D6:0 D7:0]
01-13 15:51:24.342    58    58 I (2)[58:kworker/2:1][AUTOK][HS200]======Cost: 190 ms======
01-13 15:51:24.346    58    58 I (2)[58:kworker/2:1]mmc0: tuning execution ok: 0
01-13 15:51:24.351     1     1 E (0)[1:swapper/0][PRODUCT_DEV_INFO]: full_product_device_info: - [24, in,           (null)]
01-13 15:51:24.351    58    58 I (2)[58:kworker/2:1]mtk-msdc bootdevice: mmc0: clock 200000000Hz busmode 2 powermode 2 cs 0 Vdd 20 width 8 timing 1
01-13 15:51:24.355     1     1 I (0)[1:swapper/0]BOOTPROF: 2501.595159:probe: probe=platform_drv_probe drv=mtk-msdc(0xffffff80098f2fe8)   142.597846ms
01-13 15:51:24.363    58    58 I (2)[58:kworker/2:1]mtk-msdc bootdevice: mmc0: clock 52000000Hz busmode 2 powermode 2 cs 0 Vdd 20 width 8 timing 1
01-13 15:51:24.373     1     1 I (0)[1:swapper/0][msdc][msdc_debug_proc_init]: CONFIG_MTK_MMC_DEBUG is not set
01-13 15:51:24.382    58    58 I         : (2)[58:kworker/2:1][msdc]msdc0 -> !!! Set<52000KHz> Source<400000KHz> -> sclk<50000KHz> timing<1> mode<0> div<2> hs400_div_dis<0>
01-13 15:51:24.385     1     1 I (0)[1:swapper/0]BOOTPROF: 2531.942236:initcall: mt_msdc_init   456.295078ms
01-13 15:51:24.395    58    58 I (2)[58:kworker/2:1]mtk-msdc bootdevice: mmc0: clock 52000000Hz busmode 2 powermode 2 cs 0 Vdd 20 width 8 timing 10
01-13 15:51:24.399     1     1 D         : (0)[1:swapper/0]initcall vibrator_driver_init blacklisted
01-13 15:51:24.409    58    58 I (2)[58:kworker/2:1]mtk-msdc bootdevice: mmc0: clock 200000000Hz busmode 2 powermode 2 cs 0 Vdd 20 width 8 timing 10
01-13 15:51:24.412     1     1 I (0)[1:swapper/0]hidraw: raw HID events driver (C) Jiri Kosina
01-13 15:51:24.420    58    58 I         : (2)[58:kworker/2:1][msdc]msdc0 -> !!! Set<200000KHz> Source<400000KHz> -> sclk<200000KHz> timing<10> mode<3> div<0> hs400_div_dis<1>
01-13 15:51:24.421    58    58 I         : (2)[58:kworker/2:1][AUTOK]eMMC HS400 Tune
01-13 15:51:24.425     1     1 I (0)[1:swapper/0]usbcore: registered new interface driver usbhid
01-13 15:51:24.438    58    58 I         : (2)[58:kworker/2:1][AUTOK]CMD 0 	 46 	 OOOOOOOOOOOOOOOOOOOOOOOOOOOOOOOOOOOOOOOOOOOOOOXOOOOOOOOOOOOOOOOO
01-13 15:51:24.440     1     1 I (0)[1:swapper/0]usbhid: USB HID core driver
01-13 15:51:24.447    58    58 I         : (2)[58:kworker/2:1][AUTOK]CMD 1 	 64 	 OOOOOOOOOOOOOOOOOOOOOOOOOOOOOOOOOOOOOOOOOOOOOOOOOOOOOOOOOOOOOOOO
01-13 15:51:24.450     1     1 I (0)[1:swapper/0]BOOTPROF: 2597.207390:initcall: hid_init    24.993923ms
01-13 15:51:24.455    58    58 I (2)[58:kworker/2:1][AUTOK]Warn: 1T > 94
01-13 15:51:24.461     1     1 I (0)[1:swapper/0]ashmem: initialized
01-13 15:51:24.466    58    58 I (2)[58:kworker/2:1][AUTOK]Analysis Result: 1T = 94
01-13 15:51:24.466    58    58 I         : (2)[58:kworker/2:1][AUTOK]device status 0x00000900
01-13 15:51:24.474     1     1 I (0)[1:swapper/0]mt635x-auxadc mt635x-auxadc: mt635x_auxadc_probe done
01-13 15:51:24.476    58    58 I         : (2)[58:kworker/2:1][AUTOK]CQ not enabled
01-13 15:51:24.485     1     1 I (0)[1:swapper/0]Trustonic TEE: mobicore_init: MobiCore mcDrvModuleApi version is 8.3
01-13 15:51:24.503     1     1 I (0)[1:swapper/0]Trustonic TEE: mobicore_probe: MobiCore t-base-MTK-A64-Android-500a-V003-20200413_223906_4040_103211
01-13 15:51:24.503    58    58 I         : (2)[58:kworker/2:1][AUTOK]DLY1/2 0 	 20 	 XXXOOOOOOOOOOOOOOOOOOOOXXXXXXXXXXXXXXXXXXXXXXXXXXXXXXXXXXXXXXXXX
01-13 15:51:24.514     1     1 I (0)[1:swapper/0]Trustonic TEE: nq_start: SSIQ from dts is 0x00000012
01-13 15:51:24.519    58    58 I (2)[58:kworker/2:1][AUTOK]CMD [EDGE: 1 CMD_FIFO_EDGE:0 DLY1:31 DLY2:14]
01-13 15:51:24.525     1     1 I (0)[1:swapper/0]Trustonic TEE: nq_start: irq_set_irq_wake on irq 18 disabled
01-13 15:51:24.531    58    58 I (2)[58:kworker/2:1][AUTOK]DAT [RDAT_EDGE: 0 RD_FIFO_EDGE:0 WD_FIFO_EDGE:0]
01-13 15:51:24.531    58    58 I (2)[58:kworker/2:1][AUTOK]DAT [LATCH_CK: 0 DLY1:0 DLY2:0]
01-13 15:51:24.537     1     1 I (0)[1:swapper/0]Trustonic TEE: nq_start: registered log buffer of size 262144
01-13 15:51:24.537   243   243 I (3)[243:tee_log]Trustonic TEE: mtk(0)|*** Trustonic TEE MTK, Build: Sep 19 2021, 22:59:35 ***
01-13 15:51:24.537   243   243 I (3)[243:tee_log]Trustonic TEE: mtk(0)|MTK: t-base-MTK-A64-Android-500a-V009-20210919_233904_29714_105404
01-13 15:51:24.543    58    58 I (2)[58:kworker/2:1][AUTOK]DS  [DLY1: 12 DLY2:0 DLY3:20]
01-13 15:51:24.543    58    58 I         : (2)[58:kworker/2:1][AUTOK]CLK TX  [0]
01-13 15:51:24.549     1     1 I (0)[1:swapper/0]Trustonic TEE: nq_boot_tee: irq_d->parent_data->hwirq is 0x12f
01-13 15:51:24.554    58    58 I         : (2)[58:kworker/2:1][AUTOK]CMD TX  [0]
01-13 15:51:24.554    58    58 I         : (2)[58:kworker/2:1][AUTOK]DAT TX  [D0:0 D1:0 D2:0 D3:0]
01-13 15:51:24.561     1     1 I (3)[1:swapper/0]Trustonic TEE: check_version:
01-13 15:51:24.561     0     0 I         : product_id        = t-base-MTK-A64-Android-500a-V009-20210919_233904_29714_105404
01-13 15:51:24.561     0     0 I         : version_mci       = 0x00010008
01-13 15:51:24.561     0     0 I         : version_so        = 0x00020002
01-13 15:51:24.561     0     0 I         : version_mclf      = 0x00020005
01-13 15:51:24.561     0     0 I         : version_container = 0x00020001
01-13 15:51:24.561     0     0 I         : version_mc_config = 0x00000003
01-13 15:51:24.561     0     0 I         : version_tl_api    = 0x00010014
01-13 15:51:24.561     0     0 I         : version_dr_api    = 0x00010004
01-13 15:51:24.561     0     0 I         : version_nwd       = 0x00080003
01-13 15:51:24.565    58    58 I         : (2)[58:kworker/2:1][AUTOK]DAT TX  [D4:0 D5:0 D6:0 D7:0]
01-13 15:51:24.565    58    58 I (2)[58:kworker/2:1][AUTOK][HS400]======Cost: 129 ms======
01-13 15:51:24.571     1     1 I (3)[1:swapper/0]BOOTPROF: 2717.478236:probe: probe=platform_drv_probe drv=mcd(0xffffff80098fc398)    67.825461ms
01-13 15:51:24.586    58    58 E (2)[58:kworker/2:1][PRODUCT_DEV_INFO]: full_product_device_info: - [6, (null), get_mmc_chip_info]
01-13 15:51:24.593     1     1 I (3)[1:swapper/0]BOOTPROF: 2739.702236:initcall: mobicore_init   108.294231ms
01-13 15:51:24.596    58    58 I (2)[58:kworker/2:1]mmc0: new HS400 MMC card at address 0001
01-13 15:51:24.643     1     1 W         : (3)[1:swapper/0]<I>CTS- Chipone TDDI TPD driver v1.33.0
01-13 15:51:24.648   250   250 I         : (0)[250:exe_cq/0][CQ] start cmdq thread
01-13 15:51:24.648    58    58 I (2)[58:kworker/2:1]mmcblk0: mmc0:0001 SCA32G 29.1 GiB
01-13 15:51:24.649    58    58 I (2)[58:kworker/2:1]mmcblk0boot0: mmc0:0001 SCA32G partition 1 4.00 MiB
01-13 15:51:24.650    58    58 I (2)[58:kworker/2:1]mmcblk0boot1: mmc0:0001 SCA32G partition 2 4.00 MiB
01-13 15:51:24.650    58    58 I (2)[58:kworker/2:1]mmcblk0rpmb: mmc0:0001 SCA32G partition 3 4.00 MiB, chardev (510:0)
01-13 15:51:24.652     1     1 I (3)[1:swapper/0]ILITEK: (ilitek_plat_dev_init, 455): ILITEK TP driver init for MTK
01-13 15:51:24.663    58    58 I (2)[58:kworker/2:1] mmcblk0: p1 p2 p3 p4 p5 p6 p7 p8 p9 p10 p11 p12 p13 p14 p15 p16 p17 p18 p19 p20 p21 p22 p23 p24 p25 p26 p27 p28 p29 p30 p31 p32 p33 p34 p35 p36 p37 p38 p39 p40 p41 p42 p43 p44 p45 p46
01-13 15:51:24.667     1     1 I (3)[1:swapper/0]BOOTPROF: 2813.948313:initcall: ilitek_plat_dev_init    15.385001ms
01-13 15:51:24.674    58    58 I (2)[58:kworker/2:1]BOOTPROF: 2821.107082:probe: probe=mmc_bus_probe drv=mmcblk(0xffffff80098f2c68)    26.960847ms
01-13 15:51:24.675     1     1 E         : (3)[1:swapper/0][NVT-ts] nvt_driver_init 2202: start
01-13 15:51:24.719     1     1 E         : (2)[1:swapper/0][NVT-ts] nvt_driver_init 2211: finished
01-13 15:51:24.723     1     1 I (2)[1:swapper/0]BOOTPROF: 2869.416082:initcall: nvt_driver_init    47.862384ms
01-13 15:51:24.726     1     1 E (2)[1:swapper/0]ant_det_init: ant_det_init
01-13 15:51:24.731     1     1 I (2)[1:swapper/0][Awinic] aw87xxx_pa_init: driver version: v2.1.0
01-13 15:51:24.735     1     1 I (2)[1:swapper/0][tpd_em_log]: register device successfully
01-13 15:51:24.739     1     1 I (2)[1:swapper/0]usbcore: registered new interface driver snd-usb-audio
01-13 15:51:24.743     1     1 I         : (2)[1:swapper/0]rt5509_driver_init
01-13 15:51:24.748     1     1 I (2)[1:swapper/0]mtk_codec_dev_probe: ++
01-13 15:51:24.752     1     1 I (2)[1:swapper/0]mt6357-sound mt-soc-codec: mtk_codec_dev_probe(), get always_pull_down_enable fail, default 0
01-13 15:51:24.756     1     1 I (2)[1:swapper/0]mt6357-sound mt-soc-codec: mtk_codec_dev_probe(), get always_pull_low_off fail, default 0
01-13 15:51:24.760     1     1 I (2)[1:swapper/0]mtk_codec_dev_probe: dev name mt-soc-codec
01-13 15:51:24.764     1     1 I (2)[1:swapper/0]BOOTPROF: 2910.793236:probe: probe=platform_drv_probe drv=mt6357-sound(0xffffff8009936b20)    15.481616ms
01-13 15:51:24.772     1     1 I (2)[1:swapper/0]BOOTPROF: 2919.201544:initcall: mt6357_platform_driver_init    24.429538ms
01-13 15:51:24.777     1     1 I (2)[1:swapper/0]speaker_amp 3-0034: mtk_spk_i2c_probe()
01-13 15:51:24.781     1     1 I         : (2)[1:swapper/0]+rt5509_i2c_probe
01-13 15:51:24.786     1     1 I (2)[1:swapper/0]i2c i2c-3: error:addr=0x34,irq_stat=0x3,ch_offset=0x100,mask:0x129
01-13 15:51:24.791     1     1 I (2)[1:swapper/0]i2c_dump_info: +++++++++++++++++++
