01-13 15:51:29.582     1     1 I (1)[1:init]: Parsing file /vendor/etc/init/tetheroffloadservice.rc...
01-13 15:51:29.588     1     1 I (1)[1:init]: Parsing file /vendor/etc/init/trustonic.rc...
01-13 15:51:29.588   206   206 I (5)[206:kworker/5:1]mtk-msdc externdevice: mmc1: clock 400000Hz busmode 2 powermode 2 cs 0 Vdd 20 width 1 timing 0
01-13 15:51:29.593     1     1 I (1)[1:init]: Parsing file /vendor/etc/init/vaultkeeper_common.rc...
01-13 15:51:29.608   206   206 I (5)[206:kworker/5:1][msdc][msdc_command_resp_polling]: msdc1 CMD<8> MSDC_INT_CMDTMO Arg<0x000001aa>
01-13 15:51:29.611     1     1 I (1)[1:init]: Parsing file /vendor/etc/init/vendor.mediatek.hardware.aee@1.1-service.rc...
01-13 15:51:29.618   206   206 I         : (5)[206:kworker/5:1][msdc]msdc1 -> XXX CMD<8><0x1aa> Error<-110> Resp<0x0> <- msdc_dump_trans_error() : L<3686> PID<kworker/5:1><0xce>
01-13 15:51:29.623     1     1 I (1)[1:init]: Parsing file /vendor/etc/init/vendor.mediatek.hardware.keymaster_attestation@1.1-service.rc...
01-13 15:51:29.635   206   206 I (5)[206:kworker/5:1][msdc][msdc_command_resp_polling]: msdc1 CMD<55> MSDC_INT_CMDTMO Arg<0x00000000>
01-13 15:51:29.641     1     1 I (1)[1:init]: Parsing file /vendor/etc/init/vendor.mediatek.hardware.mmagent@1.1-service.rc...
01-13 15:51:29.645   206   206 I         : (5)[206:kworker/5:1][msdc]msdc1 -> XXX CMD<55><0x0> Error<-110> Resp<0x0> <- msdc_dump_trans_error() : L<3686> PID<kworker/5:1><0xce>
01-13 15:51:29.652     1     1 I (1)[1:init]: Parsing file /vendor/etc/init/vendor.mediatek.hardware.mms@1.6-service.rc...
01-13 15:51:29.662   206   206 I (5)[206:kworker/5:1][msdc][msdc_command_resp_polling]: msdc1 CMD<55> MSDC_INT_CMDTMO Arg<0x00000000>
01-13 15:51:29.668     1     1 I (1)[1:init]: Parsing file /vendor/etc/init/vendor.mediatek.hardware.mtkpower@1.0-init.rc...
01-13 15:51:29.673   206   206 I         : (5)[206:kworker/5:1][msdc]msdc1 -> XXX CMD<55><0x0> Error<-110> Resp<0x0> <- msdc_dump_trans_error() : L<3686> PID<kworker/5:1><0xce>
01-13 15:51:29.683     1     1 I (1)[1:init]: Parsing file /vendor/etc/init/vendor.mediatek.hardware.mtkpower@1.0-service.rc...
01-13 15:51:29.691   206   206 I (5)[206:kworker/5:1][msdc][msdc_command_resp_polling]: msdc1 CMD<55> MSDC_INT_CMDTMO Arg<0x00000000>
01-13 15:51:29.698     1     1 I (1)[1:init]: Parsing file /vendor/etc/init/vendor.mediatek.hardware.nvram@1.1-sevice.rc...
01-13 15:51:29.703   206   206 I         : (5)[206:kworker/5:1][msdc]msdc1 -> XXX CMD<55><0x0> Error<-110> Resp<0x0> <- msdc_dump_trans_error() : L<3686> PID<kworker/5:1><0xce>
01-13 15:51:29.710     1     1 I (1)[1:init]: Parsing file /vendor/etc/init/vendor.samsung.hardware.biometrics.face@2.0-service.rc...
01-13 15:51:29.722   206   206 I (5)[206:kworker/5:1][msdc][msdc_command_resp_polling]: msdc1 CMD<55> MSDC_INT_CMDTMO Arg<0x00000000>
01-13 15:51:29.735   206   206 I         : (5)[206:kworker/5:1][msdc]msdc1 -> XXX CMD<55><0x0> Error<-110> Resp<0x0> <- msdc_dump_trans_error() : L<3686> PID<kworker/5:1><0xce>
01-13 15:51:29.735     1     1 I (1)[1:init]: Parsing file /vendor/etc/init/vendor.samsung.hardware.gnss@2.0-service.rc...
01-13 15:51:29.748   206   206 I (5)[206:kworker/5:1]mtk-msdc externdevice: mmc1: clock 0Hz busmode 2 powermode 0 cs 0 Vdd 0 width 1 timing 0
01-13 15:51:29.748   206   206 I         : (5)[206:kworker/5:1][msdc]msdc power off
01-13 15:51:29.755     1     1 I (1)[1:init]: Parsing file /vendor/etc/init/vendor.samsung.hardware.miscpower@2.0-service.rc...
01-13 15:51:29.761   206   206 I         : (5)[206:kworker/5:1][msdc]msdc power off
01-13 15:51:29.768     1     1 I (1)[1:init]: Parsing file /vendor/etc/init/vendor.samsung.hardware.security.drk@2.0-service.rc...
01-13 15:51:29.785   206   206 I (5)[206:kworker/5:1]mtk-msdc externdevice: mmc1: clock 0Hz busmode 2 powermode 1 cs 0 Vdd 20 width 1 timing 0
01-13 15:51:29.787     1     1 I (1)[1:init]: Parsing file /vendor/etc/init/vendor.samsung.hardware.security.engmode@1.0-service.rc...
01-13 15:51:29.809     1     1 I (1)[1:init]: Parsing file /vendor/etc/init/vendor.samsung.hardware.security.widevine.keyprov-service.rc...
01-13 15:51:29.816     1     1 I (1)[1:init]: Parsing file /vendor/etc/init/vendor.samsung.hardware.sysinput@1.3-service.rc...
01-13 15:51:29.824     1     1 I (1)[1:init]: Parsing file /vendor/etc/init/vendor.samsung.hardware.tlc.kg@1.1-service.rc...
01-13 15:51:29.829   206   206 I (5)[206:kworker/5:1]mtk-msdc externdevice: mmc1: clock 300000Hz busmode 2 powermode 2 cs 0 Vdd 20 width 1 timing 0
01-13 15:51:29.832     1     1 I (1)[1:init]: Parsing file /vendor/etc/init/vendor.samsung.hardware.vibrator-default.rc...
01-13 15:51:29.862   206   206 I         : (5)[206:kworker/5:1][msdc]msdc1 -> !!! Set<260KHz> Source<200000KHz> -> sclk<259KHz> timing<0> mode<0> div<193> hs400_div_dis<0>
01-13 15:51:29.898     1     1 I (1)[1:init]: Parsing file /vendor/etc/init/vendor.samsung.hardware.wifi@2.0-service.rc...
01-13 15:51:29.899   206   206 I         : (5)[206:kworker/5:1][msdc]msdc1 -> !!! Set<300KHz> Source<200000KHz> -> sclk<299KHz> timing<0> mode<0> div<167> hs400_div_dis<0>
01-13 15:51:29.905     1     1 I (1)[1:init]: Parsing file /vendor/etc/init/vendor.samsung.rilchip.mediatek.rc...
01-13 15:51:29.942     1     1 I (1)[1:init]: Parsing file /vendor/etc/init/vendor.trustonic.tee@1.1-service.rc...
01-13 15:51:29.946   206   206 I (5)[206:kworker/5:1]mtk-msdc externdevice: mmc1: clock 300000Hz busmode 2 powermode 2 cs 1 Vdd 20 width 1 timing 0
01-13 15:51:29.949     1     1 I (1)[1:init]: Parsing file /vendor/etc/init/vendor_flash_recovery.rc...
01-13 15:51:29.984     1     1 I (1)[1:init]: Parsing file /vendor/etc/init/vndservicemanager.rc...
01-13 15:51:29.991     1     1 W (1)[1:init]: 'writepid /dev/cpuset/system-background/tasks' is converted into 'task_profiles ServiceCapacityLow' for service vndservicemanager
01-13 15:51:29.991   206   206 I (5)[206:kworker/5:1]mtk-msdc externdevice: mmc1: clock 300000Hz busmode 2 powermode 2 cs 0 Vdd 20 width 1 timing 0
01-13 15:51:30.004     1     1 I (1)[1:init]: Parsing file /vendor/etc/init/volte_clientapi_ua.rc...
01-13 15:51:30.035   206   206 I (5)[206:kworker/5:1][msdc][msdc_command_resp_polling]: msdc1 CMD<8> MSDC_INT_CMDTMO Arg<0x000001aa>
01-13 15:51:30.053   206   206 I         : (5)[206:kworker/5:1][msdc]msdc1 -> XXX CMD<8><0x1aa> Error<-110> Resp<0x0> <- msdc_dump_trans_error() : L<3686> PID<kworker/5:1><0xce>
01-13 15:51:30.053     1     1 I (1)[1:init]: Parsing file /vendor/etc/init/volte_rcs_ua.rc...
01-13 15:51:30.082   206   206 I (5)[206:kworker/5:1][msdc][msdc_command_resp_polling]: msdc1 CMD<55> MSDC_INT_CMDTMO Arg<0x00000000>
01-13 15:51:30.088     1     1 I (1)[1:init]: Parsing file /vendor/etc/init/wlan_assistant.rc...
01-13 15:51:30.102   206   206 I         : (5)[206:kworker/5:1][msdc]msdc1 -> XXX CMD<55><0x0> Error<-110> Resp<0x0> <- msdc_dump_trans_error() : L<3686> PID<kworker/5:1><0xce>
01-13 15:51:30.108     1     1 I (1)[1:init]: Parsing file /vendor/etc/init/zz_mid7021_cap.rc...
01-13 15:51:30.137   206   206 I (5)[206:kworker/5:1][msdc][msdc_command_resp_polling]: msdc1 CMD<55> MSDC_INT_CMDTMO Arg<0x00000000>
01-13 15:51:30.143     1     1 I (1)[1:init]: Parsing file /odm/etc/init...
01-13 15:51:30.157   206   206 I         : (5)[206:kworker/5:1][msdc]msdc1 -> XXX CMD<55><0x0> Error<-110> Resp<0x0> <- msdc_dump_trans_error() : L<3686> PID<kworker/5:1><0xce>
01-13 15:51:30.162     1     1 I (1)[1:init]: Unable to read config file '/odm/etc/init': open() failed: No such file or directory
01-13 15:51:30.162     1     1 I (1)[1:init]: Parsing file /product/etc/init...
01-13 15:51:30.162     1     1 I (1)[1:init]: Unable to read config file '/product/etc/init': open() failed: No such file or directory
01-13 15:51:30.192   206   206 I (5)[206:kworker/5:1][msdc][msdc_command_resp_polling]: msdc1 CMD<55> MSDC_INT_CMDTMO Arg<0x00000000>
01-13 15:51:30.198     1     1 I (0)[1:init]: processing action (SetupCgroups) from (<Builtin Action>:0)
01-13 15:51:30.211   206   206 I         : (5)[206:kworker/5:1][msdc]msdc1 -> XXX CMD<55><0x0> Error<-110> Resp<0x0> <- msdc_dump_trans_error() : L<3686> PID<kworker/5:1><0xce>
01-13 15:51:30.225     1     1 E (1)[1:init]cgroup: cgroup2: unknown option "memory_recursiveprot"
01-13 15:51:30.233   206   206 I (5)[206:kworker/5:1][msdc][msdc_command_resp_polling]: msdc1 CMD<55> MSDC_INT_CMDTMO Arg<0x00000000>
01-13 15:51:30.239     1     1 I (1)[1:init]libprocessgroup: Mounting memcg with memory_recursiveprot failed. Retrying without.
01-13 15:51:30.269   206   206 I         : (5)[206:kworker/5:1][msdc]msdc1 -> XXX CMD<55><0x0> Error<-110> Resp<0x0> <- msdc_dump_trans_error() : L<3686> PID<kworker/5:1><0xce>
01-13 15:51:30.277     1     1 I (1)[1:init]: Command 'SetupCgroups' action=SetupCgroups (<Builtin Action>:0) took 59ms and succeeded
01-13 15:51:30.278     0     0 I         : (0)[0:swapper/0][mtk_net][rtnl_lock]There is no process hold rtnl lock
01-13 15:51:30.289   206   206 I (5)[206:kworker/5:1]mtk-msdc externdevice: mmc1: clock 0Hz busmode 2 powermode 0 cs 0 Vdd 0 width 1 timing 0
01-13 15:51:30.301     1     1 I (0)[1:init]: processing action (SetKptrRestrict) from (<Builtin Action>:0)
01-13 15:51:30.325   206   206 I         : (5)[206:kworker/5:1][msdc]msdc power off
01-13 15:51:30.331     1     1 I (0)[1:init]: processing action (TestPerfEventSelinux) from (<Builtin Action>:0)
01-13 15:51:30.346   206   206 I         : (5)[206:kworker/5:1][msdc]msdc power off
01-13 15:51:30.352     1     1 I (0)[1:init]: Permissive SELinux boot, forcing sys.init.perf_lsm_hooks to 1.
01-13 15:51:30.379   206   206 I (5)[206:kworker/5:1]mtk-msdc externdevice: mmc1: clock 0Hz busmode 2 powermode 1 cs 0 Vdd 20 width 1 timing 0
01-13 15:51:30.380     1     1 I (1)[1:init]: processing action (ConnectEarlyStageSnapuserd) from (<Builtin Action>:0)
01-13 15:51:30.413     1     1 I (1)[1:init]: processing action (early-init) from (/system/etc/init/hw/init.rc:15)
01-13 15:51:30.422   206   206 I (5)[206:kworker/5:1]mtk-msdc externdevice: mmc1: clock 260000Hz busmode 2 powermode 2 cs 0 Vdd 20 width 1 timing 0
01-13 15:51:30.422     1     1 I (1)[1:init]: Command 'mkdir /acct/uid' action=early-init (/system/etc/init/hw/init.rc:30) took 1ms and failed: mkdir() failed on /acct/uid: Read-only file system
01-13 15:51:30.452   206   206 I         : (5)[206:kworker/5:1][msdc]msdc1 -> !!! Set<260KHz> Source<200000KHz> -> sclk<259KHz> timing<0> mode<0> div<193> hs400_div_dis<0>
01-13 15:51:30.479     1     1 I (1)[1:init]: starting service 'ueventd'...
01-13 15:51:30.495   206   206 I         : (5)[206:kworker/5:1][msdc]msdc1 -> !!! Set<260KHz> Source<200000KHz> -> sclk<259KHz> timing<0> mode<0> div<193> hs400_div_dis<0>
01-13 15:51:30.513     1     1 I (0)[1:init]: ... started service 'ueventd' has pid 304
01-13 15:51:30.534   304   304 I (2)[304:ueventd]: ueventd started!
01-13 15:51:30.537     1     1 I (3)[1:init]: Command 'start ueventd' action=early-init (/system/etc/init/hw/init.rc:71) took 57ms and succeeded
01-13 15:51:30.542   206   206 I (5)[206:kworker/5:1]mtk-msdc externdevice: mmc1: clock 260000Hz busmode 2 powermode 2 cs 1 Vdd 20 width 1 timing 0
01-13 15:51:30.552   304   304 I (2)[304:ueventd]selinux: SELinux: Loaded file context from:
01-13 15:51:30.552   304   304 I (2)[304:ueventd]selinux: /system/etc/selinux/plat_file_contexts
01-13 15:51:30.552   304   304 I (2)[304:ueventd]selinux: /system_ext/etc/selinux/system_ext_file_contexts
01-13 15:51:30.552   304   304 I (2)[304:ueventd]selinux: /vendor/etc/selinux/vendor_file_contexts
01-13 15:51:30.553   304   304 I (2)[304:ueventd]: Parsing file /system/etc/ueventd.rc...
01-13 15:51:30.555   304   304 I (2)[304:ueventd]: Added '/vendor/etc/ueventd.rc' to import list
01-13 15:51:30.555   304   304 I (2)[304:ueventd]: Added '/odm/etc/ueventd.rc' to import list
01-13 15:51:30.555   304   304 I (2)[304:ueventd]: Parsing file /vendor/etc/ueventd.rc...
01-13 15:51:30.556     1     1 I (3)[1:init]: starting service 'apexd-bootstrap'...
01-13 15:51:30.562     1     1 I (4)[1:init]: ... started service 'apexd-bootstrap' has pid 305
01-13 15:51:30.562     1     1 I (4)[1:init]: SVC_EXEC service 'apexd-bootstrap' pid 305 (uid 0 gid 1000+0 context default) started; waiting...
01-13 15:51:30.598   206   206 I (5)[206:kworker/5:1]mtk-msdc externdevice: mmc1: clock 260000Hz busmode 2 powermode 2 cs 0 Vdd 20 width 1 timing 0
01-13 15:51:30.612   304   304 E (2)[304:ueventd]: /vendor/etc/ueventd.rc: 113: invalid gid 'system_ext_bridge_rw'
01-13 15:51:30.618   206   206 I (5)[206:kworker/5:1][msdc][msdc_command_resp_polling]: msdc1 CMD<8> MSDC_INT_CMDTMO Arg<0x000001aa>
01-13 15:51:30.622   304   304 I (2)[304:ueventd]: Parsing file /odm/etc/ueventd.rc...
01-13 15:51:30.635   206   206 I         : (5)[206:kworker/5:1][msdc]msdc1 -> XXX CMD<8><0x1aa> Error<-110> Resp<0x0> <- msdc_dump_trans_error() : L<3686> PID<kworker/5:1><0xce>
01-13 15:51:30.641   304   304 I (2)[304:ueventd]: Unable to read config file '/odm/etc/ueventd.rc': open() failed: No such file or directory
01-13 15:51:30.648   305   305 I (6)[305:apexd]: Bootstrap subcommand detected
01-13 15:51:30.649   305   305 E (0)[305:apexd]cutils-trace: Error opening trace file: No such file or directory (2)
01-13 15:51:30.650   305   305 I (0)[305:apexd]apexd-bootstrap: Scanning /system/apex for pre-installed ApexFiles
01-13 15:51:30.651   305   305 I (6)[305:apexd]apexd-bootstrap: Found pre-installed APEX /system/apex/com.android.tzdata.apex
01-13 15:51:30.654   305   305 I (0)[305:apexd]apexd-bootstrap: Found pre-installed APEX /system/apex/com.android.apex.cts.shim.apex
01-13 15:51:30.655   206   206 I (5)[206:kworker/5:1][msdc][msdc_command_resp_polling]: msdc1 CMD<55> MSDC_INT_CMDTMO Arg<0x00000000>
01-13 15:51:30.655   206   206 I         : (5)[206:kworker/5:1][msdc]msdc1 -> XXX CMD<55><0x0> Error<-110> Resp<0x0> <- msdc_dump_trans_error() : L<3686> PID<kworker/5:1><0xce>
01-13 15:51:30.656   206   206 I (5)[206:kworker/5:1][msdc][msdc_command_resp_polling]: msdc1 CMD<55> MSDC_INT_CMDTMO Arg<0x00000000>
01-13 15:51:30.656   206   206 I         : (5)[206:kworker/5:1][msdc]msdc1 -> XXX CMD<55><0x0> Error<-110> Resp<0x0> <- msdc_dump_trans_error() : L<3686> PID<kworker/5:1><0xce>
01-13 15:51:30.657   206   206 I (5)[206:kworker/5:1][msdc][msdc_command_resp_polling]: msdc1 CMD<55> MSDC_INT_CMDTMO Arg<0x00000000>
01-13 15:51:30.657   206   206 I         : (5)[206:kworker/5:1][msdc]msdc1 -> XXX CMD<55><0x0> Error<-110> Resp<0x0> <- msdc_dump_trans_error() : L<3686> PID<kworker/5:1><0xce>
01-13 15:51:30.658   206   206 I (5)[206:kworker/5:1][msdc][msdc_command_resp_polling]: msdc1 CMD<55> MSDC_INT_CMDTMO Arg<0x00000000>
01-13 15:51:30.658   206   206 I         : (5)[206:kworker/5:1][msdc]msdc1 -> XXX CMD<55><0x0> Error<-110> Resp<0x0> <- msdc_dump_trans_error() : L<3686> PID<kworker/5:1><0xce>
01-13 15:51:30.658   206   206 I (5)[206:kworker/5:1]mtk-msdc externdevice: mmc1: clock 0Hz busmode 2 powermode 0 cs 0 Vdd 0 width 1 timing 0
01-13 15:51:30.658   206   206 I         : (5)[206:kworker/5:1][msdc]msdc power off
01-13 15:51:30.658   206   206 I         : (5)[206:kworker/5:1][msdc]msdc power off
01-13 15:51:30.658   206   206 I (5)[206:kworker/5:1][msdc][msdc_set_power_mode]: msdc1 power off at clk 260000hz set block_bad_card = 1
01-13 15:51:30.660   304   304 I (2)[304:ueventd]: Parsing file /vendor/ueventd.rc...
01-13 15:51:30.673   305   305 I (1)[305:apexd]apexd-bootstrap: Found pre-installed APEX /system/apex/com.android.healthfitness.apex
01-13 15:51:30.681   304   304 I (2)[304:ueventd]: Unable to read config file '/vendor/ueventd.rc': open() failed: No such file or directory
01-13 15:51:30.689   305   305 I (0)[305:apexd]apexd-bootstrap: Found pre-installed APEX /system/apex/com.android.tethering.capex
01-13 15:51:30.692   304   304 I (2)[304:ueventd]: Parsing file /odm/ueventd.rc...
01-13 15:51:30.700   305   305 I (1)[305:apexd]apexd-bootstrap: Found pre-installed APEX /system/apex/com.android.resolv.capex
01-13 15:51:30.708   304   304 I (2)[304:ueventd]: Unable to read config file '/odm/ueventd.rc': open() failed: No such file or directory
01-13 15:51:30.723   305   305 I (1)[305:apexd]apexd-bootstrap: Found pre-installed APEX /system/apex/com.android.conscrypt.capex
01-13 15:51:30.725   304   304 I (2)[304:ueventd]: Parsing file /ueventd.mt6765.rc...
01-13 15:51:30.737   305   305 I (1)[305:apexd]apexd-bootstrap: Found pre-installed APEX /system/apex/com.android.runtime.apex
01-13 15:51:30.741   304   304 I (2)[304:ueventd]: Unable to read config file '/ueventd.mt6765.rc': open() failed: No such file or directory
01-13 15:51:30.753   305   305 I (0)[305:apexd]apexd-bootstrap: Found pre-installed APEX /system/apex/com.android.scheduling.capex
01-13 15:51:30.775   304   304 I (2)[304:ueventd]psy_charger_get_property psp: 4
01-13 15:51:30.783   114   114 I (3)[114:kworker/3:1]mt635x-auxadc mt635x-auxadc: name:VPROC_TEMP, channel=4, adc_out=0x5f1, adc_result=668
01-13 15:51:30.784   304   304 I         : (2)[304:ueventd]is_charger_exist retry to get chg_psy
01-13 15:51:30.786   305   305 I (1)[305:apexd]apexd-bootstrap: Found pre-installed APEX /system/apex/com.android.os.statsd.apex
01-13 15:51:30.789   305   305 I (1)[305:apexd]apexd-bootstrap: Found pre-installed APEX /system/apex/com.android.ondevicepersonalization.capex
01-13 15:51:30.792   305   305 I (1)[305:apexd]apexd-bootstrap: Found pre-installed APEX /system/apex/com.android.art.capex
01-13 15:51:30.795   114   114 I         : (3)[114:kworker/3:1][Thermal/TZ/PMIC] [tsbuck2_raw_to_temp] 668, 392149, 1000000, -1863
01-13 15:51:30.795   305   305 I (1)[305:apexd]apexd-bootstrap: Found pre-installed APEX /system/apex/com.android.wifi.capex
01-13 15:51:30.800   304   304 I         : (2)[304:ueventd]is_charger_exist Couldn't get chg_psy
01-13 15:51:30.803   305   305 I (0)[305:apexd]apexd-bootstrap: Found pre-installed APEX /system/apex/com.android.permission.capex
01-13 15:51:30.806   305   305 I (0)[305:apexd]apexd-bootstrap: Found pre-installed APEX /system/apex/com.android.neuralnetworks.capex
01-13 15:51:30.809   305   305 I (0)[305:apexd]apexd-bootstrap: Found pre-installed APEX /system/apex/com.android.sdkext.apex
01-13 15:51:30.811   114   114 I         : (3)[114:kworker/3:1][Thermal/TZ/PMIC] [tsbuck2_raw_to_temp] t_current=33588
01-13 15:51:30.812   305   305 I (0)[305:apexd]apexd-bootstrap: Found pre-installed APEX /system/apex/com.android.uwb.capex
01-13 15:51:30.817   304   304 I (2)[304:ueventd]is_charger_exist: -1
01-13 15:51:30.820   305   305 I (0)[305:apexd]apexd-bootstrap: Found pre-installed APEX /system/apex/com.android.devicelock.apex
01-13 15:51:30.823   114   114 I         : (3)[114:kworker/3:1][Thermal/TZ/PMIC] mt6357tsbuck2_get_hw_temp raw=668 T=33588
01-13 15:51:30.823   305   305 I (0)[305:apexd]apexd-bootstrap: Found pre-installed APEX /system/apex/com.android.appsearch.capex
01-13 15:51:30.828   304   304 I (2)[304:ueventd]psy_charger_get_property psp: 3
01-13 15:51:30.831   305   305 I (0)[305:apexd]apexd-bootstrap: Found pre-installed APEX /system/apex/com.android.virt.apex
01-13 15:51:30.834   114   114 I         : (3)[114:kworker/3:1][Thermal/TZ/PMIC] mt6357tsbuck2_get_hw_temp pre_tsbuck2_temp1=33588
01-13 15:51:30.835   305   305 I (5)[305:apexd]apexd-bootstrap: Found pre-installed APEX /system/apex/com.android.i18n.apex
01-13 15:51:30.839   305   305 I (0)[305:apexd]apexd-bootstrap: Found pre-installed APEX /system/apex/com.android.mediaprovider.capex
01-13 15:51:30.840   304   304 I (2)[304:ueventd]psy_charger_get_property psp: 8
01-13 15:51:30.846   259   259 I (3)[259:kworker/3:2]mt635x-auxadc mt635x-auxadc: name:VCORE_TEMP, channel=4, adc_out=0x5f8, adc_result=671
01-13 15:51:30.857   304   304 I (2)[304:ueventd]psy_charger_get_property psp: 12
01-13 15:51:30.857   304   304 I         : (2)[304:ueventd]get_pmic_vbus Couldn't get chg_psy
01-13 15:51:30.857   304   304 I (2)[304:ueventd]get_pmic_vbus vbus: -56
01-13 15:51:30.857   304   304 I (2)[304:ueventd]get_vbus: get vbus failed: -1
01-13 15:51:30.858   305   305 I (4)[305:apexd]apexd-bootstrap: Found pre-installed APEX /system/apex/com.android.configinfrastructure.capex
01-13 15:51:30.862   305   305 I (0)[305:apexd]apexd-bootstrap: Found pre-installed APEX /system/apex/com.android.media.capex
01-13 15:51:30.863   259   259 I         : (3)[259:kworker/3:2][Thermal/TZ/PMIC] [tsbuck1_raw_to_temp] 671, 392686, 1000000, -1863
01-13 15:51:30.863   259   259 I         : (3)[259:kworker/3:2][Thermal/TZ/PMIC] [tsbuck1_raw_to_temp] t_current=32515
01-13 15:51:30.863   259   259 I         : (3)[259:kworker/3:2][Thermal/TZ/PMIC] mt6357tsbuck1_get_hw_temp raw=671 T=32515
01-13 15:51:30.863   259   259 I         : (3)[259:kworker/3:2][Thermal/TZ/PMIC] mt6357tsbuck1_get_hw_temp pre_tsbuck1_temp1=32515
01-13 15:51:30.865   305   305 I (6)[305:apexd]apexd-bootstrap: Found pre-installed APEX /system/apex/com.android.extservices.capex
01-13 15:51:30.869   304   304 I (2)[304:ueventd]psy_charger_get_property psp: 46
01-13 15:51:30.882   305   305 I (0)[305:apexd]apexd-bootstrap: Found pre-installed APEX /system/apex/com.android.vndk.current.apex
01-13 15:51:30.887   304   304 I (2)[304:ueventd]psy_charger_get_property psp: 30
01-13 15:51:30.887   304   304 I (2)[304:ueventd]get_charger_charging_current: get charging current failed: -524
01-13 15:51:30.887   304   304 I (2)[304:ueventd]get_charger_charging_current: -524
01-13 15:51:30.887   304   304 I (2)[304:ueventd]psy_charger_get_property psp: 35
01-13 15:51:30.887   304   304 I (2)[304:ueventd]get_charger_input_current: get input current failed: -524
01-13 15:51:30.887   304   304 I (2)[304:ueventd]get_charger_input_current: -524
01-13 15:51:30.888   304   304 I (2)[304:ueventd]psy_charger_get_property psp: 4
01-13 15:51:30.896   305   305 I (1)[305:apexd]apexd-bootstrap: Found pre-installed APEX /system/apex/com.android.ipsec.capex
01-13 15:51:30.899   304   304 I         : (2)[304:ueventd]is_charger_exist retry to get chg_psy
01-13 15:51:30.913   305   305 I (1)[305:apexd]apexd-bootstrap: Found pre-installed APEX /system/apex/com.android.adbd.capex
01-13 15:51:30.916   304   304 I         : (2)[304:ueventd]is_charger_exist Couldn't get chg_psy
01-13 15:51:30.925   305   305 I (1)[305:apexd]apexd-bootstrap: Found pre-installed APEX /system/apex/com.android.adservices.capex
01-13 15:51:30.927   304   304 I (2)[304:ueventd]is_charger_exist: -1
01-13 15:51:30.936   305   305 I (1)[305:apexd]apexd-bootstrap: Found pre-installed APEX /system/apex/com.android.media.swcodec.capex
01-13 15:51:30.939   304   304 I (2)[304:ueventd]psy_charger_get_property psp: 3
01-13 15:51:30.948   305   305 I (1)[305:apexd]apexd-bootstrap: Found pre-installed APEX /system/apex/com.android.btservices.apex
01-13 15:51:30.951   304   304 I (2)[304:ueventd]psy_charger_get_property psp: 8
01-13 15:51:30.960   305   305 I (0)[305:apexd]apexd-bootstrap: Found pre-installed APEX /system/apex/com.android.cellbroadcast.capex
01-13 15:51:30.963   304   304 I (2)[304:ueventd]psy_charger_get_property psp: 12
01-13 15:51:30.972   305   305 I (1)[305:apexd]apexd-bootstrap: Found pre-installed APEX /system/apex/com.android.rkpd.apex
01-13 15:51:30.974   304   304 I         : (2)[304:ueventd]get_pmic_vbus Couldn't get chg_psy
01-13 15:51:30.974   304   304 I (2)[304:ueventd]get_pmic_vbus vbus: -56
01-13 15:51:30.974   304   304 I (2)[304:ueventd]get_vbus: get vbus failed: -1
01-13 15:51:30.974   304   304 I (2)[304:ueventd]psy_charger_get_property psp: 46
01-13 15:51:30.983   305   305 I (1)[305:apexd]apexd-bootstrap: Scanning /system_ext/apex for pre-installed ApexFiles
01-13 15:51:30.986   304   304 I (2)[304:ueventd]psy_charger_get_property psp: 30
01-13 15:51:30.993   305   305 I (1)[305:apexd]apexd-bootstrap: Found pre-installed APEX /system_ext/apex/com.android.vndk.v31.apex
01-13 15:51:30.997   304   304 I (2)[304:ueventd]get_charger_charging_current: get charging current failed: -524
01-13 15:51:31.031   305   305 I (1)[305:apexd]apexd-bootstrap: Found pre-installed APEX /system_ext/apex/com.android.vndk.v28.apex
01-13 15:51:31.035   304   304 I (2)[304:ueventd]get_charger_charging_current: -524
01-13 15:51:31.035   304   304 I (2)[304:ueventd]psy_charger_get_property psp: 35
01-13 15:51:31.070   305   305 I (4)[305:apexd]apexd-bootstrap: Found pre-installed APEX /system_ext/apex/com.android.vndk.v30.apex
01-13 15:51:31.073   304   304 I (2)[304:ueventd]get_charger_input_current: get input current failed: -524
01-13 15:51:31.073   304   304 I (2)[304:ueventd]get_charger_input_current: -524
01-13 15:51:31.090   304   304 E (2)[304:ueventd]power_supply mtk-gauge: driver failed to report `energy_empty' property: -22
01-13 15:51:31.102   305   305 I (1)[305:apexd]apexd-bootstrap: Found pre-installed APEX /system_ext/apex/com.android.vndk.v32.apex
01-13 15:51:31.103   304   304 W (2)[304:ueventd]synth uevent: /devices/platform/1000d000.pwrap/1000d000.pwrap:main_pmic/mt6357-gauge/power_supply/mtk-gauge: failed to send uevent
01-13 15:51:31.103   304   304 E (2)[304:ueventd]power_supply mtk-gauge: uevent: failed to send synthetic uevent
01-13 15:51:31.112   305   305 I (1)[305:apexd]apexd-bootstrap: Found pre-installed APEX /system_ext/apex/com.android.compos.apex
01-13 15:51:31.116   304   304 I (0)[304:ueventd]mt635x-auxadc mt635x-auxadc: name:BATADC, channel=0, adc_out=0x63b2, adc_result=4205
01-13 15:51:31.128   305   305 I (1)[305:apexd]apexd-bootstrap: Found pre-installed APEX /system_ext/apex/com.android.vndk.v33.apex
01-13 15:51:31.132   304   304 I (0)[304:ueventd]mt635x-auxadc mt635x-auxadc: name:BAT_TEMP, channel=3, adc_out=0x53f, adc_result=590
01-13 15:51:31.140   305   305 I (1)[305:apexd]apexd-bootstrap: Found pre-installed APEX /system_ext/apex/com.android.vndk.v29.apex
01-13 15:51:31.141   304   304 I (0)[304:ueventd]mt635x-auxadc mt635x-auxadc: name:VBIF, channel=11, adc_out=0xff2, adc_result=1793
01-13 15:51:31.152   305   305 I (2)[305:apexd]apexd-bootstrap: Scanning /product/apex for pre-installed ApexFiles
01-13 15:51:31.156   304   304 I (0)[304:ueventd]psy_chr_type_get_property: prop:4
01-13 15:51:31.159   305   305 W (2)[305:apexd]apexd-bootstrap: /product/apex does not exist. Skipping
01-13 15:51:31.163   304   304 I (0)[304:ueventd]psy_chr_type_get_property: prop:59
01-13 15:51:31.167   305   305 I (2)[305:apexd]apexd-bootstrap: Scanning /vendor/apex for pre-installed ApexFiles
01-13 15:51:31.171   304   304 I (0)[304:ueventd]psy_chr_type_get_property: prop:12
01-13 15:51:31.176   305   305 I (2)[305:apexd]apexd-bootstrap: Found pre-installed APEX /vendor/apex/com.samsung.android.biometrics.face.signed.apex
01-13 15:51:31.396   305   305 I (1)[305:apexd]apexd-bootstrap: Found pre-installed APEX /vendor/apex/com.samsung.android.camera.unihal.signed.apex
01-13 15:51:31.408   305   305 I (1)[305:apexd]apexd-bootstrap: Found bootstrap APEX /system/apex/com.android.i18n.apex
01-13 15:51:31.414   305   305 I (1)[305:apexd]apexd-bootstrap: Found bootstrap APEX /system/apex/com.android.vndk.current.apex
01-13 15:51:31.419   305   305 I (1)[305:apexd]apexd-bootstrap: Found bootstrap APEX /system/system_ext/apex/com.android.vndk.v31.apex
01-13 15:51:31.424   305   305 I (1)[305:apexd]apexd-bootstrap: Found bootstrap APEX /system/apex/com.android.tzdata.apex
01-13 15:51:31.430   305   305 I (1)[305:apexd]apexd-bootstrap: Found bootstrap APEX /system/apex/com.android.runtime.apex
01-13 15:51:31.435   305   305 I (1)[305:apexd]apexd-bootstrap: Need to pre-allocate 46 loop devices for 41 APEX packages
01-13 15:51:31.441   305   305 I (1)[305:apexd]apexd-bootstrap: No block apex metadata partition found, not adding block apexes
01-13 15:51:31.641   305   305 I (4)[305:apexd]apexd-bootstrap: wait for '/dev/loop-control' took 194ms
01-13 15:51:31.667   305   305 I (4)[305:apexd]apexd-bootstrap: Found 16 idle loopback devices that were pre-allocated by kernel. Allocated 30 more.
01-13 15:51:31.707     0     0 E -(1)[0:swapper/1]print_req_error: I/O error, dev loop0, sector 78824
01-13 15:51:31.712     0     0 E         : -(1)[0:swapper/1]Buffer I/O error on dev loop0, logical block 9853, async page read
01-13 15:51:31.720     0     0 E -(1)[0:swapper/1]print_req_error: I/O error, dev loop1, sector 84720
01-13 15:51:31.725     0     0 E         : -(1)[0:swapper/1]Buffer I/O error on dev loop1, logical block 10590, async page read
01-13 15:51:31.732   363   363 E (2)[363:loop2]print_req_error: I/O error, dev loop2, sector 81784
01-13 15:51:31.738   363   363 E         : (2)[363:loop2]Buffer I/O error on dev loop2, logical block 10223, async page read
01-13 15:51:31.746   364   364 E (6)[364:loop3]print_req_error: I/O error, dev loop3, sector 1704
01-13 15:51:31.751   364   364 E         : (6)[364:loop3]Buffer I/O error on dev loop3, logical block 213, async page read
01-13 15:51:31.758     0     0 E -(2)[0:swapper/2]print_req_error: I/O error, dev loop4, sector 20584
01-13 15:51:31.764     0     0 E         : -(2)[0:swapper/2]Buffer I/O error on dev loop4, logical block 2573, async page read
01-13 15:51:31.840   357   357 I (1)[357:apexd]EXT4-fs (loop1): mounted filesystem without journal. Opts: (null)
01-13 15:51:31.844   356   356 I (2)[356:apexd]EXT4-fs (loop0): mounted filesystem without journal. Opts: (null)
01-13 15:51:31.846   357   357 I (1)[357:apexd]apexd-bootstrap: Successfully mounted package /system/apex/com.android.vndk.current.apex on /apex/com.android.vndk.v34@1 duration=145
01-13 15:51:31.847   358   358 I (5)[358:apexd]EXT4-fs (loop2): mounted filesystem without journal. Opts: (null)
01-13 15:51:31.848   358   358 I (5)[358:apexd]apexd-bootstrap: Successfully mounted package /system/system_ext/apex/com.android.vndk.v31.apex on /apex/com.android.vndk.v31@1 duration=147
01-13 15:51:31.851   356   356 I (2)[356:apexd]apexd-bootstrap: Successfully mounted package /system/apex/com.android.i18n.apex on /apex/com.android.i18n@1 duration=150
01-13 15:51:31.882     0     0 I         : -(3)[0:swapper/3]MCDI bootup check: PASS
01-13 15:51:31.897   360   360 I (6)[360:apexd]EXT4-fs (loop4): mounted filesystem without journal. Opts: (null)
01-13 15:51:31.905   359   359 I (7)[359:apexd]EXT4-fs (loop3): mounted filesystem without journal. Opts: (null)
01-13 15:51:31.905   360   360 I (6)[360:apexd]apexd-bootstrap: Successfully mounted package /system/apex/com.android.runtime.apex on /apex/com.android.runtime@1 duration=204
01-13 15:51:31.912   359   359 I (7)[359:apexd]apexd-bootstrap: Successfully mounted package /system/apex/com.android.tzdata.apex on /apex/com.android.tzdata@340090000 duration=211
01-13 15:51:31.937   305   305 I (4)[305:apexd]apexd-bootstrap: Activated 5 packages.
01-13 15:51:31.966   305   305 I (4)[305:apexd]apexd-bootstrap: OnBootstrap done, duration=1316
01-13 15:51:31.975     1     1 I (1)[1:init]: Service 'apexd-bootstrap' (pid 305) exited with status 0 waiting took 1.416000 seconds
01-13 15:51:31.981     1     1 I (1)[1:init]: Sending signal 9 to service 'apexd-bootstrap' (pid 305) process group...
01-13 15:51:31.986     1     1 I (1)[1:init]libprocessgroup: Successfully killed process cgroup uid 0 pid 305 in 0ms
01-13 15:51:32.066     1     1 I (4)[1:init]: linkerconfig generated /linkerconfig with mounted APEX modules info
01-13 15:51:32.072     1     1 I (4)[1:init]: Command 'update_linker_config' action=early-init (/system/etc/init/hw/init.rc:79) took 78ms and succeeded
01-13 15:51:32.097     1     1 I (4)[1:init]: processing action (early-init) from (/init.environ.rc:2)
01-13 15:51:32.103     1     1 I (4)[1:init]: processing action (early-init) from (/vendor/etc/init/hw/init.mt6765.rc:27)
01-13 15:51:32.116   301   301 I (1)[301:init]BOOTPROF: 10263.295485:INIT:early-init
01-13 15:51:32.116   301   301 I auditd  : type=1400 audit(0.0:6): avc:  denied  { associate } for  comm="init" name="boot_freq" scontext=u:object_r:proc_perfmgr:s0 tcontext=u:object_r:proc:s0 tclass=filesystem permissive=1
01-13 15:51:32.116   301   301 I init    : type=1400 audit(0.0:6): avc:  denied  { associate } for  name="boot_freq" scontext=u:object_r:proc_perfmgr:s0 tcontext=u:object_r:proc:s0 tclass=filesystem permissive=1
01-13 15:51:32.126   301   301 I         : (1)[301:init][Power/PPM] (0x80)(-1)(0)(0-7)(0)(0)(4)(4) (0)(0)(4)(4)
01-13 15:51:32.142   277   277 I         : (2)[277:hps_main]CPU 0 ==>1
01-13 15:51:32.148   277   277 I         : (2)[277:hps_main]CPU 1 ==>1
01-13 15:51:32.154   277   277 I         : (2)[277:hps_main]CPU 2 ==>1
01-13 15:51:32.160   277   277 I         : (2)[277:hps_main]CPU 3 ==>1
01-13 15:51:32.165   277   277 I         : (2)[277:hps_main]CPU 4 ==>1
01-13 15:51:32.167     1     1 I (1)[1:init]: Command 'write /dev/softdog 1' action=early-init (/vendor/etc/init/hw/init.mt6765.rc:39) took 3ms and failed: Unable to write to file '/dev/softdog': open() failed: Too many symbolic links encountered
01-13 15:51:32.170   277   277 I         : (2)[277:hps_main]CPU 5 ==>1
01-13 15:51:32.170   277   277 I         : (2)[277:hps_main]CPU 6 ==>1
01-13 15:51:32.181     1     1 I (1)[1:init]: processing action (early-init) from (/vendor/etc/init/hw/init.mt6765.usb.rc:1)
01-13 15:51:32.186   277   277 I         : (2)[277:hps_main]CPU 7 ==>1
01-13 15:51:32.204     1     1 I (1)[1:init]: processing action (early-init) from (/vendor/etc/init/hw/init.project.rc:6)
01-13 15:51:32.211     1     1 I (1)[1:init]: starting service 'exec 1 (/vendor/bin/modprobe -a -d /vendor/lib/modules helloworld.ko trace_mmstat.ko)'...
01-13 15:51:32.225     1     1 I (1)[1:init]: ... started service 'exec 1 (/vendor/bin/modprobe -a -d /vendor/lib/modules helloworld.ko trace_mmstat.ko)' has pid 372
01-13 15:51:32.236     1     1 I (1)[1:init]: processing action (early-init) from (/vendor/etc/init/hw/init.modem.rc:7)
01-13 15:51:32.249     1     1 I (1)[1:init]: processing action (early-init) from (/system/etc/init/prng_seeder.rc:5)
01-13 15:51:32.255     1     1 I (1)[1:init]: starting service 'prng_seeder'...
01-13 15:51:32.262     1     1 I (1)[1:init]: Created socket '/dev/socket/prng_seeder', mode 666, user 1092, group 1092
01-13 15:51:32.273     1     1 I (7)[1:init]: ... started service 'prng_seeder' has pid 373
01-13 15:51:32.286     1     1 I (7)[1:init]: processing action (ro.product.cpu.abilist32=* && early-init) from (/vendor/etc/init/boringssl_self_test.rc:2)
01-13 15:51:32.298   372   372 W (3)[372:modprobe]trace_mmstat: disagrees about version of symbol module_layout
01-13 15:51:32.312     1     1 I (1)[1:init]: starting service 'boringssl_self_test32_vendor'...
01-13 15:51:32.327     1     1 I (1)[1:init]: ... started service 'boringssl_self_test32_vendor' has pid 374
01-13 15:51:32.332     1     1 I (1)[1:init]: SVC_EXEC service 'boringssl_self_test32_vendor' pid 374 (uid 0 gid 0+0 context default) started; waiting...
01-13 15:51:32.343     1     1 I (1)[1:init]: Service 'exec 1 (/vendor/bin/modprobe -a -d /vendor/lib/modules helloworld.ko trace_mmstat.ko)' (pid 372) exited with status 1 oneshot service took 0.119000 seconds in background
01-13 15:51:32.355     1     1 I (1)[1:init]: Sending signal 9 to service 'exec 1 (/vendor/bin/modprobe -a -d /vendor/lib/modules helloworld.ko trace_mmstat.ko)' (pid 372) process group...
01-13 15:51:32.366     1     1 I (1)[1:init]libprocessgroup: Successfully killed process cgroup uid 0 pid 372 in 0ms
01-13 15:51:32.460     1     1 I (1)[1:init]: Service 'boringssl_self_test32_vendor' (pid 374) exited with status 0 waiting took 0.135000 seconds
01-13 15:51:32.471     1     1 I (1)[1:init]: Sending signal 9 to service 'boringssl_self_test32_vendor' (pid 374) process group...
01-13 15:51:32.476     1     1 I (1)[1:init]libprocessgroup: Successfully killed process cgroup uid 0 pid 374 in 0ms
01-13 15:51:32.484     1     1 I (4)[1:init]: processing action (ro.product.cpu.abilist64=* && early-init) from (/vendor/etc/init/boringssl_self_test.rc:4)
01-13 15:51:32.512     1     1 I (1)[1:init]: starting service 'boringssl_self_test64_vendor'...
01-13 15:51:32.523     1     1 I (2)[1:init]: ... started service 'boringssl_self_test64_vendor' has pid 375
01-13 15:51:32.530     1     1 I (2)[1:init]: SVC_EXEC service 'boringssl_self_test64_vendor' pid 375 (uid 0 gid 0+0 context default) started; waiting...
01-13 15:51:32.587     1     1 I (1)[1:init]: Service 'boringssl_self_test64_vendor' (pid 375) exited with status 0 waiting took 0.066000 seconds
01-13 15:51:32.599     1     1 I (1)[1:init]: Sending signal 9 to service 'boringssl_self_test64_vendor' (pid 375) process group...
01-13 15:51:32.606     1     1 I (1)[1:init]libprocessgroup: Successfully killed process cgroup uid 0 pid 375 in 0ms
01-13 15:51:32.614     1     1 I (1)[1:init]: processing action (early-init) from (/vendor/etc/init/chipinfo_init.rc:1)
01-13 15:51:32.621     1     1 I (1)[1:init]: starting service 'exec 2 (/vendor/bin/chipinfo)'...
01-13 15:51:32.632     1     1 I (1)[1:init]: ... started service 'exec 2 (/vendor/bin/chipinfo)' has pid 376
01-13 15:51:32.639     1     1 I (1)[1:init]: processing action (early-init) from (/vendor/etc/init/networksetting.rc:1)
01-13 15:51:32.650     1     1 I (1)[1:init]: processing action (ro.build.version.release=14 && early-init) from (/vendor/etc/init/networksetting.rc:23)
01-13 15:51:32.664     1     1 I (1)[1:init]: processing action (wait_for_coldboot_done) from (<Builtin Action>:0)
01-13 15:51:32.800     1     1 I (1)[1:init]: Service 'exec 2 (/vendor/bin/chipinfo)' (pid 376) exited with status 0 oneshot service took 0.170000 seconds in background
01-13 15:51:32.813     1     1 I (1)[1:init]: Sending signal 9 to service 'exec 2 (/vendor/bin/chipinfo)' (pid 376) process group...
01-13 15:51:32.820     1     1 I (1)[1:init]libprocessgroup: Successfully killed process cgroup uid 1000 pid 376 in 0ms
01-13 15:51:32.831    14    14 I (0)[14:kworker/0:1]mt635x-auxadc mt635x-auxadc: name:BAT_TEMP, channel=3, adc_out=0x53f, adc_result=590
01-13 15:51:32.837    14    14 I (0)[14:kworker/0:1]mt635x-auxadc mt635x-auxadc: name:VBIF, channel=11, adc_out=0xff2, adc_result=1793
01-13 15:51:33.942     0     0 W (3)[0:swapper/3][name:spm&]Power/swap DP: No enter --- SODI3: No enter --- SODI: No enter ---
01-13 15:51:33.942     0     0 W (0)[0:swapper/0]mcdi cpu: 292, 77, 88, 119, 66, 46, 44, 19, cluster : 0, 82, pause = 0, multi core = 1, latency = 0, residency = 0, last core = 0, avail cpu = 00ff, cluster = 0003, enabled = 1, max_s_state = 5, system_idle_hint = 00000000
01-13 15:51:35.646   234   234 I (0)[234:kworker/u16:2][SCP] scp_ipi_send: SCP A not ready
01-13 15:51:35.653   234   234 E         : (0)[234:kworker/u16:2][sensorHub] scp_ipi_send fail
01-13 15:51:35.659   259   259 E         : (3)[259:kworker/3:2][sensorHub] scp_sensorHub_req_send fail!
01-13 15:51:35.751     0     0 I         : -(3)[0:swapper/3]fg_drv_thread_hrtimer_func
01-13 15:51:35.756     0     0 I         : -(3)[0:swapper/3]fg_update_routine_wakeup
01-13 15:51:35.764   265   265 I (0)[265:battery_thread]mt635x-auxadc mt635x-auxadc: name:BAT_TEMP, channel=3, adc_out=0x540, adc_result=590
01-13 15:51:35.771   265   265 I (0)[265:battery_thread]mt635x-auxadc mt635x-auxadc: name:VBIF, channel=11, adc_out=0xff2, adc_result=1793
01-13 15:51:35.779   265   265 I (0)[265:battery_thread]mt635x-auxadc mt635x-auxadc: name:BATADC, channel=0, adc_out=0x6428, adc_result=4225
01-13 15:51:35.785   265   265 I (0)[265:battery_thread]car[2,0,0,0,0] tmp: 30 soc:0 uisoc:0 vbat:4225 ibat:-364 algo:0 gm3:0 0 0 0,boot:0
01-13 15:51:35.790   265   265 I (0)[265:battery_thread][fg_drv_update_daemon]ui_ht_gap: 0 ui_lt_gap:0 sw_iavg:-220 -220 0 nafg_m:0 0 0
01-13 15:51:35.796   265   265 I         : (0)[265:battery_thread]battery_update_routine
01-13 15:51:35.903   259   259 I (3)[259:kworker/3:2]mt635x-auxadc mt635x-auxadc: name:VCORE_TEMP, channel=4, adc_out=0x5fa, adc_result=672
01-13 15:51:35.909   259   259 I         : (3)[259:kworker/3:2][Thermal/TZ/PMIC] [tsbuck1_raw_to_temp] 672, 392686, 1000000, -1863
01-13 15:51:35.914   259   259 I         : (3)[259:kworker/3:2][Thermal/TZ/PMIC] [tsbuck1_raw_to_temp] t_current=31978
01-13 15:51:35.920   259   259 I         : (3)[259:kworker/3:2][Thermal/TZ/PMIC] mt6357tsbuck1_get_hw_temp raw=672 T=31978
01-13 15:51:35.925   259   259 I         : (3)[259:kworker/3:2][Thermal/TZ/PMIC] mt6357tsbuck1_get_hw_temp pre_tsbuck1_temp1=31978
01-13 15:51:35.931   114   114 I (3)[114:kworker/3:1]mt635x-auxadc mt635x-auxadc: name:VPROC_TEMP, channel=4, adc_out=0x5f5, adc_result=670
01-13 15:51:35.936   114   114 I         : (3)[114:kworker/3:1][Thermal/TZ/PMIC] [tsbuck2_raw_to_temp] 670, 392149, 1000000, -1863
01-13 15:51:35.942   114   114 I         : (3)[114:kworker/3:1][Thermal/TZ/PMIC] [tsbuck2_raw_to_temp] t_current=32515
01-13 15:51:35.947   114   114 I         : (3)[114:kworker/3:1][Thermal/TZ/PMIC] mt6357tsbuck2_get_hw_temp raw=670 T=32515
01-13 15:51:35.952   114   114 I         : (3)[114:kworker/3:1][Thermal/TZ/PMIC] mt6357tsbuck2_get_hw_temp pre_tsbuck2_temp1=32515
01-13 15:51:36.364   300   300 I (0)[300:init]: Wait for property 'ro.cold_boot_done=true' took 3693ms
01-13 15:51:36.369     1     1 I (1)[1:init]: processing action (SetMmapRndBits) from (<Builtin Action>:0)
01-13 15:51:36.369   304   304 I (0)[304:ueventd]: Coldboot took 5.604 seconds
01-13 15:51:36.376     1     1 I (1)[1:init]: processing action (KeychordInit) from (<Builtin Action>:0)
01-13 15:51:36.384     1     1 W (1)[1:init]: EVIOCSMASK not supported: Invalid argument
01-13 15:51:36.389     1     1 I (1)[1:init]: processing action (init) from (/system/etc/init/hw/init.rc:97)
01-13 15:51:36.395     1     1 I (1)[1:init]: Command 'copy /system/etc/prop.default /dev/urandom' action=init (/system/etc/init/hw/init.rc:102) took 0ms and failed: Could not read input file '/system/etc/prop.default': open() failed: No such file or directory
01-13 15:51:36.435     1     1 I (1)[1:init]: Command 'write /dev/cpuctl/nnapi-hal/cpu.uclamp.min 1' action=init (/system/etc/init/hw/init.rc:195) took 1ms and failed: Unable to write to file '/dev/cpuctl/nnapi-hal/cpu.uclamp.min': open() failed: Permission denied
01-13 15:51:36.447     1     1 I (1)[1:init]: Command 'write /dev/cpuctl/nnapi-hal/cpu.uclamp.latency_sensitive 1' action=init (/system/etc/init/hw/init.rc:196) took 1ms and failed: Unable to write to file '/dev/cpuctl/nnapi-hal/cpu.uclamp.latency_sensitive': open() failed: Permission denied
01-13 15:51:36.474     1     1 I (1)[1:init]: Command 'write /dev/blkio/blkio.weight 1000' action=init (/system/etc/init/hw/init.rc:238) took 1ms and failed: Unable to write to file '/dev/blkio/blkio.weight': open() failed: Permission denied
01-13 15:51:36.487     1     1 I (1)[1:init]: Command 'write /dev/blkio/background/blkio.weight 200' action=init (/system/etc/init/hw/init.rc:239) took 1ms and failed: Unable to write to file '/dev/blkio/background/blkio.weight': open() failed: Permission denied
01-13 15:51:36.500     1     1 I (1)[1:init]: Command 'write /dev/blkio/background/blkio.bfq.weight 10' action=init (/system/etc/init/hw/init.rc:240) took 1ms and failed: Unable to write to file '/dev/blkio/background/blkio.bfq.weight': open() failed: Permission denied
01-13 15:51:36.513     1     1 I (1)[1:init]: Command 'write /dev/blkio/blkio.group_idle 0' action=init (/system/etc/init/hw/init.rc:241) took 1ms and failed: Unable to write to file '/dev/blkio/blkio.group_idle': open() failed: Permission denied
01-13 15:51:36.526     1     1 I (1)[1:init]: Command 'write /dev/blkio/background/blkio.group_idle 0' action=init (/system/etc/init/hw/init.rc:242) took 1ms and failed: Unable to write to file '/dev/blkio/background/blkio.group_idle': open() failed: Permission denied
01-13 15:51:36.620     1     1 I         : (1)[1:init]Registered swp emulation handler
01-13 15:51:36.633     1     1 I (1)[1:init]: starting service 'logd'...
01-13 15:51:36.640     1     1 I (1)[1:init]: Created socket '/dev/socket/logd', mode 666, user 1036, group 1036
01-13 15:51:36.647     1     1 I (1)[1:init]: Created socket '/dev/socket/logdr', mode 666, user 1036, group 1036
01-13 15:51:36.654     1     1 I (1)[1:init]: Created socket '/dev/socket/logdw', mode 222, user 1036, group 1036
01-13 15:51:36.666     1     1 I (2)[1:init]: ... started service 'logd' has pid 386
01-13 15:51:36.673     1     1 I (2)[1:init]: starting service 'lmkd'...
01-13 15:51:36.680     1     1 I (2)[1:init]: Created socket '/dev/socket/lmkd', mode 660, user 1000, group 1000
01-13 15:51:36.692     1     1 I (3)[1:init]: ... started service 'lmkd' has pid 387
01-13 15:51:36.698     1     1 I (3)[1:init]: starting service 'servicemanager'...
01-13 15:51:36.711     1     1 I (4)[1:init]: ... started service 'servicemanager' has pid 388
01-13 15:51:36.721   300   300 E (2)[300:init]: Unable to set property 'ro.logd.kernel' from uid:1036 gid:1036 pid:386: Read-only property was already set
01-13 15:51:36.726     1     1 I (1)[1:init]: starting service 'hwservicemanager'...
01-13 15:51:36.749     1     1 I (4)[1:init]: ... started service 'hwservicemanager' has pid 391
01-13 15:51:36.754   386   386 I (2)[386:logd]logd.auditd: start
01-13 15:51:36.764   388   388 I (1)[388:servicemanager]: Starting sm instance on /dev/binder
01-13 15:51:36.765     1     1 I (3)[1:init]: starting service 'vndservicemanager'...
01-13 15:51:36.776     1     1 I (5)[1:init]: ... started service 'vndservicemanager' has pid 395
01-13 15:51:36.777   388   388 I (1)[388:servicemanager]binder: 388:388 ioctl 40046210 7fc20ef5b0 returned -22
01-13 15:51:36.802   388   388 I (2)[388:servicemanager]SELinux: SELinux: Loaded service context from:
01-13 15:51:36.805   386   386 I (3)[386:logd]: Loaded bug_map file: /system_ext/etc/selinux/bug_map
01-13 15:51:36.806   386   386 I (3)[386:logd]: Loaded bug_map file: /vendor/etc/selinux/selinux_denial_metadata
01-13 15:51:36.807   391   391 I (1)[391:hwservicemanage]binder: 391:391 ioctl 40046210 7fdddb34e4 returned -22
01-13 15:51:36.807   386   386 W (6)[386:logd]: Ignored bug_map definition in /system/etc/selinux/bug_map: 'dnsmasq netd fifo_file b/77868789', (scontext, tcontext, tclass) denial combination is already tagged with bug metadata 'b/77868789'
01-13 15:51:36.807   386   386 W (6)[386:logd]: Ignored bug_map definition in /system/etc/selinux/bug_map: 'dnsmasq netd unix_stream_socket b/77868789', (scontext, tcontext, tclass) denial combination is already tagged with bug metadata 'b/77868789'
01-13 15:51:36.807   386   386 W (6)[386:logd]: Ignored bug_map definition in /system/etc/selinux/bug_map: 'gmscore_app system_data_file dir b/146166941', (scontext, tcontext, tclass) denial combination is already tagged with bug metadata 'b/146166941'
01-13 15:51:36.807   386   386 W (6)[386:logd]: Ignored bug_map definition in /system/etc/selinux/bug_map: 'init app_data_file file b/77873135', (scontext, tcontext, tclass) denial combination is already tagged with bug metadata 'b/77873135'
01-13 15:51:36.807   386   386 W (6)[386:logd]: Ignored bug_map definition in /system/etc/selinux/bug_map: 'init cache_file blk_file b/77873135', (scontext, tcontext, tclass) denial combination is already tagged with bug metadata 'b/77873135'
01-13 15:51:36.807   386   386 W (6)[386:logd]: Ignored bug_map definition in /system/etc/selinux/bug_map: 'init logpersist file b/77873135', (scontext, tcontext, tclass) denial combination is already tagged with bug metadata 'b/77873135'
01-13 15:51:36.808   386   386 W (6)[386:logd]: Ignored bug_map definition in /system/etc/selinux/bug_map: 'init nativetest_data_file dir b/77873135', (scontext, tcontext, tclass) denial combination is already tagged with bug metadata 'b/77873135'
01-13 15:51:36.808   386   386 W (6)[386:logd]: Ignored bug_map definition in /system/etc/selinux/bug_map: 'init pstorefs dir b/77873135', (scontext, tcontext, tclass) denial combination is already tagged with bug metadata 'b/77873135'
01-13 15:51:36.808   386   386 W (6)[386:logd]: Ignored bug_map definition in /system/etc/selinux/bug_map: 'init shell_data_file dir b/77873135', (scontext, tcontext, tclass) denial combination is already tagged with bug metadata 'b/77873135'
01-13 15:51:36.808   386   386 W (6)[386:logd]: Ignored bug_map definition in /system/etc/selinux/bug_map: 'init shell_data_file file b/77873135', (scontext, tcontext, tclass) denial combination is already tagged with bug metadata 'b/77873135'
01-13 15:51:36.808   386   386 W (6)[386:logd]: Ignored bug_map definition in /system/etc/selinux/bug_map: 'init shell_data_file lnk_file b/77873135', (scontext, tcontext, tclass) denial combination is already tagged with bug metadata 'b/77873135'
01-13 15:51:36.808   386   386 W (6)[386:logd]: Ignored bug_map definition in /system/etc/selinux/bug_map: 'init shell_data_file sock_file b/77873135', (scontext, tcontext, tclass) denial combination is already tagged with bug metadata 'b/77873135'
01-13 15:51:36.808   386   386 W (6)[386:logd]: Ignored bug_map definition in /system/etc/selinux/bug_map: 'init system_data_file chr_file b/77873135', (scontext, tcontext, tclass) denial combination is already tagged with bug metadata 'b/77873135'
01-13 15:51:36.808   386   386 W (6)[386:logd]: Ignored bug_map definition in /system/etc/selinux/bug_map: 'isolated_app privapp_data_file dir b/119596573', (scontext, tcontext, tclass) denial combination is already tagged with bug metadata 'b/119596573'
01-13 15:51:36.808   386   386 W (6)[386:logd]: Ignored bug_map definition in /system/etc/selinux/bug_map: 'isolated_app app_data_file dir b/120394782', (scontext, tcontext, tclass) denial combination is already tagged with bug metadata 'b/120394782'
01-13 15:51:36.808   386   386 W (6)[386:logd]: Ignored bug_map definition in /system/etc/selinux/bug_map: 'mediaextractor app_data_file file b/77923736', (scontext, tcontext, tclass) denial combination is already tagged with bug metadata 'b/77923736'
