06-04 07:34:36.280   750   750 I TeeMcDaemon: * loading /vendor/app/mcRegistry/9073f03a9618383bb1856eb3f990babd.drbin [vendor/mediatek/proprietary/trustzone/trustonic/source/external/mobicore/common/500/Daemon/src/MobiCoreDriverDaemon.cpp:338]
06-04 07:34:36.286   411   411 I hwservicemanager: getTransport: Cannot find entry android.hardware.audio.effect@6.0::IEffectsFactory/default in either framework or device VINTF manifest.
06-04 07:34:36.287   699   699 E HidlServiceManagement: Service android.hardware.audio.effect@6.0::IEffectsFactory/default must be in VINTF manifest in order to register/get.
06-04 07:34:36.287   699   699 E LegacySupport: Could not register service android.hardware.audio.effect@6.0::IEffectsFactory/default (-2147483648).
06-04 07:34:36.287   411   411 I hwservicemanager: getTransport: Cannot find entry android.hardware.audio.effect@6.0::IEffectsFactory/default in either framework or device VINTF manifest.
06-04 07:34:36.290   411   411 I hwservicemanager: getTransport: Cannot find entry android.hardware.audio.effect@6.0::IEffectsFactory/default in either framework or device VINTF manifest.
06-04 07:34:36.291   699   699 E HidlServiceManagement: Service android.hardware.audio.effect@6.0::IEffectsFactory/default must be in VINTF manifest in order to register/get.
06-04 07:34:36.291   699   699 E LegacySupport: Could not register service android.hardware.audio.effect@6.0::IEffectsFactory/default (-2147483648).
06-04 07:34:36.291   699   699 W mtkaudiohalservice: register interface = android.hardware.audio.effect@6.0::IEffectsFactory fail!
06-04 07:34:36.291   411   411 I hwservicemanager: getTransport: Cannot find entry android.hardware.soundtrigger@2.3::ISoundTriggerHw/default in either framework or device VINTF manifest.
06-04 07:34:36.292   699   699 E LegacySupport: Could not get passthrough implementation for android.hardware.soundtrigger@2.3::ISoundTriggerHw/default.
06-04 07:34:36.292   411   411 I hwservicemanager: getTransport: Cannot find entry android.hardware.soundtrigger@2.2::ISoundTriggerHw/default in either framework or device VINTF manifest.
06-04 07:34:36.292   705   705 W android.hardware.media.c2@1.2-mediatek: libminijail[705]: failed to get path of fd 3: No such file or directory
06-04 07:34:36.293   699   699 E LegacySupport: Could not get passthrough implementation for android.hardware.soundtrigger@2.2::ISoundTriggerHw/default.
06-04 07:34:36.293   411   411 I hwservicemanager: getTransport: Cannot find entry android.hardware.soundtrigger@2.1::ISoundTriggerHw/default in either framework or device VINTF manifest.
06-04 07:34:36.293   705   705 W android.hardware.media.c2@1.2-mediatek: libminijail[705]: allowing syscall: clock_gettime
06-04 07:34:36.293   705   705 W android.hardware.media.c2@1.2-mediatek: libminijail[705]: allowing syscall: connect
06-04 07:34:36.293   699   699 E LegacySupport: Could not get passthrough implementation for android.hardware.soundtrigger@2.1::ISoundTriggerHw/default.
06-04 07:34:36.293   705   705 W android.hardware.media.c2@1.2-mediatek: libminijail[705]: allowing syscall: fcntl64
06-04 07:34:36.294   705   705 W android.hardware.media.c2@1.2-mediatek: libminijail[705]: allowing syscall: socket
06-04 07:34:36.294   411   411 I hwservicemanager: getTransport: Cannot find entry android.hardware.soundtrigger@2.0::ISoundTriggerHw/default in either framework or device VINTF manifest.
06-04 07:34:36.294   705   705 W android.hardware.media.c2@1.2-mediatek: libminijail[705]: allowing syscall: writev
06-04 07:34:36.294   699   699 E LegacySupport: Could not get passthrough implementation for android.hardware.soundtrigger@2.0::ISoundTriggerHw/default.
06-04 07:34:36.294   699   699 W mtkaudiohalservice: Could not register Soundtrigger API
06-04 07:34:36.297   705   705 W android.hardware.media.c2@1.2-mediatek: libminijail[705]: compile_file: <fd>(76): syscall futex redefined here
06-04 07:34:36.297   705   705 W android.hardware.media.c2@1.2-mediatek: libminijail[705]: compile_file: <fd>(15): previous definition here
06-04 07:34:36.298   705   705 W android.hardware.media.c2@1.2-mediatek: libminijail[705]: compile_file: <fd>(96): syscall writev redefined here
06-04 07:34:36.298   705   705 W android.hardware.media.c2@1.2-mediatek: libminijail[705]: compile_file: <fd>(38): previous definition here
06-04 07:34:36.298   705   705 W android.hardware.media.c2@1.2-mediatek: libminijail[705]: compile_file: <fd>(99): syscall sched_getparam redefined here
06-04 07:34:36.298   705   705 W android.hardware.media.c2@1.2-mediatek: libminijail[705]: compile_file: <fd>(69): previous definition here
06-04 07:34:36.298   705   705 W android.hardware.media.c2@1.2-mediatek: libminijail[705]: compile_file: <fd>(100): syscall sched_getscheduler redefined here
06-04 07:34:36.298   705   705 W android.hardware.media.c2@1.2-mediatek: libminijail[705]: compile_file: <fd>(70): previous definition here
06-04 07:34:36.298   705   705 W android.hardware.media.c2@1.2-mediatek: libminijail[705]: compile_file: <fd>(107): syscall ftruncate64 redefined here
06-04 07:34:36.299   705   705 W android.hardware.media.c2@1.2-mediatek: libminijail[705]: compile_file: <fd>(26): previous definition here
06-04 07:34:36.299   705   705 W android.hardware.media.c2@1.2-mediatek: libminijail[705]: compile_file: <fd>(108): syscall getuid32 redefined here
06-04 07:34:36.299   705   705 W android.hardware.media.c2@1.2-mediatek: libminijail[705]: compile_file: <fd>(37): previous definition here
06-04 07:34:36.299   705   705 W android.hardware.media.c2@1.2-mediatek: libminijail[705]: compile_file: <fd>(109): syscall open redefined here
06-04 07:34:36.299   705   705 W android.hardware.media.c2@1.2-mediatek: libminijail[705]: compile_file: <fd>(45): previous definition here
06-04 07:34:36.299   705   705 W android.hardware.media.c2@1.2-mediatek: libminijail[705]: compile_file: <fd>(110): syscall fstat64 redefined here
06-04 07:34:36.299   705   705 W android.hardware.media.c2@1.2-mediatek: libminijail[705]: compile_file: <fd>(46): previous definition here
06-04 07:34:36.299   705   705 W android.hardware.media.c2@1.2-mediatek: libminijail[705]: compile_file: <fd>(111): syscall readlink redefined here
06-04 07:34:36.299   705   705 W android.hardware.media.c2@1.2-mediatek: libminijail[705]: compile_file: <fd>(53): previous definition here
06-04 07:34:36.299   705   705 W android.hardware.media.c2@1.2-mediatek: libminijail[705]: compile_file: <fd>(112): syscall fstatfs64 redefined here
06-04 07:34:36.299   705   705 W android.hardware.media.c2@1.2-mediatek: libminijail[705]: compile_file: <fd>(56): previous definition here
06-04 07:34:36.299   705   705 W android.hardware.media.c2@1.2-mediatek: libminijail[705]: compile_file: <fd>(113): syscall _llseek redefined here
06-04 07:34:36.299   705   705 W android.hardware.media.c2@1.2-mediatek: libminijail[705]: compile_file: <fd>(59): previous definition here
06-04 07:34:36.299   705   705 W android.hardware.media.c2@1.2-mediatek: libminijail[705]: compile_file: <fd>(114): syscall fstatat64 redefined here
06-04 07:34:36.300   705   705 W android.hardware.media.c2@1.2-mediatek: libminijail[705]: compile_file: <fd>(60): previous definition here
06-04 07:34:36.300   705   705 W android.hardware.media.c2@1.2-mediatek: libminijail[705]: compile_file: <fd>(115): syscall ugetrlimit redefined here
06-04 07:34:36.300   705   705 W android.hardware.media.c2@1.2-mediatek: libminijail[705]: compile_file: <fd>(61): previous definition here
06-04 07:34:36.300   705   705 W android.hardware.media.c2@1.2-mediatek: libminijail[705]: compile_file: <fd>(117): syscall sigreturn redefined here
06-04 07:34:36.300   705   705 W android.hardware.media.c2@1.2-mediatek: libminijail[705]: compile_file: <fd>(74): previous definition here
06-04 07:34:36.300   705   705 W android.hardware.media.c2@1.2-mediatek: libminijail[705]: compile_file: <fd>(118): syscall futex redefined here
06-04 07:34:36.300   705   705 W android.hardware.media.c2@1.2-mediatek: libminijail[705]: compile_file: <fd>(15): previous definition here
06-04 07:34:36.300   705   705 W android.hardware.media.c2@1.2-mediatek: libminijail[705]: compile_file: <fd>(120): syscall geteuid32 redefined here
06-04 07:34:36.300   705   705 W android.hardware.media.c2@1.2-mediatek: libminijail[705]: compile_file: <fd>(88): previous definition here
06-04 07:34:36.300   705   705 W android.hardware.media.c2@1.2-mediatek: libminijail[705]: compile_file: <fd>(121): syscall getgid32 redefined here
06-04 07:34:36.300   705   705 W android.hardware.media.c2@1.2-mediatek: libminijail[705]: compile_file: <fd>(89): previous definition here
06-04 07:34:36.300   705   705 W android.hardware.media.c2@1.2-mediatek: libminijail[705]: compile_file: <fd>(122): syscall getegid32 redefined here
06-04 07:34:36.300   705   705 W android.hardware.media.c2@1.2-mediatek: libminijail[705]: compile_file: <fd>(90): previous definition here
06-04 07:34:36.300   705   705 W android.hardware.media.c2@1.2-mediatek: libminijail[705]: compile_file: <fd>(123): syscall getgroups32 redefined here
06-04 07:34:36.300   705   705 W android.hardware.media.c2@1.2-mediatek: libminijail[705]: compile_file: <fd>(91): previous definition here
06-04 07:34:36.300   705   705 W android.hardware.media.c2@1.2-mediatek: libminijail[705]: compile_file: <fd>(129): nonexistent syscall 'mmap'
06-04 07:34:36.300   705   705 W android.hardware.media.c2@1.2-mediatek: libminijail[705]: compile_file: <fd>(130): nonexistent syscall 'getrlimit'
06-04 07:34:36.301   705   705 W android.hardware.media.c2@1.2-mediatek: libminijail[705]: compile_file: <fd>(131): nonexistent syscall 'newfstatat'
06-04 07:34:36.301   705   705 W android.hardware.media.c2@1.2-mediatek: libminijail[705]: compile_file: <fd>(134): syscall flock redefined here
06-04 07:34:36.301   705   705 W android.hardware.media.c2@1.2-mediatek: libminijail[705]: compile_file: <fd>(92): previous definition here
06-04 07:34:36.301   705   705 W android.hardware.media.c2@1.2-mediatek: libminijail[705]: logging seccomp filter failures
06-04 07:34:36.307   750   750 I TeeMcDaemon: * loading /vendor/app/mcRegistry/6b3f5fa0f8cf55a7be2582587d62d63a.drbin [vendor/mediatek/proprietary/trustzone/trustonic/source/external/mobicore/common/500/Daemon/src/MobiCoreDriverDaemon.cpp:338]
06-04 07:34:36.308   750   750 W TeeMcDaemon: Cannot open trustlet /vendor/app/mcRegistry/6b3f5fa0f8cf55a7be2582587d62d63a.drbin (No such file or directory) [vendor/mediatek/proprietary/trustzone/trustonic/source/external/mobicore/common/500/Daemon/src/SecureWorld.cpp:114]
06-04 07:34:36.308   750   750 W TeeMcDaemon: Driver /vendor/app/mcRegistry/6b3f5fa0f8cf55a7be2582587d62d63a.drbin missing, ignore [vendor/mediatek/proprietary/trustzone/trustonic/source/external/mobicore/common/500/Daemon/src/MobiCoreDriverDaemon.cpp:348]
06-04 07:34:36.308   750   750 I TeeMcDaemon: * loading /vendor/app/mcRegistry/5020170115e016302017012521300000.drbin [vendor/mediatek/proprietary/trustzone/trustonic/source/external/mobicore/common/500/Daemon/src/MobiCoreDriverDaemon.cpp:338]
06-04 07:34:36.317   699   699 I MediatekBTAudioProviderA2dpSoftware: A2dpSoftwareAudioProvider - size of audio buffer 7168 byte(s) p = 0xed923110
06-04 07:34:36.319   699   699 I MediatekBTAudioProviderHearingAid: HearingAidAudioProvider - size of audio buffer 3584 byte(s)
06-04 07:34:36.331   699   699 I HidlServiceManagement: Registered vendor.mediatek.hardware.bluetooth.audio@2.2::IBluetoothAudioProvidersFactory/default
06-04 07:34:36.331   699   699 I LegacySupport: Registration complete for vendor.mediatek.hardware.bluetooth.audio@2.2::IBluetoothAudioProvidersFactory/default.
06-04 07:34:36.333   750   750 W TeeMcDaemon: TUI device not found, skip [vendor/mediatek/proprietary/trustzone/trustonic/source/external/mobicore/common/500/Daemon/src/TuiStarter.cpp:46]
06-04 07:34:36.333   750   750 I TeeMcDaemon: Daemon running [vendor/mediatek/proprietary/trustzone/trustonic/source/external/mobicore/common/500/Daemon/src/MobiCoreDriverDaemon.cpp:372]
06-04 07:34:36.341   705   705 I HidlServiceManagement: Registered android.hardware.media.c2@1.2::IComponentStore/default
06-04 07:34:36.342   705   705 I HidlServiceManagement: Removing namespace from process name android.hardware.media.c2@1.2-mediatek to c2@1.2-mediatek.
06-04 07:34:36.352   745   745 E ccci_rpcd: /dev/ccci_rpc open fail (2)
06-04 07:34:36.352   745   745 E ccci_rpcd: /dev/ccci_rpc not exists..
06-04 07:34:36.361   703   703 I hwcomposer: getprop [ro.vendor.mtk_ovl_bringup] 0
06-04 07:34:36.372   699   699 I BTAudioProviderA2dpSoftware: A2dpSoftwareAudioProvider - size of audio buffer 7680 byte(s)
06-04 07:34:36.374   699   699 I BTAudioProviderHearingAid: HearingAidAudioProvider - size of audio buffer 3584 byte(s)
06-04 07:34:36.376   703   703 E hwcomposer: [SWWatchDog] [SW_WDT] Set an anchor w/o notify. <<[DEV] ioctl(DISP_IOCTL_GET_DISPLAY_CAPS):602>>  
06-04 07:34:36.376   703   703 E hwcomposer: [SWWatchDog] [SW_WDT] delAnchor: the anchor(0) is not in the pool  
06-04 07:34:36.376   703   703 W RefBase : CallStack::getCurrentInternal not linked, returning null
06-04 07:34:36.376   703   703 W RefBase : CallStack::logStackInternal not linked
06-04 07:34:36.376   805   805 I libPerfCtl: xgfGetCmd ioctl_ret:-1
06-04 07:34:36.382   699   699 I HidlServiceManagement: Registered android.hardware.bluetooth.audio@2.1::IBluetoothAudioProvidersFactory/default
06-04 07:34:36.383   699   699 I LegacySupport: Registration complete for android.hardware.bluetooth.audio@2.1::IBluetoothAudioProvidersFactory/default.
