06-04 07:34:35.621   707   707 E SensorSaved: settings file(/mnt/vendor/nvcfg/sensor/mag_bias.json) open failed: -2 (No such file or directory)
06-04 07:34:35.621   707   707 I Magnetic: read bias: [0.000000, 0.000000, 0.000000]
06-04 07:34:35.621   707   707 E SensorSaved: settings file(/mnt/vendor/nvcfg/sensor/mag_cali.json) open failed: -2 (No such file or directory)
06-04 07:34:35.621   707   707 I Magnetic: read cali parameter: [0, 0, 0, 0, 0, 0]
06-04 07:34:35.621   707   707 E Magnetic: no cali attr
06-04 07:34:35.621   707   707 I VendorInterface: VendorInterface constructor.
06-04 07:34:35.621   707   707 E VendorInterface: open vendor libinfo fail
06-04 07:34:35.621   707   707 I Proximity: read div buf(/sys/class/sensor/m_ps_misc/psactive), mdiv 100
06-04 07:34:35.621   707   707 E SensorSaved: settings file(/mnt/vendor/nvcfg/sensor/ps_cali.json) open failed: -2 (No such file or directory)
06-04 07:34:35.621   707   707 I Proximity: read cali [high, low]: [0, 0]
06-04 07:34:35.623   707   707 I Light   : read div buf(/sys/class/sensor/m_als_misc/alsactive),mdiv 100
06-04 07:34:35.624   707   707 E SensorSaved: settings file(/mnt/vendor/nvcfg/sensor/als_cali.json) open failed: -2 (No such file or directory)
06-04 07:34:35.624   707   707 I Light   : read alsCali: [0]
06-04 07:34:35.628   707   707 E SensorEventReader: couldn't find device path=/dev/m_baro_misc
06-04 07:34:35.628   707   707 E Pressure: couldn't find sensor device
06-04 07:34:35.628   707   707 E SensorEventReader: couldn't find device path=/dev/m_hmdy_misc
06-04 07:34:35.628   707   707 E HUMIDITY: couldn't find sensor device
06-04 07:34:35.629   707   707 I StepRecognize: read div buf(/sys/class/sensor/m_step_c_misc/step_cactive)
06-04 07:34:35.629   707   707 I StepRecognize: mdiv 0
06-04 07:34:35.629   707   707 E SensorEventReader: couldn't find device path=/dev/m_pedo_misc
06-04 07:34:35.629   707   707 E Pedometer: open misc path /sys/class/sensor/m_pedo_misc/pedoactive fail
06-04 07:34:35.629   707   707 E SensorEventReader: couldn't find device path=/dev/m_act_misc
06-04 07:34:35.629   707   707 E Activity: couldn't find sensor device
06-04 07:34:35.630   707   707 E SensorEventReader: couldn't find device path=/dev/m_fusion_misc
06-04 07:34:35.630   707   707 E ScpFusion: open fusion misc path /sys/class/sensor/m_fusion_misc/fusionactive fail 
06-04 07:34:35.631   707   707 E SensorEventReader: couldn't find device path=/dev/m_bio_misc
06-04 07:34:35.633   707   707 I mtkSubHal: HIDL mediatek subhal 2.x load sensor module success.
06-04 07:34:35.637   707   707 I HidlServiceManagement: Registered android.hardware.sensors@2.0::ISensors/default
06-04 07:34:35.637   707   707 I HidlServiceManagement: Removing namespace from process name android.hardware.sensors@2.0-service.multihal-mediatek to sensors@2.0-service.multihal-mediatek.
--------- beginning of radio
06-04 07:34:35.672   739   739 I terservice: [terserver] service not enabled. exit.
06-04 07:34:35.690   729   729 I credstore: Registered binder service
06-04 07:34:35.691   740   740 W MTK_FG_FUEL: fd < 0, init first!
06-04 07:34:35.692   740   740 W MTK_FG_FUEL: init failed, return!
06-04 07:34:35.745   745   745 I ccci_rpcd: [open_rpc_device] dev_name: /dev/ccci_rpc
06-04 07:34:35.745   745   745 E ccci_rpcd: /dev/ccci_rpc open fail (2)
06-04 07:34:35.746   745   745 E ccci_rpcd: /dev/ccci_rpc not exists..
06-04 07:34:35.749   743   743 E ccci_mdinit: (1):main, fail to open ccci_dump, err(No such file or directory)
06-04 07:34:35.749   712   712 E mtk-hidl-service: Threadpool start run process!
06-04 07:34:35.753   712   753 I mtk-hidl-service: mtkHidlService - data:0x0
06-04 07:34:35.756   743   743 E ccci_mdinit: (1):Open ccci kernel setting file fail, exit
06-04 07:34:35.760   411   411 I hwservicemanager: getTransport: Cannot find entry android.hardware.memtrack@1.0::IMemtrack/default in either framework or device VINTF manifest.
06-04 07:34:35.764   750   750 I TeeMcDaemon: Registry search paths: [vendor/mediatek/proprietary/trustzone/trustonic/source/external/mobicore/common/500/Daemon/src/MobiCoreDriverDaemon.cpp:227]
06-04 07:34:35.765   750   750 I TeeMcDaemon:   /data/vendor/mcRegistry [vendor/mediatek/proprietary/trustzone/trustonic/source/external/mobicore/common/500/Daemon/src/MobiCoreDriverDaemon.cpp:229]
06-04 07:34:35.765   750   750 I TeeMcDaemon:   /vendor/app/mcRegistry [vendor/mediatek/proprietary/trustzone/trustonic/source/external/mobicore/common/500/Daemon/src/MobiCoreDriverDaemon.cpp:229]
06-04 07:34:35.765   750   750 I TeeMcDaemon:   /system/app/mcRegistry [vendor/mediatek/proprietary/trustzone/trustonic/source/external/mobicore/common/500/Daemon/src/MobiCoreDriverDaemon.cpp:229]
06-04 07:34:35.765   750   750 I TeeMcDaemon: Initialise Secure World [vendor/mediatek/proprietary/trustzone/trustonic/source/external/mobicore/common/500/Daemon/src/MobiCoreDriverDaemon.cpp:259]
06-04 07:34:35.765   750   750 I TeeMcDaemon: driver version: v8.3 [vendor/mediatek/proprietary/trustzone/trustonic/source/external/mobicore/common/500/Daemon/src/SecureWorld.cpp:223]
06-04 07:34:35.765   750   750 I TeeMcDaemon: driver version: v8.3 [vendor/mediatek/proprietary/trustzone/trustonic/source/external/mobicore/common/500/ClientLib/src/driver.cpp:104]
06-04 07:34:35.765   750   750 I TeeMcDaemon: driver open [vendor/mediatek/proprietary/trustzone/trustonic/source/external/mobicore/common/500/ClientLib/src/driver.cpp:109]
06-04 07:34:35.765   750   750 I TeeMcDaemon: driver closed [vendor/mediatek/proprietary/trustzone/trustonic/source/external/mobicore/common/500/ClientLib/src/driver.cpp:120]
06-04 07:34:35.765   750   750 I TeeMcDaemon: TEE is ready, version: t-base-MTK-A64-Android-500a-V009-20210919_233904_29714_105404 [vendor/mediatek/proprietary/trustzone/trustonic/source/external/mobicore/common/500/Daemon/src/SecureWorld.cpp:287]
06-04 07:34:35.765   750   750 I TeeMcDaemon: Load decryption key [vendor/mediatek/proprietary/trustzone/trustonic/source/external/mobicore/common/500/Daemon/src/MobiCoreDriverDaemon.cpp:269]
06-04 07:34:35.765   750   750 W TeeMcDaemon: Cannot open key SO  (No such file or directory) [vendor/mediatek/proprietary/trustzone/trustonic/source/external/mobicore/common/500/Daemon/src/SecureWorld.cpp:445]
06-04 07:34:35.765   750   750 W TeeMcDaemon: key decryption  missing, ignore [vendor/mediatek/proprietary/trustzone/trustonic/source/external/mobicore/common/500/Daemon/src/MobiCoreDriverDaemon.cpp:275]
06-04 07:34:35.765   750   750 I TeeMcDaemon: t-base-MTK-A64-Android-500a-V009-20210919_233904_29714_105404 [vendor/mediatek/proprietary/trustzone/trustonic/source/external/mobicore/common/500/Daemon/src/MobiCoreDriverDaemon.cpp:296]
06-04 07:34:35.766   750   750 I TeeMcDaemon: Specific partition path used for Store_1.tf, stored in /mnt/vendor/persist/mcRegistry [vendor/mediatek/proprietary/trustzone/trustonic/source/external/mobicore/common/500/Daemon/src/FSD2.cpp:381]
06-04 07:34:35.766   750   750 I TeeMcDaemon: Start services [vendor/mediatek/proprietary/trustzone/trustonic/source/external/mobicore/common/500/Daemon/src/MobiCoreDriverDaemon.cpp:318]
06-04 07:34:35.766   750   750 I TeeMcDaemon: * start secure world interface [vendor/mediatek/proprietary/trustzone/trustonic/source/external/mobicore/common/500/Daemon/src/MobiCoreDriverDaemon.cpp:322]
06-04 07:34:35.768   750   750 I TeeMcDaemon: * start filesystem [vendor/mediatek/proprietary/trustzone/trustonic/source/external/mobicore/common/500/Daemon/src/MobiCoreDriverDaemon.cpp:322]
06-04 07:34:35.768   750   750 I TeeMcDaemon: driver version: v8.3 [vendor/mediatek/proprietary/trustzone/trustonic/source/external/mobicore/common/500/ClientLib/src/driver.cpp:104]
06-04 07:34:35.768   750   750 I TeeMcDaemon: driver open [vendor/mediatek/proprietary/trustzone/trustonic/source/external/mobicore/common/500/ClientLib/src/driver.cpp:109]
06-04 07:34:35.769   750   754 I TeeMcDaemon: Start listening to secure world [vendor/mediatek/proprietary/trustzone/trustonic/source/external/mobicore/common/500/Daemon/src/SecureWorld.cpp:507]
06-04 07:34:35.771   712   753 E LegacySupport: Could not get passthrough implementation for android.hardware.memtrack@1.0::IMemtrack/default.
06-04 07:34:35.772   712   753 E mtk-hidl-service: Err 1 while registering IMemtrack
06-04 07:34:35.784   747   747 I auditd  : type=1400 audit(0.0:21): avc:  denied  { search } for  comm="nvram_daemon" name="android" dev="sysfs" ino=38 scontext=u:r:nvram_daemon:s0 tcontext=u:object_r:sysfs_dt_firmware_android:s0 tclass=dir permissive=0
06-04 07:34:35.784   747   747 W nvram_daemon: type=1400 audit(0.0:21): avc:  denied  { search } for  name="android" dev="sysfs" ino=38 scontext=u:r:nvram_daemon:s0 tcontext=u:object_r:sysfs_dt_firmware_android:s0 tclass=dir permissive=0
06-04 07:34:35.784   747   747 I auditd  : type=1400 audit(0.0:22): avc:  denied  { search } for  comm="nvram_daemon" name="android" dev="sysfs" ino=38 scontext=u:r:nvram_daemon:s0 tcontext=u:object_r:sysfs_dt_firmware_android:s0 tclass=dir permissive=0
06-04 07:34:35.784   747   747 W nvram_daemon: type=1400 audit(0.0:22): avc:  denied  { search } for  name="android" dev="sysfs" ino=38 scontext=u:r:nvram_daemon:s0 tcontext=u:object_r:sysfs_dt_firmware_android:s0 tclass=dir permissive=0
06-04 07:34:35.784   747   747 I auditd  : type=1400 audit(0.0:23): avc:  denied  { search } for  comm="nvram_daemon" name="android" dev="sysfs" ino=38 scontext=u:r:nvram_daemon:s0 tcontext=u:object_r:sysfs_dt_firmware_android:s0 tclass=dir permissive=0
06-04 07:34:35.784   747   747 W nvram_daemon: type=1400 audit(0.0:23): avc:  denied  { search } for  name="android" dev="sysfs" ino=38 scontext=u:r:nvram_daemon:s0 tcontext=u:object_r:sysfs_dt_firmware_android:s0 tclass=dir permissive=0
06-04 07:34:35.793   712   753 W merged_hal_service: ThermalHelper:tz_map_version 1
06-04 07:34:35.794   712   753 I merged_hal_service: ThermalWatcherThread started
06-04 07:34:35.795   750   754 W TeeMcDaemon: Cannot open trustlet /data/vendor/mcRegistry/07150000000000000000000000000000.tlbin (No such file or directory) [vendor/mediatek/proprietary/trustzone/trustonic/source/external/mobicore/common/500/Daemon/src/SecureWorld.cpp:114]
06-04 07:34:35.788   747   747 I auditd  : type=1400 audit(0.0:24): avc:  denied  { search } for  comm="nvram_daemon" name="android" dev="sysfs" ino=38 scontext=u:r:nvram_daemon:s0 tcontext=u:object_r:sysfs_dt_firmware_android:s0 tclass=dir permissive=0
06-04 07:34:35.788   747   747 W nvram_daemon: type=1400 audit(0.0:24): avc:  denied  { search } for  name="android" dev="sysfs" ino=38 scontext=u:r:nvram_daemon:s0 tcontext=u:object_r:sysfs_dt_firmware_android:s0 tclass=dir permissive=0
06-04 07:34:35.820   699   699 I mtkaudiohalservice: register interface = android.hardware.audio@7.0::IDevicesFactory
06-04 07:34:35.826   712   753 I HidlServiceManagement: Registered android.hardware.thermal@2.0::IThermal/default
06-04 07:34:35.827   712   753 I LegacySupport: Registration complete for android.hardware.thermal@2.0::IThermal/default.
06-04 07:34:35.832   411   411 I hwservicemanager: getTransport: Cannot find entry android.hardware.graphics.allocator@2.0::IAllocator/default in either framework or device VINTF manifest.
06-04 07:34:35.833   712   753 E LegacySupport: Could not get passthrough implementation for android.hardware.graphics.allocator@2.0::IAllocator/default.
06-04 07:34:35.833   712   753 E mtk-hidl-service: Err 1 while registering IAllocator
06-04 07:34:35.834   712   753 E AidlGnss: [12.03] aidl_gnss_main: AIDL Gnss start registering service
06-04 07:34:35.834   712   753 E AidlGnss: [12.03] AidlGnss: AidlGnss constructor
06-04 07:34:35.835   714   726 I mtkpower@impl: [load_api] libpowerhal_SetScnCallback done
06-04 07:34:35.808   322   322 I auditd  : type=1400 audit(0.0:25): avc:  denied  { write } for  comm="init" name="dirty_writeback_centisecs" dev="proc" ino=12538 scontext=u:r:vendor_init:s0 tcontext=u:object_r:proc:s0 tclass=file permissive=0
06-04 07:34:35.808   322   322 W init    : type=1400 audit(0.0:25): avc:  denied  { write } for  name="dirty_writeback_centisecs" dev="proc" ino=12538 scontext=u:r:vendor_init:s0 tcontext=u:object_r:proc:s0 tclass=file permissive=0
06-04 07:34:35.838   714   726 I libPowerHal: perfservice ver:11.0
06-04 07:34:35.841   714   726 I libPowerHal: FBE feature is open, waiting for decrypt done
06-04 07:34:35.841   714   726 I libPowerHal: check_vendor_partition done
06-04 07:34:35.842   714   726 I libPowerHal: checkDrvSupport - perfmgr:1/0, ppm:1, ppmAll:1, acao:1, hmp:1, sysfs:1, dvfs:1, turbo:0
06-04 07:34:35.842   714   726 I libPowerHal: getCputopoInfo - cpuNum:8, cluster:2, cputopoCluster:2
06-04 07:34:35.843   714   726 I libPowerHal: [cluster 0]: cpu:4, first:0, freq count:16, max_freq:2301000
06-04 07:34:35.843   714   726 I libPowerHal:   0: 900000
06-04 07:34:35.843   714   726 I libPowerHal:   15: 2301000
06-04 07:34:35.843   714   726 I libPowerHal: [cluster 1]: cpu:4, first:4, freq count:16, max_freq:1800000
06-04 07:34:35.843   714   726 I libPowerHal:   0: 400000
06-04 07:34:35.843   714   726 I libPowerHal:   15: 1800000
06-04 07:34:35.843   714   726 I libPowerHal: nGpuFreqCount:3
06-04 07:34:35.843   714   726 I libPowerHal: [init] HintRscList_init
06-04 07:34:35.845   714   726 I libPowerHal: PowerScnTbl.size: 47
06-04 07:34:35.846   714   726 E libPowerHal: can't find app list file
06-04 07:34:35.848   701   701 I HidlServiceManagement: Registered android.hardware.graphics.allocator@4.0::IAllocator/default
06-04 07:34:35.849   701   701 I HidlServiceManagement: Removing namespace from process name android.hardware.graphics.allocator@4.0-service-mediatek to allocator@4.0-service-mediatek.
06-04 07:34:35.854   465   465 I wmt_loader: Can't open device node(/dev/wmtdetect) count(31)
06-04 07:34:35.865   466   466 I wmt_launcher: get property(vendor.connsys.driver.ready) is no
06-04 07:34:35.889   714   726 I libPowerHal: update_activity_whitelist_table: load powerhal CusScnTable config succeed!
06-04 07:34:35.891   712   753 E merged_hal_service: safe_sendto: safe_sendto() sendto() failed path=[mtk_hal2mnl] ret=-1 reason=[Connection refused]111
06-04 07:34:35.891   712   753 E merged_hal_service: gps_device__get_gps_interface: hal2mnl_hal_reboot failed because of safe_sendto fail ,strerror:Connection refused 
06-04 07:34:35.891   712   753 E AidlGnss: [12.03] AidlGnss: Successfully get GPS HAL iface
06-04 07:34:35.891   712   753 E AidlGnss: [12.03] AidlGnss: Successfully get Aidl Gnss interface from GPS HAL
06-04 07:34:35.891   714   726 I libPowerHal: [update_activity_whitelist_table] total activity num :27
06-04 07:34:35.891   714   726 I libPowerHal: [init] nPackNum:27
06-04 07:34:35.891   714   726 I libPowerHal: access of (null) failed 1: No such file or directory
06-04 07:34:35.891   750   754 W TeeMcDaemon: Cannot open trustlet /data/vendor/mcRegistry/07050501000000000000000000000020.tlbin (No such file or directory) [vendor/mediatek/proprietary/trustzone/trustonic/source/external/mobicore/common/500/Daemon/src/SecureWorld.cpp:114]
06-04 07:34:35.903   714   726 I libPowerHal: loadConTable: load powerhal ConTable config succeed!
06-04 07:34:35.904   750   750 I TeeMcDaemon: * start endorsement installer [vendor/mediatek/proprietary/trustzone/trustonic/source/external/mobicore/common/500/Daemon/src/MobiCoreDriverDaemon.cpp:322]
06-04 07:34:35.905   750   750 I TeeMcDaemon: * start registry server [vendor/mediatek/proprietary/trustzone/trustonic/source/external/mobicore/common/500/Daemon/src/MobiCoreDriverDaemon.cpp:322]
06-04 07:34:35.905   714   726 E libPowerHal: PERF_RES_DRAM_CM_MGR cannot access!!!!
06-04 07:34:35.905   714   726 E libPowerHal: PERF_RES_NET_WIFI_CAM cannot access!!!!
06-04 07:34:35.905   714   726 E libPowerHal: Could not open '/proc/net/wlan/setCAM'
06-04 07:34:35.905   714   726 E libPowerHal: PERF_RES_FPS_FPSGO_STOP_BOOST cannot access!!!!
06-04 07:34:35.905   750   750 I TeeMcDaemon: * start debug session [vendor/mediatek/proprietary/trustzone/trustonic/source/external/mobicore/common/500/Daemon/src/MobiCoreDriverDaemon.cpp:322]
06-04 07:34:35.905   714   726 E libPowerHal: PERF_RES_PERF_TASK_TURBO cannot access!!!!
06-04 07:34:35.905   714   726 I libPowerHal: [update_default_core_min] cid:0 min:4 max:4
06-04 07:34:35.905   714   726 I libPowerHal: [update_default_core_min] cid:1 min:2 max:4
06-04 07:34:35.908   750   770 I TeeMcDaemon: run: Start listening for request from STH2 [vendor/mediatek/proprietary/trustzone/trustonic/source/external/mobicore/common/500/Daemon/src/FSD2.cpp:484]
06-04 07:34:35.909   750   771 I TeeEndorsementInstaller: Starting endorsement installer thread [vendor/mediatek/proprietary/trustzone/trustonic/source/external/mobicore/common/500/Daemon/src/EndorsementInstaller.cpp:85]
06-04 07:34:35.909   750   772 I TeeMcDaemon: run: Starting server [vendor/mediatek/proprietary/trustzone/trustonic/source/external/mobicore/common/500/Daemon/src/RegistryServer.cpp:207]
06-04 07:34:35.915   750   754 W TeeMcDaemon: Cannot open trustlet /data/vendor/mcRegistry/08050500000000000000000000000000.tlbin (No such file or directory) [vendor/mediatek/proprietary/trustzone/trustonic/source/external/mobicore/common/500/Daemon/src/SecureWorld.cpp:114]
06-04 07:34:35.919   714   726 I libPowerHal: [init] loadRscTable:100
06-04 07:34:35.919   714   726 I libPowerHal: [init] loadRscTable:100 memset
06-04 07:34:35.919   714   726 I libPowerHal: [reset_thermal_policy] 
06-04 07:34:35.919   714   726 I libPowerHal: [reset_thermal_policy] skip
06-04 07:34:35.925   700   700 I TeeSysClient: driver closed [vendor/mediatek/proprietary/trustzone/trustonic/source/external/mobicore/common/500/ClientLib/src/driver.cpp:120]
06-04 07:34:35.926   712   753 E AidlGnss: [12.03] aidl_gnss_main: AIDL Gnss successfully register service: android.hardware.gnss.IGnss/default
06-04 07:34:35.932   700   700 I HidlServiceManagement: Registered android.hardware.gatekeeper@1.0::IGatekeeper/default
06-04 07:34:35.932   700   700 I HidlServiceManagement: Removing namespace from process name android.hardware.gatekeeper@1.0-service to gatekeeper@1.0-service.
06-04 07:34:35.933   700   700 I LegacySupport: Registration complete for android.hardware.gatekeeper@1.0::IGatekeeper/default.
06-04 07:34:35.938   750   750 E TeeMcDaemon: mcOpenSession returned INVALID_OPERATION (rc 0x9) [vendor/mediatek/proprietary/trustzone/trustonic/source/external/mobicore/common/500/ClientLib/src/native_interface.cpp:604]
06-04 07:34:35.938   750   750 W TeeMcDaemon: Tci buffer might be too short, trying again with new size sent by SWd (size = 911548 bytes) [vendor/mediatek/proprietary/trustzone/trustonic/source/external/mobicore/common/500/Daemon/src/DebugSession.cpp:104]
06-04 07:34:35.940   750   754 W TeeMcDaemon: Cannot open trustlet /data/vendor/mcRegistry/08050500000000000000000000000000.tlbin (No such file or directory) [vendor/mediatek/proprietary/trustzone/trustonic/source/external/mobicore/common/500/Daemon/src/SecureWorld.cpp:114]
06-04 07:34:35.945   750   750 I TeeMcDaemon: session opened [vendor/mediatek/proprietary/trustzone/trustonic/source/external/mobicore/common/500/Daemon/src/DebugSession.cpp:125]
06-04 07:34:35.945   750   750 I TeeMcDaemon: Load secure drivers [vendor/mediatek/proprietary/trustzone/trustonic/source/external/mobicore/common/500/Daemon/src/MobiCoreDriverDaemon.cpp:335]
06-04 07:34:35.945   750   750 I TeeMcDaemon: * loading /vendor/app/mcRegistry/06090000000000000000000000000000.drbin [vendor/mediatek/proprietary/trustzone/trustonic/source/external/mobicore/common/500/Daemon/src/MobiCoreDriverDaemon.cpp:338]
06-04 07:34:35.972   714   726 I libPowerHal: [fbc_touch_init] nFbcSupport:1
06-04 07:34:35.973   714   726 I libPowerHal: [get_cpu_dma_latency_value] 0
06-04 07:34:35.976     1     1 I auditd  : type=1107 audit(0.0:26): uid=0 auid=4294967295 ses=4294967295 subj=u:r:init:s0 msg='avc:  denied  { set } for property=vendor.powerhal.gpu.acp.hint pid=714 uid=0 gid=1000 scontext=u:r:mtk_hal_power:s0 tcontext=u:object_r:vendor_mtk_powerhal_gpu_prop:s0 tclass=property_service permissive=0'
06-04 07:34:35.976     1     1 W /system/bin/init: type=1107 audit(0.0:26): uid=0 auid=4294967295 ses=4294967295 subj=u:r:init:s0 msg='avc:  denied  { set } for property=vendor.powerhal.gpu.acp.hint pid=714 uid=0 gid=1000 scontext=u:r:mtk_hal_power:s0 tcontext=u:object_r:vendor_mtk_powerhal_gpu_prop:s0 tclass=property_service permissive=0'
06-04 07:34:35.982   712   753 E merged_hal_service: safe_sendto: safe_sendto() sendto() failed path=[mtk_hal2mnl] ret=-1 reason=[Connection refused]111
06-04 07:34:35.983   712   753 E merged_hal_service: gps_device__get_gps_interface: hal2mnl_hal_reboot failed because of safe_sendto fail ,strerror:Connection refused 
06-04 07:34:35.985   712   753 I HidlServiceManagement: Registered android.hardware.gnss@2.1::IGnss/default
06-04 07:34:35.985   712   753 I LegacySupport: Registration complete for android.hardware.gnss@2.1::IGnss/default.
06-04 07:34:35.987   712   753 I HidlServiceManagement: Registered vendor.mediatek.hardware.lbs@1.0::ILbs/mtk_lppe_socket_agps
06-04 07:34:35.987   714   726 W libc    : Unable to set property "vendor.powerhal.gpu.acp.hint" to "": error code: 0x18
06-04 07:34:35.988   712   753 I HidlServiceManagement: Registered vendor.mediatek.hardware.lbs@1.0::ILbs/mtk_lppe_socket_wlan
06-04 07:34:35.988   714   726 I libPowerHal: [init] updateScnListfromwhitelist
06-04 07:34:35.989   712   753 I HidlServiceManagement: Registered vendor.mediatek.hardware.lbs@1.0::ILbs/mtk_lppe_socket_bt
06-04 07:34:35.989   714   726 I libPowerHal: cmdSetting - unknown cmd:ffffffff, scmd:PERF_RES_FPS_FSTB_FPS_LOWER ,param_1:60
06-04 07:34:35.989   714   726 I libPowerHal: cmdSetting - unknown cmd:ffffffff, scmd:PERF_RES_FPS_FSTB_FPS_UPPER ,param_1:60
06-04 07:34:35.989   712   753 I HidlServiceManagement: Registered vendor.mediatek.hardware.lbs@1.0::ILbs/mtk_lppe_socket_sensor
06-04 07:34:35.989   714   726 I libPowerHal: [init] perfservice_xmlparse_freeList
06-04 07:34:35.989   714   726 I libPowerHal: [init] nUserScnBase:0
06-04 07:34:35.990   712   753 I HidlServiceManagement: Registered vendor.mediatek.hardware.lbs@1.0::ILbs/mtk_lppe_socket_network
06-04 07:34:35.991   712   753 I HidlServiceManagement: Registered vendor.mediatek.hardware.lbs@1.0::ILbs/mtk_lppe_socket_ipaddr
06-04 07:34:35.992   712   753 I HidlServiceManagement: Registered vendor.mediatek.hardware.lbs@1.0::ILbs/mtk_lppe_socket_lbs
06-04 07:34:35.993   712   753 I HidlServiceManagement: Registered vendor.mediatek.hardware.lbs@1.0::ILbs/mtk_framework2agps
06-04 07:34:35.994   712   753 I HidlServiceManagement: Registered vendor.mediatek.hardware.lbs@1.0::ILbs/mtk_agps2framework
06-04 07:34:35.994   712   753 I HidlServiceManagement: Registered vendor.mediatek.hardware.lbs@1.0::ILbs/mtk_mnld2nlputils
06-04 07:34:35.996   712   753 I HidlServiceManagement: Registered vendor.mediatek.hardware.lbs@1.0::ILbs/mtk_mnld2debugService
06-04 07:34:35.999   714   726 I libPowerHal: [init] updateCusScnTable:/vendor/etc/powerscntbl.xml
06-04 07:34:36.000   712   753 I HidlServiceManagement: Registered vendor.mediatek.hardware.lbs@1.0::ILbs/mtk_debugService2mnld
06-04 07:34:36.001   712   753 I HidlServiceManagement: Registered vendor.mediatek.hardware.lbs@1.0::ILbs/mtk_meta2mnld
06-04 07:34:36.002   712   753 I HidlServiceManagement: Registered vendor.mediatek.hardware.lbs@1.0::ILbs/mtk_agpsd2debugService
06-04 07:34:36.003   712   753 I HidlServiceManagement: Registered vendor.mediatek.hardware.lbs@1.0::ILbs/mtk_debugService2agpsd
06-04 07:34:36.004   712   753 I HidlServiceManagement: Registered vendor.mediatek.hardware.lbs@1.0::ILbs/AgpsInterface
06-04 07:34:36.005   712   753 I HidlServiceManagement: Registered vendor.mediatek.hardware.lbs@1.0::ILbs/AgpsDebugInterface
06-04 07:34:36.006   712   753 I HidlServiceManagement: Registered vendor.mediatek.hardware.lbs@1.0::ILbs/mtk_mnld2mtklogger
06-04 07:34:36.007   712   753 I HidlServiceManagement: Registered vendor.mediatek.hardware.lbs@1.0::ILbs/mtk_mtklogger2mnld
06-04 07:34:36.009   712   753 I HidlServiceManagement: Registered vendor.mediatek.hardware.lbs@1.0::ILbs/mtk_lbs_log_v2s
06-04 07:34:36.009   747   781 E HWMLIB  : gyroscope_open: Couldn't find or open file sensor (No such file or directory)
06-04 07:34:36.017   714   726 I libPowerHal: updateCusScnTable: load powerhal CusScnTable config succeed!
06-04 07:34:36.017   714   726 E libPowerHal: input parameter exceed reasonable range c14000 2 1 0
06-04 07:34:36.017   714   726 E libPowerHal: input parameter exceed reasonable range c0c500 2 1 0
06-04 07:34:36.018   714   726 I libPowerHal: cmdSetting - unknown cmd:ffffffff, scmd:PERF_RES_SCHED_CACHE_AUDIT ,param_1:1
06-04 07:34:36.018   714   726 I libPowerHal: cmdSetting - unknown cmd:ffffffff, scmd:PERF_RES_SCHED_CACHE_AUDIT ,param_1:1
06-04 07:34:36.018   714   726 I libPowerHal: cmdSetting - unknown cmd:ffffffff, scmd:PERF_RES_SCHED_CACHE_AUDIT ,param_1:1
06-04 07:34:36.020   714   726 I libPowerHal: [load_fbc_api] load fbc successfully
06-04 07:34:36.020   714   726 I libPowerHal: [init] isFbcSupport 1
06-04 07:34:36.020   714   726 I libPowerHal: [init] Disable PowerHAL API during boot time.
06-04 07:34:36.021   714   789 I libPowerHal_boot: [mtkPowerBootHandler] boot boost, 0x0
06-04 07:34:36.021   714   726 I mtkpower@1.0-service: mtkPowerService register IPower
06-04 07:34:36.023   699   699 I HidlServiceManagement: Registered android.hardware.audio@7.0::IDevicesFactory/default
06-04 07:34:36.025   699   699 I HidlServiceManagement: Removing namespace from process name android.hardware.audio.service.mediatek to audio.service.mediatek.
06-04 07:34:36.025   699   699 I LegacySupport: Registration complete for android.hardware.audio@7.0::IDevicesFactory/default.
06-04 07:34:36.030   411   411 W hwservicemanager: Detected instance of android.hardware.audio@7.0::IDevicesFactory (pid: 699) registering over instance of or with base of android.hardware.audio@7.0::IDevicesFactory (pid: 699).
06-04 07:34:36.031   411   411 I hw-BpHwBinder: onLastStrongRef automatically unlinking death recipients
06-04 07:34:36.031   699   699 I HidlServiceManagement: Registered android.hardware.audio@7.0::IDevicesFactory/default
06-04 07:34:36.032   699   699 I HidlServiceManagement: Removing namespace from process name android.hardware.audio.service.mediatek to audio.service.mediatek.
06-04 07:34:36.032   699   699 I LegacySupport: Registration complete for android.hardware.audio@7.0::IDevicesFactory/default.
06-04 07:34:36.032   699   699 I mtkaudiohalservice: register interface = android.hardware.audio@6.0::IDevicesFactory
06-04 07:34:36.033   411   411 I hwservicemanager: getTransport: Cannot find entry android.hardware.audio@6.0::IDevicesFactory/default in either framework or device VINTF manifest.
06-04 07:34:36.044   714   726 I mtkpower@1.0-service: mtkPowerService joinRpcThreadpool
06-04 07:34:36.045   714   725 I HidlServiceManagement: Registered vendor.mediatek.hardware.mtkpower@1.2::IMtkPower/default
06-04 07:34:36.046   714   725 I HidlServiceManagement: Removing namespace from process name vendor.mediatek.hardware.mtkpower@1.0-service to mtkpower@1.0-service.
06-04 07:34:36.047   714   725 I LegacySupport: Registration complete for vendor.mediatek.hardware.mtkpower@1.2::IMtkPower/default.
06-04 07:34:36.048   714   725 I mtkpower@1.0-service: mtkPowerService register IMtkPerf
06-04 07:34:36.054   714   725 I HidlServiceManagement: Registered vendor.mediatek.hardware.mtkpower@1.2::IMtkPerf/default
06-04 07:34:36.054   714   725 I HidlServiceManagement: Removing namespace from process name vendor.mediatek.hardware.mtkpower@1.0-service to mtkpower@1.0-service.
06-04 07:34:36.056   714   725 I LegacySupport: Registration complete for vendor.mediatek.hardware.mtkpower@1.2::IMtkPerf/default.
06-04 07:34:36.056   714   725 I mtkpower@1.0-service: mtkPowerService joinRpcThreadpool
06-04 07:34:36.079   750   770 I TeeMcDaemon: open: Open storage file "/mnt/vendor/persist/mcRegistry/Store_1.tf" [vendor/mediatek/proprietary/trustzone/trustonic/source/external/mobicore/common/500/Daemon/src/FSD2.cpp:182]
06-04 07:34:36.085   411   411 I hwservicemanager: getTransport: Cannot find entry android.hardware.audio@6.0::IDevicesFactory/default in either framework or device VINTF manifest.
06-04 07:34:36.086   699   699 E HidlServiceManagement: Service android.hardware.audio@6.0::IDevicesFactory/default must be in VINTF manifest in order to register/get.
06-04 07:34:36.086   699   699 E LegacySupport: Could not register service android.hardware.audio@6.0::IDevicesFactory/default (-2147483648).
06-04 07:34:36.087   411   411 I hwservicemanager: getTransport: Cannot find entry android.hardware.audio@6.0::IDevicesFactory/default in either framework or device VINTF manifest.
06-04 07:34:36.094   750   770 I TeeMcDaemon: open: storage file "/mnt/vendor/persist/mcRegistry/Store_1.tf" successfully open (size: 22 KB / 22528 B)) [vendor/mediatek/proprietary/trustzone/trustonic/source/external/mobicore/common/500/Daemon/src/FSD2.cpp:198]
06-04 07:34:36.095   411   411 I hwservicemanager: getTransport: Cannot find entry android.hardware.audio@6.0::IDevicesFactory/default in either framework or device VINTF manifest.
06-04 07:34:36.095   699   699 E HidlServiceManagement: Service android.hardware.audio@6.0::IDevicesFactory/default must be in VINTF manifest in order to register/get.
06-04 07:34:36.095   699   699 E LegacySupport: Could not register service android.hardware.audio@6.0::IDevicesFactory/default (-2147483648).
06-04 07:34:36.096   699   699 W mtkaudiohalservice: register interface = android.hardware.audio@6.0::IDevicesFactory fail!
06-04 07:34:36.096   699   699 I mtkaudiohalservice: register interface = android.hardware.audio.effect@7.0::IEffectsFactory
06-04 07:34:36.105   750   750 I TeeMcDaemon: * loading /vendor/app/mcRegistry/020f0000000000000000000000000000.drbin [vendor/mediatek/proprietary/trustzone/trustonic/source/external/mobicore/common/500/Daemon/src/MobiCoreDriverDaemon.cpp:338]
06-04 07:34:36.133   750   750 I TeeMcDaemon: * loading /vendor/app/mcRegistry/05120000000000000000000000000000.drbin [vendor/mediatek/proprietary/trustzone/trustonic/source/external/mobicore/common/500/Daemon/src/MobiCoreDriverDaemon.cpp:338]
06-04 07:34:36.135   794   794 E mtk_plpath_utils: Valid EMMC header EMMC
06-04 07:34:36.136   794   794 E mtk_plpath_utils: isEmmc = 1, pl_size: 4194304
06-04 07:34:36.139   794   794 I mtk_plpath_utils: create_dm dev: /dev/block/mmcblk0boot0, name pl_a, start 4, blks 8188
06-04 07:34:36.142   792   792 I gsid    : no DSU: No such file or directory
06-04 07:34:36.152   701   701 E IMGSRV  : :539: PVRSRVBridgeCall: Bridge call failed. sBridgePackage.ui32BridgeID:0x6, Function ID:0x2a errno 22 (Invalid argument).
06-04 07:34:36.153   701   701 E IMGSRV  : :554: PVRSRVBridgeCall: fd 6 read as /proc/self/fd/6 pointing to /dev/dri/renderD128.
06-04 07:34:36.153   701   701 E IMGSRV  : :4345: BridgeDevmemIntReserveRange2: compat_BridgeCall failed
06-04 07:34:36.159   465   465 I wmt_loader: Can't open device node(/dev/wmtdetect) count(32)
06-04 07:34:36.169   466   466 I wmt_launcher: get property(vendor.connsys.driver.ready) is no
06-04 07:34:36.174   701   701 E IMGSRV  : :539: PVRSRVBridgeCall: Bridge call failed. sBridgePackage.ui32BridgeID:0x6, Function ID:0x2c errno 22 (Invalid argument).
06-04 07:34:36.174   701   701 E IMGSRV  : :554: PVRSRVBridgeCall: fd 6 read as /proc/self/fd/6 pointing to /dev/dri/renderD128.
06-04 07:34:36.174   701   701 E IMGSRV  : :4549: BridgeDevmemIntMapPMR2: compat_BridgeCall failed
06-04 07:34:36.190   750   750 I TeeMcDaemon: * loading /vendor/app/mcRegistry/05120000000000000000000000000001.drbin [vendor/mediatek/proprietary/trustzone/trustonic/source/external/mobicore/common/500/Daemon/src/MobiCoreDriverDaemon.cpp:338]
06-04 07:34:36.191   750   750 W TeeMcDaemon: Cannot open trustlet /vendor/app/mcRegistry/05120000000000000000000000000001.drbin (No such file or directory) [vendor/mediatek/proprietary/trustzone/trustonic/source/external/mobicore/common/500/Daemon/src/SecureWorld.cpp:114]
06-04 07:34:36.191   750   750 W TeeMcDaemon: Driver /vendor/app/mcRegistry/05120000000000000000000000000001.drbin missing, ignore [vendor/mediatek/proprietary/trustzone/trustonic/source/external/mobicore/common/500/Daemon/src/MobiCoreDriverDaemon.cpp:348]
06-04 07:34:36.191   750   750 I TeeMcDaemon: * loading /vendor/app/mcRegistry/05160000000000000000000000000000.drbin [vendor/mediatek/proprietary/trustzone/trustonic/source/external/mobicore/common/500/Daemon/src/MobiCoreDriverDaemon.cpp:338]
06-04 07:34:36.191   750   750 W TeeMcDaemon: Cannot open trustlet /vendor/app/mcRegistry/05160000000000000000000000000000.drbin (No such file or directory) [vendor/mediatek/proprietary/trustzone/trustonic/source/external/mobicore/common/500/Daemon/src/SecureWorld.cpp:114]
06-04 07:34:36.191   750   750 W TeeMcDaemon: Driver /vendor/app/mcRegistry/05160000000000000000000000000000.drbin missing, ignore [vendor/mediatek/proprietary/trustzone/trustonic/source/external/mobicore/common/500/Daemon/src/MobiCoreDriverDaemon.cpp:348]
06-04 07:34:36.191   750   750 I TeeMcDaemon: * loading /vendor/app/mcRegistry/020b0000000000000000000000000000.drbin [vendor/mediatek/proprietary/trustzone/trustonic/source/external/mobicore/common/500/Daemon/src/MobiCoreDriverDaemon.cpp:338]
06-04 07:34:36.195   701   701 E IMGSRV  : :539: PVRSRVBridgeCall: Bridge call failed. sBridgePackage.ui32BridgeID:0x6, Function ID:0x2a errno 22 (Invalid argument).
06-04 07:34:36.195   701   701 E IMGSRV  : :554: PVRSRVBridgeCall: fd 6 read as /proc/self/fd/6 pointing to /dev/dri/renderD128.
06-04 07:34:36.195   701   701 E IMGSRV  : :4345: BridgeDevmemIntReserveRange2: compat_BridgeCall failed
06-04 07:34:36.208   750   750 I TeeMcDaemon: * loading /vendor/app/mcRegistry/05070000000000000000000000000000.drbin [vendor/mediatek/proprietary/trustzone/trustonic/source/external/mobicore/common/500/Daemon/src/MobiCoreDriverDaemon.cpp:338]
06-04 07:34:36.208   750   750 W TeeMcDaemon: Cannot open trustlet /vendor/app/mcRegistry/05070000000000000000000000000000.drbin (No such file or directory) [vendor/mediatek/proprietary/trustzone/trustonic/source/external/mobicore/common/500/Daemon/src/SecureWorld.cpp:114]
06-04 07:34:36.208   750   750 W TeeMcDaemon: Driver /vendor/app/mcRegistry/05070000000000000000000000000000.drbin missing, ignore [vendor/mediatek/proprietary/trustzone/trustonic/source/external/mobicore/common/500/Daemon/src/MobiCoreDriverDaemon.cpp:348]
06-04 07:34:36.208   750   750 I TeeMcDaemon: * loading /vendor/app/mcRegistry/030b0000000000000000000000000000.drbin [vendor/mediatek/proprietary/trustzone/trustonic/source/external/mobicore/common/500/Daemon/src/MobiCoreDriverDaemon.cpp:338]
06-04 07:34:36.213   794   794 I mtk_plpath_utils: Create /dev/block/dm-43 done
06-04 07:34:36.213   794   794 I mtk_plpath_utils: create_dm dev: /dev/block/mmcblk0boot1, name pl_b, start 4, blks 8188
06-04 07:34:36.217   701   701 E IMGSRV  : :539: PVRSRVBridgeCall: Bridge call failed. sBridgePackage.ui32BridgeID:0x6, Function ID:0x2c errno 22 (Invalid argument).
06-04 07:34:36.218   701   701 E IMGSRV  : :554: PVRSRVBridgeCall: fd 6 read as /proc/self/fd/6 pointing to /dev/dri/renderD128.
06-04 07:34:36.218   701   701 E IMGSRV  : :4549: BridgeDevmemIntMapPMR2: compat_BridgeCall failed
06-04 07:34:36.222   699   699 I HidlServiceManagement: Registered android.hardware.audio.effect@7.0::IEffectsFactory/default
06-04 07:34:36.223   699   699 I LegacySupport: Registration complete for android.hardware.audio.effect@7.0::IEffectsFactory/default.
06-04 07:34:36.233   411   411 W hwservicemanager: Detected instance of android.hardware.audio.effect@7.0::IEffectsFactory (pid: 699) registering over instance of or with base of android.hardware.audio.effect@7.0::IEffectsFactory (pid: 699).
06-04 07:34:36.234   411   411 I hw-BpHwBinder: onLastStrongRef automatically unlinking death recipients
06-04 07:34:36.235   699   699 I HidlServiceManagement: Registered android.hardware.audio.effect@7.0::IEffectsFactory/default
06-04 07:34:36.235   699   699 I LegacySupport: Registration complete for android.hardware.audio.effect@7.0::IEffectsFactory/default.
06-04 07:34:36.235   699   699 I mtkaudiohalservice: register interface = android.hardware.audio.effect@6.0::IEffectsFactory
06-04 07:34:36.236   750   750 I TeeMcDaemon: * loading /vendor/app/mcRegistry/03100000000000000000000000000000.drbin [vendor/mediatek/proprietary/trustzone/trustonic/source/external/mobicore/common/500/Daemon/src/MobiCoreDriverDaemon.cpp:338]
06-04 07:34:36.236   750   750 W TeeMcDaemon: Cannot open trustlet /vendor/app/mcRegistry/03100000000000000000000000000000.drbin (No such file or directory) [vendor/mediatek/proprietary/trustzone/trustonic/source/external/mobicore/common/500/Daemon/src/SecureWorld.cpp:114]
06-04 07:34:36.236   750   750 W TeeMcDaemon: Driver /vendor/app/mcRegistry/03100000000000000000000000000000.drbin missing, ignore [vendor/mediatek/proprietary/trustzone/trustonic/source/external/mobicore/common/500/Daemon/src/MobiCoreDriverDaemon.cpp:348]
06-04 07:34:36.236   750   750 I TeeMcDaemon: * loading /vendor/app/mcRegistry/030c0000000000000000000000000000.drbin [vendor/mediatek/proprietary/trustzone/trustonic/source/external/mobicore/common/500/Daemon/src/MobiCoreDriverDaemon.cpp:338]
06-04 07:34:36.236   750   750 W TeeMcDaemon: Cannot open trustlet /vendor/app/mcRegistry/030c0000000000000000000000000000.drbin (No such file or directory) [vendor/mediatek/proprietary/trustzone/trustonic/source/external/mobicore/common/500/Daemon/src/SecureWorld.cpp:114]
06-04 07:34:36.236   750   750 W TeeMcDaemon: Driver /vendor/app/mcRegistry/030c0000000000000000000000000000.drbin missing, ignore [vendor/mediatek/proprietary/trustzone/trustonic/source/external/mobicore/common/500/Daemon/src/MobiCoreDriverDaemon.cpp:348]
06-04 07:34:36.236   750   750 I TeeMcDaemon: * loading /vendor/app/mcRegistry/031c0000000000000000000000000000.drbin [vendor/mediatek/proprietary/trustzone/trustonic/source/external/mobicore/common/500/Daemon/src/MobiCoreDriverDaemon.cpp:338]
06-04 07:34:36.236   750   750 W TeeMcDaemon: Cannot open trustlet /vendor/app/mcRegistry/031c0000000000000000000000000000.drbin (No such file or directory) [vendor/mediatek/proprietary/trustzone/trustonic/source/external/mobicore/common/500/Daemon/src/SecureWorld.cpp:114]
06-04 07:34:36.236   750   750 W TeeMcDaemon: Driver /vendor/app/mcRegistry/031c0000000000000000000000000000.drbin missing, ignore [vendor/mediatek/proprietary/trustzone/trustonic/source/external/mobicore/common/500/Daemon/src/MobiCoreDriverDaemon.cpp:348]
06-04 07:34:36.236   750   750 I TeeMcDaemon: * loading /vendor/app/mcRegistry/032c0000000000000000000000000000.drbin [vendor/mediatek/proprietary/trustzone/trustonic/source/external/mobicore/common/500/Daemon/src/MobiCoreDriverDaemon.cpp:338]
06-04 07:34:36.236   750   750 W TeeMcDaemon: Cannot open trustlet /vendor/app/mcRegistry/032c0000000000000000000000000000.drbin (No such file or directory) [vendor/mediatek/proprietary/trustzone/trustonic/source/external/mobicore/common/500/Daemon/src/SecureWorld.cpp:114]
06-04 07:34:36.236   750   750 W TeeMcDaemon: Driver /vendor/app/mcRegistry/032c0000000000000000000000000000.drbin missing, ignore [vendor/mediatek/proprietary/trustzone/trustonic/source/external/mobicore/common/500/Daemon/src/MobiCoreDriverDaemon.cpp:348]
06-04 07:34:36.236   750   750 I TeeMcDaemon: * loading /vendor/app/mcRegistry/033c0000000000000000000000000000.drbin [vendor/mediatek/proprietary/trustzone/trustonic/source/external/mobicore/common/500/Daemon/src/MobiCoreDriverDaemon.cpp:338]
06-04 07:34:36.236   750   750 W TeeMcDaemon: Cannot open trustlet /vendor/app/mcRegistry/033c0000000000000000000000000000.drbin (No such file or directory) [vendor/mediatek/proprietary/trustzone/trustonic/source/external/mobicore/common/500/Daemon/src/SecureWorld.cpp:114]
06-04 07:34:36.236   750   750 W TeeMcDaemon: Driver /vendor/app/mcRegistry/033c0000000000000000000000000000.drbin missing, ignore [vendor/mediatek/proprietary/trustzone/trustonic/source/external/mobicore/common/500/Daemon/src/MobiCoreDriverDaemon.cpp:348]
06-04 07:34:36.236   750   750 I TeeMcDaemon: * loading /vendor/app/mcRegistry/034c0000000000000000000000000000.drbin [vendor/mediatek/proprietary/trustzone/trustonic/source/external/mobicore/common/500/Daemon/src/MobiCoreDriverDaemon.cpp:338]
06-04 07:34:36.236   750   750 W TeeMcDaemon: Cannot open trustlet /vendor/app/mcRegistry/034c0000000000000000000000000000.drbin (No such file or directory) [vendor/mediatek/proprietary/trustzone/trustonic/source/external/mobicore/common/500/Daemon/src/SecureWorld.cpp:114]
06-04 07:34:36.236   750   750 W TeeMcDaemon: Driver /vendor/app/mcRegistry/034c0000000000000000000000000000.drbin missing, ignore [vendor/mediatek/proprietary/trustzone/trustonic/source/external/mobicore/common/500/Daemon/src/MobiCoreDriverDaemon.cpp:348]
06-04 07:34:36.236   750   750 I TeeMcDaemon: * loading /vendor/app/mcRegistry/035c0000000000000000000000000000.drbin [vendor/mediatek/proprietary/trustzone/trustonic/source/external/mobicore/common/500/Daemon/src/MobiCoreDriverDaemon.cpp:338]
06-04 07:34:36.236   411   411 I hwservicemanager: getTransport: Cannot find entry android.hardware.audio.effect@6.0::IEffectsFactory/default in either framework or device VINTF manifest.
06-04 07:34:36.236   750   750 W TeeMcDaemon: Cannot open trustlet /vendor/app/mcRegistry/035c0000000000000000000000000000.drbin (No such file or directory) [vendor/mediatek/proprietary/trustzone/trustonic/source/external/mobicore/common/500/Daemon/src/SecureWorld.cpp:114]
06-04 07:34:36.236   750   750 W TeeMcDaemon: Driver /vendor/app/mcRegistry/035c0000000000000000000000000000.drbin missing, ignore [vendor/mediatek/proprietary/trustzone/trustonic/source/external/mobicore/common/500/Daemon/src/MobiCoreDriverDaemon.cpp:348]
06-04 07:34:36.236   750   750 I TeeMcDaemon: * loading /vendor/app/mcRegistry/036c0000000000000000000000000000.drbin [vendor/mediatek/proprietary/trustzone/trustonic/source/external/mobicore/common/500/Daemon/src/MobiCoreDriverDaemon.cpp:338]
06-04 07:34:36.236   750   750 W TeeMcDaemon: Cannot open trustlet /vendor/app/mcRegistry/036c0000000000000000000000000000.drbin (No such file or directory) [vendor/mediatek/proprietary/trustzone/trustonic/source/external/mobicore/common/500/Daemon/src/SecureWorld.cpp:114]
06-04 07:34:36.236   750   750 W TeeMcDaemon: Driver /vendor/app/mcRegistry/036c0000000000000000000000000000.drbin missing, ignore [vendor/mediatek/proprietary/trustzone/trustonic/source/external/mobicore/common/500/Daemon/src/MobiCoreDriverDaemon.cpp:348]
06-04 07:34:36.236   750   750 I TeeMcDaemon: * loading /vendor/app/mcRegistry/037c0000000000000000000000000000.drbin [vendor/mediatek/proprietary/trustzone/trustonic/source/external/mobicore/common/500/Daemon/src/MobiCoreDriverDaemon.cpp:338]
06-04 07:34:36.236   750   750 W TeeMcDaemon: Cannot open trustlet /vendor/app/mcRegistry/037c0000000000000000000000000000.drbin (No such file or directory) [vendor/mediatek/proprietary/trustzone/trustonic/source/external/mobicore/common/500/Daemon/src/SecureWorld.cpp:114]
06-04 07:34:36.236   750   750 W TeeMcDaemon: Driver /vendor/app/mcRegistry/037c0000000000000000000000000000.drbin missing, ignore [vendor/mediatek/proprietary/trustzone/trustonic/source/external/mobicore/common/500/Daemon/src/MobiCoreDriverDaemon.cpp:348]
06-04 07:34:36.236   750   750 I TeeMcDaemon: * loading /vendor/app/mcRegistry/40188311faf343488db888ad39496f9a.drbin [vendor/mediatek/proprietary/trustzone/trustonic/source/external/mobicore/common/500/Daemon/src/MobiCoreDriverDaemon.cpp:338]
06-04 07:34:36.246   701   701 E IMGSRV  : :539: PVRSRVBridgeCall: Bridge call failed. sBridgePackage.ui32BridgeID:0x6, Function ID:0x2a errno 22 (Invalid argument).
06-04 07:34:36.246   701   701 E IMGSRV  : :554: PVRSRVBridgeCall: fd 6 read as /proc/self/fd/6 pointing to /dev/dri/renderD128.
06-04 07:34:36.246   701   701 E IMGSRV  : :4345: BridgeDevmemIntReserveRange2: compat_BridgeCall failed
06-04 07:34:36.256   750   750 I TeeMcDaemon: * loading /vendor/app/mcRegistry/090b0000000000000000000000000000.drbin [vendor/mediatek/proprietary/trustzone/trustonic/source/external/mobicore/common/500/Daemon/src/MobiCoreDriverDaemon.cpp:338]
06-04 07:34:36.256   750   750 W TeeMcDaemon: Cannot open trustlet /vendor/app/mcRegistry/090b0000000000000000000000000000.drbin (No such file or directory) [vendor/mediatek/proprietary/trustzone/trustonic/source/external/mobicore/common/500/Daemon/src/SecureWorld.cpp:114]
06-04 07:34:36.256   750   750 W TeeMcDaemon: Driver /vendor/app/mcRegistry/090b0000000000000000000000000000.drbin missing, ignore [vendor/mediatek/proprietary/trustzone/trustonic/source/external/mobicore/common/500/Daemon/src/MobiCoreDriverDaemon.cpp:348]
06-04 07:34:36.256   750   750 I TeeMcDaemon: * loading /vendor/app/mcRegistry/0f5eed3c3b5a47afacca69a84bf0efad.drbin [vendor/mediatek/proprietary/trustzone/trustonic/source/external/mobicore/common/500/Daemon/src/MobiCoreDriverDaemon.cpp:338]
06-04 07:34:36.256   750   750 W TeeMcDaemon: Cannot open trustlet /vendor/app/mcRegistry/0f5eed3c3b5a47afacca69a84bf0efad.drbin (No such file or directory) [vendor/mediatek/proprietary/trustzone/trustonic/source/external/mobicore/common/500/Daemon/src/SecureWorld.cpp:114]
06-04 07:34:36.256   750   750 W TeeMcDaemon: Driver /vendor/app/mcRegistry/0f5eed3c3b5a47afacca69a84bf0efad.drbin missing, ignore [vendor/mediatek/proprietary/trustzone/trustonic/source/external/mobicore/common/500/Daemon/src/MobiCoreDriverDaemon.cpp:348]
06-04 07:34:36.256   750   750 I TeeMcDaemon: * loading /vendor/app/mcRegistry/07060000000000000000000000007169.drbin [vendor/mediatek/proprietary/trustzone/trustonic/source/external/mobicore/common/500/Daemon/src/MobiCoreDriverDaemon.cpp:338]
06-04 07:34:36.263   701   701 E IMGSRV  : :539: PVRSRVBridgeCall: Bridge call failed. sBridgePackage.ui32BridgeID:0x6, Function ID:0x2c errno 22 (Invalid argument).
06-04 07:34:36.264   701   701 E IMGSRV  : :554: PVRSRVBridgeCall: fd 6 read as /proc/self/fd/6 pointing to /dev/dri/renderD128.
06-04 07:34:36.264   701   701 E IMGSRV  : :4549: BridgeDevmemIntMapPMR2: compat_BridgeCall failed
06-04 07:34:36.265   794   794 I mtk_plpath_utils: Create /dev/block/dm-44 done
06-04 07:34:36.279   750   750 I TeeMcDaemon: * loading /vendor/app/mcRegistry/4be4f7dc1f2c11e5b5f7727283247c7f.drbin [vendor/mediatek/proprietary/trustzone/trustonic/source/external/mobicore/common/500/Daemon/src/MobiCoreDriverDaemon.cpp:338]
06-04 07:34:36.279   750   750 W TeeMcDaemon: Cannot open trustlet /vendor/app/mcRegistry/4be4f7dc1f2c11e5b5f7727283247c7f.drbin (No such file or directory) [vendor/mediatek/proprietary/trustzone/trustonic/source/external/mobicore/common/500/Daemon/src/SecureWorld.cpp:114]
06-04 07:34:36.279   750   750 W TeeMcDaemon: Driver /vendor/app/mcRegistry/4be4f7dc1f2c11e5b5f7727283247c7f.drbin missing, ignore [vendor/mediatek/proprietary/trustzone/trustonic/source/external/mobicore/common/500/Daemon/src/MobiCoreDriverDaemon.cpp:348]
06-04 07:34:36.279   750   750 I TeeMcDaemon: * loading /vendor/app/mcRegistry/08070000000000000000000000008270.drbin [vendor/mediatek/proprietary/trustzone/trustonic/source/external/mobicore/common/500/Daemon/src/MobiCoreDriverDaemon.cpp:338]
06-04 07:34:36.279   750   750 W TeeMcDaemon: Cannot open trustlet /vendor/app/mcRegistry/08070000000000000000000000008270.drbin (No such file or directory) [vendor/mediatek/proprietary/trustzone/trustonic/source/external/mobicore/common/500/Daemon/src/SecureWorld.cpp:114]
06-04 07:34:36.280   750   750 W TeeMcDaemon: Driver /vendor/app/mcRegistry/08070000000000000000000000008270.drbin missing, ignore [vendor/mediatek/proprietary/trustzone/trustonic/source/external/mobicore/common/500/Daemon/src/MobiCoreDriverDaemon.cpp:348]
06-04 07:34:36.280   750   750 I TeeMcDaemon: * loading /vendor/app/mcRegistry/07070000000000000000000000000000.drbin [vendor/mediatek/proprietary/trustzone/trustonic/source/external/mobicore/common/500/Daemon/src/MobiCoreDriverDaemon.cpp:338]
06-04 07:34:36.280   750   750 W TeeMcDaemon: Cannot open trustlet /vendor/app/mcRegistry/07070000000000000000000000000000.drbin (No such file or directory) [vendor/mediatek/proprietary/trustzone/trustonic/source/external/mobicore/common/500/Daemon/src/SecureWorld.cpp:114]
06-04 07:34:36.280   750   750 W TeeMcDaemon: Driver /vendor/app/mcRegistry/07070000000000000000000000000000.drbin missing, ignore [vendor/mediatek/proprietary/trustzone/trustonic/source/external/mobicore/common/500/Daemon/src/MobiCoreDriverDaemon.cpp:348]
06-04 07:34:36.280   750   750 I TeeMcDaemon: * loading /vendor/app/mcRegistry/07407000000000000000000000000000.drbin [vendor/mediatek/proprietary/trustzone/trustonic/source/external/mobicore/common/500/Daemon/src/MobiCoreDriverDaemon.cpp:338]
06-04 07:34:36.280   750   750 W TeeMcDaemon: Cannot open trustlet /vendor/app/mcRegistry/07407000000000000000000000000000.drbin (No such file or directory) [vendor/mediatek/proprietary/trustzone/trustonic/source/external/mobicore/common/500/Daemon/src/SecureWorld.cpp:114]
06-04 07:34:36.280   750   750 W TeeMcDaemon: Driver /vendor/app/mcRegistry/07407000000000000000000000000000.drbin missing, ignore [vendor/mediatek/proprietary/trustzone/trustonic/source/external/mobicore/common/500/Daemon/src/MobiCoreDriverDaemon.cpp:348]
