--------- beginning of main
06-04 07:34:24.398   405   405 W linker  : Warning: failed to find generated linker configuration from "/linkerconfig/ld.config.txt"
06-04 07:34:24.406   404   404 I lowmemorykiller: Using psi monitors for memory pressure detection
06-04 07:34:24.408   404   404 I lowmemorykiller: Process polling is supported
06-04 07:34:24.408   404   404 I lowmemorykiller: Mbrain trigger success: fail
06-04 07:34:24.409   404   404 I lowmemorykiller: Process reaping is not supported
06-04 07:34:24.420   411   411 W linker  : Warning: failed to find generated linker configuration from "/linkerconfig/ld.config.txt"
--------- beginning of events
06-04 07:34:24.469   405   405 I snet_event_log: [121035042,-1,]
06-04 07:34:24.484   405   405 I auditd  : SELinux: Loaded service context from:
06-04 07:34:24.484   405   405 I auditd  : 		/system/etc/selinux/plat_service_contexts
06-04 07:34:24.485   405   405 I auditd  : 		/system_ext/etc/selinux/system_ext_service_contexts
06-04 07:34:24.485   405   405 I auditd  : 		/vendor/etc/selinux/vendor_service_contexts
06-04 07:34:24.500   411   411 I hwservicemanager: getFrameworkHalManifest: Reading VINTF information.
06-04 07:34:24.522   413   413 I snet_event_log: [121035042,-1,]
06-04 07:34:24.524   413   413 I SELinux : SELinux: Loaded vndservice context from:
06-04 07:34:24.525   413   413 I SELinux : 		/vendor/etc/selinux/vndservice_contexts
06-04 07:34:24.537   411   411 I hwservicemanager: getDeviceHalManifest: Reading VINTF information.
06-04 07:34:24.571   411   411 I hwservicemanager: getDeviceHalManifest: Successfully processed VINTF information
06-04 07:34:24.572   411   411 I hwservicemanager: getFrameworkHalManifest: Successfully processed VINTF information
06-04 07:34:24.574   411   411 I hwservicemanager: hwservicemanager is ready now.
--------- beginning of system
06-04 07:34:25.130   419   419 I vold    : Vold 3.0 (the awakening) firing up
06-04 07:34:25.146   419   419 W vold    : [libfs_mgr] Warning: unknown flag: resize
12-31 16:00:00.036   403   403 I auditd  : type=2000 audit(0.0:1): state=initialized audit_enabled=0 res=1
12-31 16:00:00.036   403   403 W auditd  : type=2000 audit(0.0:1): state=initialized audit_enabled=0 res=1
06-04 07:34:19.436   403   403 I auditd  : type=1403 audit(0.0:2): auid=4294967295 ses=4294967295 lsm=selinux res=1
06-04 07:34:19.436   403   403 W auditd  : type=1403 audit(0.0:2): auid=4294967295 ses=4294967295 lsm=selinux res=1
06-04 07:34:19.792     1     1 I auditd  : type=1107 audit(0.0:3): uid=0 auid=4294967295 ses=4294967295 subj=u:r:init:s0 msg='avc:  denied  { set } for property=ro.mount.fs pid=1 uid=0 gid=0 scontext=u:r:vendor_init:s0 tcontext=u:object_r:default_prop:s0 tclass=property_service permissive=0'
06-04 07:34:19.792     1     1 W /system/bin/init: type=1107 audit(0.0:3): uid=0 auid=4294967295 ses=4294967295 subj=u:r:init:s0 msg='avc:  denied  { set } for property=ro.mount.fs pid=1 uid=0 gid=0 scontext=u:r:vendor_init:s0 tcontext=u:object_r:default_prop:s0 tclass=property_service permissive=0'
06-04 07:34:19.792     1     1 I auditd  : type=1107 audit(0.0:4): uid=0 auid=4294967295 ses=4294967295 subj=u:r:init:s0 msg='avc:  denied  { set } for property=ro.mtk_perf_fast_start_win pid=1 uid=0 gid=0 scontext=u:r:vendor_init:s0 tcontext=u:object_r:default_prop:s0 tclass=property_service permissive=0'
06-04 07:34:19.792     1     1 W /system/bin/init: type=1107 audit(0.0:4): uid=0 auid=4294967295 ses=4294967295 subj=u:r:init:s0 msg='avc:  denied  { set } for property=ro.mtk_perf_fast_start_win pid=1 uid=0 gid=0 scontext=u:r:vendor_init:s0 tcontext=u:object_r:default_prop:s0 tclass=property_service permissive=0'
06-04 07:34:19.792     1     1 I auditd  : type=1107 audit(0.0:5): uid=0 auid=4294967295 ses=4294967295 subj=u:r:init:s0 msg='avc:  denied  { set } for property=persist.vendor.em.dy.debug pid=1 uid=0 gid=0 scontext=u:r:vendor_init:s0 tcontext=u:object_r:vendor_mtk_em_dy_debug_ctrl_prop:s0 tclass=property_service permissive=0'
06-04 07:34:19.792     1     1 W /system/bin/init: type=1107 audit(0.0:5): uid=0 auid=4294967295 ses=4294967295 subj=u:r:init:s0 msg='avc:  denied  { set } for property=persist.vendor.em.dy.debug pid=1 uid=0 gid=0 scontext=u:r:vendor_init:s0 tcontext=u:object_r:vendor_mtk_em_dy_debug_ctrl_prop:s0 tclass=property_service permissive=0'
06-04 07:34:19.792     1     1 I auditd  : type=1107 audit(0.0:6): uid=0 auid=4294967295 ses=4294967295 subj=u:r:init:s0 msg='avc:  denied  { set } for property=ro.mediatek.chip_ver pid=1 uid=0 gid=0 scontext=u:r:vendor_init:s0 tcontext=u:object_r:default_prop:s0 tclass=property_service permissive=0'
06-04 07:34:19.792     1     1 W /system/bin/init: type=1107 audit(0.0:6): uid=0 auid=4294967295 ses=4294967295 subj=u:r:init:s0 msg='avc:  denied  { set } for property=ro.mediatek.chip_ver pid=1 uid=0 gid=0 scontext=u:r:vendor_init:s0 tcontext=u:object_r:default_prop:s0 tclass=property_service permissive=0'
06-04 07:34:19.792     1     1 I auditd  : type=1107 audit(0.0:7): uid=0 auid=4294967295 ses=4294967295 subj=u:r:init:s0 msg='avc:  denied  { set } for property=ro.mediatek.platform pid=1 uid=0 gid=0 scontext=u:r:vendor_init:s0 tcontext=u:object_r:default_prop:s0 tclass=property_service permissive=0'
06-04 07:34:19.792     1     1 W /system/bin/init: type=1107 audit(0.0:7): uid=0 auid=4294967295 ses=4294967295 subj=u:r:init:s0 msg='avc:  denied  { set } for property=ro.mediatek.platform pid=1 uid=0 gid=0 scontext=u:r:vendor_init:s0 tcontext=u:object_r:default_prop:s0 tclass=property_service permissive=0'
06-04 07:34:19.792     1     1 I auditd  : type=1107 audit(0.0:8): uid=0 auid=4294967295 ses=4294967295 subj=u:r:init:s0 msg='avc:  denied  { set } for property=ro.telephony.sim.count pid=1 uid=0 gid=0 scontext=u:r:vendor_init:s0 tcontext=u:object_r:default_prop:s0 tclass=property_service permissive=0'
06-04 07:34:19.792     1     1 W /system/bin/init: type=1107 audit(0.0:8): uid=0 auid=4294967295 ses=4294967295 subj=u:r:init:s0 msg='avc:  denied  { set } for property=ro.telephony.sim.count pid=1 uid=0 gid=0 scontext=u:r:vendor_init:s0 tcontext=u:object_r:default_prop:s0 tclass=property_service permissive=0'
06-04 07:34:19.792     1     1 I auditd  : type=1107 audit(0.0:9): uid=0 auid=4294967295 ses=4294967295 subj=u:r:init:s0 msg='avc:  denied  { set } for property=persist.radio.default.sim pid=1 uid=0 gid=0 scontext=u:r:vendor_init:s0 tcontext=u:object_r:radio_prop:s0 tclass=property_service permissive=0'
06-04 07:34:19.792     1     1 W /system/bin/init: type=1107 audit(0.0:9): uid=0 auid=4294967295 ses=4294967295 subj=u:r:init:s0 msg='avc:  denied  { set } for property=persist.radio.default.sim pid=1 uid=0 gid=0 scontext=u:r:vendor_init:s0 tcontext=u:object_r:radio_prop:s0 tclass=property_service permissive=0'
06-04 07:34:21.612     1     1 I auditd  : type=1107 audit(0.0:10): uid=0 auid=4294967295 ses=4294967295 subj=u:r:init:s0 msg='avc:  denied  { read } for property=vts.native_server.on pid=0 uid=0 gid=0 scontext=u:r:vendor_init:s0 tcontext=u:object_r:vts_status_prop:s0 tclass=file permissive=0'
06-04 07:34:21.612     1     1 W /system/bin/init: type=1107 audit(0.0:10): uid=0 auid=4294967295 ses=4294967295 subj=u:r:init:s0 msg='avc:  denied  { read } for property=vts.native_server.on pid=0 uid=0 gid=0 scontext=u:r:vendor_init:s0 tcontext=u:object_r:vts_status_prop:s0 tclass=file permissive=0'
06-04 07:34:21.632     1     1 I auditd  : type=1107 audit(0.0:11): uid=0 auid=4294967295 ses=4294967295 subj=u:r:init:s0 msg='avc:  denied  { read } for property=vts.native_server.on pid=0 uid=0 gid=0 scontext=u:r:vendor_init:s0 tcontext=u:object_r:vts_status_prop:s0 tclass=file permissive=0'
06-04 07:34:21.632     1     1 W /system/bin/init: type=1107 audit(0.0:11): uid=0 auid=4294967295 ses=4294967295 subj=u:r:init:s0 msg='avc:  denied  { read } for property=vts.native_server.on pid=0 uid=0 gid=0 scontext=u:r:vendor_init:s0 tcontext=u:object_r:vts_status_prop:s0 tclass=file permissive=0'
06-04 07:34:25.199   411   411 E cutils-trace: Error opening trace file: No such file or directory (2)
06-04 07:34:25.218   420   420 I HidlServiceManagement: Registered android.hardware.boot@1.2::IBootControl/default
06-04 07:34:25.219   420   420 I HidlServiceManagement: Removing namespace from process name android.hardware.boot@1.2-service to boot@1.2-service.
06-04 07:34:25.219   420   420 I LegacySupport: Registration complete for android.hardware.boot@1.0::IBootControl/default.
06-04 07:34:26.761   461   461 I AEE_AEDV: Built  commit d3b8f92ec5d513ab98c0b63be8b772639cde7d13
06-04 07:34:26.767   461   461 E AEE_AEDV: Can't open virbrator, No such file or directory
06-04 07:34:26.770   461   461 I AEE_AEDV: aed_update_coredump_mode: persist.vendor.aeev.core.dump disable
06-04 07:34:26.770   461   461 I AEE_AEDV: aed_update_coredump_mode: persist.vendor.aeev.core.direct disable
06-04 07:34:26.771   461   461 I AEE_AEDV: aed_update_coredump_mode: persist.vendor.aeev.mini.dump disable
06-04 07:34:26.772   461   461 I AEE_AEDV: AED config
06-04 07:34:26.772   461   461 I AEE_AEDV:   mode '4'
06-04 07:34:26.772   461   461 I AEE_AEDV:   exp level '0
06-04 07:34:26.772   461   461 I AEE_AEDV:   dal enable '0'
06-04 07:34:26.772   461   461 I AEE_AEDV:   db count '4'
06-04 07:34:26.772   461   461 I AEE_AEDV:   fatal db count '4'
06-04 07:34:26.772   461   461 I AEE_AEDV:  db storage '2'
06-04 07:34:26.772   461   461 I AEE_AEDV:   SMP Info => 1
06-04 07:34:26.773   461   461 I AEE_AEDV: aed_get_commit_id: Get AEE commit id successfully, [d3b8f92ec5d513ab98c0b63be8b772639cde7d13]
06-04 07:34:26.773   461   461 E AEE_AEDV: init_aed_setting: fail to open db history file 
06-04 07:34:26.773   461   461 E AEE_AEDV: init_aed_setting: fail to open file_tree.txt 
06-04 07:34:26.781   464   464 W AEE_AEDV: read_fstab: get fstab /fstab.mt6765
06-04 07:34:26.781   464   464 E AEE_AEDV: read_fstab: failed to open /fstab.mt6765
06-04 07:34:26.781   464   464 W AEE_AEDV: read_fstab: get fstab /vendor/etc/fstab.mt6765
06-04 07:34:26.782   464   464 W AEE_AEDV: get_expdb_path: get expdb_path /dev/block/by-name/expdb
06-04 07:34:26.783   464   464 I AEE_AEDV: ipanic_blk_open, expdb, 200 x a000 = 1400000
06-04 07:34:26.784   464   464 W AEE_AEDV: ipanic heahder: magic:0, version:0, size:0, datas:0
06-04 07:34:26.785   464   464 W AEE_AEDV: ipanic heahder: dhblk:0, blksize:0, partsize:0, bufsize:0
06-04 07:34:26.786   464   464 W AEE_AEDV: aed_reboot_session, no valid ipanic header, ignored
06-04 07:34:26.786   464   464 I AEE_AEDV: wdt_status = 0x0, fiq_step=0, exception_type:0 
06-04 07:34:26.787   464   464 E AEE_AEDV: get_value_from_proc_bootconfig: failed to fopen /proc/bootconfig file, error: No such file or directory
06-04 07:34:26.787   464   464 I AEE_AEDV: reboot_reason = 0(0x0)
06-04 07:34:26.787   464   464 E AEE_AEDV: open boot mode file fail! (2, No such file or directory)
06-04 07:34:26.787   464   464 I AEE_AEDV: aed_reboot_session: boot_mode(0)
06-04 07:34:26.787   464   464 W AEE_AEDV: read_fstab: get fstab /fstab.mt6765
06-04 07:34:26.787   464   464 E AEE_AEDV: read_fstab: failed to open /fstab.mt6765
06-04 07:34:26.787   464   464 W AEE_AEDV: read_fstab: get fstab /vendor/etc/fstab.mt6765
06-04 07:34:26.787   464   464 W AEE_AEDV: get_expdb_path: get expdb_path /dev/block/by-name/expdb
06-04 07:34:26.787   464   464 I AEE_AEDV: ipanic_blk_open, expdb, 200 x a000 = 1400000
06-04 07:34:26.802   462   462 I AEE_AED : Built  commit 1002699b04bb3521f5be160aafcabaa1abb2cdeb
06-04 07:34:26.803   462   462 E AEE_AED : [main][RT] failed to get platform info
06-04 07:34:26.804   462   462 I AEE_AED : socket server: android:aee_aed
06-04 07:34:26.804   462   462 E AEE_AED : Can't open vibrator duration, No such file or directory
06-04 07:34:26.804   462   462 E AEE_AED : Can't open vibrator activate, No such file or directory
06-04 07:34:26.804   462   462 E AEE_AED : Can't open vibrator state, No such file or directory
06-04 07:34:26.807   462   462 I AEE_AED : AED config
06-04 07:34:26.807   462   462 I AEE_AED :   mode '4'
06-04 07:34:26.807   462   462 I AEE_AED :   exp level '0
06-04 07:34:26.807   462   462 I AEE_AED :   dal enable '0'
06-04 07:34:26.807   462   462 I AEE_AED :   db count '4'
06-04 07:34:26.807   462   462 I AEE_AED :   fatal db count '4'
06-04 07:34:26.807   462   462 I AEE_AED :  db storage '2'
06-04 07:34:26.807   462   462 I AEE_AED :   SMP Info => 1
06-04 07:34:26.811   465   465 I wmt_loader: Can't open device node(/dev/wmtdetect) count(1)
06-04 07:34:26.817   462   462 E AEE_AED : fail to get prebuild packages: No such file or directory
06-04 07:34:26.817   462   462 I AEE_AED : aed_get_commit_id: Get AEE commit id successfully, [1002699b04bb3521f5be160aafcabaa1abb2cdeb]
06-04 07:34:26.818   462   462 E AEE_AED : init_aed_setting: fail to open db history file 
06-04 07:34:26.818   462   462 E AEE_AED : init_aed_setting: fail to open file_tree.txt 
06-04 07:34:26.839   466   466 I wmt_launcher: get property(vendor.connsys.driver.ready) is no
06-04 07:34:26.920   472   472 I fsverity_init: LoadKeyFromFile path=/system/etc/security/fsverity/fsverity-release.x509.der keyname=fsv_system_0
06-04 07:34:26.938   469   469 I HidlServiceManagement: Registered android.system.suspend@1.0::ISystemSuspend/default
06-04 07:34:26.939   469   469 I HidlServiceManagement: Removing namespace from process name android.system.suspend-service to suspend-service.
06-04 07:34:26.941   472   472 I fsverity_init: LoadKeyFromFile path=/product/etc/security/fsverity/gms_fsverity_cert.der keyname=fsv_product_0
06-04 07:34:26.944   472   472 I fsverity_init: LoadKeyFromFile path=/product/etc/security/fsverity/play_store_fsi_cert.der keyname=fsv_product_1
06-04 07:34:26.984   471   471 I android.hardware.keymaster@4.1-service.trustonic: Trustonic Keymaster 4.1 Service starts
06-04 07:34:26.986   471   471 I TrustonicKeymaster4DeviceImpl: Read os_version = 140000, os_patchlevel = 202603, vendor_patchlevel = 20260305, boot_patchlevel = 0
06-04 07:34:26.991   471   471 I TeeSysClient: driver version: v8.3 [vendor/mediatek/proprietary/trustzone/trustonic/source/external/mobicore/common/500/ClientLib/src/driver.cpp:104]
06-04 07:34:26.991   471   471 I TeeSysClient: driver open [vendor/mediatek/proprietary/trustzone/trustonic/source/external/mobicore/common/500/ClientLib/src/driver.cpp:109]
06-04 07:34:27.000   471   471 E TlcTeeKeyMaster: Error: Cannot open file: /data/misc/keybox_sample.so.
06-04 07:34:27.014   471   471 E TeeSysClient: syscall failed with "Try again"(errno 11) [vendor/mediatek/proprietary/trustzone/trustonic/source/external/mobicore/common/500/ClientLib/src/driver.cpp:615]
06-04 07:34:27.014   471   471 E TeeSysClient: mcCloseSession returned UNKNOWN (rc 0x6) [vendor/mediatek/proprietary/trustzone/trustonic/source/external/mobicore/common/500/ClientLib/src/native_interface.cpp:651]
06-04 07:34:27.014   471   471 E TlcTeeKeyMaster: TEE_Configure: mcCloseSession() returned 6
06-04 07:34:27.018   471   471 I HidlServiceManagement: Registered android.hardware.keymaster@4.1::IKeymasterDevice/default
06-04 07:34:27.019   471   471 I HidlServiceManagement: Removing namespace from process name android.hardware.keymaster@4.1-service.trustonic to keymaster@4.1-service.trustonic.
06-04 07:34:27.019   471   471 I android.hardware.keymaster@4.1-service.trustonic: Trustonic Keymaster 4.1 Service registered
06-04 07:34:27.051   470   470 I keystore2: system/security/keystore2/src/keystore2_main.rs:61 - Keystore2 is starting.
06-04 07:34:27.052   470   470 I keystore2: system/security/keystore2/src/keystore2_main.rs:67 - Setting up sqlite logging for keystore2
06-04 07:34:27.057   470   470 W keystore2: system/security/keystore2/src/metrics_store.rs:577 - In update_keystore_crash_sysprop: Failed to read the existing system property due to: system/security/keystore2/src/metrics_store.rs:608: Property not set..Therefore, keystore crashes will not be logged.
06-04 07:34:27.062   470   470 I keystore2: system/security/keystore2/src/keystore2_main.rs:97 - Starting thread pool now.
06-04 07:34:27.087   470   475 I keystore2: getDeviceHalManifest: Reading VINTF information.
06-04 07:34:27.099   470   470 I keystore2: found android.hardware.keymaster@4.0::IKeymasterDevice with interface name default and seclevel TRUSTED_ENVIRONMENT
06-04 07:34:27.101   470   470 I keystore2: system/security/keystore2/src/globals.rs:286 - Add emulation wrapper around Keymaster device for security level: r#TRUSTED_ENVIRONMENT
06-04 07:34:27.112   465   465 I wmt_loader: Can't open device node(/dev/wmtdetect) count(2)
06-04 07:34:27.116   470   475 I keystore2: getDeviceHalManifest: Successfully processed VINTF information
06-04 07:34:27.125   470   475 I keystore2: system/security/keystore2/src/shared_secret_negotiation.rs:47 - Shared secret negotiation concluded successfully.
06-04 07:34:27.126   470   475 I keystore2: system/security/keystore2/src/shared_secret_negotiation.rs:294 - No StrongBox Keymint available, so no RoT transfer
06-04 07:34:27.127   470   470 I keystore2: system/security/keystore2/src/keystore2_main.rs:152 - Successfully registered Keystore 2.0 service.
06-04 07:34:27.127   470   470 I keystore2: system/security/keystore2/src/keystore2_main.rs:154 - Joining thread pool now.
06-04 07:34:27.140   466   466 I wmt_launcher: get property(vendor.connsys.driver.ready) is no
06-04 07:34:27.156   419   419 I vold    : AIDL IBootControl not available, falling back to HIDL.
06-04 07:34:27.164   419   419 I vold    : Using HIDL version 1.2 of IBootControl
06-04 07:34:27.234   470   470 I SELinux : SELinux: Loaded keystore2 context from:
06-04 07:34:27.234   470   470 I auditd  : SELinux: Loaded keystore2 context from:
06-04 07:34:27.234   470   470 I SELinux : 		/system/etc/selinux/plat_keystore2_key_contexts
06-04 07:34:27.234   470   470 I auditd  : 		/system/etc/selinux/plat_keystore2_key_contexts
06-04 07:34:27.247   471   471 D TlcTeeKeyMaster: TEE_Update exiting with 0
06-04 07:34:27.252   419   419 I vold    : [libfs_mgr] Running /system/bin/fsck.f2fs -a -c 10000 --debug-cache /dev/block/dm-42
06-04 07:34:27.413   465   465 I wmt_loader: Can't open device node(/dev/wmtdetect) count(3)
06-04 07:34:27.440   466   466 I wmt_launcher: get property(vendor.connsys.driver.ready) is no
06-04 07:34:27.573   419   419 I vold    : [libfs_mgr] __mount(source=/dev/block/dm-42,target=/data,type=f2fs)=0: Success
06-04 07:34:27.697   419   419 I Checkpoint: cp_prepareCheckpoint called
06-04 07:34:27.715   465   465 I wmt_loader: Can't open device node(/dev/wmtdetect) count(4)
06-04 07:34:27.743   466   466 I wmt_launcher: get property(vendor.connsys.driver.ready) is no
06-04 07:34:27.864   419   419 I vold    : fscrypt_initialize_systemwide_keys
06-04 07:34:27.905   419   419 I vold    : Wrote system DE key reference to:/data/unencrypted/ref
06-04 07:34:27.936   419   419 I vold    : Wrote per boot key reference to:/data/unencrypted/per_boot_ref
06-04 07:34:28.015   465   465 I wmt_loader: Can't open device node(/dev/wmtdetect) count(5)
06-04 07:34:28.044   466   466 I wmt_launcher: get property(vendor.connsys.driver.ready) is no
06-04 07:34:28.081   502   502 I tombstoned: tombstoned successfully initialized
06-04 07:34:28.118   419   419 I incfs   : Initial API level of the device: 34
06-04 07:34:28.124   419   419 I incfs   : ro.incremental.enable: yes
06-04 07:34:28.129   419   419 I incfs   : isFsAvailable: true
06-04 07:34:28.135   419   419 I incfs   : isFsAvailable: true
06-04 07:34:28.140   419   419 I incfs   : IncFs_Features: v1
06-04 07:34:28.148   470   477 I keystore2: system/security/keystore2/src/maintenance.rs:206 - In early_boot_ended.
06-04 07:34:28.161   470   477 I keystore2: system/security/keystore2/src/globals.rs:66 - Touching Keystore 2.0 database for this first time since boot.
06-04 07:34:28.161   470   477 I keystore2: system/security/keystore2/src/globals.rs:68 - Calling cleanup leftovers.
06-04 07:34:28.161   470   477 I keystore2: system/security/keystore2/src/boot_level_keys.rs:57 - ro.keystore.boot_level_key.strategy not set, inferring from installed KM instances
06-04 07:34:28.161   470   477 I keystore2: system/security/keystore2/src/boot_level_keys.rs:115 - In get_level_zero_key: security_level=r#TRUSTED_ENVIRONMENT, deny_later_strategy=EarlyBootOnly
06-04 07:34:28.180   470   477 I keystore2: system/security/keystore2/src/super_key.rs:293 - Starting boot level watcher.
06-04 07:34:28.180   470   505 I keystore2: system/security/keystore2/src/super_key.rs:325 - Read keystore.boot_level value 30
06-04 07:34:28.180   470   505 I keystore2: system/security/keystore2/src/super_key.rs:325 - Read keystore.boot_level value 30
06-04 07:34:28.181   470   477 I keystore2: system/security/keystore2/src/maintenance.rs:187 - Call to earlyBootEnded succeeded for security level TRUSTED_ENVIRONMENT.
06-04 07:34:28.182   470   477 E keystore2: system/security/keystore2/src/maintenance.rs:192 - Call to earlyBootEnded failed for security level STRONGBOX: system/security/keystore2/src/maintenance.rs:167: getting keymint device.
06-04 07:34:28.182   470   477 E keystore2: system/security/keystore2/src/error.rs:180 - system/security/keystore2/src/maintenance.rs:167: getting keymint device
06-04 07:34:28.182   470   477 E keystore2: 
06-04 07:34:28.182   470   477 E keystore2: Caused by:
06-04 07:34:28.182   470   477 E keystore2:     0: system/security/keystore2/src/globals.rs:335: Cannot connect to Keymint
06-04 07:34:28.182   470   477 E keystore2:     1: system/security/keystore2/src/globals.rs:246: Trying to get Legacy wrapper.
06-04 07:34:28.182   470   477 E keystore2:     2: Error::Km(r#HARDWARE_TYPE_UNAVAILABLE)
06-04 07:34:28.183   419   419 E vold    : keystore2 Keystore earlyBootEnded returned service specific error: -68
06-04 07:34:28.320   465   465 I wmt_loader: Can't open device node(/dev/wmtdetect) count(6)
06-04 07:34:28.346   466   466 I wmt_launcher: get property(vendor.connsys.driver.ready) is no
06-04 07:34:28.620   465   465 I wmt_loader: Can't open device node(/dev/wmtdetect) count(7)
06-04 07:34:28.646   466   466 I wmt_launcher: get property(vendor.connsys.driver.ready) is no
06-04 07:34:28.774   461   463 I AEE_AEDV: aed_wait_decrypt done! file base encryption
06-04 07:34:28.775   461   463 E AEE_AEDV: aee:vrttd_64Rtt command connect 64_socket fail: Connection refused
06-04 07:34:28.775   461   463 E AEE_AEDV: aee_exception_running_64: command failed
06-04 07:34:28.775   461   463 E AEE_AEDV: delete_temp_folder: Error: Can't get running exception 
06-04 07:34:28.818   462   468 I AEE_AED : aed_wait_decrypt done! file base encryption
06-04 07:34:28.819   462   468 E aee_aed : client connect socket fail: Connection refused
06-04 07:34:28.819   462   468 E AEE_AED : aee:rttd_64Rtt command connect 64_socket fail: Connection refused
06-04 07:34:28.819   462   468 E AEE_AED : aee_exception_running_64: command failed
06-04 07:34:28.819   462   468 E AEE_AED : delete_temp_folder: Error: Can't get running exception 
06-04 07:34:28.921   465   465 I wmt_loader: Can't open device node(/dev/wmtdetect) count(8)
06-04 07:34:28.947   466   466 I wmt_launcher: get property(vendor.connsys.driver.ready) is no
06-04 07:34:29.221   465   465 I wmt_loader: Can't open device node(/dev/wmtdetect) count(9)
06-04 07:34:29.247   466   466 I wmt_launcher: get property(vendor.connsys.driver.ready) is no
06-04 07:34:29.528   465   465 I wmt_loader: Can't open device node(/dev/wmtdetect) count(10)
06-04 07:34:29.551   466   466 I wmt_launcher: get property(vendor.connsys.driver.ready) is no
06-04 07:34:29.828   465   465 I wmt_loader: Can't open device node(/dev/wmtdetect) count(11)
06-04 07:34:29.852   466   466 I wmt_launcher: get property(vendor.connsys.driver.ready) is no
06-04 07:34:30.134   465   465 I wmt_loader: Can't open device node(/dev/wmtdetect) count(12)
06-04 07:34:30.152   466   466 I wmt_launcher: get property(vendor.connsys.driver.ready) is no
06-04 07:34:30.434   465   465 I wmt_loader: Can't open device node(/dev/wmtdetect) count(13)
06-04 07:34:30.452   466   466 I wmt_launcher: get property(vendor.connsys.driver.ready) is no
06-04 07:34:30.652   643   643 I derive_sdk: Read version 11 from 7
06-04 07:34:30.653   643   643 I derive_sdk: Read version 11 from 6
06-04 07:34:30.653   643   643 I derive_sdk: Read version 11 from 5
06-04 07:34:30.654   643   643 I derive_sdk: Read version 11 from 9
06-04 07:34:30.654   643   643 I derive_sdk: Read version 11 from 4
06-04 07:34:30.655   643   643 I derive_sdk: Read version 11 from 3
06-04 07:34:30.655   643   643 I derive_sdk: Read version 11 from 16
06-04 07:34:30.656   643   643 I derive_sdk: Read version 11 from 2
06-04 07:34:30.656   643   643 I derive_sdk: Read version 11 from 8
06-04 07:34:30.657   643   643 I derive_sdk: Read version 11 from 12
06-04 07:34:30.657   643   643 I derive_sdk: Read version 11 from 14
06-04 07:34:30.658   643   643 I derive_sdk: Read version 11 from 15
06-04 07:34:30.658   643   643 I derive_sdk: Read version 11 from 1
06-04 07:34:30.659   643   643 I derive_sdk: Read version 11 from 10
06-04 07:34:30.659   643   643 I derive_sdk: Read version 7 from 13
06-04 07:34:30.660   643   643 I derive_sdk: Read version 11 from 11
06-04 07:34:30.660   643   643 I derive_sdk: extension r version is 11
06-04 07:34:30.661   643   643 I derive_sdk: extension s version is 11
06-04 07:34:30.662   643   643 I derive_sdk: extension t version is 11
06-04 07:34:30.662   643   643 I derive_sdk: extension u version is 11
06-04 07:34:30.663   643   643 I derive_sdk: extension ad_services version is 11
06-04 07:34:30.736   465   465 I wmt_loader: Can't open device node(/dev/wmtdetect) count(14)
06-04 07:34:30.753   466   466 I wmt_launcher: get property(vendor.connsys.driver.ready) is no
06-04 07:34:30.787   419   419 I vold    : Verified that /data/system_de/0 has the encryption policy 7b7957664859d2edd821e1eac087e769 v2 modes 1/4 flags 0x2
06-04 07:34:30.798   419   419 I vold    : Verified that /data/vendor_de/0 has the encryption policy 7b7957664859d2edd821e1eac087e769 v2 modes 1/4 flags 0x2
06-04 07:34:30.811   419   419 I vold    : Verified that /data/misc_de/0 has the encryption policy 7b7957664859d2edd821e1eac087e769 v2 modes 1/4 flags 0x2
06-04 07:34:30.822   419   419 I vold    : Verified that /data/user_de/0 has the encryption policy 7b7957664859d2edd821e1eac087e769 v2 modes 1/4 flags 0x2
06-04 07:34:31.012   647   647 I derive_classpath: ParseFragments for bootclasspath
06-04 07:34:31.027   647   647 I derive_classpath: ReadClasspathFragment /apex/com.android.art/etc/classpaths/bootclasspath.pb
06-04 07:34:31.028   647   647 I derive_classpath: ReadClasspathFragment /system/etc/classpaths/bootclasspath.pb
06-04 07:34:31.029   647   647 I derive_classpath: ReadClasspathFragment /apex/com.android.adservices/etc/classpaths/bootclasspath.pb
06-04 07:34:31.030   647   647 I derive_classpath: ReadClasspathFragment /apex/com.android.appsearch/etc/classpaths/bootclasspath.pb
06-04 07:34:31.031   647   647 I derive_classpath: ReadClasspathFragment /apex/com.android.btservices/etc/classpaths/bootclasspath.pb
06-04 07:34:31.031   647   647 I derive_classpath: ReadClasspathFragment /apex/com.android.configinfrastructure/etc/classpaths/bootclasspath.pb
06-04 07:34:31.032   647   647 I derive_classpath: ReadClasspathFragment /apex/com.android.conscrypt/etc/classpaths/bootclasspath.pb
06-04 07:34:31.032   647   647 I derive_classpath: ReadClasspathFragment /apex/com.android.devicelock/etc/classpaths/bootclasspath.pb
06-04 07:34:31.033   647   647 I derive_classpath: ReadClasspathFragment /apex/com.android.healthfitness/etc/classpaths/bootclasspath.pb
06-04 07:34:31.033   647   647 I derive_classpath: ReadClasspathFragment /apex/com.android.ipsec/etc/classpaths/bootclasspath.pb
06-04 07:34:31.033   647   647 I derive_classpath: ReadClasspathFragment /apex/com.android.media/etc/classpaths/bootclasspath.pb
06-04 07:34:31.034   647   647 I derive_classpath: ReadClasspathFragment /apex/com.android.mediaprovider/etc/classpaths/bootclasspath.pb
06-04 07:34:31.035   647   647 I derive_classpath: ReadClasspathFragment /apex/com.android.ondevicepersonalization/etc/classpaths/bootclasspath.pb
06-04 07:34:31.035   647   647 I derive_classpath: ReadClasspathFragment /apex/com.android.os.statsd/etc/classpaths/bootclasspath.pb
06-04 07:34:31.036   465   465 I wmt_loader: Can't open device node(/dev/wmtdetect) count(15)
06-04 07:34:31.036   647   647 I derive_classpath: ReadClasspathFragment /apex/com.android.permission/etc/classpaths/bootclasspath.pb
06-04 07:34:31.036   647   647 I derive_classpath: ReadClasspathFragment /apex/com.android.scheduling/etc/classpaths/bootclasspath.pb
06-04 07:34:31.037   647   647 I derive_classpath: ReadClasspathFragment /apex/com.android.sdkext/etc/classpaths/bootclasspath.pb
06-04 07:34:31.037   647   647 I derive_classpath: ReadClasspathFragment /apex/com.android.tethering/etc/classpaths/bootclasspath.pb
06-04 07:34:31.038   647   647 I derive_classpath: ReadClasspathFragment /apex/com.android.uwb/etc/classpaths/bootclasspath.pb
06-04 07:34:31.038   647   647 I derive_classpath: ReadClasspathFragment /apex/com.android.virt/etc/classpaths/bootclasspath.pb
06-04 07:34:31.039   647   647 I derive_classpath: ReadClasspathFragment /apex/com.android.wifi/etc/classpaths/bootclasspath.pb
06-04 07:34:31.040   647   647 I derive_classpath: ParseFragments for systemserverclasspath
06-04 07:34:31.043   647   647 I derive_classpath: ReadClasspathFragment /system/etc/classpaths/systemserverclasspath.pb
06-04 07:34:31.043   647   647 I derive_classpath: ReadClasspathFragment /apex/com.android.adservices/etc/classpaths/systemserverclasspath.pb
06-04 07:34:31.044   647   647 I derive_classpath: ReadClasspathFragment /apex/com.android.appsearch/etc/classpaths/systemserverclasspath.pb
06-04 07:34:31.044   647   647 I derive_classpath: ReadClasspathFragment /apex/com.android.art/etc/classpaths/systemserverclasspath.pb
06-04 07:34:31.045   647   647 I derive_classpath: ReadClasspathFragment /apex/com.android.btservices/etc/classpaths/systemserverclasspath.pb
06-04 07:34:31.046   647   647 I derive_classpath: ReadClasspathFragment /apex/com.android.configinfrastructure/etc/classpaths/systemserverclasspath.pb
06-04 07:34:31.046   647   647 I derive_classpath: ReadClasspathFragment /apex/com.android.devicelock/etc/classpaths/systemserverclasspath.pb
06-04 07:34:31.047   647   647 I derive_classpath: ReadClasspathFragment /apex/com.android.healthfitness/etc/classpaths/systemserverclasspath.pb
06-04 07:34:31.047   647   647 I derive_classpath: ReadClasspathFragment /apex/com.android.media/etc/classpaths/systemserverclasspath.pb
06-04 07:34:31.048   647   647 I derive_classpath: ReadClasspathFragment /apex/com.android.ondevicepersonalization/etc/classpaths/systemserverclasspath.pb
06-04 07:34:31.049   647   647 I derive_classpath: ReadClasspathFragment /apex/com.android.os.statsd/etc/classpaths/systemserverclasspath.pb
06-04 07:34:31.049   647   647 I derive_classpath: ReadClasspathFragment /apex/com.android.permission/etc/classpaths/systemserverclasspath.pb
06-04 07:34:31.050   647   647 I derive_classpath: ReadClasspathFragment /apex/com.android.rkpd/etc/classpaths/systemserverclasspath.pb
06-04 07:34:31.050   647   647 I derive_classpath: ReadClasspathFragment /apex/com.android.scheduling/etc/classpaths/systemserverclasspath.pb
06-04 07:34:31.051   647   647 I derive_classpath: ReadClasspathFragment /apex/com.android.tethering/etc/classpaths/systemserverclasspath.pb
06-04 07:34:31.051   647   647 I derive_classpath: ReadClasspathFragment /apex/com.android.uwb/etc/classpaths/systemserverclasspath.pb
06-04 07:34:31.052   647   647 I derive_classpath: ReadClasspathFragment /apex/com.android.wifi/etc/classpaths/systemserverclasspath.pb
06-04 07:34:31.053   647   647 I derive_classpath: WriteClasspathExports /data/system/environ/classpath
06-04 07:34:31.053   647   647 I derive_classpath: WriteClasspathExports content
06-04 07:34:31.053   647   647 I derive_classpath: export BOOTCLASSPATH /apex/com.android.art/javalib/core-oj.jar:/apex/com.android.art/javalib/core-libart.jar:/apex/com.android.art/javalib/okhttp.jar:/apex/com.android.art/javalib/bouncycastle.jar:/apex/com.android.art/javalib/apache-xml.jar:/system/framework/framework.jar:/system/framework/framework-graphics.jar:/system/framework/ext.jar:/system/framework/telephony-common.jar:/system/framework/voip-common.jar:/system/framework/ims-common.jar:/system_ext/framework/mediatek-telephony-base.jar:/system_ext/framework/mediatek-telephony-common.jar:/system_ext/framework/mediatek-carrier-config-manager.jar:/system_ext/framework/mediatek-common.jar:/system_ext/framework/mediatek-framework.jar:/system_ext/framework/mediatek-ims-common.jar:/system_ext/framework/mediatek-ims-base.jar:/system_ext/framework/mediatek-telecom-common.jar:/apex/com.android.i18n/javalib/core-icu4j.jar:/apex/com.android.adservices/javalib/framework-adservices.jar:/apex/com.android.adservices/javalib/framework-sdksandbox.jar:/apex/com.android.appsearch/javalib/framework-appsearch.jar:/apex/com.android.btservices/javalib/framework-bluetooth.jar:/apex/com.android.configinfrastructure/javalib/framework-configinfrastructure.jar:/apex/com.android.conscrypt/javalib/conscrypt.jar:/apex/com.android.devicelock/javalib/framework-devicelock.jar:/apex/com.android.healthfitness/javalib/framework-healthfitness.jar:/apex/com.android.ipsec/javalib/android.net.ipsec.ike.jar:/apex/com.android.media/javalib/updatable-media.jar:/apex/com.android.mediaprovider/javalib/framework-mediaprovider.jar:/apex/com.android.ondevicepersonalization/javalib/framework-ondevicepersonalization.jar:/apex/com.android.os.statsd/javalib/framework-statsd.jar:/apex/com.android.permission/javalib/framework-permission.jar:/apex/com.android.permission/javalib/framework-permission-s.jar:/apex/com.android.scheduling/javalib/framework-scheduling.jar:/apex/com.android.sdkext/javalib/framework-sdkextensions.jar:/apex/com.android.tethering/javalib/framework-connectivity.jar:/apex/com.android.tethering/javalib/framework-connectivity-t.jar:/apex/com.android.tethering/javalib/framework-tethering.jar:/apex/com.android.uwb/javalib/framework-uwb.jar:/apex/com.android.virt/javalib/framework-virtualization.jar:/apex/com.android.wifi/javalib/framework-wifi.jar
06-04 07:34:31.053   647   647 I derive_classpath: export DEX2OATBOOTCLASSPATH /apex/com.android.art/javalib/core-oj.jar:/apex/com.android.art/javalib/core-libart.jar:/apex/com.android.art/javalib/okhttp.jar:/apex/com.android.art/javalib/bouncycastle.jar:/apex/com.android.art/javalib/apache-xml.jar:/system/framework/framework.jar:/system/framework/framework-graphics.jar:/system/framework/ext.jar:/system/framework/telephony-common.jar:/system/framework/voip-common.jar:/system/framework/ims-common.jar:/system_ext/framework/mediatek-telephony-base.jar:/system_ext/framework/mediatek-telephony-common.jar:/system_ext/framework/mediatek-carrier-config-manager.jar:/system_ext/framework/mediatek-common.jar:/system_ext/framework/mediatek-framework.jar:/system_ext/framework/mediatek-ims-common.jar:/system_ext/framework/mediatek-ims-base.jar:/system_ext/framework/mediatek-telecom-common.jar:/apex/com.android.i18n/javalib/core-icu4j.jar
06-04 07:34:31.053   647   647 I derive_classpath: export SYSTEMSERVERCLASSPATH /system/framework/com.android.location.provider.jar:/system/framework/services.jar:/apex/com.android.adservices/javalib/service-adservices.jar:/apex/com.android.adservices/javalib/service-sdksandbox.jar:/apex/com.android.appsearch/javalib/service-appsearch.jar:/apex/com.android.art/javalib/service-art.jar:/apex/com.android.configinfrastructure/javalib/service-configinfrastructure.jar:/apex/com.android.healthfitness/javalib/service-healthfitness.jar:/apex/com.android.media/javalib/service-media-s.jar:/apex/com.android.ondevicepersonalization/javalib/service-ondevicepersonalization.jar:/apex/com.android.permission/javalib/service-permission.jar:/apex/com.android.rkpd/javalib/service-rkp.jar
06-04 07:34:31.053   647   647 I derive_classpath: export STANDALONE_SYSTEMSERVER_JARS /apex/com.android.btservices/javalib/service-bluetooth.jar:/apex
06-04 07:34:31.053   466   466 I wmt_launcher: get property(vendor.connsys.driver.ready) is no
06-04 07:34:31.131   648   648 I art_boot: Property persist.device_config.runtime_native_boot.useartservice not set
06-04 07:34:31.213   649   649 I odsign  : Trying to retrieve existing HMAC key...
06-04 07:34:31.215   649   649 I odsign  : Trying to retrieve existing keystore key...
06-04 07:34:31.226   649   649 I odsign  : Verified public key signature.
06-04 07:34:31.226   649   649 I odsign  : Initialized Keystore key.
06-04 07:34:31.228   649   649 I odsign  : Found and verified existing public key certificate: /data/misc/odsign/key.cert
06-04 07:34:31.336   465   465 I wmt_loader: Can't open device node(/dev/wmtdetect) count(16)
06-04 07:34:31.353   466   466 I wmt_launcher: get property(vendor.connsys.driver.ready) is no
06-04 07:34:31.435   650   650 I odrefresh: ART APEX version 341514410
06-04 07:34:31.436   650   650 I odrefresh: Userfaultfd GC check failed (build_enable_uffd_gc: true, kernel_supports_uffd: false).
06-04 07:34:31.634   650   650 I odrefresh: Checking boot images /data (arm)
06-04 07:34:31.634   650   650 I odrefresh: Boot images on /data OK (arm)
06-04 07:34:31.636   650   650 I odrefresh: system_server artifacts on /data OK
06-04 07:34:31.636   465   465 I wmt_loader: Can't open device node(/dev/wmtdetect) count(17)
06-04 07:34:31.653   466   466 I wmt_launcher: get property(vendor.connsys.driver.ready) is no
06-04 07:34:31.660   649   649 I odsign  : /data/misc/odsign/odsign.info.signature matches.
06-04 07:34:31.660   649   649 I odsign  : Loaded /data/misc/odsign/odsign.info
06-04 07:34:31.718   649   649 I odsign  : All root hashes match.
06-04 07:34:31.719   649   649 I odsign  : odrefresh said artifacts are VALID
06-04 07:34:31.719   649   649 I odsign  : On-device signing done.
06-04 07:34:31.719   649   649 I odsign  : Metrics report is empty
06-04 07:34:31.735   470   505 I keystore2: system/security/keystore2/src/super_key.rs:330 - keystore.boot_level 1000000000 hits maximum 1000000000, finishing.
06-04 07:34:31.789   464   464 I AEE_AEDV: aed_wait_decrypt done! file base encryption
06-04 07:34:31.794   464   464 I AEE_AEDV: aed_wait_decrypt done! file base encryption
06-04 07:34:31.904   662   662 I Magisk  : Magisk v27.2-kitsune-4(27002) daemon started
06-04 07:34:31.905   662   662 I Magisk  : * Device API level: 34
06-04 07:34:31.905   662   662 I Magisk  : * CPU ABI 32-bit: armeabi-v7a,armeabi
06-04 07:34:31.915   662   664 I Magisk  : ** post-fs-data mode running
06-04 07:34:31.917   662   664 I Magisk  : * Magic Mount Setup
06-04 07:34:31.940   465   465 I wmt_loader: Can't open device node(/dev/wmtdetect) count(18)
06-04 07:34:31.940     1     1 W libc    : Unable to set property "dev.mnt.dev.debug_ramdisk..magisk.modules" to "dm-42": error code: 0x10
06-04 07:34:31.954   466   466 I wmt_launcher: get property(vendor.connsys.driver.ready) is no
06-04 07:34:31.955     1     1 W libc    : Unable to set property "dev.mnt.blk.debug_ramdisk..magisk.modules" to "mmcblk0p44": error code: 0x10
06-04 07:34:31.967     1     1 W libc    : Unable to set property "dev.mnt.rootdisk.debug_ramdisk..magisk.modules" to "mmcblk0": error code: 0x10
06-04 07:34:32.050   662   664 I Magisk  : * Initializing Magisk environment
06-04 07:34:32.055   662   664 E Magisk  : * Magisk environment incomplete, abort
06-04 07:34:32.056   662   664 I Magisk  : * Loading modules
06-04 07:34:32.240   465   465 I wmt_loader: Can't open device node(/dev/wmtdetect) count(19)
06-04 07:34:32.254   466   466 I wmt_launcher: get property(vendor.connsys.driver.ready) is no
06-04 07:34:32.541   465   465 I wmt_loader: Can't open device node(/dev/wmtdetect) count(20)
06-04 07:34:32.554   466   466 I wmt_launcher: get property(vendor.connsys.driver.ready) is no
06-04 07:34:32.554   669   669 I otapreopt_slot: No A/B artifacts found for slot _a.
06-04 07:34:32.842   465   465 I wmt_loader: Can't open device node(/dev/wmtdetect) count(21)
06-04 07:34:32.855   466   466 I wmt_launcher: get property(vendor.connsys.driver.ready) is no
06-04 07:34:33.104   322   322 I auditd  : type=1400 audit(0.0:19): avc:  denied  { write } for  comm="init" name="vendor_de" dev="dm-42" ino=137 scontext=u:r:vendor_init:s0 tcontext=u:object_r:vendor_userdir_file:s0 tclass=dir permissive=0
06-04 07:34:33.104   322   322 W init    : type=1400 audit(0.0:19): avc:  denied  { write } for  name="vendor_de" dev="dm-42" ino=137 scontext=u:r:vendor_init:s0 tcontext=u:object_r:vendor_userdir_file:s0 tclass=dir permissive=0
06-04 07:34:33.142   465   465 I wmt_loader: Can't open device node(/dev/wmtdetect) count(22)
06-04 07:34:33.157   466   466 I wmt_launcher: get property(vendor.connsys.driver.ready) is no
06-04 07:34:33.443   465   465 I wmt_loader: Can't open device node(/dev/wmtdetect) count(23)
06-04 07:34:33.457   466   466 I wmt_launcher: get property(vendor.connsys.driver.ready) is no
06-04 07:34:33.743   465   465 I wmt_loader: Can't open device node(/dev/wmtdetect) count(24)
06-04 07:34:33.758   466   466 I wmt_launcher: get property(vendor.connsys.driver.ready) is no
06-04 07:34:34.044   465   465 I wmt_loader: Can't open device node(/dev/wmtdetect) count(25)
06-04 07:34:34.063   466   466 I wmt_launcher: get property(vendor.connsys.driver.ready) is no
06-04 07:34:34.352   465   465 I wmt_loader: Can't open device node(/dev/wmtdetect) count(26)
06-04 07:34:34.364   466   466 I wmt_launcher: get property(vendor.connsys.driver.ready) is no
06-04 07:34:34.652   465   465 I wmt_loader: Can't open device node(/dev/wmtdetect) count(27)
06-04 07:34:34.664   466   466 I wmt_launcher: get property(vendor.connsys.driver.ready) is no
06-04 07:34:34.710   411   411 I hwservicemanager: getDeviceHalManifest: Reloading VINTF information.
06-04 07:34:34.710   411   411 I hwservicemanager: getDeviceHalManifest: Reading VINTF information.
06-04 07:34:34.722   411   411 I hwservicemanager: getDeviceHalManifest: Successfully processed VINTF information
06-04 07:34:34.864   686   686 I ServiceManagerCppClient: Waiting for service 'statscompanion' on '/dev/binder'...
06-04 07:34:34.952   465   465 I wmt_loader: Can't open device node(/dev/wmtdetect) count(28)
06-04 07:34:34.964   466   466 I wmt_launcher: get property(vendor.connsys.driver.ready) is no
06-04 07:34:35.003   688   688 I netdClient: Skipping libnetd_client init since *we* are netd
06-04 07:34:35.016     1     1 I auditd  : type=1400 audit(0.0:20): avc:  denied  { write } for  comm="init" name="discard_max_bytes" dev="sysfs" ino=32509 scontext=u:r:init:s0 tcontext=u:object_r:sysfs_devices_block:s0 tclass=file permissive=0
06-04 07:34:35.016     1     1 W init    : type=1400 audit(0.0:20): avc:  denied  { write } for  name="discard_max_bytes" dev="sysfs" ino=32509 scontext=u:r:init:s0 tcontext=u:object_r:sysfs_devices_block:s0 tclass=file permissive=0
06-04 07:34:35.055   688   688 I netd    : netd 1.0 starting
06-04 07:34:35.057   688   688 I netd    : Pid file removed
06-04 07:34:35.057   688   688 I netd    : SIGPIPE is blocked
06-04 07:34:35.057   688   688 I netd    : setCloseOnExec(dnsproxyd)
06-04 07:34:35.057   688   688 I netd    : setCloseOnExec(fwmarkd)
06-04 07:34:35.057   688   688 I netd    : setCloseOnExec(mdns)
06-04 07:34:35.058   688   688 I NetdUpdatable: libnetd_updatable_init: Initializing
06-04 07:34:35.058   688   688 I BpfHandler: BPF programs are loaded
06-04 07:34:35.060   688   688 I BpfHandler: initMaps successfully
06-04 07:34:35.060   688   688 I netd    : libnetd_updatable_init success
06-04 07:34:35.061   688   688 I netd    : NetlinkManager instanced
06-04 07:34:35.061   688   688 I netd    : enter NetworkController ctor
06-04 07:34:35.063   688   688 E TcUtils : NLMSG_ERROR message return error: -2
06-04 07:34:35.063   688   688 E TcUtils : NLMSG_ERROR message return error: -2
06-04 07:34:35.063   688   688 E TcUtils : NLMSG_ERROR message return error: -2
06-04 07:34:35.064   688   688 E TcUtils : NLMSG_ERROR message return error: -2
06-04 07:34:35.064   688   688 E TcUtils : NLMSG_ERROR message return error: -2
06-04 07:34:35.064   688   688 E TcUtils : NLMSG_ERROR message return error: -2
06-04 07:34:35.064   688   688 E TcUtils : NLMSG_ERROR message return error: -2
06-04 07:34:35.064   688   688 I netd    : leave NetworkController ctor
06-04 07:34:35.065   688   688 I netd    : enter TetherController ctor
06-04 07:34:35.068   688   688 I netd    : leave TetherController ctor
06-04 07:34:35.100   695   695 I HidlServiceManagement: Registered android.hidl.allocator@1.0::IAllocator/ashmem
06-04 07:34:35.102   695   695 I HidlServiceManagement: Removing namespace from process name android.hidl.allocator@1.0-service to allocator@1.0-service.
06-04 07:34:35.122   688   688 I netd    : Creating child chains: 40877us
06-04 07:34:35.253   465   465 I wmt_loader: Can't open device node(/dev/wmtdetect) count(29)
06-04 07:34:35.264   466   466 I wmt_launcher: get property(vendor.connsys.driver.ready) is no
06-04 07:34:35.316   704   704 I android.hardware.health@2.1-service: default instance initializing with healthd_config...
06-04 07:34:35.318   700   700 I TlcTeeGatekeeper: t-base-MTK-ARMv8-Android-400C-V001-20180713_214233_52230_81596 [vendor/mediatek/proprietary/trustzone/trustonic/source/external/gatekeeper/common/500/src/HalAdaptationLayer.cpp:104]
06-04 07:34:35.321   700   700 I TeeSysClient: driver version: v8.3 [vendor/mediatek/proprietary/trustzone/trustonic/source/external/mobicore/common/500/ClientLib/src/driver.cpp:104]
06-04 07:34:35.322   700   700 I TeeSysClient: driver open [vendor/mediatek/proprietary/trustzone/trustonic/source/external/mobicore/common/500/ClientLib/src/driver.cpp:109]
06-04 07:34:35.326   704   704 I HidlServiceManagement: Registered android.hardware.health@2.1::IHealth/default
06-04 07:34:35.327   704   704 I HidlServiceManagement: Removing namespace from process name android.hardware.health@2.1-service to health@2.1-service.
06-04 07:34:35.327   704   704 I android.hardware.health@2.1-service: default: Hal init done
06-04 07:34:35.404   708   708 I android.hardware.usb@1.2-service-mediatekv2: UsbGadget
06-04 07:34:35.409   708   708 I HidlServiceManagement: Registered android.hardware.usb@1.3::IUsb/default
06-04 07:34:35.408   714   725 I mtkpower@1.0-service: mtkPowerService register IMtkPower
06-04 07:34:35.409   708   708 I HidlServiceManagement: Removing namespace from process name android.hardware.usb@1.2-service-mediatekv2 to usb@1.2-service-mediatekv2.
06-04 07:34:35.413   708   708 I HidlServiceManagement: Registered android.hardware.usb.gadget@1.1::IUsbGadget/default
06-04 07:34:35.414   708   708 I android.hardware.usb@1.2-service-mediatekv2: USB HAL Ready.
06-04 07:34:35.473   716   716 I HidlServiceManagement: Registered vendor.mediatek.hardware.nvram@1.1::INvram/default
06-04 07:34:35.474   716   716 I HidlServiceManagement: Removing namespace from process name vendor.mediatek.hardware.nvram@1.1-service to nvram@1.1-service.
06-04 07:34:35.474   716   716 I LegacySupport: Registration complete for vendor.mediatek.hardware.nvram@1.1::INvram/default.
06-04 07:34:35.526   717   717 I HidlServiceManagement: Registered vendor.trustonic.tee@1.1::ITee/default
06-04 07:34:35.527   717   717 I HidlServiceManagement: Removing namespace from process name vendor.trustonic.tee@1.1-service to tee@1.1-service.
06-04 07:34:35.528   717   717 I HidlServiceManagement: Registered vendor.trustonic.tee.tui@1.0::ITui/default
06-04 07:34:35.553   465   465 I wmt_loader: Can't open device node(/dev/wmtdetect) count(30)
06-04 07:34:35.565   466   466 I wmt_launcher: get property(vendor.connsys.driver.ready) is no
06-04 07:34:35.599   707   707 I SensorList: defaultSensorListCount=14
06-04 07:34:35.606   707   707 I SensorList: sensor=0, name=mir3da
06-04 07:34:35.607   707   707 I SensorList: sensor=3, name=NULL
06-04 07:34:35.607   707   707 I SensorList: removeSensor=3
06-04 07:34:35.607   707   707 I SensorList: sensor=1, name=NULL
06-04 07:34:35.607   707   707 I SensorList: removeSensor=1
06-04 07:34:35.607   707   707 I SensorList: sensor=4, name=hx3220_als
06-04 07:34:35.607   707   707 I SensorList: sensor=7, name=hx3220_ps
06-04 07:34:35.607   707   707 I SensorList: sensor=5, name=NULL
06-04 07:34:35.607   707   707 I SensorList: removeSensor=5
06-04 07:34:35.607   707   707 I SensorList: sensor=71, name=NULL
06-04 07:34:35.607   707   707 I SensorList: removeSensor=71
06-04 07:34:35.608   707   707 I SensorList: newSensorListCount=14
06-04 07:34:35.608   707   707 E SensorContext: sensors_poll_context_t constructor.
06-04 07:34:35.608   707   707 E SensorSaved: (/mnt/vendor/nvcfg) exist
06-04 07:34:35.609   707   707 I Accelerometer: read div buf(/sys/class/sensor/m_acc_misc/accactive), mdiv 1000
06-04 07:34:35.617   707   707 E SensorSaved: settings file(/mnt/vendor/nvcfg/sensor/acc_bias.json) open failed: -2 (No such file or directory)
06-04 07:34:35.617   707   707 I Accelerometer: read bias: [0.000000, 0.000000, 0.000000]
06-04 07:34:35.617   707   707 E SensorSaved: settings file(/mnt/vendor/nvcfg/sensor/acc_cali.json) open failed: -2 (No such file or directory)
06-04 07:34:35.618   707   707 I Accelerometer: read cali: [0, 0, 0]
06-04 07:34:35.621   707   707 E SensorEventReader: couldn't find device path=/dev/m_mag_misc
06-04 07:34:35.621   707   707 E Magnetic: couldn't find input device
06-04 07:34:35.621   707   707 E Magnetic: open misc path /sys/class/sensor/m_mag_misc/magactive fail
