06-04 09:01:35.782   907   907 I AEE_DUMPSTATE: archive_file_to_db: current dumped file is /proc/736/sched
06-04 09:01:35.792   850   850 I AEE_DUMPSTATE: archive_file_to_db: current dumped file is /etc/event-log-tags
06-04 09:01:35.799   915   915 E AEE_DUMPSTATE: execute /system/bin/showmap
06-04 09:01:35.802   850   850 E AEE_DUMPSTATE: archive_listed_files_to_db: Failed to dump SYS_MEMORY_INFO, can not open file /sys/kernel/debug/tracing/buffer_total_size_kb, No such file or directory
06-04 09:01:35.805   850   850 E AEE_DUMPSTATE: archive_file_to_db: Failed to dump SYS_MEMORY_LOG, can not open file /sys/kernel/debug/dmlog, No such file or directory
06-04 09:01:35.807   850   850 E AEE_DUMPSTATE: archive_file_to_db: Failed to dump SYS_MEMORY_LOG, can not open file /sys/kernel/mm/mlog/dump, No such file or directory
06-04 09:01:35.819   850   850 E AEE_DUMPSTATE: archive_file_to_db: Failed to dump SYS_MMSTAT_TRACE, can not open file /sys/kernel/tracing/instances/mmstat/trace, No such file or directory
06-04 09:01:35.821   850   850 E AEE_DUMPSTATE: archive_file_to_db: Failed to dump SYS_GED_INFO, can not open file /d/ged/gedlog, No such file or directory
06-04 09:01:35.823   850   850 I AEE_DUMPSTATE: archive_file_to_db: current dumped file is /proc/gpulog
06-04 09:01:35.824   850   850 I AEE_DUMPSTATE: archive_file_to_db: current dumped file is /proc/sched_debug
06-04 09:01:35.825   465   465 I wmt_loader: Can't open device node(/dev/wmtdetect) count(42)
06-04 09:01:35.869   917   917 E AEE_DUMPSTATE: execute /system/bin/top
06-04 09:01:35.892   406   406 I hwservicemanager: getTransport: Cannot find entry android.hardware.atrace@1.0::IAtraceDevice/default in either framework or device VINTF manifest.
06-04 09:01:35.888   904   904 I auditd  : type=1400 audit(0.0:35): avc:  denied  { write } for  comm="atrace" name="enable" dev="tracefs" ino=4251 scontext=u:r:atrace:s0 tcontext=u:object_r:debugfs_tracing_debug:s0 tclass=file permissive=0
06-04 09:01:35.888   904   904 W atrace  : type=1400 audit(0.0:35): avc:  denied  { write } for  name="enable" dev="tracefs" ino=4251 scontext=u:r:atrace:s0 tcontext=u:object_r:debugfs_tracing_debug:s0 tclass=file permissive=0
06-04 09:01:35.925   907   907 I AEE_DUMPSTATE: archive_file_to_db: current dumped file is /proc/736/maps
06-04 09:01:35.942   907   907 I AEE_DUMPSTATE: archive_file_to_db: current dumped file is /proc/m4u_dbg/mva
06-04 09:01:35.977   468   468 I wmt_launcher: get property(vendor.connsys.driver.ready) is no
06-04 09:01:36.047   838   874 W adbd    : timed out while waiting for FUNCTIONFS_BIND, trying again
06-04 09:01:36.048   838   874 I adbd    : UsbFfs: connection terminated: monitor thread finished
06-04 09:01:36.048   838   838 I adbd    : UsbFfs: already offline
06-04 09:01:36.048   838   838 I adbd    : destroying transport UsbFfs
06-04 09:01:36.048   838   838 I adbd    : UsbFfsConnection being destroyed
06-04 09:01:36.126   465   465 I wmt_loader: Can't open device node(/dev/wmtdetect) count(43)
06-04 09:01:36.182   691   691 I netd    : Initializing XfrmController: 624988us
06-04 09:01:36.201   691   691 I resolv  : resolv_init: Initializing resolver
06-04 09:01:36.214   919   919 I idmap2d : Starting
06-04 09:01:36.215   916   916 E mnld    : mtk_socket_tcp_startListening: mSockListenId ok
06-04 09:01:36.216   916   916 W MPE_MA  : mpe_sys_read_mpe_conf_flag: load mpe config from MPE_CONF_DEFAULT
06-04 09:01:36.216   916   916 W mnld_pwr_interface: mnld_pwr_open: mnld_pwr_open, /dev/gps_pwr failed:No such file or directory
06-04 09:01:36.216   916   916 E mnld_pwr_interface: mnld_pwr_init: mnld_pwr_open failed, No such file or directory
06-04 09:01:36.216   916   936 W mnld_pwr_interface: mnld_pwr_open: mnld_pwr_open, /dev/gps_pwr failed:No such file or directory
06-04 09:01:36.216   916   936 E mnld_pwr_interface: mnld_pwr_control_thread: mnld_pwr_open failed, No such file or directory, retry:0
06-04 09:01:36.216   916   916 E mtk_lbs_utility: init_timer_id_alarm: timerfd_create  CLOCK_BOOTTIME_ALARM 
06-04 09:01:36.217   916   929 W mnld    : thread_adc_capture_init: open_port: Unable to open /dev/gps_emi, retry:1
06-04 09:01:36.217   916   916 E mtk_lbs_utility: safe_sendto: safe_sendto() sendto() failed path=[mtk_mnl2hal] ret=-1 reason=[Connection refused]111
06-04 09:01:36.218   916   916 E MNLD    : mnld_init: mnl2hal_release_wakelock failed because of safe_sendto fail ,strerror:Connection refused 
06-04 09:01:36.218   916   916 E mtk_lbs_utility: safe_sendto: safe_sendto() sendto() failed path=[mtk_mnl2hal] ret=-1 reason=[Connection refused]111
06-04 09:01:36.218   916   916 E MNLD    : mnld_init: mnl2hal_mnld_reboot failed because of safe_sendto fail ,strerror:Connection refused 
06-04 09:01:36.219   916   916 E mnld    : Mnld2DebugInterface_mnldUpdateReboot: Mnld2DebugInterface_mnldUpdateReboot
06-04 09:01:36.219   916   916 E mnld    : mtk_socket_connect_local: mtk_socket_connect_local() connect() failed reason=[Connection refused]111 for path=[mtk_mnld2debugService]
06-04 09:01:36.219   916   916 E mnld    : Mnld2DebugInterface_mnldUpdateReboot: Mnld2DebugInterface_mnldUpdateReboot() mtk_socket_client_connect() failed
06-04 09:01:36.219   916   916 E mnld    : mtk_socket_connect_local: mtk_socket_connect_local() connect() failed reason=[Connection refused]111 for path=[mtk_lbs_log_v2s]
06-04 09:01:36.220   916   916 E mnld    : LbsLogInterface_closeLog: LbsLogInterface_closeLog() mtk_socket_client_connect() failed
06-04 09:01:36.220   916   916 E mnld    : mtk_socket_connect_local: mtk_socket_connect_local() connect() failed reason=[Connection refused]111 for path=[mtk_lbs_log_v2s]
06-04 09:01:36.220   916   916 E mnld    : LbsLogInterface_closeLog: LbsLogInterface_closeLog() mtk_socket_client_connect() failed
06-04 09:01:36.220   916   916 E mnld    : mtk_socket_connect_local: mtk_socket_connect_local() connect() failed reason=[Connection refused]111 for path=[mtk_lbs_log_v2s]
06-04 09:01:36.221   916   916 E mnld    : LbsLogInterface_closeLog: LbsLogInterface_closeLog() mtk_socket_client_connect() failed
06-04 09:01:36.221   916   916 E mtk_lbs_utility: safe_sendto: safe_sendto() sendto() failed path=[mtk_mnl2hal] ret=-1 reason=[Connection refused]111
06-04 09:01:36.221   916   916 E gps_controlller: mnld_gps_update_name: mnl2hal_update_gnss_name err 
06-04 09:01:36.222   916   945 E flp     : mnld_screen_monitor_thread: Create
06-04 09:01:36.223   916   945 E flp     : mnld_screen_monitor_thread: Wake Monitor Restart
06-04 09:01:36.239   691   691 I netd    : Registering NetdNativeService: 1170us
06-04 09:01:36.246   691   691 I netd    : Registering MDnsService: 7163us
06-04 09:01:36.254   907   907 I AEE_DUMPSTATE: archive_file_to_db: current dumped file is /proc/736/task/842/status
06-04 09:01:36.256   907   907 I AEE_DUMPSTATE: archive_file_to_db: current dumped file is /proc/736/task/842/sched
06-04 09:01:36.257   907   907 E AEE_DUMPSTATE: archive_file_to_db: Failed to dump SYS_BLOCKIO, can not open file /sys/kernel/debug/blockio, No such file or directory
06-04 09:01:36.263   691   691 I HidlServiceManagement: Registered android.system.net.netd@1.1::INetd/default
06-04 09:01:36.264   691   691 I netd    : Registering NetdHwService: 17921us
06-04 09:01:36.264   691   691 I netd    : Netd started in 3410181us
06-04 09:01:36.269   923   923 I installd: installd firing up
06-04 09:01:36.271   907   907 I AEE_DUMPSTATE: archive_file_to_db: current dumped file is /proc/blocktag/blockio
06-04 09:01:36.272   907   907 E AEE_DUMPSTATE: archive_file_to_db: Failed to dump SYS_STORAGE_DEBUG_UFS, can not open file /proc/ufs_debug, No such file or directory
06-04 09:01:36.273   907   907 E AEE_DUMPSTATE: archive_file_to_db: Failed to dump SYS_STORAGE_DEBUG_MSDC, can not open file /proc/msdc_debug, No such file or directory
06-04 09:01:36.275   907   907 E AEE_DUMPSTATE: archive_file_to_db: Failed to dump SYS_MMPROFILE, can not open file /sys/kernel/debug/mmprofile/buffer, No such file or directory
06-04 09:01:36.276   907   907 E AEE_DUMPSTATE: archive_file_to_db: Failed to dump SYS_MMPROFILE, can not open file /proc/mmprofile/buffer, No such file or directory
06-04 09:01:36.290   468   468 I wmt_launcher: get property(vendor.connsys.driver.ready) is no
06-04 09:01:36.299   907   907 E AEE_DUMPSTATE: archive_file_to_db: Failed to dump SYS_IMG_MEM_DUMP, can not open file /proc/pvr/memtrack_stats, Permission denied
06-04 09:01:36.296   907   907 I auditd  : type=1400 audit(0.0:36): avc:  denied  { search } for  comm="aee_dumpstate" name="pvr" dev="proc" ino=4026533374 scontext=u:r:dumpstate:s0 tcontext=u:object_r:procfs_gpu_img:s0 tclass=dir permissive=0
06-04 09:01:36.296   907   907 W aee_dumpstate: type=1400 audit(0.0:36): avc:  denied  { search } for  name="pvr" dev="proc" ino=4026533374 scontext=u:r:dumpstate:s0 tcontext=u:object_r:procfs_gpu_img:s0 tclass=dir permissive=0
06-04 09:01:36.296   907   907 I auditd  : type=1400 audit(0.0:37): avc:  denied  { search } for  comm="aee_dumpstate" name="pvr" dev="proc" ino=4026533374 scontext=u:r:dumpstate:s0 tcontext=u:object_r:procfs_gpu_img:s0 tclass=dir permissive=0
06-04 09:01:36.296   907   907 W aee_dumpstate: type=1400 audit(0.0:37): avc:  denied  { search } for  name="pvr" dev="proc" ino=4026533374 scontext=u:r:dumpstate:s0 tcontext=u:object_r:procfs_gpu_img:s0 tclass=dir permissive=0
06-04 09:01:36.300   907   907 E AEE_DUMPSTATE: archive_file_to_db: Failed to dump SYS_IMG_MEM_HISTORY, can not open file /proc/pvr/devicemem_history, Permission denied
06-04 09:01:36.296   907   907 I auditd  : type=1400 audit(0.0:38): avc:  denied  { search } for  comm="aee_dumpstate" name="pvr" dev="proc" ino=4026533374 scontext=u:r:dumpstate:s0 tcontext=u:object_r:procfs_gpu_img:s0 tclass=dir permissive=0
06-04 09:01:36.296   907   907 W aee_dumpstate: type=1400 audit(0.0:38): avc:  denied  { search } for  name="pvr" dev="proc" ino=4026533374 scontext=u:r:dumpstate:s0 tcontext=u:object_r:procfs_gpu_img:s0 tclass=dir permissive=0
06-04 09:01:36.296   907   907 I auditd  : type=1400 audit(0.0:39): avc:  denied  { search } for  comm="aee_dumpstate" name="pvr" dev="proc" ino=4026533374 scontext=u:r:dumpstate:s0 tcontext=u:object_r:procfs_gpu_img:s0 tclass=dir permissive=0
06-04 09:01:36.296   907   907 W aee_dumpstate: type=1400 audit(0.0:39): avc:  denied  { search } for  name="pvr" dev="proc" ino=4026533374 scontext=u:r:dumpstate:s0 tcontext=u:object_r:procfs_gpu_img:s0 tclass=dir permissive=0
06-04 09:01:36.310   958   958 E AEE_DUMPSTATE: execute /system/bin/cat
06-04 09:01:36.314   838   872 I adbd    : opening control endpoint /dev/usb-ffs/adb/ep0
06-04 09:01:36.371   962   962 E AEE_DUMPSTATE: execute /system/bin/logcat
06-04 09:01:36.373   706   706 I hwcomposer: [ASYNCBLTDEV] create AsyncBlitDevice  
06-04 09:01:36.380   960   960 I libc    : malloc_limit: Allocation limit enabled, max size 134217728 bytes
06-04 09:01:36.393   838   872 I adbd    : UsbFfsConnection constructed
06-04 09:01:36.394   838   966 I adbd    : UsbFfs-monitor thread spawned
06-04 09:01:36.423   722   722 I ServiceManagerCppClient: Waiting for service 'media.metrics' on '/dev/binder' successful after waiting 1585ms
06-04 09:01:36.426   960   964 I ServiceManagerCppClient: Waiting for service 'package_native' on '/dev/binder'...
06-04 09:01:36.427   722   722 I AudioFlinger: Using default 3000 mSec as standby time.
06-04 09:01:36.427   465   465 I wmt_loader: Can't open device node(/dev/wmtdetect) count(44)
06-04 09:01:36.432   722   722 D APM_Config: MTK_audio_get_audio_policy_config_file bluetooth_le_mode off, a2dp offload enabled 1
06-04 09:01:36.432   706   706 I hwcomposer: [PqXmlParser] init: failed to open file: /vendor/etc/cust_pq.xml  
06-04 09:01:36.433   722   722 D APM_Config: MTK_audio_get_audio_policy_config_file 306 disable a2dp offload
06-04 09:01:36.433   722   722 D APM_Config:  MTK_audio_get_audio_policy_config_file, 328, a2dp offload, ums non-offload, use audio_policy_configuration.xml
06-04 09:01:36.445   406   406 I hwservicemanager: Since vendor.mediatek.hardware.pq@2.14::IPictureQuality/default is not registered, trying to start it as a lazy HAL (if it's not configured to be a lazy HAL, it may be stuck starting or still starting).
06-04 09:01:36.447   706   706 E hwcomposer: [IPqDevice] Can't get PQ service tried (0) times  
06-04 09:01:36.495   953   953 I main_extractorservice: enable media.extractor memory limits
06-04 09:01:36.496   953   953 V MediaUtils: physMem: 3077824512
06-04 09:01:36.496   953   953 V MediaUtils: requested limit: 615564900
06-04 09:01:36.496   953   953 I libc    : malloc_limit: Allocation limit enabled, max size 615564900 bytes
