06-04 09:01:33.542   711   711 E SensorSaved: settings file(/mnt/vendor/nvcfg/sensor/acc_bias.json) open failed: -2 (No such file or directory)
06-04 09:01:33.542   711   711 I Accelerometer: read bias: [0.000000, 0.000000, 0.000000]
06-04 09:01:33.542   711   711 E SensorSaved: settings file(/mnt/vendor/nvcfg/sensor/acc_cali.json) open failed: -2 (No such file or directory)
06-04 09:01:33.542   711   711 I Accelerometer: read cali: [0, 0, 0]
06-04 09:01:33.545   711   711 E SensorEventReader: couldn't find device path=/dev/m_mag_misc
06-04 09:01:33.545   711   711 E Magnetic: couldn't find input device
06-04 09:01:33.545   711   711 E Magnetic: open misc path /sys/class/sensor/m_mag_misc/magactive fail
06-04 09:01:33.545   711   711 E SensorSaved: settings file(/mnt/vendor/nvcfg/sensor/mag_bias.json) open failed: -2 (No such file or directory)
06-04 09:01:33.545   711   711 I Magnetic: read bias: [0.000000, 0.000000, 0.000000]
06-04 09:01:33.545   711   711 E SensorSaved: settings file(/mnt/vendor/nvcfg/sensor/mag_cali.json) open failed: -2 (No such file or directory)
06-04 09:01:33.545   711   711 I Magnetic: read cali parameter: [0, 0, 0, 0, 0, 0]
06-04 09:01:33.546   711   711 E Magnetic: no cali attr
06-04 09:01:33.546   711   711 I VendorInterface: VendorInterface constructor.
06-04 09:01:33.546   711   711 E VendorInterface: open vendor libinfo fail
06-04 09:01:33.546   711   711 I Proximity: read div buf(/sys/class/sensor/m_ps_misc/psactive), mdiv 100
06-04 09:01:33.546   711   711 E SensorSaved: settings file(/mnt/vendor/nvcfg/sensor/ps_cali.json) open failed: -2 (No such file or directory)
06-04 09:01:33.546   711   711 I Proximity: read cali [high, low]: [0, 0]
06-04 09:01:33.547   468   468 I wmt_launcher: get property(vendor.connsys.driver.ready) is no
06-04 09:01:33.548   711   711 I Light   : read div buf(/sys/class/sensor/m_als_misc/alsactive),mdiv 100
06-04 09:01:33.549   711   711 E SensorSaved: settings file(/mnt/vendor/nvcfg/sensor/als_cali.json) open failed: -2 (No such file or directory)
06-04 09:01:33.550   711   711 I Light   : read alsCali: [0]
06-04 09:01:33.550   746   746 W MTK_FG_FUEL: fd < 0, init first!
06-04 09:01:33.552   746   746 W MTK_FG_FUEL: init failed, return!
06-04 09:01:33.552   711   711 E SensorEventReader: couldn't find device path=/dev/m_baro_misc
06-04 09:01:33.553   711   711 E Pressure: couldn't find sensor device
06-04 09:01:33.553   711   711 E SensorEventReader: couldn't find device path=/dev/m_hmdy_misc
06-04 09:01:33.553   711   711 E HUMIDITY: couldn't find sensor device
06-04 09:01:33.554   711   711 I StepRecognize: read div buf(/sys/class/sensor/m_step_c_misc/step_cactive)
06-04 09:01:33.554   711   711 I StepRecognize: mdiv 0
06-04 09:01:33.555   711   711 E SensorEventReader: couldn't find device path=/dev/m_pedo_misc
06-04 09:01:33.555   711   711 E Pedometer: open misc path /sys/class/sensor/m_pedo_misc/pedoactive fail
06-04 09:01:33.555   711   711 E SensorEventReader: couldn't find device path=/dev/m_act_misc
06-04 09:01:33.556   711   711 E Activity: couldn't find sensor device
06-04 09:01:33.556   711   711 E SensorEventReader: couldn't find device path=/dev/m_fusion_misc
06-04 09:01:33.556   711   711 E ScpFusion: open fusion misc path /sys/class/sensor/m_fusion_misc/fusionactive fail 
06-04 09:01:33.557   711   711 E SensorEventReader: couldn't find device path=/dev/m_bio_misc
06-04 09:01:33.558   711   711 I mtkSubHal: HIDL mediatek subhal 2.x load sensor module success.
06-04 09:01:33.561   752   752 I TeeMcDaemon: Registry search paths: [vendor/mediatek/proprietary/trustzone/trustonic/source/external/mobicore/common/500/Daemon/src/MobiCoreDriverDaemon.cpp:227]
06-04 09:01:33.561   752   752 I TeeMcDaemon:   /data/vendor/mcRegistry [vendor/mediatek/proprietary/trustzone/trustonic/source/external/mobicore/common/500/Daemon/src/MobiCoreDriverDaemon.cpp:229]
06-04 09:01:33.561   752   752 I TeeMcDaemon:   /vendor/app/mcRegistry [vendor/mediatek/proprietary/trustzone/trustonic/source/external/mobicore/common/500/Daemon/src/MobiCoreDriverDaemon.cpp:229]
06-04 09:01:33.561   752   752 I TeeMcDaemon:   /system/app/mcRegistry [vendor/mediatek/proprietary/trustzone/trustonic/source/external/mobicore/common/500/Daemon/src/MobiCoreDriverDaemon.cpp:229]
06-04 09:01:33.561   752   752 I TeeMcDaemon: Initialise Secure World [vendor/mediatek/proprietary/trustzone/trustonic/source/external/mobicore/common/500/Daemon/src/MobiCoreDriverDaemon.cpp:259]
06-04 09:01:33.562   752   752 I TeeMcDaemon: driver version: v8.3 [vendor/mediatek/proprietary/trustzone/trustonic/source/external/mobicore/common/500/Daemon/src/SecureWorld.cpp:223]
06-04 09:01:33.562   752   752 I TeeMcDaemon: driver version: v8.3 [vendor/mediatek/proprietary/trustzone/trustonic/source/external/mobicore/common/500/ClientLib/src/driver.cpp:104]
06-04 09:01:33.562   752   752 I TeeMcDaemon: driver open [vendor/mediatek/proprietary/trustzone/trustonic/source/external/mobicore/common/500/ClientLib/src/driver.cpp:109]
06-04 09:01:33.562   752   752 I TeeMcDaemon: driver closed [vendor/mediatek/proprietary/trustzone/trustonic/source/external/mobicore/common/500/ClientLib/src/driver.cpp:120]
06-04 09:01:33.562   752   752 I TeeMcDaemon: TEE is ready, version: t-base-MTK-A64-Android-500a-V009-20210919_233904_29714_105404 [vendor/mediatek/proprietary/trustzone/trustonic/source/external/mobicore/common/500/Daemon/src/SecureWorld.cpp:287]
06-04 09:01:33.562   752   752 I TeeMcDaemon: Load decryption key [vendor/mediatek/proprietary/trustzone/trustonic/source/external/mobicore/common/500/Daemon/src/MobiCoreDriverDaemon.cpp:269]
06-04 09:01:33.562   752   752 W TeeMcDaemon: Cannot open key SO  (No such file or directory) [vendor/mediatek/proprietary/trustzone/trustonic/source/external/mobicore/common/500/Daemon/src/SecureWorld.cpp:445]
06-04 09:01:33.562   752   752 W TeeMcDaemon: key decryption  missing, ignore [vendor/mediatek/proprietary/trustzone/trustonic/source/external/mobicore/common/500/Daemon/src/MobiCoreDriverDaemon.cpp:275]
06-04 09:01:33.562   752   752 I TeeMcDaemon: t-base-MTK-A64-Android-500a-V009-20210919_233904_29714_105404 [vendor/mediatek/proprietary/trustzone/trustonic/source/external/mobicore/common/500/Daemon/src/MobiCoreDriverDaemon.cpp:296]
06-04 09:01:33.563   752   752 I TeeMcDaemon: Specific partition path used for Store_1.tf, stored in /mnt/vendor/persist/mcRegistry [vendor/mediatek/proprietary/trustzone/trustonic/source/external/mobicore/common/500/Daemon/src/FSD2.cpp:381]
06-04 09:01:33.563   752   752 I TeeMcDaemon: Start services [vendor/mediatek/proprietary/trustzone/trustonic/source/external/mobicore/common/500/Daemon/src/MobiCoreDriverDaemon.cpp:318]
06-04 09:01:33.563   752   752 I TeeMcDaemon: * start secure world interface [vendor/mediatek/proprietary/trustzone/trustonic/source/external/mobicore/common/500/Daemon/src/MobiCoreDriverDaemon.cpp:322]
06-04 09:01:33.564   752   752 I TeeMcDaemon: * start filesystem [vendor/mediatek/proprietary/trustzone/trustonic/source/external/mobicore/common/500/Daemon/src/MobiCoreDriverDaemon.cpp:322]
06-04 09:01:33.564   752   752 I TeeMcDaemon: driver version: v8.3 [vendor/mediatek/proprietary/trustzone/trustonic/source/external/mobicore/common/500/ClientLib/src/driver.cpp:104]
06-04 09:01:33.564   752   752 I TeeMcDaemon: driver open [vendor/mediatek/proprietary/trustzone/trustonic/source/external/mobicore/common/500/ClientLib/src/driver.cpp:109]
06-04 09:01:33.567   752   757 I TeeMcDaemon: Start listening to secure world [vendor/mediatek/proprietary/trustzone/trustonic/source/external/mobicore/common/500/Daemon/src/SecureWorld.cpp:507]
06-04 09:01:33.567   711   711 I HidlServiceManagement: Registered android.hardware.sensors@2.0::ISensors/default
06-04 09:01:33.568   711   711 I HidlServiceManagement: Removing namespace from process name android.hardware.sensors@2.0-service.multihal-mediatek to sensors@2.0-service.multihal-mediatek.
06-04 09:01:33.583   748   748 I ccci_rpcd: [open_rpc_device] dev_name: /dev/ccci_rpc
06-04 09:01:33.584   748   748 E ccci_rpcd: /dev/ccci_rpc open fail (2)
06-04 09:01:33.584   748   748 E ccci_rpcd: /dev/ccci_rpc not exists..
06-04 09:01:33.600   747   747 E ccci_mdinit: (1):main, fail to open ccci_dump, err(No such file or directory)
06-04 09:01:33.606   747   747 E ccci_mdinit: (1):Open ccci kernel setting file fail, exit
06-04 09:01:33.626   752   757 W TeeMcDaemon: Cannot open trustlet /data/vendor/mcRegistry/07150000000000000000000000000000.tlbin (No such file or directory) [vendor/mediatek/proprietary/trustzone/trustonic/source/external/mobicore/common/500/Daemon/src/SecureWorld.cpp:114]
06-04 09:01:33.645   699   699 I mtkaudiohalservice: register interface = android.hardware.audio@7.0::IDevicesFactory
06-04 09:01:33.648   750   750 I auditd  : type=1400 audit(0.0:21): avc:  denied  { search } for  comm="nvram_daemon" name="android" dev="sysfs" ino=38 scontext=u:r:nvram_daemon:s0 tcontext=u:object_r:sysfs_dt_firmware_android:s0 tclass=dir permissive=0
06-04 09:01:33.648   750   750 W nvram_daemon: type=1400 audit(0.0:21): avc:  denied  { search } for  name="android" dev="sysfs" ino=38 scontext=u:r:nvram_daemon:s0 tcontext=u:object_r:sysfs_dt_firmware_android:s0 tclass=dir permissive=0
06-04 09:01:33.648   750   750 I auditd  : type=1400 audit(0.0:22): avc:  denied  { search } for  comm="nvram_daemon" name="android" dev="sysfs" ino=38 scontext=u:r:nvram_daemon:s0 tcontext=u:object_r:sysfs_dt_firmware_android:s0 tclass=dir permissive=0
06-04 09:01:33.648   750   750 W nvram_daemon: type=1400 audit(0.0:22): avc:  denied  { search } for  name="android" dev="sysfs" ino=38 scontext=u:r:nvram_daemon:s0 tcontext=u:object_r:sysfs_dt_firmware_android:s0 tclass=dir permissive=0
06-04 09:01:33.648   750   750 I auditd  : type=1400 audit(0.0:23): avc:  denied  { search } for  comm="nvram_daemon" name="android" dev="sysfs" ino=38 scontext=u:r:nvram_daemon:s0 tcontext=u:object_r:sysfs_dt_firmware_android:s0 tclass=dir permissive=0
06-04 09:01:33.648   750   750 W nvram_daemon: type=1400 audit(0.0:23): avc:  denied  { search } for  name="android" dev="sysfs" ino=38 scontext=u:r:nvram_daemon:s0 tcontext=u:object_r:sysfs_dt_firmware_android:s0 tclass=dir permissive=0
06-04 09:01:33.652   750   750 I auditd  : type=1400 audit(0.0:24): avc:  denied  { search } for  comm="nvram_daemon" name="android" dev="sysfs" ino=38 scontext=u:r:nvram_daemon:s0 tcontext=u:object_r:sysfs_dt_firmware_android:s0 tclass=dir permissive=0
06-04 09:01:33.652   750   750 W nvram_daemon: type=1400 audit(0.0:24): avc:  denied  { search } for  name="android" dev="sysfs" ino=38 scontext=u:r:nvram_daemon:s0 tcontext=u:object_r:sysfs_dt_firmware_android:s0 tclass=dir permissive=0
06-04 09:01:33.665   752   757 W TeeMcDaemon: Cannot open trustlet /data/vendor/mcRegistry/07050501000000000000000000000020.tlbin (No such file or directory) [vendor/mediatek/proprietary/trustzone/trustonic/source/external/mobicore/common/500/Daemon/src/SecureWorld.cpp:114]
06-04 09:01:33.676   321   321 I auditd  : type=1400 audit(0.0:25): avc:  denied  { write } for  comm="init" name="dirty_writeback_centisecs" dev="proc" ino=18315 scontext=u:r:vendor_init:s0 tcontext=u:object_r:proc:s0 tclass=file permissive=0
06-04 09:01:33.676   321   321 W init    : type=1400 audit(0.0:25): avc:  denied  { write } for  name="dirty_writeback_centisecs" dev="proc" ino=18315 scontext=u:r:vendor_init:s0 tcontext=u:object_r:proc:s0 tclass=file permissive=0
06-04 09:01:33.684   752   752 I TeeMcDaemon: * start endorsement installer [vendor/mediatek/proprietary/trustzone/trustonic/source/external/mobicore/common/500/Daemon/src/MobiCoreDriverDaemon.cpp:322]
06-04 09:01:33.685   752   752 I TeeMcDaemon: * start registry server [vendor/mediatek/proprietary/trustzone/trustonic/source/external/mobicore/common/500/Daemon/src/MobiCoreDriverDaemon.cpp:322]
06-04 09:01:33.685   752   763 I TeeMcDaemon: run: Start listening for request from STH2 [vendor/mediatek/proprietary/trustzone/trustonic/source/external/mobicore/common/500/Daemon/src/FSD2.cpp:484]
06-04 09:01:33.685   752   752 I TeeMcDaemon: * start debug session [vendor/mediatek/proprietary/trustzone/trustonic/source/external/mobicore/common/500/Daemon/src/MobiCoreDriverDaemon.cpp:322]
06-04 09:01:33.685   752   764 I TeeEndorsementInstaller: Starting endorsement installer thread [vendor/mediatek/proprietary/trustzone/trustonic/source/external/mobicore/common/500/Daemon/src/EndorsementInstaller.cpp:85]
06-04 09:01:33.685   752   757 W TeeMcDaemon: Cannot open trustlet /data/vendor/mcRegistry/08050500000000000000000000000000.tlbin (No such file or directory) [vendor/mediatek/proprietary/trustzone/trustonic/source/external/mobicore/common/500/Daemon/src/SecureWorld.cpp:114]
06-04 09:01:33.687   752   765 I TeeMcDaemon: run: Starting server [vendor/mediatek/proprietary/trustzone/trustonic/source/external/mobicore/common/500/Daemon/src/RegistryServer.cpp:207]
06-04 09:01:33.687   701   701 I TeeSysClient: driver closed [vendor/mediatek/proprietary/trustzone/trustonic/source/external/mobicore/common/500/ClientLib/src/driver.cpp:120]
06-04 09:01:33.687   752   752 E TeeMcDaemon: mcOpenSession returned INVALID_OPERATION (rc 0x9) [vendor/mediatek/proprietary/trustzone/trustonic/source/external/mobicore/common/500/ClientLib/src/native_interface.cpp:604]
06-04 09:01:33.687   752   752 W TeeMcDaemon: Tci buffer might be too short, trying again with new size sent by SWd (size = 911548 bytes) [vendor/mediatek/proprietary/trustzone/trustonic/source/external/mobicore/common/500/Daemon/src/DebugSession.cpp:104]
06-04 09:01:33.689   752   757 W TeeMcDaemon: Cannot open trustlet /data/vendor/mcRegistry/08050500000000000000000000000000.tlbin (No such file or directory) [vendor/mediatek/proprietary/trustzone/trustonic/source/external/mobicore/common/500/Daemon/src/SecureWorld.cpp:114]
06-04 09:01:33.699   752   752 I TeeMcDaemon: session opened [vendor/mediatek/proprietary/trustzone/trustonic/source/external/mobicore/common/500/Daemon/src/DebugSession.cpp:125]
06-04 09:01:33.699   752   752 I TeeMcDaemon: Load secure drivers [vendor/mediatek/proprietary/trustzone/trustonic/source/external/mobicore/common/500/Daemon/src/MobiCoreDriverDaemon.cpp:335]
06-04 09:01:33.699   752   752 I TeeMcDaemon: * loading /vendor/app/mcRegistry/06090000000000000000000000000000.drbin [vendor/mediatek/proprietary/trustzone/trustonic/source/external/mobicore/common/500/Daemon/src/MobiCoreDriverDaemon.cpp:338]
06-04 09:01:33.701   701   701 I HidlServiceManagement: Registered android.hardware.gatekeeper@1.0::IGatekeeper/default
06-04 09:01:33.705   701   701 I HidlServiceManagement: Removing namespace from process name android.hardware.gatekeeper@1.0-service to gatekeeper@1.0-service.
06-04 09:01:33.706   701   701 I LegacySupport: Registration complete for android.hardware.gatekeeper@1.0::IGatekeeper/default.
06-04 09:01:33.717   465   465 I wmt_loader: Can't open device node(/dev/wmtdetect) count(35)
06-04 09:01:33.755   715   715 E mtk-hidl-service: Threadpool start run process!
06-04 09:01:33.756   715   767 I mtk-hidl-service: mtkHidlService - data:0x0
06-04 09:01:33.772   406   406 I hwservicemanager: getTransport: Cannot find entry android.hardware.memtrack@1.0::IMemtrack/default in either framework or device VINTF manifest.
06-04 09:01:33.774   702   702 I HidlServiceManagement: Registered android.hardware.graphics.allocator@4.0::IAllocator/default
06-04 09:01:33.775   702   702 I HidlServiceManagement: Removing namespace from process name android.hardware.graphics.allocator@4.0-service-mediatek to allocator@4.0-service-mediatek.
06-04 09:01:33.781   750   773 E HWMLIB  : gyroscope_open: Couldn't find or open file sensor (No such file or directory)
06-04 09:01:33.790   715   767 E LegacySupport: Could not get passthrough implementation for android.hardware.memtrack@1.0::IMemtrack/default.
06-04 09:01:33.791   715   767 E mtk-hidl-service: Err 1 while registering IMemtrack
06-04 09:01:33.825   715   767 W merged_hal_service: ThermalHelper:tz_map_version 1
06-04 09:01:33.827   715   767 I merged_hal_service: ThermalWatcherThread started
06-04 09:01:33.830   752   763 I TeeMcDaemon: open: Open storage file "/mnt/vendor/persist/mcRegistry/Store_1.tf" [vendor/mediatek/proprietary/trustzone/trustonic/source/external/mobicore/common/500/Daemon/src/FSD2.cpp:182]
06-04 09:01:33.832   715   767 I HidlServiceManagement: Registered android.hardware.thermal@2.0::IThermal/default
06-04 09:01:33.833   715   767 I LegacySupport: Registration complete for android.hardware.thermal@2.0::IThermal/default.
06-04 09:01:33.834   699   699 I HidlServiceManagement: Registered android.hardware.audio@7.0::IDevicesFactory/default
06-04 09:01:33.834   406   406 I hwservicemanager: getTransport: Cannot find entry android.hardware.graphics.allocator@2.0::IAllocator/default in either framework or device VINTF manifest.
06-04 09:01:33.835   699   699 I HidlServiceManagement: Removing namespace from process name android.hardware.audio.service.mediatek to audio.service.mediatek.
06-04 09:01:33.836   715   767 E LegacySupport: Could not get passthrough implementation for android.hardware.graphics.allocator@2.0::IAllocator/default.
06-04 09:01:33.836   715   767 E mtk-hidl-service: Err 1 while registering IAllocator
06-04 09:01:33.837   699   699 I LegacySupport: Registration complete for android.hardware.audio@7.0::IDevicesFactory/default.
06-04 09:01:33.843   406   406 W hwservicemanager: Detected instance of android.hardware.audio@7.0::IDevicesFactory (pid: 699) registering over instance of or with base of android.hardware.audio@7.0::IDevicesFactory (pid: 699).
06-04 09:01:33.844   406   406 I hw-BpHwBinder: onLastStrongRef automatically unlinking death recipients
06-04 09:01:33.844   752   763 I TeeMcDaemon: open: storage file "/mnt/vendor/persist/mcRegistry/Store_1.tf" successfully open (size: 22 KB / 22528 B)) [vendor/mediatek/proprietary/trustzone/trustonic/source/external/mobicore/common/500/Daemon/src/FSD2.cpp:198]
06-04 09:01:33.845   699   699 I HidlServiceManagement: Registered android.hardware.audio@7.0::IDevicesFactory/default
06-04 09:01:33.845   699   699 I HidlServiceManagement: Removing namespace from process name android.hardware.audio.service.mediatek to audio.service.mediatek.
06-04 09:01:33.845   699   699 I LegacySupport: Registration complete for android.hardware.audio@7.0::IDevicesFactory/default.
06-04 09:01:33.845   699   699 I mtkaudiohalservice: register interface = android.hardware.audio@6.0::IDevicesFactory
06-04 09:01:33.847   406   406 I hwservicemanager: getTransport: Cannot find entry android.hardware.audio@6.0::IDevicesFactory/default in either framework or device VINTF manifest.
06-04 09:01:33.848   468   468 I wmt_launcher: get property(vendor.connsys.driver.ready) is no
06-04 09:01:33.850   717   739 I mtkpower@impl: [load_api] libpowerhal_SetScnCallback done
06-04 09:01:33.856   715   767 E AidlGnss: [12.03] aidl_gnss_main: AIDL Gnss start registering service
06-04 09:01:33.856   715   767 E AidlGnss: [12.03] AidlGnss: AidlGnss constructor
06-04 09:01:33.859   752   752 I TeeMcDaemon: * loading /vendor/app/mcRegistry/020f0000000000000000000000000000.drbin [vendor/mediatek/proprietary/trustzone/trustonic/source/external/mobicore/common/500/Daemon/src/MobiCoreDriverDaemon.cpp:338]
06-04 09:01:33.871   717   739 I libPowerHal: perfservice ver:11.0
06-04 09:01:33.877   717   739 I libPowerHal: FBE feature is open, waiting for decrypt done
06-04 09:01:33.878   717   739 I libPowerHal: check_vendor_partition done
06-04 09:01:33.879   717   739 I libPowerHal: checkDrvSupport - perfmgr:1/0, ppm:1, ppmAll:1, acao:1, hmp:1, sysfs:1, dvfs:1, turbo:0
06-04 09:01:33.883   717   739 I libPowerHal: getCputopoInfo - cpuNum:8, cluster:2, cputopoCluster:2
06-04 09:01:33.884   717   739 I libPowerHal: [cluster 0]: cpu:4, first:0, freq count:16, max_freq:2301000
06-04 09:01:33.884   717   739 I libPowerHal:   0: 900000
06-04 09:01:33.884   717   739 I libPowerHal:   15: 2301000
06-04 09:01:33.885   717   739 I libPowerHal: [cluster 1]: cpu:4, first:4, freq count:16, max_freq:1800000
06-04 09:01:33.885   717   739 I libPowerHal:   0: 400000
06-04 09:01:33.885   717   739 I libPowerHal:   15: 1800000
06-04 09:01:33.886   717   739 I libPowerHal: nGpuFreqCount:3
06-04 09:01:33.886   717   739 I libPowerHal: [init] HintRscList_init
06-04 09:01:33.887   406   406 I hwservicemanager: getTransport: Cannot find entry android.hardware.audio@6.0::IDevicesFactory/default in either framework or device VINTF manifest.
06-04 09:01:33.887   699   699 E HidlServiceManagement: Service android.hardware.audio@6.0::IDevicesFactory/default must be in VINTF manifest in order to register/get.
06-04 09:01:33.887   699   699 E LegacySupport: Could not register service android.hardware.audio@6.0::IDevicesFactory/default (-2147483648).
06-04 09:01:33.888   717   739 I libPowerHal: PowerScnTbl.size: 47
06-04 09:01:33.888   406   406 I hwservicemanager: getTransport: Cannot find entry android.hardware.audio@6.0::IDevicesFactory/default in either framework or device VINTF manifest.
06-04 09:01:33.889   717   739 E libPowerHal: can't find app list file
06-04 09:01:33.890   406   406 I hwservicemanager: getTransport: Cannot find entry android.hardware.audio@6.0::IDevicesFactory/default in either framework or device VINTF manifest.
06-04 09:01:33.891   699   699 E HidlServiceManagement: Service android.hardware.audio@6.0::IDevicesFactory/default must be in VINTF manifest in order to register/get.
06-04 09:01:33.891   699   699 E LegacySupport: Could not register service android.hardware.audio@6.0::IDevicesFactory/default (-2147483648).
06-04 09:01:33.891   699   699 W mtkaudiohalservice: register interface = android.hardware.audio@6.0::IDevicesFactory fail!
06-04 09:01:33.891   699   699 I mtkaudiohalservice: register interface = android.hardware.audio.effect@7.0::IEffectsFactory
06-04 09:01:33.908   717   739 I libPowerHal: update_activity_whitelist_table: load powerhal CusScnTable config succeed!
06-04 09:01:33.912   717   739 I libPowerHal: [update_activity_whitelist_table] total activity num :27
06-04 09:01:33.913   717   739 I libPowerHal: [init] nPackNum:27
06-04 09:01:33.915   715   767 E merged_hal_service: safe_sendto: safe_sendto() sendto() failed path=[mtk_hal2mnl] ret=-1 reason=[Connection refused]111
06-04 09:01:33.916   715   767 E merged_hal_service: gps_device__get_gps_interface: hal2mnl_hal_reboot failed because of safe_sendto fail ,strerror:Connection refused 
06-04 09:01:33.916   715   767 E AidlGnss: [12.03] AidlGnss: Successfully get GPS HAL iface
06-04 09:01:33.916   715   767 E AidlGnss: [12.03] AidlGnss: Successfully get Aidl Gnss interface from GPS HAL
06-04 09:01:33.920   752   752 I TeeMcDaemon: * loading /vendor/app/mcRegistry/05120000000000000000000000000000.drbin [vendor/mediatek/proprietary/trustzone/trustonic/source/external/mobicore/common/500/Daemon/src/MobiCoreDriverDaemon.cpp:338]
06-04 09:01:33.921   717   739 I libPowerHal: access of (null) failed 1: No such file or directory
06-04 09:01:33.939   717   739 I libPowerHal: loadConTable: load powerhal ConTable config succeed!
06-04 09:01:33.944   717   739 E libPowerHal: PERF_RES_DRAM_CM_MGR cannot access!!!!
06-04 09:01:33.947   780   780 I gsid    : no DSU: No such file or directory
06-04 09:01:33.951   715   767 E AidlGnss: [12.03] aidl_gnss_main: AIDL Gnss successfully register service: android.hardware.gnss.IGnss/default
06-04 09:01:33.953   717   739 E libPowerHal: PERF_RES_NET_WIFI_CAM cannot access!!!!
06-04 09:01:33.954   717   739 E libPowerHal: Could not open '/proc/net/wlan/setCAM'
06-04 09:01:33.954   717   739 E libPowerHal: PERF_RES_FPS_FPSGO_STOP_BOOST cannot access!!!!
06-04 09:01:33.955   717   739 E libPowerHal: PERF_RES_PERF_TASK_TURBO cannot access!!!!
06-04 09:01:33.956   717   739 I libPowerHal: [update_default_core_min] cid:0 min:4 max:4
06-04 09:01:33.956   717   739 I libPowerHal: [update_default_core_min] cid:1 min:2 max:4
06-04 09:01:33.960   717   739 I libPowerHal: [init] loadRscTable:100
06-04 09:01:33.961   717   739 I libPowerHal: [init] loadRscTable:100 memset
06-04 09:01:33.962   717   739 I libPowerHal: [reset_thermal_policy] 
06-04 09:01:33.962   717   739 I libPowerHal: [reset_thermal_policy] skip
06-04 09:01:33.970   752   752 I TeeMcDaemon: * loading /vendor/app/mcRegistry/05120000000000000000000000000001.drbin [vendor/mediatek/proprietary/trustzone/trustonic/source/external/mobicore/common/500/Daemon/src/MobiCoreDriverDaemon.cpp:338]
06-04 09:01:33.970   752   752 W TeeMcDaemon: Cannot open trustlet /vendor/app/mcRegistry/05120000000000000000000000000001.drbin (No such file or directory) [vendor/mediatek/proprietary/trustzone/trustonic/source/external/mobicore/common/500/Daemon/src/SecureWorld.cpp:114]
06-04 09:01:33.970   752   752 W TeeMcDaemon: Driver /vendor/app/mcRegistry/05120000000000000000000000000001.drbin missing, ignore [vendor/mediatek/proprietary/trustzone/trustonic/source/external/mobicore/common/500/Daemon/src/MobiCoreDriverDaemon.cpp:348]
06-04 09:01:33.970   752   752 I TeeMcDaemon: * loading /vendor/app/mcRegistry/05160000000000000000000000000000.drbin [vendor/mediatek/proprietary/trustzone/trustonic/source/external/mobicore/common/500/Daemon/src/MobiCoreDriverDaemon.cpp:338]
06-04 09:01:33.970   752   752 W TeeMcDaemon: Cannot open trustlet /vendor/app/mcRegistry/05160000000000000000000000000000.drbin (No such file or directory) [vendor/mediatek/proprietary/trustzone/trustonic/source/external/mobicore/common/500/Daemon/src/SecureWorld.cpp:114]
06-04 09:01:33.970   752   752 W TeeMcDaemon: Driver /vendor/app/mcRegistry/05160000000000000000000000000000.drbin missing, ignore [vendor/mediatek/proprietary/trustzone/trustonic/source/external/mobicore/common/500/Daemon/src/MobiCoreDriverDaemon.cpp:348]
06-04 09:01:33.970   752   752 I TeeMcDaemon: * loading /vendor/app/mcRegistry/020b0000000000000000000000000000.drbin [vendor/mediatek/proprietary/trustzone/trustonic/source/external/mobicore/common/500/Daemon/src/MobiCoreDriverDaemon.cpp:338]
06-04 09:01:33.993   715   767 E merged_hal_service: safe_sendto: safe_sendto() sendto() failed path=[mtk_hal2mnl] ret=-1 reason=[Connection refused]111
06-04 09:01:33.994   715   767 E merged_hal_service: gps_device__get_gps_interface: hal2mnl_hal_reboot failed because of safe_sendto fail ,strerror:Connection refused 
06-04 09:01:33.996   717   739 I libPowerHal: [fbc_touch_init] nFbcSupport:1
06-04 09:01:33.997   717   739 I libPowerHal: [get_cpu_dma_latency_value] 0
06-04 09:01:33.996     1     1 I auditd  : type=1107 audit(0.0:26): uid=0 auid=4294967295 ses=4294967295 subj=u:r:init:s0 msg='avc:  denied  { set } for property=vendor.powerhal.gpu.acp.hint pid=717 uid=0 gid=1000 scontext=u:r:mtk_hal_power:s0 tcontext=u:object_r:vendor_mtk_powerhal_gpu_prop:s0 tclass=property_service permissive=0'
06-04 09:01:33.996     1     1 W /system/bin/init: type=1107 audit(0.0:26): uid=0 auid=4294967295 ses=4294967295 subj=u:r:init:s0 msg='avc:  denied  { set } for property=vendor.powerhal.gpu.acp.hint pid=717 uid=0 gid=1000 scontext=u:r:mtk_hal_power:s0 tcontext=u:object_r:vendor_mtk_powerhal_gpu_prop:s0 tclass=property_service permissive=0'
06-04 09:01:34.002   784   784 E mtk_plpath_utils: Valid EMMC header EMMC
06-04 09:01:34.003   784   784 E mtk_plpath_utils: isEmmc = 1, pl_size: 4194304
06-04 09:01:34.003   784   784 I mtk_plpath_utils: create_dm dev: /dev/block/mmcblk0boot0, name pl_a, start 4, blks 8188
06-04 09:01:34.015   699   699 I HidlServiceManagement: Registered android.hardware.audio.effect@7.0::IEffectsFactory/default
06-04 09:01:34.015   699   699 I LegacySupport: Registration complete for android.hardware.audio.effect@7.0::IEffectsFactory/default.
06-04 09:01:34.017   465   465 I wmt_loader: Can't open device node(/dev/wmtdetect) count(36)
06-04 09:01:34.022   752   752 I TeeMcDaemon: * loading /vendor/app/mcRegistry/05070000000000000000000000000000.drbin [vendor/mediatek/proprietary/trustzone/trustonic/source/external/mobicore/common/500/Daemon/src/MobiCoreDriverDaemon.cpp:338]
06-04 09:01:34.022   752   752 W TeeMcDaemon: Cannot open trustlet /vendor/app/mcRegistry/05070000000000000000000000000000.drbin (No such file or directory) [vendor/mediatek/proprietary/trustzone/trustonic/source/external/mobicore/common/500/Daemon/src/SecureWorld.cpp:114]
06-04 09:01:34.022   752   752 W TeeMcDaemon: Driver /vendor/app/mcRegistry/05070000000000000000000000000000.drbin missing, ignore [vendor/mediatek/proprietary/trustzone/trustonic/source/external/mobicore/common/500/Daemon/src/MobiCoreDriverDaemon.cpp:348]
06-04 09:01:34.022   717   739 W libc    : Unable to set property "vendor.powerhal.gpu.acp.hint" to "": error code: 0x18
06-04 09:01:34.022   752   752 I TeeMcDaemon: * loading /vendor/app/mcRegistry/030b0000000000000000000000000000.drbin [vendor/mediatek/proprietary/trustzone/trustonic/source/external/mobicore/common/500/Daemon/src/MobiCoreDriverDaemon.cpp:338]
06-04 09:01:34.023   717   739 I libPowerHal: [init] updateScnListfromwhitelist
06-04 09:01:34.024   717   739 I libPowerHal: cmdSetting - unknown cmd:ffffffff, scmd:PERF_RES_FPS_FSTB_FPS_LOWER ,param_1:60
06-04 09:01:34.024   717   739 I libPowerHal: cmdSetting - unknown cmd:ffffffff, scmd:PERF_RES_FPS_FSTB_FPS_UPPER ,param_1:60
06-04 09:01:34.025   717   739 I libPowerHal: [init] perfservice_xmlparse_freeList
06-04 09:01:34.025   717   739 I libPowerHal: [init] nUserScnBase:0
06-04 09:01:34.029   406   406 W hwservicemanager: Detected instance of android.hardware.audio.effect@7.0::IEffectsFactory (pid: 699) registering over instance of or with base of android.hardware.audio.effect@7.0::IEffectsFactory (pid: 699).
06-04 09:01:34.029   406   406 I hw-BpHwBinder: onLastStrongRef automatically unlinking death recipients
06-04 09:01:34.029   699   699 I HidlServiceManagement: Registered android.hardware.audio.effect@7.0::IEffectsFactory/default
06-04 09:01:34.029   699   699 I LegacySupport: Registration complete for android.hardware.audio.effect@7.0::IEffectsFactory/default.
06-04 09:01:34.029   699   699 I mtkaudiohalservice: register interface = android.hardware.audio.effect@6.0::IEffectsFactory
06-04 09:01:34.030   715   767 I HidlServiceManagement: Registered android.hardware.gnss@2.1::IGnss/default
06-04 09:01:34.030   715   767 I LegacySupport: Registration complete for android.hardware.gnss@2.1::IGnss/default.
06-04 09:01:34.030   406   406 I hwservicemanager: getTransport: Cannot find entry android.hardware.audio.effect@6.0::IEffectsFactory/default in either framework or device VINTF manifest.
06-04 09:01:34.032   715   767 I HidlServiceManagement: Registered vendor.mediatek.hardware.lbs@1.0::ILbs/mtk_lppe_socket_agps
06-04 09:01:34.034   715   767 I HidlServiceManagement: Registered vendor.mediatek.hardware.lbs@1.0::ILbs/mtk_lppe_socket_wlan
06-04 09:01:34.037   717   739 I libPowerHal: [init] updateCusScnTable:/vendor/etc/powerscntbl.xml
06-04 09:01:34.038   715   767 I HidlServiceManagement: Registered vendor.mediatek.hardware.lbs@1.0::ILbs/mtk_lppe_socket_bt
06-04 09:01:34.040   715   767 I HidlServiceManagement: Registered vendor.mediatek.hardware.lbs@1.0::ILbs/mtk_lppe_socket_sensor
06-04 09:01:34.044   752   752 I TeeMcDaemon: * loading /vendor/app/mcRegistry/03100000000000000000000000000000.drbin [vendor/mediatek/proprietary/trustzone/trustonic/source/external/mobicore/common/500/Daemon/src/MobiCoreDriverDaemon.cpp:338]
06-04 09:01:34.045   752   752 W TeeMcDaemon: Cannot open trustlet /vendor/app/mcRegistry/03100000000000000000000000000000.drbin (No such file or directory) [vendor/mediatek/proprietary/trustzone/trustonic/source/external/mobicore/common/500/Daemon/src/SecureWorld.cpp:114]
06-04 09:01:34.045   752   752 W TeeMcDaemon: Driver /vendor/app/mcRegistry/03100000000000000000000000000000.drbin missing, ignore [vendor/mediatek/proprietary/trustzone/trustonic/source/external/mobicore/common/500/Daemon/src/MobiCoreDriverDaemon.cpp:348]
06-04 09:01:34.045   752   752 I TeeMcDaemon: * loading /vendor/app/mcRegistry/030c0000000000000000000000000000.drbin [vendor/mediatek/proprietary/trustzone/trustonic/source/external/mobicore/common/500/Daemon/src/MobiCoreDriverDaemon.cpp:338]
06-04 09:01:34.045   752   752 W TeeMcDaemon: Cannot open trustlet /vendor/app/mcRegistry/030c0000000000000000000000000000.drbin (No such file or directory) [vendor/mediatek/proprietary/trustzone/trustonic/source/external/mobicore/common/500/Daemon/src/SecureWorld.cpp:114]
06-04 09:01:34.045   752   752 W TeeMcDaemon: Driver /vendor/app/mcRegistry/030c0000000000000000000000000000.drbin missing, ignore [vendor/mediatek/proprietary/trustzone/trustonic/source/external/mobicore/common/500/Daemon/src/MobiCoreDriverDaemon.cpp:348]
06-04 09:01:34.045   752   752 I TeeMcDaemon: * loading /vendor/app/mcRegistry/031c0000000000000000000000000000.drbin [vendor/mediatek/proprietary/trustzone/trustonic/source/external/mobicore/common/500/Daemon/src/MobiCoreDriverDaemon.cpp:338]
06-04 09:01:34.045   752   752 W TeeMcDaemon: Cannot open trustlet /vendor/app/mcRegistry/031c0000000000000000000000000000.drbin (No such file or directory) [vendor/mediatek/proprietary/trustzone/trustonic/source/external/mobicore/common/500/Daemon/src/SecureWorld.cpp:114]
06-04 09:01:34.045   752   752 W TeeMcDaemon: Driver /vendor/app/mcRegistry/031c0000000000000000000000000000.drbin missing, ignore [vendor/mediatek/proprietary/trustzone/trustonic/source/external/mobicore/common/500/Daemon/src/MobiCoreDriverDaemon.cpp:348]
06-04 09:01:34.045   752   752 I TeeMcDaemon: * loading /vendor/app/mcRegistry/032c0000000000000000000000000000.drbin [vendor/mediatek/proprietary/trustzone/trustonic/source/external/mobicore/common/500/Daemon/src/MobiCoreDriverDaemon.cpp:338]
06-04 09:01:34.045   752   752 W TeeMcDaemon: Cannot open trustlet /vendor/app/mcRegistry/032c0000000000000000000000000000.drbin (No such file or directory) [vendor/mediatek/proprietary/trustzone/trustonic/source/external/mobicore/common/500/Daemon/src/SecureWorld.cpp:114]
06-04 09:01:34.045   752   752 W TeeMcDaemon: Driver /vendor/app/mcRegistry/032c0000000000000000000000000000.drbin missing, ignore [vendor/mediatek/proprietary/trustzone/trustonic/source/external/mobicore/common/500/Daemon/src/MobiCoreDriverDaemon.cpp:348]
06-04 09:01:34.045   752   752 I TeeMcDaemon: * loading /vendor/app/mcRegistry/033c0000000000000000000000000000.drbin [vendor/mediatek/proprietary/trustzone/trustonic/source/external/mobicore/common/500/Daemon/src/MobiCoreDriverDaemon.cpp:338]
06-04 09:01:34.046   752   752 W TeeMcDaemon: Cannot open trustlet /vendor/app/mcRegistry/033c0000000000000000000000000000.drbin (No such file or directory) [vendor/mediatek/proprietary/trustzone/trustonic/source/external/mobicore/common/500/Daemon/src/SecureWorld.cpp:114]
06-04 09:01:34.046   752   752 W TeeMcDaemon: Driver /vendor/app/mcRegistry/033c0000000000000000000000000000.drbin missing, ignore [vendor/mediatek/proprietary/trustzone/trustonic/source/external/mobicore/common/500/Daemon/src/MobiCoreDriverDaemon.cpp:348]
06-04 09:01:34.046   752   752 I TeeMcDaemon: * loading /vendor/app/mcRegistry/034c0000000000000000000000000000.drbin [vendor/mediatek/proprietary/trustzone/trustonic/source/external/mobicore/common/500/Daemon/src/MobiCoreDriverDaemon.cpp:338]
06-04 09:01:34.046   752   752 W TeeMcDaemon: Cannot open trustlet /vendor/app/mcRegistry/034c0000000000000000000000000000.drbin (No such file or directory) [vendor/mediatek/proprietary/trustzone/trustonic/source/external/mobicore/common/500/Daemon/src/SecureWorld.cpp:114]
06-04 09:01:34.046   752   752 W TeeMcDaemon: Driver /vendor/app/mcRegistry/034c0000000000000000000000000000.drbin missing, ignore [vendor/mediatek/proprietary/trustzone/trustonic/source/external/mobicore/common/500/Daemon/src/MobiCoreDriverDaemon.cpp:348]
06-04 09:01:34.046   752   752 I TeeMcDaemon: * loading /vendor/app/mcRegistry/035c0000000000000000000000000000.drbin [vendor/mediatek/proprietary/trustzone/trustonic/source/external/mobicore/common/500/Daemon/src/MobiCoreDriverDaemon.cpp:338]
06-04 09:01:34.046   752   752 W TeeMcDaemon: Cannot open trustlet /vendor/app/mcRegistry/035c0000000000000000000000000000.drbin (No such file or directory) [vendor/mediatek/proprietary/trustzone/trustonic/source/external/mobicore/common/500/Daemon/src/SecureWorld.cpp:114]
06-04 09:01:34.046   752   752 W TeeMcDaemon: Driver /vendor/app/mcRegistry/035c0000000000000000000000000000.drbin missing, ignore [vendor/mediatek/proprietary/trustzone/trustonic/source/external/mobicore/common/500/Daemon/src/MobiCoreDriverDaemon.cpp:348]
06-04 09:01:34.046   752   752 I TeeMcDaemon: * loading /vendor/app/mcRegistry/036c0000000000000000000000000000.drbin [vendor/mediatek/proprietary/trustzone/trustonic/source/external/mobicore/common/500/Daemon/src/MobiCoreDriverDaemon.cpp:338]
06-04 09:01:34.046   752   752 W TeeMcDaemon: Cannot open trustlet /vendor/app/mcRegistry/036c0000000000000000000000000000.drbin (No such file or directory) [vendor/mediatek/proprietary/trustzone/trustonic/source/external/mobicore/common/500/Daemon/src/SecureWorld.cpp:114]
06-04 09:01:34.046   752   752 W TeeMcDaemon: Driver /vendor/app/mcRegistry/036c0000000000000000000000000000.drbin missing, ignore [vendor/mediatek/proprietary/trustzone/trustonic/source/external/mobicore/common/500/Daemon/src/MobiCoreDriverDaemon.cpp:348]
06-04 09:01:34.046   752   752 I TeeMcDaemon: * loading /vendor/app/mcRegistry/037c0000000000000000000000000000.drbin [vendor/mediatek/proprietary/trustzone/trustonic/source/external/mobicore/common/500/Daemon/src/MobiCoreDriverDaemon.cpp:338]
06-04 09:01:34.046   752   752 W TeeMcDaemon: Cannot open trustlet /vendor/app/mcRegistry/037c0000000000000000000000000000.drbin (No such file or directory) [vendor/mediatek/proprietary/trustzone/trustonic/source/external/mobicore/common/500/Daemon/src/SecureWorld.cpp:114]
06-04 09:01:34.046   752   752 W TeeMcDaemon: Driver /vendor/app/mcRegistry/037c0000000000000000000000000000.drbin missing, ignore [vendor/mediatek/proprietary/trustzone/trustonic/source/external/mobicore/common/500/Daemon/src/MobiCoreDriverDaemon.cpp:348]
06-04 09:01:34.046   752   752 I TeeMcDaemon: * loading /vendor/app/mcRegistry/40188311faf343488db888ad39496f9a.drbin [vendor/mediatek/proprietary/trustzone/trustonic/source/external/mobicore/common/500/Daemon/src/MobiCoreDriverDaemon.cpp:338]
06-04 09:01:34.049   717   739 I libPowerHal: updateCusScnTable: load powerhal CusScnTable config succeed!
06-04 09:01:34.050   717   739 E libPowerHal: input parameter exceed reasonable range c14000 2 1 0
06-04 09:01:34.050   717   739 E libPowerHal: input parameter exceed reasonable range c0c500 2 1 0
06-04 09:01:34.051   717   739 I libPowerHal: cmdSetting - unknown cmd:ffffffff, scmd:PERF_RES_SCHED_CACHE_AUDIT ,param_1:1
06-04 09:01:34.051   717   739 I libPowerHal: cmdSetting - unknown cmd:ffffffff, scmd:PERF_RES_SCHED_CACHE_AUDIT ,param_1:1
06-04 09:01:34.051   717   739 I libPowerHal: cmdSetting - unknown cmd:ffffffff, scmd:PERF_RES_SCHED_CACHE_AUDIT ,param_1:1
06-04 09:01:34.065   717   739 I libPowerHal: [load_fbc_api] load fbc successfully
06-04 09:01:34.065   717   739 I libPowerHal: [init] isFbcSupport 1
06-04 09:01:34.065   784   784 I mtk_plpath_utils: Create /dev/block/dm-43 done
06-04 09:01:34.065   784   784 I mtk_plpath_utils: create_dm dev: /dev/block/mmcblk0boot1, name pl_b, start 4, blks 8188
06-04 09:01:34.066   717   739 I libPowerHal: [init] Disable PowerHAL API during boot time.
06-04 09:01:34.066   717   739 I mtkpower@1.0-service: mtkPowerService register IPower
06-04 09:01:34.069   717   804 I libPowerHal_boot: [mtkPowerBootHandler] boot boost, 0x0
06-04 09:01:34.073   752   752 I TeeMcDaemon: * loading /vendor/app/mcRegistry/090b0000000000000000000000000000.drbin [vendor/mediatek/proprietary/trustzone/trustonic/source/external/mobicore/common/500/Daemon/src/MobiCoreDriverDaemon.cpp:338]
06-04 09:01:34.073   752   752 W TeeMcDaemon: Cannot open trustlet /vendor/app/mcRegistry/090b0000000000000000000000000000.drbin (No such file or directory) [vendor/mediatek/proprietary/trustzone/trustonic/source/external/mobicore/common/500/Daemon/src/SecureWorld.cpp:114]
06-04 09:01:34.073   752   752 W TeeMcDaemon: Driver /vendor/app/mcRegistry/090b0000000000000000000000000000.drbin missing, ignore [vendor/mediatek/proprietary/trustzone/trustonic/source/external/mobicore/common/500/Daemon/src/MobiCoreDriverDaemon.cpp:348]
06-04 09:01:34.073   752   752 I TeeMcDaemon: * loading /vendor/app/mcRegistry/0f5eed3c3b5a47afacca69a84bf0efad.drbin [vendor/mediatek/proprietary/trustzone/trustonic/source/external/mobicore/common/500/Daemon/src/MobiCoreDriverDaemon.cpp:338]
06-04 09:01:34.073   752   752 W TeeMcDaemon: Cannot open trustlet /vendor/app/mcRegistry/0f5eed3c3b5a47afacca69a84bf0efad.drbin (No such file or directory) [vendor/mediatek/proprietary/trustzone/trustonic/source/external/mobicore/common/500/Daemon/src/SecureWorld.cpp:114]
06-04 09:01:34.073   752   752 W TeeMcDaemon: Driver /vendor/app/mcRegistry/0f5eed3c3b5a47afacca69a84bf0efad.drbin missing, ignore [vendor/mediatek/proprietary/trustzone/trustonic/source/external/mobicore/common/500/Daemon/src/MobiCoreDriverDaemon.cpp:348]
06-04 09:01:34.073   752   752 I TeeMcDaemon: * loading /vendor/app/mcRegistry/07060000000000000000000000007169.drbin [vendor/mediatek/proprietary/trustzone/trustonic/source/external/mobicore/common/500/Daemon/src/MobiCoreDriverDaemon.cpp:338]
06-04 09:01:34.078   715   767 I HidlServiceManagement: Registered vendor.mediatek.hardware.lbs@1.0::ILbs/mtk_lppe_socket_network
06-04 09:01:34.082   406   406 I hwservicemanager: getTransport: Cannot find entry android.hardware.audio.effect@6.0::IEffectsFactory/default in either framework or device VINTF manifest.
06-04 09:01:34.082   699   699 E HidlServiceManagement: Service android.hardware.audio.effect@6.0::IEffectsFactory/default must be in VINTF manifest in order to register/get.
06-04 09:01:34.082   699   699 E LegacySupport: Could not register service android.hardware.audio.effect@6.0::IEffectsFactory/default (-2147483648).
06-04 09:01:34.084   715   767 I HidlServiceManagement: Registered vendor.mediatek.hardware.lbs@1.0::ILbs/mtk_lppe_socket_ipaddr
06-04 09:01:34.089   717   738 I HidlServiceManagement: Registered vendor.mediatek.hardware.mtkpower@1.2::IMtkPower/default
06-04 09:01:34.090   717   738 I HidlServiceManagement: Removing namespace from process name vendor.mediatek.hardware.mtkpower@1.0-service to mtkpower@1.0-service.
06-04 09:01:34.092   717   738 I LegacySupport: Registration complete for vendor.mediatek.hardware.mtkpower@1.2::IMtkPower/default.
06-04 09:01:34.093   717   738 I mtkpower@1.0-service: mtkPowerService register IMtkPerf
06-04 09:01:34.094   406   406 I hwservicemanager: getTransport: Cannot find entry android.hardware.audio.effect@6.0::IEffectsFactory/default in either framework or device VINTF manifest.
06-04 09:01:34.095   717   739 I mtkpower@1.0-service: mtkPowerService joinRpcThreadpool
06-04 09:01:34.103   715   767 I HidlServiceManagement: Registered vendor.mediatek.hardware.lbs@1.0::ILbs/mtk_lppe_socket_lbs
06-04 09:01:34.104   752   752 I TeeMcDaemon: * loading /vendor/app/mcRegistry/4be4f7dc1f2c11e5b5f7727283247c7f.drbin [vendor/mediatek/proprietary/trustzone/trustonic/source/external/mobicore/common/500/Daemon/src/MobiCoreDriverDaemon.cpp:338]
06-04 09:01:34.104   752   752 W TeeMcDaemon: Cannot open trustlet /vendor/app/mcRegistry/4be4f7dc1f2c11e5b5f7727283247c7f.drbin (No such file or directory) [vendor/mediatek/proprietary/trustzone/trustonic/source/external/mobicore/common/500/Daemon/src/SecureWorld.cpp:114]
06-04 09:01:34.104   752   752 W TeeMcDaemon: Driver /vendor/app/mcRegistry/4be4f7dc1f2c11e5b5f7727283247c7f.drbin missing, ignore [vendor/mediatek/proprietary/trustzone/trustonic/source/external/mobicore/common/500/Daemon/src/MobiCoreDriverDaemon.cpp:348]
06-04 09:01:34.104   752   752 I TeeMcDaemon: * loading /vendor/app/mcRegistry/08070000000000000000000000008270.drbin [vendor/mediatek/proprietary/trustzone/trustonic/source/external/mobicore/common/500/Daemon/src/MobiCoreDriverDaemon.cpp:338]
06-04 09:01:34.104   752   752 W TeeMcDaemon: Cannot open trustlet /vendor/app/mcRegistry/08070000000000000000000000008270.drbin (No such file or directory) [vendor/mediatek/proprietary/trustzone/trustonic/source/external/mobicore/common/500/Daemon/src/SecureWorld.cpp:114]
06-04 09:01:34.104   752   752 W TeeMcDaemon: Driver /vendor/app/mcRegistry/08070000000000000000000000008270.drbin missing, ignore [vendor/mediatek/proprietary/trustzone/trustonic/source/external/mobicore/common/500/Daemon/src/MobiCoreDriverDaemon.cpp:348]
06-04 09:01:34.104   752   752 I TeeMcDaemon: * loading /vendor/app/mcRegistry/07070000000000000000000000000000.drbin [vendor/mediatek/proprietary/trustzone/trustonic/source/external/mobicore/common/500/Daemon/src/MobiCoreDriverDaemon.cpp:338]
06-04 09:01:34.105   752   752 W TeeMcDaemon: Cannot open trustlet /vendor/app/mcRegistry/07070000000000000000000000000000.drbin (No such file or directory) [vendor/mediatek/proprietary/trustzone/trustonic/source/external/mobicore/common/500/Daemon/src/SecureWorld.cpp:114]
06-04 09:01:34.105   752   752 W TeeMcDaemon: Driver /vendor/app/mcRegistry/07070000000000000000000000000000.drbin missing, ignore [vendor/mediatek/proprietary/trustzone/trustonic/source/external/mobicore/common/500/Daemon/src/MobiCoreDriverDaemon.cpp:348]
06-04 09:01:34.105   752   752 I TeeMcDaemon: * loading /vendor/app/mcRegistry/07407000000000000000000000000000.drbin [vendor/mediatek/proprietary/trustzone/trustonic/source/external/mobicore/common/500/Daemon/src/MobiCoreDriverDaemon.cpp:338]
06-04 09:01:34.105   752   752 W TeeMcDaemon: Cannot open trustlet /vendor/app/mcRegistry/07407000000000000000000000000000.drbin (No such file or directory) [vendor/mediatek/proprietary/trustzone/trustonic/source/external/mobicore/common/500/Daemon/src/SecureWorld.cpp:114]
06-04 09:01:34.105   752   752 W TeeMcDaemon: Driver /vendor/app/mcRegistry/07407000000000000000000000000000.drbin missing, ignore [vendor/mediatek/proprietary/trustzone/trustonic/source/external/mobicore/common/500/Daemon/src/MobiCoreDriverDaemon.cpp:348]
06-04 09:01:34.105   752   752 I TeeMcDaemon: * loading /vendor/app/mcRegistry/9073f03a9618383bb1856eb3f990babd.drbin [vendor/mediatek/proprietary/trustzone/trustonic/source/external/mobicore/common/500/Daemon/src/MobiCoreDriverDaemon.cpp:338]
06-04 09:01:34.105   406   406 I hwservicemanager: getTransport: Cannot find entry android.hardware.audio.effect@6.0::IEffectsFactory/default in either framework or device VINTF manifest.
06-04 09:01:34.105   699   699 E HidlServiceManagement: Service android.hardware.audio.effect@6.0::IEffectsFactory/default must be in VINTF manifest in order to register/get.
06-04 09:01:34.105   699   699 E LegacySupport: Could not register service android.hardware.audio.effect@6.0::IEffectsFactory/default (-2147483648).
06-04 09:01:34.106   699   699 W mtkaudiohalservice: register interface = android.hardware.audio.effect@6.0::IEffectsFactory fail!
06-04 09:01:34.107   406   406 I hwservicemanager: getTransport: Cannot find entry android.hardware.soundtrigger@2.3::ISoundTriggerHw/default in either framework or device VINTF manifest.
06-04 09:01:34.110   794   794 I libPerfCtl: xgfGetCmd ioctl_ret:-1
06-04 09:01:34.111   699   699 E LegacySupport: Could not get passthrough implementation for android.hardware.soundtrigger@2.3::ISoundTriggerHw/default.
06-04 09:01:34.114   715   767 I HidlServiceManagement: Registered vendor.mediatek.hardware.lbs@1.0::ILbs/mtk_framework2agps
06-04 09:01:34.115   406   406 I hwservicemanager: getTransport: Cannot find entry android.hardware.soundtrigger@2.2::ISoundTriggerHw/default in either framework or device VINTF manifest.
06-04 09:01:34.117   699   699 E LegacySupport: Could not get passthrough implementation for android.hardware.soundtrigger@2.2::ISoundTriggerHw/default.
06-04 09:01:34.119   717   738 I HidlServiceManagement: Registered vendor.mediatek.hardware.mtkpower@1.2::IMtkPerf/default
06-04 09:01:34.120   717   738 I HidlServiceManagement: Removing namespace from process name vendor.mediatek.hardware.mtkpower@1.0-service to mtkpower@1.0-service.
06-04 09:01:34.122   717   738 I LegacySupport: Registration complete for vendor.mediatek.hardware.mtkpower@1.2::IMtkPerf/default.
06-04 09:01:34.122   717   738 I mtkpower@1.0-service: mtkPowerService joinRpcThreadpool
06-04 09:01:34.123   406   406 I hwservicemanager: getTransport: Cannot find entry android.hardware.soundtrigger@2.1::ISoundTriggerHw/default in either framework or device VINTF manifest.
06-04 09:01:34.125   699   699 E LegacySupport: Could not get passthrough implementation for android.hardware.soundtrigger@2.1::ISoundTriggerHw/default.
06-04 09:01:34.126   702   702 E IMGSRV  : :479: DevmemMapToDeviceAddress() failed (PVRSRV_ERROR_CMD_TOO_BIG) in PVRSRVMapToDeviceAddress()
06-04 09:01:34.126   702   702 E IMGSRV  : :93: Failed to map static memory from PDS heap() failed (PVRSRV_ERROR_CMD_TOO_BIG) in allocateStaticMemory()
06-04 09:01:34.126   702   702 E IMGSRV  : :88: PVRSRVDestroyDeviceMemContext() failed (PVRSRV_ERROR_CMD_TOO_BIG) in RGXConstructDeviceMemContext()
06-04 09:01:34.127   715   767 I HidlServiceManagement: Registered vendor.mediatek.hardware.lbs@1.0::ILbs/mtk_agps2framework
--------- beginning of crash
06-04 09:01:34.127   702   702 F libc    : FORTIFY: pthread_mutex_lock called on a destroyed mutex (0xf54811f0)
06-04 09:01:34.128   702   702 F libc    : Fatal signal 6 (SIGABRT), code -1 (SI_QUEUE) in tid 702 (allocator@4.0-s), pid 702 (allocator@4.0-s)
