--------- beginning of main
06-04 09:01:20.915   404   404 W linker  : Warning: failed to find generated linker configuration from "/linkerconfig/ld.config.txt"
06-04 09:01:20.924   403   403 I lowmemorykiller: Using psi monitors for memory pressure detection
06-04 09:01:20.927   403   403 I lowmemorykiller: Process polling is supported
06-04 09:01:20.928   403   403 I lowmemorykiller: Mbrain trigger success: fail
06-04 09:01:20.932   403   403 I lowmemorykiller: Process reaping is not supported
06-04 09:01:20.934   406   406 W linker  : Warning: failed to find generated linker configuration from "/linkerconfig/ld.config.txt"
--------- beginning of events
12-31 16:00:00.036   402   402 I auditd  : type=2000 audit(0.0:1): state=initialized audit_enabled=0 res=1
12-31 16:00:00.036   402   402 W auditd  : type=2000 audit(0.0:1): state=initialized audit_enabled=0 res=1
06-04 09:01:20.980   404   404 I snet_event_log: [121035042,-1,]
06-04 09:01:16.588   402   402 I auditd  : type=1403 audit(0.0:2): auid=4294967295 ses=4294967295 lsm=selinux res=1
06-04 09:01:16.588   402   402 W auditd  : type=1403 audit(0.0:2): auid=4294967295 ses=4294967295 lsm=selinux res=1
06-04 09:01:16.968     1     1 I auditd  : type=1107 audit(0.0:3): uid=0 auid=4294967295 ses=4294967295 subj=u:r:init:s0 msg='avc:  denied  { set } for property=ro.mount.fs pid=1 uid=0 gid=0 scontext=u:r:vendor_init:s0 tcontext=u:object_r:default_prop:s0 tclass=property_service permissive=0'
06-04 09:01:16.968     1     1 W /system/bin/init: type=1107 audit(0.0:3): uid=0 auid=4294967295 ses=4294967295 subj=u:r:init:s0 msg='avc:  denied  { set } for property=ro.mount.fs pid=1 uid=0 gid=0 scontext=u:r:vendor_init:s0 tcontext=u:object_r:default_prop:s0 tclass=property_service permissive=0'
06-04 09:01:16.968     1     1 I auditd  : type=1107 audit(0.0:4): uid=0 auid=4294967295 ses=4294967295 subj=u:r:init:s0 msg='avc:  denied  { set } for property=ro.mtk_perf_fast_start_win pid=1 uid=0 gid=0 scontext=u:r:vendor_init:s0 tcontext=u:object_r:default_prop:s0 tclass=property_service permissive=0'
06-04 09:01:16.968     1     1 W /system/bin/init: type=1107 audit(0.0:4): uid=0 auid=4294967295 ses=4294967295 subj=u:r:init:s0 msg='avc:  denied  { set } for property=ro.mtk_perf_fast_start_win pid=1 uid=0 gid=0 scontext=u:r:vendor_init:s0 tcontext=u:object_r:default_prop:s0 tclass=property_service permissive=0'
06-04 09:01:16.968     1     1 I auditd  : type=1107 audit(0.0:5): uid=0 auid=4294967295 ses=4294967295 subj=u:r:init:s0 msg='avc:  denied  { set } for property=persist.vendor.em.dy.debug pid=1 uid=0 gid=0 scontext=u:r:vendor_init:s0 tcontext=u:object_r:vendor_mtk_em_dy_debug_ctrl_prop:s0 tclass=property_service permissive=0'
06-04 09:01:16.968     1     1 W /system/bin/init: type=1107 audit(0.0:5): uid=0 auid=4294967295 ses=4294967295 subj=u:r:init:s0 msg='avc:  denied  { set } for property=persist.vendor.em.dy.debug pid=1 uid=0 gid=0 scontext=u:r:vendor_init:s0 tcontext=u:object_r:vendor_mtk_em_dy_debug_ctrl_prop:s0 tclass=property_service permissive=0'
06-04 09:01:16.968     1     1 I auditd  : type=1107 audit(0.0:6): uid=0 auid=4294967295 ses=4294967295 subj=u:r:init:s0 msg='avc:  denied  { set } for property=ro.mediatek.chip_ver pid=1 uid=0 gid=0 scontext=u:r:vendor_init:s0 tcontext=u:object_r:default_prop:s0 tclass=property_service permissive=0'
06-04 09:01:16.968     1     1 W /system/bin/init: type=1107 audit(0.0:6): uid=0 auid=4294967295 ses=4294967295 subj=u:r:init:s0 msg='avc:  denied  { set } for property=ro.mediatek.chip_ver pid=1 uid=0 gid=0 scontext=u:r:vendor_init:s0 tcontext=u:object_r:default_prop:s0 tclass=property_service permissive=0'
06-04 09:01:16.968     1     1 I auditd  : type=1107 audit(0.0:7): uid=0 auid=4294967295 ses=4294967295 subj=u:r:init:s0 msg='avc:  denied  { set } for property=ro.mediatek.platform pid=1 uid=0 gid=0 scontext=u:r:vendor_init:s0 tcontext=u:object_r:default_prop:s0 tclass=property_service permissive=0'
06-04 09:01:16.968     1     1 W /system/bin/init: type=1107 audit(0.0:7): uid=0 auid=4294967295 ses=4294967295 subj=u:r:init:s0 msg='avc:  denied  { set } for property=ro.mediatek.platform pid=1 uid=0 gid=0 scontext=u:r:vendor_init:s0 tcontext=u:object_r:default_prop:s0 tclass=property_service permissive=0'
06-04 09:01:16.968     1     1 I auditd  : type=1107 audit(0.0:8): uid=0 auid=4294967295 ses=4294967295 subj=u:r:init:s0 msg='avc:  denied  { set } for property=ro.telephony.sim.count pid=1 uid=0 gid=0 scontext=u:r:vendor_init:s0 tcontext=u:object_r:default_prop:s0 tclass=property_service permissive=0'
06-04 09:01:16.968     1     1 W /system/bin/init: type=1107 audit(0.0:8): uid=0 auid=4294967295 ses=4294967295 subj=u:r:init:s0 msg='avc:  denied  { set } for property=ro.telephony.sim.count pid=1 uid=0 gid=0 scontext=u:r:vendor_init:s0 tcontext=u:object_r:default_prop:s0 tclass=property_service permissive=0'
06-04 09:01:16.968     1     1 I auditd  : type=1107 audit(0.0:9): uid=0 auid=4294967295 ses=4294967295 subj=u:r:init:s0 msg='avc:  denied  { set } for property=persist.radio.default.sim pid=1 uid=0 gid=0 scontext=u:r:vendor_init:s0 tcontext=u:object_r:radio_prop:s0 tclass=property_service permissive=0'
06-04 09:01:16.968     1     1 W /system/bin/init: type=1107 audit(0.0:9): uid=0 auid=4294967295 ses=4294967295 subj=u:r:init:s0 msg='avc:  denied  { set } for property=persist.radio.default.sim pid=1 uid=0 gid=0 scontext=u:r:vendor_init:s0 tcontext=u:object_r:radio_prop:s0 tclass=property_service permissive=0'
06-04 09:01:18.084     1     1 I auditd  : type=1107 audit(0.0:10): uid=0 auid=4294967295 ses=4294967295 subj=u:r:init:s0 msg='avc:  denied  { read } for property=vts.native_server.on pid=0 uid=0 gid=0 scontext=u:r:vendor_init:s0 tcontext=u:object_r:vts_status_prop:s0 tclass=file permissive=0'
06-04 09:01:18.084     1     1 W /system/bin/init: type=1107 audit(0.0:10): uid=0 auid=4294967295 ses=4294967295 subj=u:r:init:s0 msg='avc:  denied  { read } for property=vts.native_server.on pid=0 uid=0 gid=0 scontext=u:r:vendor_init:s0 tcontext=u:object_r:vts_status_prop:s0 tclass=file permissive=0'
06-04 09:01:18.100     1     1 I auditd  : type=1107 audit(0.0:11): uid=0 auid=4294967295 ses=4294967295 subj=u:r:init:s0 msg='avc:  denied  { read } for property=vts.native_server.on pid=0 uid=0 gid=0 scontext=u:r:vendor_init:s0 tcontext=u:object_r:vts_status_prop:s0 tclass=file permissive=0'
06-04 09:01:18.100     1     1 W /system/bin/init: type=1107 audit(0.0:11): uid=0 auid=4294967295 ses=4294967295 subj=u:r:init:s0 msg='avc:  denied  { read } for property=vts.native_server.on pid=0 uid=0 gid=0 scontext=u:r:vendor_init:s0 tcontext=u:object_r:vts_status_prop:s0 tclass=file permissive=0'
06-04 09:01:20.998   404   404 I auditd  : SELinux: Loaded service context from:
06-04 09:01:20.998   404   404 I auditd  : 		/system/etc/selinux/plat_service_contexts
06-04 09:01:20.998   404   404 I auditd  : 		/system_ext/etc/selinux/system_ext_service_contexts
06-04 09:01:20.998   404   404 I auditd  : 		/vendor/etc/selinux/vendor_service_contexts
06-04 09:01:21.006   406   406 I hwservicemanager: getFrameworkHalManifest: Reading VINTF information.
06-04 09:01:21.044   406   406 I hwservicemanager: getDeviceHalManifest: Reading VINTF information.
06-04 09:01:21.058   414   414 I snet_event_log: [121035042,-1,]
06-04 09:01:21.069   414   414 I SELinux : SELinux: Loaded vndservice context from:
06-04 09:01:21.069   414   414 I SELinux : 		/vendor/etc/selinux/vndservice_contexts
06-04 09:01:21.087   406   406 I hwservicemanager: getDeviceHalManifest: Successfully processed VINTF information
06-04 09:01:21.087   406   406 I hwservicemanager: getFrameworkHalManifest: Successfully processed VINTF information
06-04 09:01:21.090   406   406 I hwservicemanager: hwservicemanager is ready now.
--------- beginning of system
06-04 09:01:21.849   419   419 I vold    : Vold 3.0 (the awakening) firing up
06-04 09:01:21.867   406   406 E cutils-trace: Error opening trace file: No such file or directory (2)
06-04 09:01:21.885   419   419 W vold    : [libfs_mgr] Warning: unknown flag: resize
06-04 09:01:21.898   420   420 I HidlServiceManagement: Registered android.hardware.boot@1.2::IBootControl/default
06-04 09:01:21.899   420   420 I HidlServiceManagement: Removing namespace from process name android.hardware.boot@1.2-service to boot@1.2-service.
06-04 09:01:21.899   420   420 I LegacySupport: Registration complete for android.hardware.boot@1.0::IBootControl/default.
06-04 09:01:23.371   461   461 I AEE_AEDV: Built  commit d3b8f92ec5d513ab98c0b63be8b772639cde7d13
06-04 09:01:23.376   461   461 E AEE_AEDV: Can't open virbrator, No such file or directory
06-04 09:01:23.379   461   461 I AEE_AEDV: aed_update_coredump_mode: persist.vendor.aeev.core.dump disable
06-04 09:01:23.381   461   461 I AEE_AEDV: aed_update_coredump_mode: persist.vendor.aeev.core.direct disable
06-04 09:01:23.382   461   461 I AEE_AEDV: aed_update_coredump_mode: persist.vendor.aeev.mini.dump disable
06-04 09:01:23.384   461   461 I AEE_AEDV: AED config
06-04 09:01:23.384   461   461 I AEE_AEDV:   mode '4'
06-04 09:01:23.384   461   461 I AEE_AEDV:   exp level '0
06-04 09:01:23.384   461   461 I AEE_AEDV:   dal enable '0'
06-04 09:01:23.384   461   461 I AEE_AEDV:   db count '4'
06-04 09:01:23.384   461   461 I AEE_AEDV:   fatal db count '4'
06-04 09:01:23.384   461   461 I AEE_AEDV:  db storage '2'
06-04 09:01:23.384   461   461 I AEE_AEDV:   SMP Info => 1
06-04 09:01:23.385   461   461 I AEE_AEDV: aed_get_commit_id: Get AEE commit id successfully, [d3b8f92ec5d513ab98c0b63be8b772639cde7d13]
06-04 09:01:23.386   461   461 E AEE_AEDV: init_aed_setting: fail to open db history file 
06-04 09:01:23.386   461   461 E AEE_AEDV: init_aed_setting: fail to open file_tree.txt 
06-04 09:01:23.397   464   464 W AEE_AEDV: read_fstab: get fstab /fstab.mt6765
06-04 09:01:23.398   464   464 E AEE_AEDV: read_fstab: failed to open /fstab.mt6765
06-04 09:01:23.398   464   464 W AEE_AEDV: read_fstab: get fstab /vendor/etc/fstab.mt6765
06-04 09:01:23.400   464   464 W AEE_AEDV: get_expdb_path: get expdb_path /dev/block/by-name/expdb
06-04 09:01:23.401   464   464 I AEE_AEDV: ipanic_blk_open, expdb, 200 x a000 = 1400000
06-04 09:01:23.403   464   464 W AEE_AEDV: ipanic heahder: magic:0, version:0, size:0, datas:0
06-04 09:01:23.403   464   464 W AEE_AEDV: ipanic heahder: dhblk:0, blksize:0, partsize:0, bufsize:0
06-04 09:01:23.403   464   464 W AEE_AEDV: aed_reboot_session, no valid ipanic header, ignored
06-04 09:01:23.405   464   464 I AEE_AEDV: wdt_status = 0x0, fiq_step=0, exception_type:0 
06-04 09:01:23.405   464   464 E AEE_AEDV: get_value_from_proc_bootconfig: failed to fopen /proc/bootconfig file, error: No such file or directory
06-04 09:01:23.405   464   464 I AEE_AEDV: reboot_reason = 0(0x0)
06-04 09:01:23.405   464   464 E AEE_AEDV: open boot mode file fail! (2, No such file or directory)
06-04 09:01:23.405   464   464 I AEE_AEDV: aed_reboot_session: boot_mode(0)
06-04 09:01:23.405   464   464 W AEE_AEDV: read_fstab: get fstab /fstab.mt6765
06-04 09:01:23.405   464   464 E AEE_AEDV: read_fstab: failed to open /fstab.mt6765
06-04 09:01:23.405   464   464 W AEE_AEDV: read_fstab: get fstab /vendor/etc/fstab.mt6765
06-04 09:01:23.406   464   464 W AEE_AEDV: get_expdb_path: get expdb_path /dev/block/by-name/expdb
06-04 09:01:23.406   464   464 I AEE_AEDV: ipanic_blk_open, expdb, 200 x a000 = 1400000
06-04 09:01:23.452   462   462 I AEE_AED : Built  commit 1002699b04bb3521f5be160aafcabaa1abb2cdeb
06-04 09:01:23.456   462   462 E AEE_AED : [main][RT] failed to get platform info
06-04 09:01:23.458   462   462 I AEE_AED : socket server: android:aee_aed
06-04 09:01:23.458   462   462 E AEE_AED : Can't open vibrator duration, No such file or directory
06-04 09:01:23.459   462   462 E AEE_AED : Can't open vibrator activate, No such file or directory
06-04 09:01:23.459   462   462 E AEE_AED : Can't open vibrator state, No such file or directory
06-04 09:01:23.465   462   462 I AEE_AED : AED config
06-04 09:01:23.465   462   462 I AEE_AED :   mode '4'
06-04 09:01:23.465   462   462 I AEE_AED :   exp level '0
06-04 09:01:23.465   462   462 I AEE_AED :   dal enable '0'
06-04 09:01:23.465   462   462 I AEE_AED :   db count '4'
06-04 09:01:23.465   462   462 I AEE_AED :   fatal db count '4'
06-04 09:01:23.465   462   462 I AEE_AED :  db storage '2'
06-04 09:01:23.465   462   462 I AEE_AED :   SMP Info => 1
06-04 09:01:23.486   462   462 E AEE_AED : fail to get prebuild packages: No such file or directory
06-04 09:01:23.488   462   462 I AEE_AED : aed_get_commit_id: Get AEE commit id successfully, [1002699b04bb3521f5be160aafcabaa1abb2cdeb]
06-04 09:01:23.488   462   462 E AEE_AED : init_aed_setting: fail to open db history file 
06-04 09:01:23.488   462   462 E AEE_AED : init_aed_setting: fail to open file_tree.txt 
06-04 09:01:23.494   465   465 I wmt_loader: Can't open device node(/dev/wmtdetect) count(1)
06-04 09:01:23.590   468   468 I wmt_launcher: get property(vendor.connsys.driver.ready) is no
06-04 09:01:23.662   472   472 I fsverity_init: LoadKeyFromFile path=/system/etc/security/fsverity/fsverity-release.x509.der keyname=fsv_system_0
06-04 09:01:23.667   472   472 I fsverity_init: LoadKeyFromFile path=/product/etc/security/fsverity/gms_fsverity_cert.der keyname=fsv_product_0
06-04 09:01:23.673   472   472 I fsverity_init: LoadKeyFromFile path=/product/etc/security/fsverity/play_store_fsi_cert.der keyname=fsv_product_1
06-04 09:01:23.708   471   471 I android.hardware.keymaster@4.1-service.trustonic: Trustonic Keymaster 4.1 Service starts
06-04 09:01:23.709   471   471 I TrustonicKeymaster4DeviceImpl: Read os_version = 140000, os_patchlevel = 202603, vendor_patchlevel = 20260305, boot_patchlevel = 0
06-04 09:01:23.713   471   471 I TeeSysClient: driver version: v8.3 [vendor/mediatek/proprietary/trustzone/trustonic/source/external/mobicore/common/500/ClientLib/src/driver.cpp:104]
06-04 09:01:23.713   471   471 I TeeSysClient: driver open [vendor/mediatek/proprietary/trustzone/trustonic/source/external/mobicore/common/500/ClientLib/src/driver.cpp:109]
06-04 09:01:23.725   471   471 E TlcTeeKeyMaster: Error: Cannot open file: /data/misc/keybox_sample.so.
06-04 09:01:23.751   471   471 E TeeSysClient: syscall failed with "Try again"(errno 11) [vendor/mediatek/proprietary/trustzone/trustonic/source/external/mobicore/common/500/ClientLib/src/driver.cpp:615]
06-04 09:01:23.751   471   471 E TeeSysClient: mcCloseSession returned UNKNOWN (rc 0x6) [vendor/mediatek/proprietary/trustzone/trustonic/source/external/mobicore/common/500/ClientLib/src/native_interface.cpp:651]
06-04 09:01:23.751   471   471 E TlcTeeKeyMaster: TEE_Configure: mcCloseSession() returned 6
06-04 09:01:23.756   471   471 I HidlServiceManagement: Registered android.hardware.keymaster@4.1::IKeymasterDevice/default
06-04 09:01:23.756   471   471 I HidlServiceManagement: Removing namespace from process name android.hardware.keymaster@4.1-service.trustonic to keymaster@4.1-service.trustonic.
06-04 09:01:23.757   471   471 I android.hardware.keymaster@4.1-service.trustonic: Trustonic Keymaster 4.1 Service registered
06-04 09:01:23.777   469   469 I HidlServiceManagement: Registered android.system.suspend@1.0::ISystemSuspend/default
06-04 09:01:23.778   469   469 I HidlServiceManagement: Removing namespace from process name android.system.suspend-service to suspend-service.
06-04 09:01:23.795   465   465 I wmt_loader: Can't open device node(/dev/wmtdetect) count(2)
06-04 09:01:23.814   470   470 I keystore2: system/security/keystore2/src/keystore2_main.rs:61 - Keystore2 is starting.
06-04 09:01:23.814   470   470 I keystore2: system/security/keystore2/src/keystore2_main.rs:67 - Setting up sqlite logging for keystore2
06-04 09:01:23.820   470   470 W keystore2: system/security/keystore2/src/metrics_store.rs:577 - In update_keystore_crash_sysprop: Failed to read the existing system property due to: system/security/keystore2/src/metrics_store.rs:608: Property not set..Therefore, keystore crashes will not be logged.
06-04 09:01:23.827   470   470 I keystore2: system/security/keystore2/src/keystore2_main.rs:97 - Starting thread pool now.
06-04 09:01:23.831   470   477 I keystore2: getDeviceHalManifest: Reading VINTF information.
06-04 09:01:23.843   470   477 I keystore2: getDeviceHalManifest: Successfully processed VINTF information
06-04 09:01:23.870   470   470 I keystore2: found android.hardware.keymaster@4.0::IKeymasterDevice with interface name default and seclevel TRUSTED_ENVIRONMENT
06-04 09:01:23.872   470   470 I keystore2: system/security/keystore2/src/globals.rs:286 - Add emulation wrapper around Keymaster device for security level: r#TRUSTED_ENVIRONMENT
06-04 09:01:23.876   470   477 I keystore2: system/security/keystore2/src/shared_secret_negotiation.rs:47 - Shared secret negotiation concluded successfully.
06-04 09:01:23.891   468   468 I wmt_launcher: get property(vendor.connsys.driver.ready) is no
06-04 09:01:23.913   470   477 I keystore2: system/security/keystore2/src/shared_secret_negotiation.rs:294 - No StrongBox Keymint available, so no RoT transfer
06-04 09:01:23.922   470   470 I keystore2: system/security/keystore2/src/keystore2_main.rs:152 - Successfully registered Keystore 2.0 service.
06-04 09:01:23.922   470   470 I keystore2: system/security/keystore2/src/keystore2_main.rs:154 - Joining thread pool now.
06-04 09:01:23.987   419   419 I vold    : AIDL IBootControl not available, falling back to HIDL.
06-04 09:01:23.995   419   419 I vold    : Using HIDL version 1.2 of IBootControl
06-04 09:01:24.095   465   465 I wmt_loader: Can't open device node(/dev/wmtdetect) count(3)
06-04 09:01:24.098   470   470 I SELinux : SELinux: Loaded keystore2 context from:
06-04 09:01:24.098   470   470 I auditd  : SELinux: Loaded keystore2 context from:
06-04 09:01:24.098   470   470 I SELinux : 		/system/etc/selinux/plat_keystore2_key_contexts
06-04 09:01:24.098   470   470 I auditd  : 		/system/etc/selinux/plat_keystore2_key_contexts
06-04 09:01:24.120   419   419 I vold    : [libfs_mgr] Running /system/bin/fsck.f2fs -a -c 10000 --debug-cache /dev/block/dm-42
06-04 09:01:24.194   468   468 I wmt_launcher: get property(vendor.connsys.driver.ready) is no
06-04 09:01:24.395   465   465 I wmt_loader: Can't open device node(/dev/wmtdetect) count(4)
06-04 09:01:24.494   468   468 I wmt_launcher: get property(vendor.connsys.driver.ready) is no
06-04 09:01:24.565   419   419 I vold    : [libfs_mgr] __mount(source=/dev/block/dm-42,target=/data,type=f2fs)=0: Success
06-04 09:01:24.697   465   465 I wmt_loader: Can't open device node(/dev/wmtdetect) count(5)
06-04 09:01:24.709   419   419 I Checkpoint: cp_prepareCheckpoint called
06-04 09:01:24.796   468   468 I wmt_launcher: get property(vendor.connsys.driver.ready) is no
06-04 09:01:24.936   419   419 I vold    : fscrypt_initialize_systemwide_keys
06-04 09:01:24.987   419   419 I vold    : Wrote system DE key reference to:/data/unencrypted/ref
06-04 09:01:24.998   465   465 I wmt_loader: Can't open device node(/dev/wmtdetect) count(6)
06-04 09:01:25.022   419   419 I vold    : Wrote per boot key reference to:/data/unencrypted/per_boot_ref
06-04 09:01:25.098   468   468 I wmt_launcher: get property(vendor.connsys.driver.ready) is no
06-04 09:01:25.181   502   502 I tombstoned: tombstoned successfully initialized
06-04 09:01:25.220   419   419 I incfs   : Initial API level of the device: 34
06-04 09:01:25.235   419   419 I incfs   : ro.incremental.enable: yes
06-04 09:01:25.241   419   419 I incfs   : isFsAvailable: true
06-04 09:01:25.247   419   419 I incfs   : isFsAvailable: true
06-04 09:01:25.254   419   419 I incfs   : IncFs_Features: v1
06-04 09:01:25.263   470   470 I keystore2: system/security/keystore2/src/maintenance.rs:206 - In early_boot_ended.
06-04 09:01:25.280   470   470 I keystore2: system/security/keystore2/src/globals.rs:66 - Touching Keystore 2.0 database for this first time since boot.
06-04 09:01:25.280   470   470 I keystore2: system/security/keystore2/src/globals.rs:68 - Calling cleanup leftovers.
06-04 09:01:25.281   470   470 I keystore2: system/security/keystore2/src/boot_level_keys.rs:57 - ro.keystore.boot_level_key.strategy not set, inferring from installed KM instances
06-04 09:01:25.281   470   470 I keystore2: system/security/keystore2/src/boot_level_keys.rs:115 - In get_level_zero_key: security_level=r#TRUSTED_ENVIRONMENT, deny_later_strategy=EarlyBootOnly
06-04 09:01:25.298   465   465 I wmt_loader: Can't open device node(/dev/wmtdetect) count(7)
06-04 09:01:25.302   470   470 I keystore2: system/security/keystore2/src/super_key.rs:293 - Starting boot level watcher.
06-04 09:01:25.302   470   508 I keystore2: system/security/keystore2/src/super_key.rs:325 - Read keystore.boot_level value 30
06-04 09:01:25.303   470   508 I keystore2: system/security/keystore2/src/super_key.rs:325 - Read keystore.boot_level value 30
06-04 09:01:25.303   470   470 I keystore2: system/security/keystore2/src/maintenance.rs:187 - Call to earlyBootEnded succeeded for security level TRUSTED_ENVIRONMENT.
06-04 09:01:25.304   470   470 E keystore2: system/security/keystore2/src/maintenance.rs:192 - Call to earlyBootEnded failed for security level STRONGBOX: system/security/keystore2/src/maintenance.rs:167: getting keymint device.
06-04 09:01:25.305   470   470 E keystore2: system/security/keystore2/src/error.rs:180 - system/security/keystore2/src/maintenance.rs:167: getting keymint device
06-04 09:01:25.305   470   470 E keystore2: 
06-04 09:01:25.305   470   470 E keystore2: Caused by:
06-04 09:01:25.305   470   470 E keystore2:     0: system/security/keystore2/src/globals.rs:335: Cannot connect to Keymint
06-04 09:01:25.305   470   470 E keystore2:     1: system/security/keystore2/src/globals.rs:246: Trying to get Legacy wrapper.
06-04 09:01:25.305   470   470 E keystore2:     2: Error::Km(r#HARDWARE_TYPE_UNAVAILABLE)
06-04 09:01:25.305   419   419 E vold    : keystore2 Keystore earlyBootEnded returned service specific error: -68
06-04 09:01:25.387   461   463 I AEE_AEDV: aed_wait_decrypt done! file base encryption
06-04 09:01:25.388   461   463 E AEE_AEDV: aee:vrttd_64Rtt command connect 64_socket fail: Connection refused
06-04 09:01:25.388   461   463 E AEE_AEDV: aee_exception_running_64: command failed
06-04 09:01:25.388   461   463 E AEE_AEDV: delete_temp_folder: Error: Can't get running exception 
06-04 09:01:25.398   468   468 I wmt_launcher: get property(vendor.connsys.driver.ready) is no
06-04 09:01:25.489   462   467 I AEE_AED : aed_wait_decrypt done! file base encryption
06-04 09:01:25.490   462   467 E aee_aed : client connect socket fail: Connection refused
06-04 09:01:25.490   462   467 E AEE_AED : aee:rttd_64Rtt command connect 64_socket fail: Connection refused
06-04 09:01:25.490   462   467 E AEE_AED : aee_exception_running_64: command failed
06-04 09:01:25.490   462   467 E AEE_AED : delete_temp_folder: Error: Can't get running exception 
06-04 09:01:25.599   465   465 I wmt_loader: Can't open device node(/dev/wmtdetect) count(8)
06-04 09:01:25.699   468   468 I wmt_launcher: get property(vendor.connsys.driver.ready) is no
06-04 09:01:25.900   465   465 I wmt_loader: Can't open device node(/dev/wmtdetect) count(9)
06-04 09:01:26.001   468   468 I wmt_launcher: get property(vendor.connsys.driver.ready) is no
06-04 09:01:26.204   465   465 I wmt_loader: Can't open device node(/dev/wmtdetect) count(10)
06-04 09:01:26.301   468   468 I wmt_launcher: get property(vendor.connsys.driver.ready) is no
06-04 09:01:26.505   465   465 I wmt_loader: Can't open device node(/dev/wmtdetect) count(11)
06-04 09:01:26.602   468   468 I wmt_launcher: get property(vendor.connsys.driver.ready) is no
06-04 09:01:26.805   465   465 I wmt_loader: Can't open device node(/dev/wmtdetect) count(12)
06-04 09:01:26.902   468   468 I wmt_launcher: get property(vendor.connsys.driver.ready) is no
06-04 09:01:27.106   465   465 I wmt_loader: Can't open device node(/dev/wmtdetect) count(13)
06-04 09:01:27.202   468   468 I wmt_launcher: get property(vendor.connsys.driver.ready) is no
06-04 09:01:27.406   465   465 I wmt_loader: Can't open device node(/dev/wmtdetect) count(14)
06-04 09:01:27.509   468   468 I wmt_launcher: get property(vendor.connsys.driver.ready) is no
06-04 09:01:27.707   465   465 I wmt_loader: Can't open device node(/dev/wmtdetect) count(15)
06-04 09:01:27.810   468   468 I wmt_launcher: get property(vendor.connsys.driver.ready) is no
06-04 09:01:28.007   465   465 I wmt_loader: Can't open device node(/dev/wmtdetect) count(16)
06-04 09:01:28.052   639   639 I derive_sdk: Read version 11 from 7
06-04 09:01:28.052   639   639 I derive_sdk: Read version 11 from 6
06-04 09:01:28.053   639   639 I derive_sdk: Read version 11 from 5
06-04 09:01:28.054   639   639 I derive_sdk: Read version 11 from 9
06-04 09:01:28.055   639   639 I derive_sdk: Read version 11 from 4
06-04 09:01:28.056   639   639 I derive_sdk: Read version 11 from 3
06-04 09:01:28.056   639   639 I derive_sdk: Read version 11 from 16
06-04 09:01:28.057   639   639 I derive_sdk: Read version 11 from 2
06-04 09:01:28.058   639   639 I derive_sdk: Read version 11 from 8
06-04 09:01:28.059   639   639 I derive_sdk: Read version 11 from 12
06-04 09:01:28.060   639   639 I derive_sdk: Read version 11 from 14
06-04 09:01:28.061   639   639 I derive_sdk: Read version 11 from 15
06-04 09:01:28.062   639   639 I derive_sdk: Read version 11 from 1
06-04 09:01:28.063   639   639 I derive_sdk: Read version 11 from 10
06-04 09:01:28.064   639   639 I derive_sdk: Read version 7 from 13
06-04 09:01:28.065   639   639 I derive_sdk: Read version 11 from 11
06-04 09:01:28.065   639   639 I derive_sdk: extension r version is 11
06-04 09:01:28.066   639   639 I derive_sdk: extension s version is 11
06-04 09:01:28.067   639   639 I derive_sdk: extension t version is 11
06-04 09:01:28.068   639   639 I derive_sdk: extension u version is 11
06-04 09:01:28.069   639   639 I derive_sdk: extension ad_services version is 11
06-04 09:01:28.110   468   468 I wmt_launcher: get property(vendor.connsys.driver.ready) is no
06-04 09:01:28.243   419   419 I vold    : Verified that /data/system_de/0 has the encryption policy 7b7957664859d2edd821e1eac087e769 v2 modes 1/4 flags 0x2
06-04 09:01:28.267   419   419 I vold    : Verified that /data/vendor_de/0 has the encryption policy 7b7957664859d2edd821e1eac087e769 v2 modes 1/4 flags 0x2
06-04 09:01:28.278   419   419 I vold    : Verified that /data/misc_de/0 has the encryption policy 7b7957664859d2edd821e1eac087e769 v2 modes 1/4 flags 0x2
06-04 09:01:28.290   419   419 I vold    : Verified that /data/user_de/0 has the encryption policy 7b7957664859d2edd821e1eac087e769 v2 modes 1/4 flags 0x2
06-04 09:01:28.307   465   465 I wmt_loader: Can't open device node(/dev/wmtdetect) count(17)
06-04 09:01:28.411   468   468 I wmt_launcher: get property(vendor.connsys.driver.ready) is no
06-04 09:01:28.412   464   464 I AEE_AEDV: aed_wait_decrypt done! file base encryption
06-04 09:01:28.419   464   464 I AEE_AEDV: aed_wait_decrypt done! file base encryption
06-04 09:01:28.547   650   650 I derive_classpath: ParseFragments for bootclasspath
06-04 09:01:28.579   650   650 I derive_classpath: ReadClasspathFragment /apex/com.android.art/etc/classpaths/bootclasspath.pb
06-04 09:01:28.580   650   650 I derive_classpath: ReadClasspathFragment /system/etc/classpaths/bootclasspath.pb
06-04 09:01:28.581   650   650 I derive_classpath: ReadClasspathFragment /apex/com.android.adservices/etc/classpaths/bootclasspath.pb
06-04 09:01:28.582   650   650 I derive_classpath: ReadClasspathFragment /apex/com.android.appsearch/etc/classpaths/bootclasspath.pb
06-04 09:01:28.583   650   650 I derive_classpath: ReadClasspathFragment /apex/com.android.btservices/etc/classpaths/bootclasspath.pb
06-04 09:01:28.584   650   650 I derive_classpath: ReadClasspathFragment /apex/com.android.configinfrastructure/etc/classpaths/bootclasspath.pb
06-04 09:01:28.584   650   650 I derive_classpath: ReadClasspathFragment /apex/com.android.conscrypt/etc/classpaths/bootclasspath.pb
06-04 09:01:28.585   650   650 I derive_classpath: ReadClasspathFragment /apex/com.android.devicelock/etc/classpaths/bootclasspath.pb
06-04 09:01:28.586   650   650 I derive_classpath: ReadClasspathFragment /apex/com.android.healthfitness/etc/classpaths/bootclasspath.pb
06-04 09:01:28.586   650   650 I derive_classpath: ReadClasspathFragment /apex/com.android.ipsec/etc/classpaths/bootclasspath.pb
06-04 09:01:28.587   650   650 I derive_classpath: ReadClasspathFragment /apex/com.android.media/etc/classpaths/bootclasspath.pb
06-04 09:01:28.588   650   650 I derive_classpath: ReadClasspathFragment /apex/com.android.mediaprovider/etc/classpaths/bootclasspath.pb
06-04 09:01:28.588   650   650 I derive_classpath: ReadClasspathFragment /apex/com.android.ondevicepersonalization/etc/classpaths/bootclasspath.pb
06-04 09:01:28.589   650   650 I derive_classpath: ReadClasspathFragment /apex/com.android.os.statsd/etc/classpaths/bootclasspath.pb
06-04 09:01:28.589   650   650 I derive_classpath: ReadClasspathFragment /apex/com.android.permission/etc/classpaths/bootclasspath.pb
06-04 09:01:28.590   650   650 I derive_classpath: ReadClasspathFragment /apex/com.android.scheduling/etc/classpaths/bootclasspath.pb
06-04 09:01:28.590   650   650 I derive_classpath: ReadClasspathFragment /apex/com.android.sdkext/etc/classpaths/bootclasspath.pb
06-04 09:01:28.591   650   650 I derive_classpath: ReadClasspathFragment /apex/com.android.tethering/etc/classpaths/bootclasspath.pb
06-04 09:01:28.592   650   650 I derive_classpath: ReadClasspathFragment /apex/com.android.uwb/etc/classpaths/bootclasspath.pb
06-04 09:01:28.592   650   650 I derive_classpath: ReadClasspathFragment /apex/com.android.virt/etc/classpaths/bootclasspath.pb
06-04 09:01:28.593   650   650 I derive_classpath: ReadClasspathFragment /apex/com.android.wifi/etc/classpaths/bootclasspath.pb
06-04 09:01:28.594   650   650 I derive_classpath: ParseFragments for systemserverclasspath
06-04 09:01:28.597   650   650 I derive_classpath: ReadClasspathFragment /system/etc/classpaths/systemserverclasspath.pb
06-04 09:01:28.598   650   650 I derive_classpath: ReadClasspathFragment /apex/com.android.adservices/etc/classpaths/systemserverclasspath.pb
06-04 09:01:28.598   650   650 I derive_classpath: ReadClasspathFragment /apex/com.android.appsearch/etc/classpaths/systemserverclasspath.pb
06-04 09:01:28.599   650   650 I derive_classpath: ReadClasspathFragment /apex/com.android.art/etc/classpaths/systemserverclasspath.pb
06-04 09:01:28.600   650   650 I derive_classpath: ReadClasspathFragment /apex/com.android.btservices/etc/classpaths/systemserverclasspath.pb
06-04 09:01:28.600   650   650 I derive_classpath: ReadClasspathFragment /apex/com.android.configinfrastructure/etc/classpaths/systemserverclasspath.pb
06-04 09:01:28.601   650   650 I derive_classpath: ReadClasspathFragment /apex/com.android.devicelock/etc/classpaths/systemserverclasspath.pb
06-04 09:01:28.601   650   650 I derive_classpath: ReadClasspathFragment /apex/com.android.healthfitness/etc/classpaths/systemserverclasspath.pb
06-04 09:01:28.602   650   650 I derive_classpath: ReadClasspathFragment /apex/com.android.media/etc/classpaths/systemserverclasspath.pb
06-04 09:01:28.603   650   650 I derive_classpath: ReadClasspathFragment /apex/com.android.ondevicepersonalization/etc/classpaths/systemserverclasspath.pb
06-04 09:01:28.604   650   650 I derive_classpath: ReadClasspathFragment /apex/com.android.os.statsd/etc/classpaths/systemserverclasspath.pb
06-04 09:01:28.605   650   650 I derive_classpath: ReadClasspathFragment /apex/com.android.permission/etc/classpaths/systemserverclasspath.pb
06-04 09:01:28.605   650   650 I derive_classpath: ReadClasspathFragment /apex/com.android.rkpd/etc/classpaths/systemserverclasspath.pb
06-04 09:01:28.606   650   650 I derive_classpath: ReadClasspathFragment /apex/com.android.scheduling/etc/classpaths/systemserverclasspath.pb
06-04 09:01:28.607   650   650 I derive_classpath: ReadClasspathFragment /apex/com.android.tethering/etc/classpaths/systemserverclasspath.pb
06-04 09:01:28.607   650   650 I derive_classpath: ReadClasspathFragment /apex/com.android.uwb/etc/classpaths/systemserverclasspath.pb
06-04 09:01:28.608   465   465 I wmt_loader: Can't open device node(/dev/wmtdetect) count(18)
06-04 09:01:28.608   650   650 I derive_classpath: ReadClasspathFragment /apex/com.android.wifi/etc/classpaths/systemserverclasspath.pb
06-04 09:01:28.608   650   650 I derive_classpath: WriteClasspathExports /data/system/environ/classpath
06-04 09:01:28.609   650   650 I derive_classpath: WriteClasspathExports content
06-04 09:01:28.609   650   650 I derive_classpath: export BOOTCLASSPATH /apex/com.android.art/javalib/core-oj.jar:/apex/com.android.art/javalib/core-libart.jar:/apex/com.android.art/javalib/okhttp.jar:/apex/com.android.art/javalib/bouncycastle.jar:/apex/com.android.art/javalib/apache-xml.jar:/system/framework/framework.jar:/system/framework/framework-graphics.jar:/system/framework/ext.jar:/system/framework/telephony-common.jar:/system/framework/voip-common.jar:/system/framework/ims-common.jar:/system_ext/framework/mediatek-telephony-base.jar:/system_ext/framework/mediatek-telephony-common.jar:/system_ext/framework/mediatek-carrier-config-manager.jar:/system_ext/framework/mediatek-common.jar:/system_ext/framework/mediatek-framework.jar:/system_ext/framework/mediatek-ims-common.jar:/system_ext/framework/mediatek-ims-base.jar:/system_ext/framework/mediatek-telecom-common.jar:/apex/com.android.i18n/javalib/core-icu4j.jar:/apex/com.android.adservices/javalib/framework-adservices.jar:/apex/com.android.adservices/javalib/framework-sdksandbox.jar:/apex/com.android.appsearch/javalib/framework-appsearch.jar:/apex/com.android.btservices/javalib/framework-bluetooth.jar:/apex/com.android.configinfrastructure/javalib/framework-configinfrastructure.jar:/apex/com.android.conscrypt/javalib/conscrypt.jar:/apex/com.android.devicelock/javalib/framework-devicelock.jar:/apex/com.android.healthfitness/javalib/framework-healthfitness.jar:/apex/com.android.ipsec/javalib/android.net.ipsec.ike.jar:/apex/com.android.media/javalib/updatable-media.jar:/apex/com.android.mediaprovider/javalib/framework-mediaprovider.jar:/apex/com.android.ondevicepersonalization/javalib/framework-ondevicepersonalization.jar:/apex/com.android.os.statsd/javalib/framework-statsd.jar:/apex/com.android.permission/javalib/framework-permission.jar:/apex/com.android.permission/javalib/framework-permission-s.jar:/apex/com.android.scheduling/javalib/framework-scheduling.jar:/apex/com.android.sdkext/javalib/framework-sdkextensions.jar:/apex/com.android.tethering/javalib/framework-connectivity.jar:/apex/com.android.tethering/javalib/framework-connectivity-t.jar:/apex/com.android.tethering/javalib/framework-tethering.jar:/apex/com.android.uwb/javalib/framework-uwb.jar:/apex/com.android.virt/javalib/framework-virtualization.jar:/apex/com.android.wifi/javalib/framework-wifi.jar
06-04 09:01:28.609   650   650 I derive_classpath: export DEX2OATBOOTCLASSPATH /apex/com.android.art/javalib/core-oj.jar:/apex/com.android.art/javalib/core-libart.jar:/apex/com.android.art/javalib/okhttp.jar:/apex/com.android.art/javalib/bouncycastle.jar:/apex/com.android.art/javalib/apache-xml.jar:/system/framework/framework.jar:/system/framework/framework-graphics.jar:/system/framework/ext.jar:/system/framework/telephony-common.jar:/system/framework/voip-common.jar:/system/framework/ims-common.jar:/system_ext/framework/mediatek-telephony-base.jar:/system_ext/framework/mediatek-telephony-common.jar:/system_ext/framework/mediatek-carrier-config-manager.jar:/system_ext/framework/mediatek-common.jar:/system_ext/framework/mediatek-framework.jar:/system_ext/framework/mediatek-ims-common.jar:/system_ext/framework/mediatek-ims-base.jar:/system_ext/framework/mediatek-telecom-common.jar:/apex/com.android.i18n/javalib/core-icu4j.jar
06-04 09:01:28.609   650   650 I derive_classpath: export SYSTEMSERVERCLASSPATH /system/framework/com.android.location.provider.jar:/system/framework/services.jar:/apex/com.android.adservices/javalib/service-adservices.jar:/apex/com.android.adservices/javalib/service-sdksandbox.jar:/apex/com.android.appsearch/javalib/service-appsearch.jar:/apex/com.android.art/javalib/service-art.jar:/apex/com.android.configinfrastructure/javalib/service-configinfrastructure.jar:/apex/com.android.healthfitness/javalib/service-healthfitness.jar:/apex/com.android.media/javalib/service-media-s.jar:/apex/com.android.ondevicepersonalization/javalib/service-ondevicepersonalization.jar:/apex/com.android.permission/javalib/service-permission.jar:/apex/com.android.rkpd/javalib/service-rkp.jar
06-04 09:01:28.609   650   650 I derive_classpath: export STANDALONE_SYSTEMSERVER_JARS /apex/com.android.btservices/javalib/service-bluetooth.jar:/apex
06-04 09:01:28.711   468   468 I wmt_launcher: get property(vendor.connsys.driver.ready) is no
06-04 09:01:28.712   651   651 I art_boot: Property persist.device_config.runtime_native_boot.useartservice not set
06-04 09:01:28.808   652   652 I odsign  : Trying to retrieve existing HMAC key...
06-04 09:01:28.811   652   652 I odsign  : Trying to retrieve existing keystore key...
06-04 09:01:28.824   652   652 I odsign  : Verified public key signature.
06-04 09:01:28.824   652   652 I odsign  : Initialized Keystore key.
06-04 09:01:28.826   652   652 I odsign  : Found and verified existing public key certificate: /data/misc/odsign/key.cert
06-04 09:01:28.908   465   465 I wmt_loader: Can't open device node(/dev/wmtdetect) count(19)
06-04 09:01:29.011   468   468 I wmt_launcher: get property(vendor.connsys.driver.ready) is no
06-04 09:01:29.044   653   653 I odrefresh: ART APEX version 341514410
06-04 09:01:29.045   653   653 I odrefresh: Userfaultfd GC check failed (build_enable_uffd_gc: true, kernel_supports_uffd: false).
06-04 09:01:29.208   465   465 I wmt_loader: Can't open device node(/dev/wmtdetect) count(20)
06-04 09:01:29.241   653   653 I odrefresh: Checking boot images /data (arm)
06-04 09:01:29.241   653   653 I odrefresh: Boot images on /data OK (arm)
06-04 09:01:29.242   653   653 I odrefresh: system_server artifacts on /data OK
06-04 09:01:29.262   652   652 I odsign  : /data/misc/odsign/odsign.info.signature matches.
06-04 09:01:29.263   652   652 I odsign  : Loaded /data/misc/odsign/odsign.info
06-04 09:01:29.312   468   468 I wmt_launcher: get property(vendor.connsys.driver.ready) is no
06-04 09:01:29.327   652   652 I odsign  : All root hashes match.
06-04 09:01:29.327   652   652 I odsign  : odrefresh said artifacts are VALID
06-04 09:01:29.327   652   652 I odsign  : On-device signing done.
06-04 09:01:29.327   652   652 I odsign  : Metrics report is empty
06-04 09:01:29.403   470   508 I keystore2: system/security/keystore2/src/super_key.rs:330 - keystore.boot_level 1000000000 hits maximum 1000000000, finishing.
06-04 09:01:29.509   465   465 I wmt_loader: Can't open device node(/dev/wmtdetect) count(21)
06-04 09:01:29.576   662   662 I Magisk  : Magisk v27.2-kitsune-4(27002) daemon started
06-04 09:01:29.577   662   662 I Magisk  : * Device API level: 34
06-04 09:01:29.577   662   662 I Magisk  : * CPU ABI 32-bit: armeabi-v7a,armeabi
06-04 09:01:29.586   662   665 I Magisk  : ** post-fs-data mode running
06-04 09:01:29.590   662   665 I Magisk  : * Magic Mount Setup
06-04 09:01:29.608     1     1 W libc    : Unable to set property "dev.mnt.dev.debug_ramdisk..magisk.modules" to "dm-42": error code: 0x10
06-04 09:01:29.612   468   468 I wmt_launcher: get property(vendor.connsys.driver.ready) is no
06-04 09:01:29.620     1     1 W libc    : Unable to set property "dev.mnt.blk.debug_ramdisk..magisk.modules" to "mmcblk0p44": error code: 0x10
06-04 09:01:29.633     1     1 W libc    : Unable to set property "dev.mnt.rootdisk.debug_ramdisk..magisk.modules" to "mmcblk0": error code: 0x10
06-04 09:01:29.706   662   665 I Magisk  : * Initializing Magisk environment
06-04 09:01:29.712   662   665 E Magisk  : * Magisk environment incomplete, abort
06-04 09:01:29.712   662   665 I Magisk  : * Loading modules
06-04 09:01:29.809   465   465 I wmt_loader: Can't open device node(/dev/wmtdetect) count(22)
06-04 09:01:29.912   468   468 I wmt_launcher: get property(vendor.connsys.driver.ready) is no
06-04 09:01:30.110   465   465 I wmt_loader: Can't open device node(/dev/wmtdetect) count(23)
06-04 09:01:30.213   468   468 I wmt_launcher: get property(vendor.connsys.driver.ready) is no
06-04 09:01:30.309   673   673 I otapreopt_slot: No A/B artifacts found for slot _a.
06-04 09:01:30.411   465   465 I wmt_loader: Can't open device node(/dev/wmtdetect) count(24)
06-04 09:01:30.513   468   468 I wmt_launcher: get property(vendor.connsys.driver.ready) is no
06-04 09:01:30.711   465   465 I wmt_loader: Can't open device node(/dev/wmtdetect) count(25)
06-04 09:01:30.814   468   468 I wmt_launcher: get property(vendor.connsys.driver.ready) is no
06-04 09:01:30.800   321   321 I auditd  : type=1400 audit(0.0:19): avc:  denied  { write } for  comm="init" name="vendor_de" dev="dm-42" ino=137 scontext=u:r:vendor_init:s0 tcontext=u:object_r:vendor_userdir_file:s0 tclass=dir permissive=0
06-04 09:01:30.800   321   321 W init    : type=1400 audit(0.0:19): avc:  denied  { write } for  name="vendor_de" dev="dm-42" ino=137 scontext=u:r:vendor_init:s0 tcontext=u:object_r:vendor_userdir_file:s0 tclass=dir permissive=0
06-04 09:01:31.012   465   465 I wmt_loader: Can't open device node(/dev/wmtdetect) count(26)
06-04 09:01:31.114   468   468 I wmt_launcher: get property(vendor.connsys.driver.ready) is no
06-04 09:01:31.312   465   465 I wmt_loader: Can't open device node(/dev/wmtdetect) count(27)
06-04 09:01:31.415   468   468 I wmt_launcher: get property(vendor.connsys.driver.ready) is no
06-04 09:01:31.613   465   465 I wmt_loader: Can't open device node(/dev/wmtdetect) count(28)
06-04 09:01:31.716   468   468 I wmt_launcher: get property(vendor.connsys.driver.ready) is no
06-04 09:01:31.914   465   465 I wmt_loader: Can't open device node(/dev/wmtdetect) count(29)
06-04 09:01:32.017   468   468 I wmt_launcher: get property(vendor.connsys.driver.ready) is no
06-04 09:01:32.215   465   465 I wmt_loader: Can't open device node(/dev/wmtdetect) count(30)
06-04 09:01:32.333   468   468 I wmt_launcher: get property(vendor.connsys.driver.ready) is no
06-04 09:01:32.431   406   406 I hwservicemanager: getDeviceHalManifest: Reloading VINTF information.
06-04 09:01:32.431   406   406 I hwservicemanager: getDeviceHalManifest: Reading VINTF information.
06-04 09:01:32.444   406   406 I hwservicemanager: getDeviceHalManifest: Successfully processed VINTF information
06-04 09:01:32.515   465   465 I wmt_loader: Can't open device node(/dev/wmtdetect) count(31)
06-04 09:01:32.600   689   689 I ServiceManagerCppClient: Waiting for service 'statscompanion' on '/dev/binder'...
06-04 09:01:32.634   468   468 I wmt_launcher: get property(vendor.connsys.driver.ready) is no
06-04 09:01:32.745   691   691 I netdClient: Skipping libnetd_client init since *we* are netd
06-04 09:01:32.760     1     1 I auditd  : type=1400 audit(0.0:20): avc:  denied  { write } for  comm="init" name="discard_max_bytes" dev="sysfs" ino=32606 scontext=u:r:init:s0 tcontext=u:object_r:sysfs_devices_block:s0 tclass=file permissive=0
06-04 09:01:32.760     1     1 W init    : type=1400 audit(0.0:20): avc:  denied  { write } for  name="discard_max_bytes" dev="sysfs" ino=32606 scontext=u:r:init:s0 tcontext=u:object_r:sysfs_devices_block:s0 tclass=file permissive=0
06-04 09:01:32.816   465   465 I wmt_loader: Can't open device node(/dev/wmtdetect) count(32)
06-04 09:01:32.847   698   698 I HidlServiceManagement: Registered android.hidl.allocator@1.0::IAllocator/ashmem
06-04 09:01:32.848   698   698 I HidlServiceManagement: Removing namespace from process name android.hidl.allocator@1.0-service to allocator@1.0-service.
06-04 09:01:32.854   691   691 I netd    : netd 1.0 starting
06-04 09:01:32.857   691   691 I netd    : Pid file removed
06-04 09:01:32.858   691   691 I netd    : SIGPIPE is blocked
06-04 09:01:32.858   691   691 I netd    : setCloseOnExec(dnsproxyd)
06-04 09:01:32.858   691   691 I netd    : setCloseOnExec(fwmarkd)
06-04 09:01:32.858   691   691 I netd    : setCloseOnExec(mdns)
06-04 09:01:32.859   691   691 I NetdUpdatable: libnetd_updatable_init: Initializing
06-04 09:01:32.860   691   691 I BpfHandler: BPF programs are loaded
06-04 09:01:32.861   691   691 I BpfHandler: initMaps successfully
06-04 09:01:32.861   691   691 I netd    : libnetd_updatable_init success
06-04 09:01:32.862   691   691 I netd    : NetlinkManager instanced
06-04 09:01:32.862   691   691 I netd    : enter NetworkController ctor
06-04 09:01:32.863   691   691 E TcUtils : NLMSG_ERROR message return error: -2
06-04 09:01:32.864   691   691 E TcUtils : NLMSG_ERROR message return error: -2
06-04 09:01:32.864   691   691 E TcUtils : NLMSG_ERROR message return error: -2
06-04 09:01:32.864   691   691 E TcUtils : NLMSG_ERROR message return error: -2
06-04 09:01:32.864   691   691 E TcUtils : NLMSG_ERROR message return error: -2
06-04 09:01:32.864   691   691 E TcUtils : NLMSG_ERROR message return error: -2
06-04 09:01:32.864   691   691 E TcUtils : NLMSG_ERROR message return error: -2
06-04 09:01:32.864   691   691 I netd    : leave NetworkController ctor
06-04 09:01:32.865   691   691 I netd    : enter TetherController ctor
06-04 09:01:32.868   691   691 I netd    : leave TetherController ctor
06-04 09:01:32.904   691   691 I netd    : Creating child chains: 26628us
06-04 09:01:32.934   468   468 I wmt_launcher: get property(vendor.connsys.driver.ready) is no
06-04 09:01:33.116   465   465 I wmt_loader: Can't open device node(/dev/wmtdetect) count(33)
06-04 09:01:33.122   708   708 I android.hardware.health@2.1-service: default instance initializing with healthd_config...
06-04 09:01:33.126   708   708 I HidlServiceManagement: Registered android.hardware.health@2.1::IHealth/default
06-04 09:01:33.127   708   708 I HidlServiceManagement: Removing namespace from process name android.hardware.health@2.1-service to health@2.1-service.
06-04 09:01:33.127   708   708 I android.hardware.health@2.1-service: default: Hal init done
06-04 09:01:33.154   701   701 I TlcTeeGatekeeper: t-base-MTK-ARMv8-Android-400C-V001-20180713_214233_52230_81596 [vendor/mediatek/proprietary/trustzone/trustonic/source/external/gatekeeper/common/500/src/HalAdaptationLayer.cpp:104]
06-04 09:01:33.155   701   701 I TeeSysClient: driver version: v8.3 [vendor/mediatek/proprietary/trustzone/trustonic/source/external/mobicore/common/500/ClientLib/src/driver.cpp:104]
06-04 09:01:33.155   701   701 I TeeSysClient: driver open [vendor/mediatek/proprietary/trustzone/trustonic/source/external/mobicore/common/500/ClientLib/src/driver.cpp:109]
06-04 09:01:33.225   713   713 I android.hardware.usb@1.2-service-mediatekv2: UsbGadget
06-04 09:01:33.232   713   713 I HidlServiceManagement: Registered android.hardware.usb@1.3::IUsb/default
06-04 09:01:33.232   713   713 I HidlServiceManagement: Removing namespace from process name android.hardware.usb@1.2-service-mediatekv2 to usb@1.2-service-mediatekv2.
06-04 09:01:33.235   468   468 I wmt_launcher: get property(vendor.connsys.driver.ready) is no
06-04 09:01:33.237   713   713 I HidlServiceManagement: Registered android.hardware.usb.gadget@1.1::IUsbGadget/default
06-04 09:01:33.238   713   713 I android.hardware.usb@1.2-service-mediatekv2: USB HAL Ready.
06-04 09:01:33.361   717   738 I mtkpower@1.0-service: mtkPowerService register IMtkPower
06-04 09:01:33.404   720   720 I HidlServiceManagement: Registered vendor.trustonic.tee@1.1::ITee/default
06-04 09:01:33.404   720   720 I HidlServiceManagement: Removing namespace from process name vendor.trustonic.tee@1.1-service to tee@1.1-service.
06-04 09:01:33.406   720   720 I HidlServiceManagement: Registered vendor.trustonic.tee.tui@1.0::ITui/default
06-04 09:01:33.416   465   465 I wmt_loader: Can't open device node(/dev/wmtdetect) count(34)
06-04 09:01:33.427   719   719 I HidlServiceManagement: Registered vendor.mediatek.hardware.nvram@1.1::INvram/default
06-04 09:01:33.429   719   719 I HidlServiceManagement: Removing namespace from process name vendor.mediatek.hardware.nvram@1.1-service to nvram@1.1-service.
06-04 09:01:33.430   719   719 I LegacySupport: Registration complete for vendor.mediatek.hardware.nvram@1.1::INvram/default.
--------- beginning of radio
06-04 09:01:33.510   744   744 I terservice: [terserver] service not enabled. exit.
06-04 09:01:33.513   711   711 I SensorList: defaultSensorListCount=14
06-04 09:01:33.515   724   724 I credstore: Registered binder service
06-04 09:01:33.531   711   711 I SensorList: sensor=0, name=mir3da
06-04 09:01:33.532   711   711 I SensorList: sensor=3, name=NULL
06-04 09:01:33.532   711   711 I SensorList: removeSensor=3
06-04 09:01:33.532   711   711 I SensorList: sensor=1, name=NULL
06-04 09:01:33.532   711   711 I SensorList: removeSensor=1
06-04 09:01:33.533   711   711 I SensorList: sensor=4, name=hx3220_als
06-04 09:01:33.533   711   711 I SensorList: sensor=7, name=hx3220_ps
06-04 09:01:33.533   711   711 I SensorList: sensor=5, name=NULL
06-04 09:01:33.533   711   711 I SensorList: removeSensor=5
06-04 09:01:33.533   711   711 I SensorList: sensor=71, name=NULL
06-04 09:01:33.533   711   711 I SensorList: removeSensor=71
06-04 09:01:33.534   711   711 I SensorList: newSensorListCount=14
06-04 09:01:33.534   711   711 E SensorContext: sensors_poll_context_t constructor.
06-04 09:01:33.534   711   711 E SensorSaved: (/mnt/vendor/nvcfg) exist
06-04 09:01:33.535   711   711 I Accelerometer: read div buf(/sys/class/sensor/m_acc_misc/accactive), mdiv 1000
