06-04 09:01:34.129   406   406 I hwservicemanager: getTransport: Cannot find entry android.hardware.soundtrigger@2.0::ISoundTriggerHw/default in either framework or device VINTF manifest.
06-04 09:01:34.130   699   699 E LegacySupport: Could not get passthrough implementation for android.hardware.soundtrigger@2.0::ISoundTriggerHw/default.
06-04 09:01:34.130   699   699 W mtkaudiohalservice: Could not register Soundtrigger API
06-04 09:01:34.134   715   767 I HidlServiceManagement: Registered vendor.mediatek.hardware.lbs@1.0::ILbs/mtk_mnld2nlputils
06-04 09:01:34.136   715   767 I HidlServiceManagement: Registered vendor.mediatek.hardware.lbs@1.0::ILbs/mtk_mnld2debugService
06-04 09:01:34.136   748   748 E ccci_rpcd: /dev/ccci_rpc open fail (2)
06-04 09:01:34.136   748   748 E ccci_rpcd: /dev/ccci_rpc not exists..
06-04 09:01:34.136   784   784 I mtk_plpath_utils: Create /dev/block/dm-44 done
06-04 09:01:34.137   715   767 I HidlServiceManagement: Registered vendor.mediatek.hardware.lbs@1.0::ILbs/mtk_debugService2mnld
06-04 09:01:34.139   715   767 I HidlServiceManagement: Registered vendor.mediatek.hardware.lbs@1.0::ILbs/mtk_meta2mnld
06-04 09:01:34.140   715   767 I HidlServiceManagement: Registered vendor.mediatek.hardware.lbs@1.0::ILbs/mtk_agpsd2debugService
06-04 09:01:34.143   715   767 I HidlServiceManagement: Registered vendor.mediatek.hardware.lbs@1.0::ILbs/mtk_debugService2agpsd
06-04 09:01:34.144   715   767 I HidlServiceManagement: Registered vendor.mediatek.hardware.lbs@1.0::ILbs/AgpsInterface
06-04 09:01:34.146   715   767 I HidlServiceManagement: Registered vendor.mediatek.hardware.lbs@1.0::ILbs/AgpsDebugInterface
06-04 09:01:34.147   715   767 I HidlServiceManagement: Registered vendor.mediatek.hardware.lbs@1.0::ILbs/mtk_mnld2mtklogger
06-04 09:01:34.148   715   767 I HidlServiceManagement: Registered vendor.mediatek.hardware.lbs@1.0::ILbs/mtk_mtklogger2mnld
06-04 09:01:34.148   468   468 I wmt_launcher: get property(vendor.connsys.driver.ready) is no
06-04 09:01:34.150   715   767 I HidlServiceManagement: Registered vendor.mediatek.hardware.lbs@1.0::ILbs/mtk_lbs_log_v2s
06-04 09:01:34.158   699   699 I MediatekBTAudioProviderA2dpSoftware: A2dpSoftwareAudioProvider - size of audio buffer 7168 byte(s) p = 0xe6ab7110
06-04 09:01:34.159   699   699 I MediatekBTAudioProviderHearingAid: HearingAidAudioProvider - size of audio buffer 3584 byte(s)
06-04 09:01:34.160   752   752 I TeeMcDaemon: * loading /vendor/app/mcRegistry/6b3f5fa0f8cf55a7be2582587d62d63a.drbin [vendor/mediatek/proprietary/trustzone/trustonic/source/external/mobicore/common/500/Daemon/src/MobiCoreDriverDaemon.cpp:338]
06-04 09:01:34.161   752   752 W TeeMcDaemon: Cannot open trustlet /vendor/app/mcRegistry/6b3f5fa0f8cf55a7be2582587d62d63a.drbin (No such file or directory) [vendor/mediatek/proprietary/trustzone/trustonic/source/external/mobicore/common/500/Daemon/src/SecureWorld.cpp:114]
06-04 09:01:34.161   752   752 W TeeMcDaemon: Driver /vendor/app/mcRegistry/6b3f5fa0f8cf55a7be2582587d62d63a.drbin missing, ignore [vendor/mediatek/proprietary/trustzone/trustonic/source/external/mobicore/common/500/Daemon/src/MobiCoreDriverDaemon.cpp:348]
06-04 09:01:34.161   752   752 I TeeMcDaemon: * loading /vendor/app/mcRegistry/5020170115e016302017012521300000.drbin [vendor/mediatek/proprietary/trustzone/trustonic/source/external/mobicore/common/500/Daemon/src/MobiCoreDriverDaemon.cpp:338]
06-04 09:01:34.162   699   699 I HidlServiceManagement: Registered vendor.mediatek.hardware.bluetooth.audio@2.2::IBluetoothAudioProvidersFactory/default
06-04 09:01:34.163   699   699 I LegacySupport: Registration complete for vendor.mediatek.hardware.bluetooth.audio@2.2::IBluetoothAudioProvidersFactory/default.
06-04 09:01:34.171   752   752 W TeeMcDaemon: TUI device not found, skip [vendor/mediatek/proprietary/trustzone/trustonic/source/external/mobicore/common/500/Daemon/src/TuiStarter.cpp:46]
06-04 09:01:34.171   752   752 I TeeMcDaemon: Daemon running [vendor/mediatek/proprietary/trustzone/trustonic/source/external/mobicore/common/500/Daemon/src/MobiCoreDriverDaemon.cpp:372]
06-04 09:01:34.185   709   709 W android.hardware.media.c2@1.2-mediatek: libminijail[709]: failed to get path of fd 3: No such file or directory
06-04 09:01:34.186   709   709 W android.hardware.media.c2@1.2-mediatek: libminijail[709]: allowing syscall: clock_gettime
06-04 09:01:34.186   699   699 I BTAudioProviderA2dpSoftware: A2dpSoftwareAudioProvider - size of audio buffer 7680 byte(s)
06-04 09:01:34.186   709   709 W android.hardware.media.c2@1.2-mediatek: libminijail[709]: allowing syscall: connect
06-04 09:01:34.186   699   699 I BTAudioProviderHearingAid: HearingAidAudioProvider - size of audio buffer 3584 byte(s)
06-04 09:01:34.187   709   709 W android.hardware.media.c2@1.2-mediatek: libminijail[709]: allowing syscall: fcntl64
06-04 09:01:34.187   709   709 W android.hardware.media.c2@1.2-mediatek: libminijail[709]: allowing syscall: socket
06-04 09:01:34.187   709   709 W android.hardware.media.c2@1.2-mediatek: libminijail[709]: allowing syscall: writev
06-04 09:01:34.190   709   709 W android.hardware.media.c2@1.2-mediatek: libminijail[709]: compile_file: <fd>(76): syscall futex redefined here
06-04 09:01:34.190   709   709 W android.hardware.media.c2@1.2-mediatek: libminijail[709]: compile_file: <fd>(15): previous definition here
06-04 09:01:34.191   709   709 W android.hardware.media.c2@1.2-mediatek: libminijail[709]: compile_file: <fd>(96): syscall writev redefined here
06-04 09:01:34.192   709   709 W android.hardware.media.c2@1.2-mediatek: libminijail[709]: compile_file: <fd>(38): previous definition here
06-04 09:01:34.194   709   709 W android.hardware.media.c2@1.2-mediatek: libminijail[709]: compile_file: <fd>(99): syscall sched_getparam redefined here
06-04 09:01:34.194   709   709 W android.hardware.media.c2@1.2-mediatek: libminijail[709]: compile_file: <fd>(69): previous definition here
06-04 09:01:34.194   709   709 W android.hardware.media.c2@1.2-mediatek: libminijail[709]: compile_file: <fd>(100): syscall sched_getscheduler redefined here
06-04 09:01:34.194   709   709 W android.hardware.media.c2@1.2-mediatek: libminijail[709]: compile_file: <fd>(70): previous definition here
06-04 09:01:34.194   699   699 I HidlServiceManagement: Registered android.hardware.bluetooth.audio@2.1::IBluetoothAudioProvidersFactory/default
06-04 09:01:34.195   709   709 W android.hardware.media.c2@1.2-mediatek: libminijail[709]: compile_file: <fd>(107): syscall ftruncate64 redefined here
06-04 09:01:34.195   709   709 W android.hardware.media.c2@1.2-mediatek: libminijail[709]: compile_file: <fd>(26): previous definition here
06-04 09:01:34.195   709   709 W android.hardware.media.c2@1.2-mediatek: libminijail[709]: compile_file: <fd>(108): syscall getuid32 redefined here
06-04 09:01:34.195   709   709 W android.hardware.media.c2@1.2-mediatek: libminijail[709]: compile_file: <fd>(37): previous definition here
06-04 09:01:34.195   709   709 W android.hardware.media.c2@1.2-mediatek: libminijail[709]: compile_file: <fd>(109): syscall open redefined here
06-04 09:01:34.195   709   709 W android.hardware.media.c2@1.2-mediatek: libminijail[709]: compile_file: <fd>(45): previous definition here
06-04 09:01:34.195   709   709 W android.hardware.media.c2@1.2-mediatek: libminijail[709]: compile_file: <fd>(110): syscall fstat64 redefined here
06-04 09:01:34.195   709   709 W android.hardware.media.c2@1.2-mediatek: libminijail[709]: compile_file: <fd>(46): previous definition here
06-04 09:01:34.195   709   709 W android.hardware.media.c2@1.2-mediatek: libminijail[709]: compile_file: <fd>(111): syscall readlink redefined here
06-04 09:01:34.195   709   709 W android.hardware.media.c2@1.2-mediatek: libminijail[709]: compile_file: <fd>(53): previous definition here
06-04 09:01:34.195   709   709 W android.hardware.media.c2@1.2-mediatek: libminijail[709]: compile_file: <fd>(112): syscall fstatfs64 redefined here
06-04 09:01:34.195   709   709 W android.hardware.media.c2@1.2-mediatek: libminijail[709]: compile_file: <fd>(56): previous definition here
06-04 09:01:34.195   709   709 W android.hardware.media.c2@1.2-mediatek: libminijail[709]: compile_file: <fd>(113): syscall _llseek redefined here
06-04 09:01:34.195   709   709 W android.hardware.media.c2@1.2-mediatek: libminijail[709]: compile_file: <fd>(59): previous definition here
06-04 09:01:34.195   699   699 I LegacySupport: Registration complete for android.hardware.bluetooth.audio@2.1::IBluetoothAudioProvidersFactory/default.
06-04 09:01:34.195   709   709 W android.hardware.media.c2@1.2-mediatek: libminijail[709]: compile_file: <fd>(114): syscall fstatat64 redefined here
06-04 09:01:34.195   709   709 W android.hardware.media.c2@1.2-mediatek: libminijail[709]: compile_file: <fd>(60): previous definition here
06-04 09:01:34.195   709   709 W android.hardware.media.c2@1.2-mediatek: libminijail[709]: compile_file: <fd>(115): syscall ugetrlimit redefined here
06-04 09:01:34.195   709   709 W android.hardware.media.c2@1.2-mediatek: libminijail[709]: compile_file: <fd>(61): previous definition here
06-04 09:01:34.195   709   709 W android.hardware.media.c2@1.2-mediatek: libminijail[709]: compile_file: <fd>(117): syscall sigreturn redefined here
06-04 09:01:34.195   709   709 W android.hardware.media.c2@1.2-mediatek: libminijail[709]: compile_file: <fd>(74): previous definition here
06-04 09:01:34.195   709   709 W android.hardware.media.c2@1.2-mediatek: libminijail[709]: compile_file: <fd>(118): syscall futex redefined here
06-04 09:01:34.195   709   709 W android.hardware.media.c2@1.2-mediatek: libminijail[709]: compile_file: <fd>(15): previous definition here
06-04 09:01:34.196   709   709 W android.hardware.media.c2@1.2-mediatek: libminijail[709]: compile_file: <fd>(120): syscall geteuid32 redefined here
06-04 09:01:34.196   709   709 W android.hardware.media.c2@1.2-mediatek: libminijail[709]: compile_file: <fd>(88): previous definition here
06-04 09:01:34.196   709   709 W android.hardware.media.c2@1.2-mediatek: libminijail[709]: compile_file: <fd>(121): syscall getgid32 redefined here
06-04 09:01:34.196   709   709 W android.hardware.media.c2@1.2-mediatek: libminijail[709]: compile_file: <fd>(89): previous definition here
06-04 09:01:34.196   709   709 W android.hardware.media.c2@1.2-mediatek: libminijail[709]: compile_file: <fd>(122): syscall getegid32 redefined here
06-04 09:01:34.196   709   709 W android.hardware.media.c2@1.2-mediatek: libminijail[709]: compile_file: <fd>(90): previous definition here
06-04 09:01:34.196   709   709 W android.hardware.media.c2@1.2-mediatek: libminijail[709]: compile_file: <fd>(123): syscall getgroups32 redefined here
06-04 09:01:34.196   709   709 W android.hardware.media.c2@1.2-mediatek: libminijail[709]: compile_file: <fd>(91): previous definition here
06-04 09:01:34.196   709   709 W android.hardware.media.c2@1.2-mediatek: libminijail[709]: compile_file: <fd>(129): nonexistent syscall 'mmap'
06-04 09:01:34.196   709   709 W android.hardware.media.c2@1.2-mediatek: libminijail[709]: compile_file: <fd>(130): nonexistent syscall 'getrlimit'
06-04 09:01:34.196   709   709 W android.hardware.media.c2@1.2-mediatek: libminijail[709]: compile_file: <fd>(131): nonexistent syscall 'newfstatat'
06-04 09:01:34.196   709   709 W android.hardware.media.c2@1.2-mediatek: libminijail[709]: compile_file: <fd>(134): syscall flock redefined here
06-04 09:01:34.196   709   709 W android.hardware.media.c2@1.2-mediatek: libminijail[709]: compile_file: <fd>(92): previous definition here
06-04 09:01:34.197   709   709 W android.hardware.media.c2@1.2-mediatek: libminijail[709]: logging seccomp filter failures
06-04 09:01:34.270   820   820 I crash_dump32: obtaining output fd from tombstoned, type: kDebuggerdTombstoneProto
06-04 09:01:34.272   502   502 I tombstoned: received crash request for pid 702
06-04 09:01:34.279   820   820 I crash_dump32: performing dump of process 702 (target tid = 702)
06-04 09:01:34.285   820   820 E DEBUG   : failed to read process info: failed to open /proc/702: No such file or directory
06-04 09:01:34.288   709   709 I HidlServiceManagement: Registered android.hardware.media.c2@1.2::IComponentStore/default
06-04 09:01:34.290   709   709 I HidlServiceManagement: Removing namespace from process name android.hardware.media.c2@1.2-mediatek to c2@1.2-mediatek.
06-04 09:01:34.319   465   465 I wmt_loader: Can't open device node(/dev/wmtdetect) count(37)
06-04 09:01:34.393   706   706 I hwcomposer: getprop [ro.vendor.mtk_ovl_bringup] 0
06-04 09:01:34.415   706   706 E hwcomposer: [SWWatchDog] [SW_WDT] Set an anchor w/o notify. <<[DEV] ioctl(DISP_IOCTL_GET_DISPLAY_CAPS):602>>  
06-04 09:01:34.415   706   706 E hwcomposer: [SWWatchDog] [SW_WDT] delAnchor: the anchor(0) is not in the pool  
06-04 09:01:34.416   706   706 W RefBase : CallStack::getCurrentInternal not linked, returning null
06-04 09:01:34.416   706   706 W RefBase : CallStack::logStackInternal not linked
06-04 09:01:34.416   406   406 I hwservicemanager: getTransport: Cannot find entry android.hardware.configstore@1.0::ISurfaceFlingerConfigs/default in either framework or device VINTF manifest.
06-04 09:01:34.449   468   468 I wmt_launcher: get property(vendor.connsys.driver.ready) is no
06-04 09:01:34.449   820   820 F DEBUG   : *** *** *** *** *** *** *** *** *** *** *** *** *** *** *** ***
06-04 09:01:34.449   820   820 F DEBUG   : Build fingerprint: 'onn/100135924/mid7021_mq:14/UP1A.231005.007/hkh20260408:user/release-keys'
06-04 09:01:34.449   820   820 F DEBUG   : Revision: '0'
06-04 09:01:34.449   820   820 F DEBUG   : ABI: 'arm'
06-04 09:01:34.449   820   820 F DEBUG   : Timestamp: 2026-06-04 09:01:34.284280001-0700
06-04 09:01:34.449   820   820 F DEBUG   : Process uptime: 0s
06-04 09:01:34.449   820   820 F DEBUG   : Cmdline: /vendor/bin/hw/android.hardware.graphics.allocator@4.0-service-mediatek
06-04 09:01:34.449   820   820 F DEBUG   : pid: 702, tid: 702, name: allocator@4.0-s  >>> /vendor/bin/hw/android.hardware.graphics.allocator@4.0-service-mediatek <<<
06-04 09:01:34.450   820   820 F DEBUG   : uid: 1000
06-04 09:01:34.450   820   820 F DEBUG   : signal 6 (SIGABRT), code -1 (SI_QUEUE), fault addr --------
06-04 09:01:34.450   820   820 F DEBUG   : Abort message: 'FORTIFY: pthread_mutex_lock called on a destroyed mutex (0xf54811f0)'
06-04 09:01:34.450   820   820 F DEBUG   :     r0  00000000  r1  000002be  r2  00000006  r3  ffecc468
06-04 09:01:34.450   820   820 F DEBUG   :     r4  ffecc478  r5  ffecc460  r6  000002be  r7  0000016b
06-04 09:01:34.450   820   820 F DEBUG   :     r8  00000000  r9  ffffffff  r10 ffecc468  r11 f6bc14b0
06-04 09:01:34.450   820   820 F DEBUG   :     ip  000002be  sp  ffecc448  lr  f5fbb5e3  pc  f5fbb5f6
06-04 09:01:34.450   820   820 F DEBUG   : 16 total frames
06-04 09:01:34.450   820   820 F DEBUG   : backtrace:
06-04 09:01:34.450   820   820 F DEBUG   :       #00 pc 0003b5f6  /apex/com.android.runtime/lib/bionic/libc.so (abort+138) (BuildId: f6cc18cf130e89327af123ab10201afa)
06-04 09:01:34.450   820   820 F DEBUG   :       #01 pc 0003c973  /apex/com.android.runtime/lib/bionic/libc.so (__fortify_fatal(char const*, ...)+26) (BuildId: f6cc18cf130e89327af123ab10201afa)
06-04 09:01:34.450   820   820 F DEBUG   :       #02 pc 00086819  /apex/com.android.runtime/lib/bionic/libc.so (HandleUsingDestroyedMutex(pthread_mutex_t*, char const*)+24) (BuildId: f6cc18cf130e89327af123ab10201afa)
06-04 09:01:34.450   820   820 F DEBUG   :       #03 pc 000866ef  /apex/com.android.runtime/lib/bionic/libc.so (pthread_mutex_lock+130) (BuildId: f6cc18cf130e89327af123ab10201afa)
06-04 09:01:34.450   820   820 F DEBUG   :       #04 pc 0004f625  /vendor/lib/libsrv_um.so (BuildId: f6240db8076021a8897be4cf5cecbe31)
06-04 09:01:34.450   820   820 F DEBUG   :       #05 pc 00035529  /vendor/lib/libsrv_um.so (BuildId: f6240db8076021a8897be4cf5cecbe31)
06-04 09:01:34.450   820   820 F DEBUG   :       #06 pc 00035497  /vendor/lib/libsrv_um.so (BuildId: f6240db8076021a8897be4cf5cecbe31)
06-04 09:01:34.450   820   820 F DEBUG   :       #07 pc 00024b37  /vendor/lib/libsrv_um.so (BuildId: f6240db8076021a8897be4cf5cecbe31)
06-04 09:01:34.450   820   820 F DEBUG   :       #08 pc 00034bf1  /vendor/lib/libsrv_um.so (RGXCreateDeviceMemContext+1604) (BuildId: f6240db8076021a8897be4cf5cecbe31)
06-04 09:01:34.450   820   820 F DEBUG   :       #09 pc 0000baf1  /vendor/lib/hw/gralloc.rogue.so (BuildId: ad3029998229efbe87fa2daed9dee4a1)
06-04 09:01:34.450   820   820 F DEBUG   :       #10 pc 00032917  /apex/com.android.runtime/bin/linker (__dl__ZN6soinfo17call_constructorsEv+562) (BuildId: a7b9008b5924b69da680ea48685b5b32)
06-04 09:01:34.450   820   820 F DEBUG   :       #11 pc 000229df  /apex/com.android.runtime/bin/linker (__dl__Z9do_dlopenPKciPK17android_dlextinfoPKv+1846) (BuildId: a7b9008b5924b69da680ea48685b5b32)
06-04 09:01:34.450   820   820 F DEBUG   :       #12 pc 0001eb8b  /apex/com.android.runtime/bin/linker (__loader_android_dlopen_ext+42) (BuildId: a7b9008b5924b69da680ea48685b5b32)
06-04 09:01:34.451   820   820 F DEBUG   :       #13 pc 00001913  /apex/com.android.runtime/lib/bionic/libdl.so (android_dlopen_ext+4) (BuildId: aec40a4c531818403903830c1543e55f)
06-04 09:01:34.451   820   820 F DEBUG   :       #14 pc 000016e9  /system/lib/libvndksupport.so (android_load_sphal_library+76) (BuildId: 85f03abff18bee034c44b7981eb03136)
06-04 09:01:34.451   820   820 F DEBUG   :       #15 pc 000036cd  /vendor/lib/libPVRMtkutils.so (mtk_gralloc_get_module+84) (BuildId: f96ae5335f98e325b2c64adf19c64cc0)
06-04 09:01:34.459   820   820 I crash_dump32: start notify aee_aed tombstone path: /data/tombstones/.temporary1
06-04 09:01:34.459   820   820 I crash_dump32: Built commit 1002699b04bb3521f5be160aafcabaa1abb2cdeb
06-04 09:01:34.460   820   820 I crash_dump32: socket name: android:aee_aed, sfd: 9
06-04 09:01:34.475   833   833 I AEE_AED : handle_request(9)
06-04 09:01:34.476   833   833 I AEE_AED : aed_dynamic_security_check: dynamic security check option is enabled by full dump dconfig
06-04 09:01:34.477   833   833 I AEE_AED : read_request: receive requirement from crash_dump32
06-04 09:01:34.478   833   833 I AEE_AED : parse_tombstone: the tombstone file '/data/tombstones/.temporary1' need to be parsed
06-04 09:01:34.479   833   833 W AEE_AED : DAL feature is off, just return
06-04 09:01:34.479   833   833 I AEE_AED : Dumping EXP/Native (NE)
06-04 09:01:34.479   833   833 I AEE_AED : aed_wait_decrypt done! file base encryption
06-04 09:01:34.480   833   833 I AEE_AED : db base:/data/aee_exp
06-04 09:01:34.485   833   833 E AEE_AED : aed_crash_dump_session: writing crash_temporary_file_notify successfully
06-04 09:01:34.485   820   820 I crash_dump32: crash_temporary_file_notify: copy done
06-04 09:01:34.485   820   820 I crash_dump32: crash_temporary_file_notify exit
06-04 09:01:34.492   820   820 E crash_dump32: unable to connect to activity manager: Connection refused
06-04 09:01:34.493   820   820 I crash_dump32: start aee dumping
06-04 09:01:34.494   833   833 E AEE_AED : aed_crash_dump_session: writing /data/aee_exp/temp/db.4gam8Z/MINIDUMP path
06-04 09:01:34.494   833   833 I AEE_AED : $** *** *** *** *** *** *** *** Fatal *** *** *** *** *** *** *** **$
06-04 09:01:34.497   835   835 E AEE_DUMPSTATE: execute /system_ext/bin/aee_dumpstate
06-04 09:01:34.504   502   502 E tombstoned: Tombstone written to: tombstone_00
06-04 09:01:34.500   835   835 I auditd  : type=1400 audit(0.0:27): avc:  denied  { read } for  comm="aee_dumpstate" path="/dev/RT_Monitor" dev="tmpfs" ino=9032 scontext=u:r:dumpstate:s0 tcontext=u:object_r:RT_Monitor_device:s0 tclass=chr_file permissive=0
06-04 09:01:34.500   835   835 W aee_dumpstate: type=1400 audit(0.0:27): avc:  denied  { read } for  path="/dev/RT_Monitor" dev="tmpfs" ino=9032 scontext=u:r:dumpstate:s0 tcontext=u:object_r:RT_Monitor_device:s0 tclass=chr_file permissive=0
06-04 09:01:34.534   736   736 I SurfaceFlinger: Using HWComposer service: default
06-04 09:01:34.549   736   736 I SurfaceFlinger: release 4.19.191-gf990ee884278 enabled 0
06-04 09:01:34.549   736   736 I SurfaceFlinger: legacy cpu policy enabled 0
06-04 09:01:34.550   736   736 I SurfaceFlinger: SurfaceFlinger is starting
06-04 09:01:34.550   736   736 I SurfaceFlinger: Disabling blur effects, they are not supported.
06-04 09:01:34.561   835   835 I AEE_DUMPSTATE: begin
06-04 09:01:34.562   835   835 I AEE_DUMPSTATE: Built  commit 1002699b04bb3521f5be160aafcabaa1abb2cdeb
06-04 09:01:34.576   722   722 I FastMixerState: sMaxFastTracks = 8
06-04 09:01:34.581   736   736 I SurfaceFlinger: SurfaceFlinger's main thread ready to run. Initializing graphics H/W...
06-04 09:01:34.582   736   736 W libc    : Access denied finding property "vendor.debug.renderengine.backend"
06-04 09:01:34.583   736   736 E SurfaceFlinger: Unrecognized RenderEngineType ; ignoring!
06-04 09:01:34.585   722   722 I libc    : malloc_limit: Allocation limit enabled, max size 536870912 bytes
06-04 09:01:34.599   722   722 W BatteryNotifier: batterystats service unavailable!
06-04 09:01:34.601   406   406 I hwservicemanager: getTransport: Cannot find entry android.hardware.audio@7.1::IDevicesFactory/default in either framework or device VINTF manifest.
06-04 09:01:34.603   835   835 E AEE_DUMPSTATE: start set_signal_for_dumpstate
06-04 09:01:34.605   406   406 I hwservicemanager: getTransport: Cannot find entry android.hardware.audio.effect@7.1::IEffectsFactory/default in either framework or device VINTF manifest.
06-04 09:01:34.619   465   465 I wmt_loader: Can't open device node(/dev/wmtdetect) count(38)
06-04 09:01:34.722   833   833 I AEE_AED : Build Info: 'alps-vf-mp-s0.mp1unknown:alps-vf-mp-s0.mp1unknown-V17.78.V12.126:mt6765:S01,onn/100135924/mid7021_mq:14/UP1A.231005.007/hkh20260408:user/release-keys'
06-04 09:01:34.722   833   833 I AEE_AED : MSSI Info: 'onn/100135924/mid7021_mq:14/UP1A.231005.007/hkh20260408:user/release-keys'
06-04 09:01:34.723   833   833 W libc    : Access denied finding property "ro.vendor.mgvi_name"
06-04 09:01:34.728   833   833 I AEE_AED : MGVI Info: ''
06-04 09:01:34.729   833   833 W libc    : Access denied finding property "ro.vendor.mgk_name"
06-04 09:01:34.734   833   833 I AEE_AED : MGK Info: ''
06-04 09:01:34.735   833   833 I AEE_AED : VF System Info: 'unknown:alps-mp-u0.mp1-V12.126'
06-04 09:01:34.736   833   833 I AEE_AED : Exception Log Time:[Thu Jun  4 09:01:34 PDT 2026] [26.670896]
06-04 09:01:34.736   833   833 I AEE_AED : 
06-04 09:01:34.736   833   833 I AEE_AED : Exception Class: Native (NE)
06-04 09:01:34.736   833   833 I AEE_AED : Exception Type: SIGABRT
06-04 09:01:34.736   833   833 I AEE_AED : 
06-04 09:01:34.736   833   833 I AEE_AED : Current Executing Process: 
06-04 09:01:34.736   833   833 I AEE_AED :   pid: 702, tid: 702
06-04 09:01:34.736   833   833 I AEE_AED :   /vendor/bin/hw/android.hardware.graphics.allocator@4.0-service-mediatek
06-04 09:01:34.736   833   833 I AEE_AED : 
06-04 09:01:34.736   833   833 I AEE_AED : $** *** *** *** *** *** *** *** Fatal *** *** *** *** *** *** *** **$
06-04 09:01:34.743   850   850 E AEE_DUMPSTATE: execute /system_ext/bin/aee_dumpstate
06-04 09:01:34.743   843   843 I bootstat: Service started: /system/bin/bootstat --set_system_boot_reason 
06-04 09:01:34.744   850   850 I auditd  : type=1400 audit(0.0:28): avc:  denied  { read } for  comm="aee_dumpstate" path="/dev/RT_Monitor" dev="tmpfs" ino=9032 scontext=u:r:dumpstate:s0 tcontext=u:object_r:RT_Monitor_device:s0 tclass=chr_file permissive=0
06-04 09:01:34.744   850   850 W aee_dumpstate: type=1400 audit(0.0:28): avc:  denied  { read } for  path="/dev/RT_Monitor" dev="tmpfs" ino=9032 scontext=u:r:dumpstate:s0 tcontext=u:object_r:RT_Monitor_device:s0 tclass=chr_file permissive=0
06-04 09:01:34.749   468   468 I wmt_launcher: get property(vendor.connsys.driver.ready) is no
06-04 09:01:34.758   843   843 I bootstat: Canonical boot reason: reboot,longkey
06-04 09:01:34.758   843   843 I bootstat: Canonical boot reason: reboot,longkey
06-04 09:01:34.807   850   850 I AEE_DUMPSTATE: begin
06-04 09:01:34.808   850   850 I AEE_DUMPSTATE: Built  commit 1002699b04bb3521f5be160aafcabaa1abb2cdeb
06-04 09:01:34.810   850   850 E AEE_DUMPSTATE: start set_signal_for_dumpstate
06-04 09:01:34.811   850   850 I AEE_DUMPSTATE: aee_opt=0x26000cc4 
06-04 09:01:34.812   850   850 E aee_dumpstate: encrypt_dynamic_switch: File /proc/device-tree/chosen/aee,encrypt_enable not exist
06-04 09:01:34.813   850   850 I AEE_DUMPSTATE: archive_file_to_db: current dumped file is /data/aee_exp/temp/db.4gam8Z/__exp_main.txt
06-04 09:01:34.824   406   406 I hwservicemanager: getTransport: Cannot find entry android.hardware.audio.effect@7.1::IEffectsFactory/default in either framework or device VINTF manifest.
06-04 09:01:34.825   406   406 I hwservicemanager: getTransport: Cannot find entry android.hardware.audio@7.1::IDevicesFactory/default in either framework or device VINTF manifest.
06-04 09:01:34.832   843   843 E bootstat: Failed to read /metadata/bootstat/persist.sys.boot.reason: No such file or directory
06-04 09:01:34.832   843   843 I bootstat: Value of persist.sys.boot.reason : 
06-04 09:01:34.832   843   843 I bootstat: Normalized last reboot reason : reboot,longkey
06-04 09:01:34.833   850   850 I AEE_DUMPSTATE: archive_file_to_db: current dumped file is /data/aee_exp/temp/db.4gam8Z/_exp_detail.txt
06-04 09:01:34.834   843   843 E bootstat: Failed to unlink /metadata/bootstat/persist.sys.boot.reason: No such file or directory
06-04 09:01:34.838   722   722 I ServiceManagerCppClient: Waiting for service 'media.metrics' on '/dev/binder'...
06-04 09:01:34.854   850   850 I AEE_DUMPSTATE: archive_file_to_db: current dumped file is /data/aee_exp/temp/db.4gam8Z/SYS_PROPERTIES
06-04 09:01:34.854   693   693 I boot_progress_start: 26789
06-04 09:01:34.857   850   850 I AEE_DUMPSTATE: archive_file_to_db: current dumped file is /proc/702/attr/current
06-04 09:01:34.859   858   858 E AEE_DUMPSTATE: execute /system/bin/ls
06-04 09:01:34.871   693   693 I AndroidRuntime: Using default boot image
06-04 09:01:34.871   693   693 I AndroidRuntime: Leaving lock profiling enabled
06-04 09:01:34.904   849   849 I perfetto:           probes.cc:104 Starting /system/bin/traced_probes service
06-04 09:01:34.906   693   693 I zygote  : option[0]=-Xzygote
06-04 09:01:34.906   693   693 I zygote  : option[1]=exit
06-04 09:01:34.906   693   693 I zygote  : option[2]=vfprintf
06-04 09:01:34.906   693   693 I zygote  : option[3]=sensitiveThread
06-04 09:01:34.906   693   693 I zygote  : option[4]=-verbose:gc
06-04 09:01:34.907   693   693 I zygote  : option[5]=-XX:PerfettoHprof=true
06-04 09:01:34.907   693   693 I zygote  : option[6]=-XX:PerfettoJavaHeapStackProf=true
06-04 09:01:34.907   693   693 I zygote  : option[7]=-Xprimaryzygote
06-04 09:01:34.907   693   693 I zygote  : option[8]=-Xms4m
06-04 09:01:34.907   693   693 I zygote  : option[9]=-Xmx256m
06-04 09:01:34.907   693   693 I zygote  : option[10]=-XX:HeapGrowthLimit=128m
06-04 09:01:34.907   693   693 I zygote  : option[11]=-XX:ForegroundHeapGrowthMultiplier=2.0
06-04 09:01:34.907   693   693 I zygote  : option[12]=-Xusejit:true
06-04 09:01:34.907   693   693 I zygote  : option[13]=-Xjitsaveprofilinginfo
06-04 09:01:34.907   693   693 I zygote  : option[14]=-XMadviseWillNeedVdexFileSize:104857600
06-04 09:01:34.907   693   693 I zygote  : option[15]=-XMadviseWillNeedOdexFileSize:104857600
06-04 09:01:34.907   693   693 I zygote  : option[16]=-XMadviseWillNeedArtFileSize:4294967295
06-04 09:01:34.907   693   693 I zygote  : option[17]=-Xps-min-first-save-ms:150000
06-04 09:01:34.907   693   693 I zygote  : option[18]=-XX:LowMemoryMode
06-04 09:01:34.907   693   693 I zygote  : option[19]=-XjdwpOptions:suspend=n,server=y
06-04 09:01:34.908   693   693 I zygote  : option[20]=-XjdwpProvider:default
06-04 09:01:34.908   693   693 I zygote  : option[21]=-Xopaque-jni-ids:swapable
06-04 09:01:34.908   693   693 I zygote  : option[22]=-Xcompiler-option
06-04 09:01:34.908   693   693 I zygote  : option[23]=--instruction-set-variant=cortex-a53
06-04 09:01:34.908   693   693 I zygote  : option[24]=-Xcompiler-option
06-04 09:01:34.908   693   693 I zygote  : option[25]=--instruction-set-features=default
06-04 09:01:34.908   693   693 I zygote  : option[26]=-Xcompiler-option
06-04 09:01:34.908   693   693 I zygote  : option[27]=--generate-mini-debug-info
06-04 09:01:34.908   693   693 I zygote  : option[28]=-Ximage-compiler-option
06-04 09:01:34.908   693   693 I zygote  : option[29]=--runtime-arg
06-04 09:01:34.908   693   693 I zygote  : option[30]=-Ximage-compiler-option
06-04 09:01:34.908   693   693 I zygote  : option[31]=-Xms64m
06-04 09:01:34.908   693   693 I zygote  : option[32]=-Ximage-compiler-option
06-04 09:01:34.908   693   693 I zygote  : option[33]=--runtime-arg
06-04 09:01:34.908   693   693 I zygote  : option[34]=-Ximage-compiler-option
06-04 09:01:34.909   693   693 I zygote  : option[35]=-Xmx64m
06-04 09:01:34.909   849   849 I perfetto:  probes_producer.cc:382 Disconnected from tracing service
06-04 09:01:34.909   693   693 I zygote  : option[36]=-Ximage-compiler-option
06-04 09:01:34.909   693   693 I zygote  : option[37]=--dirty-image-objects=/system/etc/dirty-image-objects
06-04 09:01:34.909   693   693 I zygote  : option[38]=-Ximage-compiler-option
06-04 09:01:34.909   693   693 I zygote  : option[39]=--instruction-set-variant=cortex-a53
06-04 09:01:34.909   693   693 I zygote  : option[40]=-Ximage-compiler-option
06-04 09:01:34.909   693   693 I zygote  : option[41]=--instruction-set-features=default
06-04 09:01:34.909   849   863 I perfetto: _activity_trigger.cc:71 mm_events ftrace instance not found. Triggering of traces on memory pressure will not be available on this device.
06-04 09:01:34.909   693   693 I zygote  : option[42]=-Ximage-compiler-option
06-04 09:01:34.909   693   693 I zygote  : option[43]=--generate-mini-debug-info
06-04 09:01:34.910   693   693 I zygote  : option[44]=-Duser.locale=en-US
06-04 09:01:34.910   693   693 I zygote  : option[45]=--cpu-abilist=armeabi-v7a,armeabi
06-04 09:01:34.910   693   693 I zygote  : option[46]=-Xfingerprint:onn/100135924/mid7021_mq:14/UP1A.231005.007/hkh20260408:user/release-keys
06-04 09:01:34.920   465   465 I wmt_loader: Can't open device node(/dev/wmtdetect) count(39)
06-04 09:01:34.942   850   850 I AEE_DUMPSTATE: archive_file_to_db: current dumped file is /proc/702/status
06-04 09:01:34.943   850   850 I AEE_DUMPSTATE: archive_file_to_db: current dumped file is /proc/702/oom_score
06-04 09:01:34.943   850   850 I AEE_DUMPSTATE: archive_file_to_db: current dumped file is /proc/702/oom_adj
06-04 09:01:34.943   850   850 I AEE_DUMPSTATE: archive_file_to_db: current dumped file is /proc/702/cmdline
06-04 09:01:34.944   850   850 I AEE_DUMPSTATE: archive_file_to_db: current dumped file is /proc/702/environ
06-04 09:01:34.952   850   850 I AEE_DUMPSTATE: archive_file_to_db: current dumped file is /proc/702/sched
06-04 09:01:34.957   865   865 E AEE_DUMPSTATE: execute /system/bin/showmap
06-04 09:01:35.008   693   693 I zygote  : Using CollectorTypeCC GC.
06-04 09:01:35.015   850   850 I AEE_DUMPSTATE: archive_file_to_db: current dumped file is /proc/702/maps
06-04 09:01:35.024   850   850 I AEE_DUMPSTATE: archive_file_to_db: current dumped file is /proc/m4u_dbg/mva
06-04 09:01:35.031   838   838 I adbd    : persist.adb.watchdog set to ''
06-04 09:01:35.032   838   838 I adbd    : persist.sys.test_harness set to ''
06-04 09:01:35.033   838   838 I adbd    : adb watchdog timeout set to 600 seconds
06-04 09:01:35.034   838   870 I adbd    : Waiting for persist.adb.tls_server.enable=1
06-04 09:01:35.035   838   838 I adbd    : adbd started
06-04 09:01:35.035   838   872 I adbd    : opening control endpoint /dev/usb-ffs/adb/ep0
06-04 09:01:35.038   838   872 I adbd    : UsbFfsConnection constructed
06-04 09:01:35.039   838   874 I adbd    : UsbFfs-monitor thread spawned
06-04 09:01:35.049   468   468 I wmt_launcher: get property(vendor.connsys.driver.ready) is no
06-04 09:01:35.110   849   849 I perfetto:  probes_producer.cc:382 Disconnected from tracing service
06-04 09:01:35.174   736   842 E IMGSRV  : :479: DevmemMapToDeviceAddress() failed (PVRSRV_ERROR_CMD_TOO_BIG) in PVRSRVMapToDeviceAddress()
06-04 09:01:35.174   736   842 E IMGSRV  : :93: Failed to map static memory from PDS heap() failed (PVRSRV_ERROR_CMD_TOO_BIG) in allocateStaticMemory()
06-04 09:01:35.174   736   842 E IMGSRV  : :88: PVRSRVDestroyDeviceMemContext() failed (PVRSRV_ERROR_CMD_TOO_BIG) in RGXConstructDeviceMemContext()
06-04 09:01:35.174   736   842 F libc    : FORTIFY: pthread_mutex_lock called on a destroyed mutex (0xf17050d0)
06-04 09:01:35.174   736   842 F libc    : Fatal signal 6 (SIGABRT), code -1 (SI_QUEUE) in tid 842 (surfaceflinger), pid 736 (surfaceflinger)
06-04 09:01:35.202   883   883 I crash_dump32: obtaining output fd from tombstoned, type: kDebuggerdTombstoneProto
06-04 09:01:35.203   502   502 I tombstoned: received crash request for pid 842
06-04 09:01:35.204   883   883 I crash_dump32: performing dump of process 736 (target tid = 842)
06-04 09:01:35.221   465   465 I wmt_loader: Can't open device node(/dev/wmtdetect) count(40)
06-04 09:01:35.347   883   883 F DEBUG   : *** *** *** *** *** *** *** *** *** *** *** *** *** *** *** ***
06-04 09:01:35.347   883   883 F DEBUG   : Build fingerprint: 'onn/100135924/mid7021_mq:14/UP1A.231005.007/hkh20260408:user/release-keys'
06-04 09:01:35.347   883   883 F DEBUG   : Revision: '0'
06-04 09:01:35.347   883   883 F DEBUG   : ABI: 'arm'
06-04 09:01:35.347   883   883 F DEBUG   : Timestamp: 2026-06-04 09:01:35.210503463-0700
06-04 09:01:35.347   883   883 F DEBUG   : Process uptime: 3s
06-04 09:01:35.347   883   883 F DEBUG   : Cmdline: /system/bin/surfaceflinger
06-04 09:01:35.347   883   883 F DEBUG   : pid: 736, tid: 842, name: surfaceflinger  >>> /system/bin/surfaceflinger <<<
06-04 09:01:35.347   883   883 F DEBUG   : uid: 1000
06-04 09:01:35.347   883   883 F DEBUG   : signal 6 (SIGABRT), code -1 (SI_QUEUE), fault addr --------
06-04 09:01:35.347   883   883 F DEBUG   : Abort message: 'FORTIFY: pthread_mutex_lock called on a destroyed mutex (0xf17050d0)'
06-04 09:01:35.347   883   883 F DEBUG   :     r0  00000000  r1  0000034a  r2  00000006  r3  ee6398d8
06-04 09:01:35.347   883   883 F DEBUG   :     r4  ee6398e8  r5  ee6398d0  r6  000002e0  r7  0000016b
06-04 09:01:35.347   883   883 F DEBUG   :     r8  00000000  r9  ffffffff  r10 ee6398d8  r11 f1747840
06-04 09:01:35.347   883   883 F DEBUG   :     ip  0000034a  sp  ee6398b8  lr  f0a415e3  pc  f0a415f6
06-04 09:01:35.347   883   883 F DEBUG   : 16 total frames
06-04 09:01:35.347   883   883 F DEBUG   : backtrace:
06-04 09:01:35.347   883   883 F DEBUG   :       #00 pc 0003b5f6  /apex/com.android.runtime/lib/bionic/libc.so (abort+138) (BuildId: f6cc18cf130e89327af123ab10201afa)
06-04 09:01:35.347   883   883 F DEBUG   :       #01 pc 0003c973  /apex/com.android.runtime/lib/bionic/libc.so (__fortify_fatal(char const*, ...)+26) (BuildId: f6cc18cf130e89327af123ab10201afa)
06-04 09:01:35.347   883   883 F DEBUG   :       #02 pc 00086819  /apex/com.android.runtime/lib/bionic/libc.so (HandleUsingDestroyedMutex(pthread_mutex_t*, char const*)+24) (BuildId: f6cc18cf130e89327af123ab10201afa)
06-04 09:01:35.347   883   883 F DEBUG   :       #03 pc 000866ef  /apex/com.android.runtime/lib/bionic/libc.so (pthread_mutex_lock+130) (BuildId: f6cc18cf130e89327af123ab10201afa)
06-04 09:01:35.347   883   883 F DEBUG   :       #04 pc 0004f625  /vendor/lib/libsrv_um.so (BuildId: f6240db8076021a8897be4cf5cecbe31)
06-04 09:01:35.347   883   883 F DEBUG   :       #05 pc 00035529  /vendor/lib/libsrv_um.so (BuildId: f6240db8076021a8897be4cf5cecbe31)
06-04 09:01:35.347   883   883 F DEBUG   :       #06 pc 00035497  /vendor/lib/libsrv_um.so (BuildId: f6240db8076021a8897be4cf5cecbe31)
06-04 09:01:35.347   883   883 F DEBUG   :       #07 pc 00024b37  /vendor/lib/libsrv_um.so (BuildId: f6240db8076021a8897be4cf5cecbe31)
06-04 09:01:35.347   883   883 F DEBUG   :       #08 pc 00034bf1  /vendor/lib/libsrv_um.so (RGXCreateDeviceMemContext+1604) (BuildId: f6240db8076021a8897be4cf5cecbe31)
06-04 09:01:35.347   883   883 F DEBUG   :       #09 pc 0000baf1  /vendor/lib/hw/gralloc.rogue.so (BuildId: ad3029998229efbe87fa2daed9dee4a1)
06-04 09:01:35.348   883   883 F DEBUG   :       #10 pc 00032917  /apex/com.android.runtime/bin/linker (__dl__ZN6soinfo17call_constructorsEv+562) (BuildId: a7b9008b5924b69da680ea48685b5b32)
06-04 09:01:35.348   883   883 F DEBUG   :       #11 pc 000229df  /apex/com.android.runtime/bin/linker (__dl__Z9do_dlopenPKciPK17android_dlextinfoPKv+1846) (BuildId: a7b9008b5924b69da680ea48685b5b32)
06-04 09:01:35.348   883   883 F DEBUG   :       #12 pc 0001eb8b  /apex/com.android.runtime/bin/linker (__loader_android_dlopen_ext+42) (BuildId: a7b9008b5924b69da680ea48685b5b32)
06-04 09:01:35.348   883   883 F DEBUG   :       #13 pc 00001913  /apex/com.android.runtime/lib/bionic/libdl.so (android_dlopen_ext+4) (BuildId: aec40a4c531818403903830c1543e55f)
06-04 09:01:35.348   883   883 F DEBUG   :       #14 pc 000016e9  /system/lib/libvndksupport.so (android_load_sphal_library+76) (BuildId: 85f03abff18bee034c44b7981eb03136)
06-04 09:01:35.348   883   883 F DEBUG   :       #15 pc 000036cd  /vendor/lib/libPVRMtkutils.so (mtk_gralloc_get_module+84) (BuildId: f96ae5335f98e325b2c64adf19c64cc0)
06-04 09:01:35.350   888   888 W perfetto:          service.cc:248 Started traced, listening on /dev/socket/traced_producer /dev/socket/traced_consumer
06-04 09:01:35.362   883   883 I crash_dump32: start notify aee_aed tombstone path: /data/tombstones/.temporary3
06-04 09:01:35.362   883   883 I crash_dump32: Built commit 1002699b04bb3521f5be160aafcabaa1abb2cdeb
06-04 09:01:35.363   883   883 I crash_dump32: socket name: android:aee_aed, sfd: 9
06-04 09:01:35.367   894   894 I AEE_AED : handle_request(9)
06-04 09:01:35.368   894   894 I AEE_AED : aed_dynamic_security_check: dynamic security check option is enabled by full dump dconfig
06-04 09:01:35.369   894   894 I AEE_AED : read_request: receive requirement from crash_dump32
06-04 09:01:35.370   894   894 I AEE_AED : parse_tombstone: the tombstone file '/data/tombstones/.temporary3' need to be parsed
06-04 09:01:35.371   894   894 W AEE_AED : DAL feature is off, just return
06-04 09:01:35.371   894   894 I AEE_AED : Dumping EXP/Native (NE)
06-04 09:01:35.372   894   894 I AEE_AED : aed_wait_decrypt done! file base encryption
06-04 09:01:35.372   894   894 I AEE_AED : db base:/data/aee_exp
06-04 09:01:35.375   894   894 E AEE_AED : aed_crash_dump_session: writing crash_temporary_file_notify successfully
06-04 09:01:35.375   883   883 I crash_dump32: crash_temporary_file_notify: copy done
06-04 09:01:35.375   883   883 I crash_dump32: crash_temporary_file_notify exit
06-04 09:01:35.375   883   883 E crash_dump32: unable to connect to activity manager: Connection refused
06-04 09:01:35.375   883   883 I crash_dump32: start aee dumping
06-04 09:01:35.384   895   895 I auditd  : type=1400 audit(0.0:29): avc:  denied  { read } for  comm="aee_dumpstate" path="/dev/RT_Monitor" dev="tmpfs" ino=9032 scontext=u:r:dumpstate:s0 tcontext=u:object_r:RT_Monitor_device:s0 tclass=chr_file permissive=0
06-04 09:01:35.384   895   895 W aee_dumpstate: type=1400 audit(0.0:29): avc:  denied  { read } for  path="/dev/RT_Monitor" dev="tmpfs" ino=9032 scontext=u:r:dumpstate:s0 tcontext=u:object_r:RT_Monitor_device:s0 tclass=chr_file permissive=0
06-04 09:01:35.376   468   468 I wmt_launcher: get property(vendor.connsys.driver.ready) is no
06-04 09:01:35.376   502   502 E tombstoned: Tombstone written to: tombstone_01
06-04 09:01:35.376   894   894 E AEE_AED : aed_crash_dump_session: writing /data/aee_exp/temp/db.9NCVPV/MINIDUMP path
06-04 09:01:35.377   894   894 I AEE_AED : $** *** *** *** *** *** *** *** Fatal *** *** *** *** *** *** *** **$
06-04 09:01:35.381   895   895 E AEE_DUMPSTATE: execute /system_ext/bin/aee_dumpstate
06-04 09:01:35.417   691   691 I OemIptablesHook: OEM iptable hook installed.
06-04 09:01:35.417   691   691 I netd    : Setting up OEM hooks: 2513186us
06-04 09:01:35.424   691   691 I netd    : Setting up FirewallController hooks: 6541us
06-04 09:01:35.425   850   850 I AEE_DUMPSTATE: archive_file_to_db: current dumped file is /proc/702/task/702/status
06-04 09:01:35.426   850   850 I AEE_DUMPSTATE: archive_file_to_db: current dumped file is /proc/702/task/702/sched
06-04 09:01:35.428   850   850 E AEE_DUMPSTATE: archive_file_to_db: Failed to dump SYS_BLOCKIO, can not open file /sys/kernel/debug/blockio, No such file or directory
06-04 09:01:35.440   691   691 I netd    : Setting up TetherController hooks: 15797us
06-04 09:01:35.448   895   895 I AEE_DUMPSTATE: begin
06-04 09:01:35.449   895   895 I AEE_DUMPSTATE: Built  commit 1002699b04bb3521f5be160aafcabaa1abb2cdeb
06-04 09:01:35.450   895   895 E AEE_DUMPSTATE: start set_signal_for_dumpstate
06-04 09:01:35.458   691   691 I netd    : Setting up BandwidthController hooks: 18641us
06-04 09:01:35.458   850   850 I AEE_DUMPSTATE: archive_file_to_db: current dumped file is /proc/blocktag/blockio
06-04 09:01:35.459   691   691 I netd    : Setting up IdletimerController hooks: 533us
06-04 09:01:35.464   850   850 E AEE_DUMPSTATE: archive_file_to_db: Failed to dump SYS_STORAGE_DEBUG_UFS, can not open file /proc/ufs_debug, No such file or directory
06-04 09:01:35.467   850   850 E AEE_DUMPSTATE: archive_file_to_db: Failed to dump SYS_STORAGE_DEBUG_MSDC, can not open file /proc/msdc_debug, No such file or directory
06-04 09:01:35.470   850   850 E AEE_DUMPSTATE: archive_file_to_db: Failed to dump SYS_MMPROFILE, can not open file /sys/kernel/debug/mmprofile/buffer, No such file or directory
06-04 09:01:35.472   850   850 E AEE_DUMPSTATE: archive_file_to_db: Failed to dump SYS_MMPROFILE, can not open file /proc/mmprofile/buffer, No such file or directory
06-04 09:01:35.476   850   850 E AEE_DUMPSTATE: archive_file_to_db: Failed to dump SYS_IMG_MEM_DUMP, can not open file /proc/pvr/memtrack_stats, Permission denied
06-04 09:01:35.486   691   691 I netd    : Setting up StrictController hooks: 27482us
06-04 09:01:35.488   850   850 E AEE_DUMPSTATE: archive_file_to_db: Failed to dump SYS_IMG_MEM_HISTORY, can not open file /proc/pvr/devicemem_history, Permission denied
06-04 09:01:35.495   903   903 E AEE_DUMPSTATE: execute /system/bin/cat
06-04 09:01:35.518   691   691 I netd    : Enabling bandwidth control: 31300us
06-04 09:01:35.524   465   465 I wmt_loader: Can't open device node(/dev/wmtdetect) count(41)
06-04 09:01:35.530   849   849 I perfetto:  probes_producer.cc:341 Connected to the service
06-04 09:01:35.472   850   850 I auditd  : type=1400 audit(0.0:30): avc:  denied  { search } for  comm="aee_dumpstate" name="pvr" dev="proc" ino=4026533374 scontext=u:r:dumpstate:s0 tcontext=u:object_r:procfs_gpu_img:s0 tclass=dir permissive=0
06-04 09:01:35.472   850   850 W aee_dumpstate: type=1400 audit(0.0:30): avc:  denied  { search } for  name="pvr" dev="proc" ino=4026533374 scontext=u:r:dumpstate:s0 tcontext=u:object_r:procfs_gpu_img:s0 tclass=dir permissive=0
06-04 09:01:35.557   691   691 I netd    : Initializing RouteController: 39343us
06-04 09:01:35.561   906   906 E AEE_DUMPSTATE: execute /system/bin/logcat
06-04 09:01:35.472   850   850 I auditd  : type=1400 audit(0.0:31): avc:  denied  { search } for  comm="aee_dumpstate" name="pvr" dev="proc" ino=4026533374 scontext=u:r:dumpstate:s0 tcontext=u:object_r:procfs_gpu_img:s0 tclass=dir permissive=0
06-04 09:01:35.472   850   850 W aee_dumpstate: type=1400 audit(0.0:31): avc:  denied  { search } for  name="pvr" dev="proc" ino=4026533374 scontext=u:r:dumpstate:s0 tcontext=u:object_r:procfs_gpu_img:s0 tclass=dir permissive=0
06-04 09:01:35.578   894   894 I AEE_AED : Build Info: 'alps-vf-mp-s0.mp1unknown:alps-vf-mp-s0.mp1unknown-V17.78.V12.126:mt6765:S01,onn/100135924/mid7021_mq:14/UP1A.231005.007/hkh20260408:user/release-keys'
06-04 09:01:35.578   894   894 I AEE_AED : MSSI Info: 'onn/100135924/mid7021_mq:14/UP1A.231005.007/hkh20260408:user/release-keys'
06-04 09:01:35.579   894   894 W libc    : Access denied finding property "ro.vendor.mgvi_name"
06-04 09:01:35.585   894   894 I AEE_AED : MGVI Info: ''
06-04 09:01:35.585   894   894 W libc    : Access denied finding property "ro.vendor.mgk_name"
06-04 09:01:35.591   894   894 I AEE_AED : MGK Info: ''
06-04 09:01:35.591   894   894 I AEE_AED : VF System Info: 'unknown:alps-mp-u0.mp1-V12.126'
06-04 09:01:35.593   894   894 I AEE_AED : Exception Log Time:[Thu Jun  4 09:01:35 PDT 2026] [27.528150]
06-04 09:01:35.593   894   894 I AEE_AED : 
06-04 09:01:35.593   894   894 I AEE_AED : Exception Class: Native (NE)
06-04 09:01:35.593   894   894 I AEE_AED : Exception Type: SIGABRT
06-04 09:01:35.593   894   894 I AEE_AED : 
06-04 09:01:35.593   894   894 I AEE_AED : Current Executing Process: 
06-04 09:01:35.593   894   894 I AEE_AED :   pid: 736, tid: 842
06-04 09:01:35.593   894   894 I AEE_AED :   /system/bin/surfaceflinger
06-04 09:01:35.593   894   894 I AEE_AED : 
06-04 09:01:35.593   894   894 I AEE_AED : $** *** *** *** *** *** *** *** Fatal *** *** *** *** *** *** *** **$
06-04 09:01:35.600   907   907 E AEE_DUMPSTATE: execute /system_ext/bin/aee_dumpstate
06-04 09:01:35.484   850   850 I auditd  : type=1400 audit(0.0:32): avc:  denied  { search } for  comm="aee_dumpstate" name="pvr" dev="proc" ino=4026533374 scontext=u:r:dumpstate:s0 tcontext=u:object_r:procfs_gpu_img:s0 tclass=dir permissive=0
06-04 09:01:35.484   850   850 W aee_dumpstate: type=1400 audit(0.0:32): avc:  denied  { search } for  name="pvr" dev="proc" ino=4026533374 scontext=u:r:dumpstate:s0 tcontext=u:object_r:procfs_gpu_img:s0 tclass=dir permissive=0
06-04 09:01:35.484   850   850 I auditd  : type=1400 audit(0.0:33): avc:  denied  { search } for  comm="aee_dumpstate" name="pvr" dev="proc" ino=4026533374 scontext=u:r:dumpstate:s0 tcontext=u:object_r:procfs_gpu_img:s0 tclass=dir permissive=0
06-04 09:01:35.484   850   850 W aee_dumpstate: type=1400 audit(0.0:33): avc:  denied  { search } for  name="pvr" dev="proc" ino=4026533374 scontext=u:r:dumpstate:s0 tcontext=u:object_r:procfs_gpu_img:s0 tclass=dir permissive=0
06-04 09:01:35.659   907   907 I AEE_DUMPSTATE: begin
06-04 09:01:35.660   907   907 I AEE_DUMPSTATE: Built  commit 1002699b04bb3521f5be160aafcabaa1abb2cdeb
06-04 09:01:35.661   907   907 E AEE_DUMPSTATE: start set_signal_for_dumpstate
06-04 09:01:35.662   907   907 I AEE_DUMPSTATE: aee_opt=0x26000cc4 
06-04 09:01:35.664   907   907 E aee_dumpstate: encrypt_dynamic_switch: File /proc/device-tree/chosen/aee,encrypt_enable not exist
06-04 09:01:35.664   907   907 I AEE_DUMPSTATE: archive_file_to_db: current dumped file is /data/aee_exp/temp/db.9NCVPV/__exp_main.txt
06-04 09:01:35.667   907   907 I AEE_DUMPSTATE: archive_file_to_db: current dumped file is /data/aee_exp/temp/db.9NCVPV/_exp_detail.txt
06-04 09:01:35.676   468   468 I wmt_launcher: get property(vendor.connsys.driver.ready) is no
06-04 09:01:35.678   752   757 W TeeMcDaemon: Cannot open trustlet /data/vendor/mcRegistry/07150000000000000000000000000000.tlbin (No such file or directory) [vendor/mediatek/proprietary/trustzone/trustonic/source/external/mobicore/common/500/Daemon/src/SecureWorld.cpp:114]
06-04 09:01:35.682   752   763 I TeeMcDaemon: open: Open storage file "/data/vendor/mcRegistry/TbStorage/Store_0.tf" [vendor/mediatek/proprietary/trustzone/trustonic/source/external/mobicore/common/500/Daemon/src/FSD2.cpp:182]
06-04 09:01:35.685   907   907 D AEE_DUMPSTATE: archive_file_to_db: Collect file /data/aee_exp/temp/db.9NCVPV/_exp_detail.txt to _exp_detail.txt successfully, size 125498
06-04 09:01:35.686   907   907 I AEE_DUMPSTATE: archive_file_to_db: current dumped file is /data/aee_exp/temp/db.9NCVPV/SYS_PROPERTIES
06-04 09:01:35.695   907   907 D AEE_DUMPSTATE: archive_file_to_db: Collect file /data/aee_exp/temp/db.9NCVPV/SYS_PROPERTIES to SYS_PROPERTIES successfully, size 42720
06-04 09:01:35.696   907   907 I AEE_DUMPSTATE: archive_file_to_db: current dumped file is /proc/736/attr/current
06-04 09:01:35.697   907   907 D AEE_DUMPSTATE: archive_file_to_db: Collect file /proc/736/attr/current to PROCESS_ATTR successfully, size 22
06-04 09:01:35.604   907   907 I auditd  : type=1400 audit(0.0:34): avc:  denied  { read } for  comm="aee_dumpstate" path="/dev/RT_Monitor" dev="tmpfs" ino=9032 scontext=u:r:dumpstate:s0 tcontext=u:object_r:RT_Monitor_device:s0 tclass=chr_file permissive=0
06-04 09:01:35.604   907   907 W aee_dumpstate: type=1400 audit(0.0:34): avc:  denied  { read } for  path="/dev/RT_Monitor" dev="tmpfs" ino=9032 scontext=u:r:dumpstate:s0 tcontext=u:object_r:RT_Monitor_device:s0 tclass=chr_file permissive=0
06-04 09:01:35.701   910   910 E AEE_DUMPSTATE: execute /system/bin/ls
06-04 09:01:35.728   752   763 I TeeMcDaemon: open: storage file "/data/vendor/mcRegistry/TbStorage/Store_0.tf" successfully open (size: 22 KB / 22528 B)) [vendor/mediatek/proprietary/trustzone/trustonic/source/external/mobicore/common/500/Daemon/src/FSD2.cpp:198]
06-04 09:01:35.746   911   911 E AEE_DUMPSTATE: execute /system/bin/logcat
06-04 09:01:35.767   913   913 E AEE_DUMPSTATE: execute /system/bin/logcat
06-04 09:01:35.776   907   907 I AEE_DUMPSTATE: archive_file_to_db: current dumped file is /proc/736/status
06-04 09:01:35.778   907   907 I AEE_DUMPSTATE: archive_file_to_db: current dumped file is /proc/736/oom_score
06-04 09:01:35.778   907   907 I AEE_DUMPSTATE: archive_file_to_db: current dumped file is /proc/736/oom_adj
06-04 09:01:35.779   907   907 I AEE_DUMPSTATE: archive_file_to_db: current dumped file is /proc/736/cmdline
06-04 09:01:35.780   907   907 I AEE_DUMPSTATE: archive_file_to_db: current dumped file is /proc/736/environ
